Archive member included to satisfy reference by file (symbol)

bin/obj/rslib.a(imx8mp_kernel-1a53598e06c50be6.imx8mp_kernel.241a9a11e0e6ae75-cgu.0.rcgu.o)
                              bin/obj/kernel/init/init.o (rust_kernel_initcalls_stage0)
bin/obj/rslib.a(core-dca77d77b03929cc.core.bbd04c23a4fa3c72-cgu.0.rcgu.o)
                              bin/obj/rslib.a(imx8mp_kernel-1a53598e06c50be6.imx8mp_kernel.241a9a11e0e6ae75-cgu.0.rcgu.o) (core::panicking::panic_fmt)
bin/obj/rslib.a(compiler_builtins-fabd8ee97a026881.compiler_builtins.f286be164c3a919f-cgu.099.rcgu.o)
                              bin/obj/rslib.a(core-dca77d77b03929cc.core.bbd04c23a4fa3c72-cgu.0.rcgu.o) (memcmp)
bin/obj/rslib.a(compiler_builtins-fabd8ee97a026881.compiler_builtins.f286be164c3a919f-cgu.173.rcgu.o)
                              bin/obj/kernel/mm/virt/containers/containers.o (memcpy)
bin/obj/rslib.a(compiler_builtins-fabd8ee97a026881.compiler_builtins.f286be164c3a919f-cgu.242.rcgu.o)
                              bin/obj/drivers/arm_generic_timer/arm_generic_timer.o (__udivti3)
bin/obj/rslib.a(compiler_builtins-fabd8ee97a026881.compiler_builtins.f286be164c3a919f-cgu.295.rcgu.o)
                              bin/obj/kernel/mm/virt/containers/containers.o (memset)
bin/obj/rslib.a(ee225a53f1a5b703-lse_ldadd4_acq_rel.o)
                              bin/obj/lib/lock/corelock.o (__aarch64_ldadd4_acq_rel)
bin/obj/rslib.a(ee225a53f1a5b703-lse_ldadd8_acq_rel.o)
                              bin/obj/kernel/io/term/term.o (__aarch64_ldadd8_acq_rel)
bin/obj/rslib.a(670c1ed24249df13-aarch64.o)
                              bin/obj/rslib.a(ee225a53f1a5b703-lse_ldadd4_acq_rel.o) (__aarch64_have_lse_atomics)
bin/obj/rslib.a(compiler_builtins-fabd8ee97a026881.compiler_builtins.f286be164c3a919f-cgu.018.rcgu.o)
                              bin/obj/rslib.a(compiler_builtins-fabd8ee97a026881.compiler_builtins.f286be164c3a919f-cgu.242.rcgu.o) (compiler_builtins::int::specialized_div_rem::u128_div_rem)

Discarded input sections

 .group         0x0000000000000000        0xc bin/obj/kernel/irq/irq.o
 .group         0x0000000000000000        0xc bin/obj/kernel/irq/irq.o
 .group         0x0000000000000000        0xc bin/obj/kernel/irq/irq.o
 .group         0x0000000000000000        0xc bin/obj/kernel/irq/irq.o
 .group         0x0000000000000000        0xc bin/obj/kernel/irq/irq.o
 .group         0x0000000000000000        0xc bin/obj/kernel/irq/irq.o
 .group         0x0000000000000000        0xc bin/obj/kernel/irq/irq.o
 .group         0x0000000000000000        0xc bin/obj/kernel/irq/irq.o
 .group         0x0000000000000000        0xc bin/obj/kernel/irq/irq.o
 .group         0x0000000000000000        0xc bin/obj/kernel/irq/irq.o
 .group         0x0000000000000000        0xc bin/obj/kernel/irq/irq.o
 .group         0x0000000000000000        0xc bin/obj/kernel/irq/irq.o
 .group         0x0000000000000000        0xc bin/obj/kernel/irq/irq.o
 .group         0x0000000000000000        0xc bin/obj/kernel/irq/irq.o
 .group         0x0000000000000000        0xc bin/obj/kernel/devices/drivers.o
 .group         0x0000000000000000        0xc bin/obj/kernel/devices/drivers.o
 .group         0x0000000000000000        0xc bin/obj/kernel/devices/drivers.o
 .group         0x0000000000000000        0xc bin/obj/kernel/devices/drivers.o
 .group         0x0000000000000000        0xc bin/obj/kernel/devices/drivers.o
 .group         0x0000000000000000        0xc bin/obj/kernel/devices/drivers.o
 .group         0x0000000000000000        0xc bin/obj/kernel/devices/drivers.o
 .group         0x0000000000000000        0xc bin/obj/kernel/devices/drivers.o
 .group         0x0000000000000000        0xc bin/obj/kernel/devices/drivers.o
 .group         0x0000000000000000        0xc bin/obj/kernel/devices/drivers.o
 .group         0x0000000000000000        0xc bin/obj/kernel/devices/drivers.o
 .group         0x0000000000000000        0xc bin/obj/kernel/devices/drivers.o
 .group         0x0000000000000000        0xc bin/obj/kernel/devices/drivers.o
 .group         0x0000000000000000        0xc bin/obj/kernel/devices/drivers.o
 .group         0x0000000000000000        0xc bin/obj/kernel/devices/drivers.o
 .group         0x0000000000000000        0xc bin/obj/kernel/devices/drivers.o
 .group         0x0000000000000000        0xc bin/obj/kernel/devices/drivers.o
 .group         0x0000000000000000        0xc bin/obj/kernel/devices/drivers.o
 .debug_macro   0x0000000000000000      0xad8 bin/obj/kernel/devices/drivers.o
 .debug_macro   0x0000000000000000       0x82 bin/obj/kernel/devices/drivers.o
 .debug_macro   0x0000000000000000       0x1c bin/obj/kernel/devices/drivers.o
 .debug_macro   0x0000000000000000       0x22 bin/obj/kernel/devices/drivers.o
 .debug_macro   0x0000000000000000       0x1c bin/obj/kernel/devices/drivers.o
 .debug_macro   0x0000000000000000       0x2e bin/obj/kernel/devices/drivers.o
 .debug_macro   0x0000000000000000       0x1c bin/obj/kernel/devices/drivers.o
[...]
Memory Configuration

Name             Origin             Length             Attributes
HI_VMEM          0xffff800000000000 0x0000800000000000 xrw
DDR_HI           0x0000000100000000 0x0000000140000000 xrw
DDR_LO           0x0000000040000000 0x00000000c0000000 xrw
DDR              0x0000000040000000 0x0000000200000000 xrw
DDR_KERNEL       0x0000000040200000 0x00000001ffe00000 xrw
RESERVED_3F      0x000000003f000000 0x0000000001000000 rw
RESERVED_3E      0x000000003e000000 0x0000000001000000 rw
DDRC_PHY_BCAST   0x000000003dc00000 0x0000000000400000 rw
DDRC_PERF_MON    0x000000003d800000 0x0000000000400000 rw
DDRC_CTL         0x000000003d400000 0x0000000000400000 rw
RESERVED_3D10    0x000000003d100000 0x0000000000300000 rw
DDRC_BLK_CTRL    0x000000003d000000 0x0000000000100000 rw
DDRC_PHY         0x000000003c000000 0x0000000001000000 rw
AUDIO_DSP        0x000000003b000000 0x0000000001000000 rw
GIC              0x0000000038800000 0x0000000000100000 rw
NPU              0x0000000038500000 0x0000000000200000 rw
VPU              0x0000000038340000 0x0000000000200000 rw
VPU_BLK_CTRL     0x0000000038330000 0x0000000000200000 rw
VPU_VC8000E      0x0000000038320000 0x0000000000200000 rw
VPU_G2           0x0000000038310000 0x0000000000200000 rw
VPU_G1           0x0000000038300000 0x0000000000200000 rw
USB2             0x0000000038200000 0x0000000000100000 rw
USB1             0x0000000038100000 0x0000000000100000 rw
GPU_3D           0x0000000038000000 0x0000000000008000 rw
GPU_2D           0x0000000038008000 0x0000000000008000 rw
QSPI_RX          0x0000000036000000 0x0000000002000000 rw
QSPI_RX_1        0x0000000034000000 0x0000000002000000 rw
QSPI_TX          0x0000000033008000 0x0000000000008000 rw
APBH_DMA         0x0000000033000000 0x0000000000008000 rw
AIPS_1           0x0000000030000000 0x0000000000400000 rw
AIPS_2           0x0000000030400000 0x0000000000400000 rw
AIPS_3           0x0000000030800000 0x0000000000400000 rw
AIPS_4           0x0000000032c00000 0x0000000000400000 rw
AIPS_5           0x0000000030c00000 0x0000000000400000 rw
PCIE_REG         0x0000000018000000 0x0000000008000000 rw
OCRAM            0x0000000000900000 0x0000000000090000 xrw
OCRAM_S          0x0000000000180000 0x0000000000009000 rw
OCRAM_S2         0x0000000000189000 0x0000000000007000 rw
CAAM_SEC_RAM     0x0000000000108000 0x0000000000008000 rw
BOOT_ROM         0x0000000000000000 0x000000000003f000 r
*default*        0x0000000000000000 0xffffffffffffffff

Linker script and memory map

                0x0000000000000004                __NUM_CORES = 0x4
                0x0000000000020000                __EL2_STACK_SIZE = 0x20000
                0x0000000000100000                __EL1_STACK_SIZE = 0x100000
                0x0000000000200000                __TFA_PROTECTED_SIZE = 0x200000
                0xffff800000000000                HI_VA_BASE = 0xffff800000000000
                0x0000800000000000                HI_VA_SIZE = 0x800000000000
                0x0000000040200000                KERNEL_PA_BASE = (ORIGIN (DDR) + __TFA_PROTECTED_SIZE)
                0xffff800040200000                KERNEL_VA_BASE = (KERNEL_PA_BASE + HI_VA_BASE)
                0xffff800040200000                . = KERNEL_VA_BASE

.text           0xffff800040200000    0x47000 load address 0x0000000040200000
                0xffff800040200000                __text_start = .
 *(.text.boot)
 .text.boot     0xffff800040200000       0xc0 bin/obj/__boot/boot.o
                0xffff800040200000                _start
 *(.text*)
 .text          0xffff8000402000c0       0x20 bin/obj/__kernel/mm/mm.o
                0xffff8000402000c0                _get_pc
                0xffff8000402000c8                _mm_kva_to_kpa
                0xffff8000402000d4                _mm_kpa_to_kva
 .text          0xffff8000402000e0       0x40 bin/obj/__kernel/mm/reloc/reloc.o
                0xffff8000402000e0                _jmp_to_with_offset
                0xffff8000402000e8                _reloc_cfg_end
                0xffff800040200114                _return_to_kernel_entry
 .text          0xffff800040200120        0x8 bin/obj/__kernel/process/process.o
                0xffff800040200120                _jump_to_process
 .text          0xffff800040200128       0x40 bin/obj/__arm/cache/cache.o
                0xffff800040200128                _cache_flush_range
 .text          0xffff800040200168       0x3c bin/obj/__arm/cache/icache.o
                0xffff800040200168                _icache_flush_range
 .text          0xffff8000402001a4       0x3c bin/obj/__arm/cache/dcache.o
                0xffff8000402001a4                _dcache_flush_range
 .text          0xffff8000402001e0       0x10 bin/obj/__arm/tfa/smccc.o
                0xffff8000402001e0                _smc_call
 .text          0xffff8000402001f0      0x114 bin/obj/__arm/sysregs/arm_generic_timer.o
                0xffff8000402001f0                _ARM_CNTFRQ_EL0_set
                0xffff8000402001fc                _ARM_CNTFRQ_EL0_get
                0xffff800040200204                _ARM_CNTPCT_EL0_get
                0xffff80004020020c                _ARM_CNTVCT_EL0_get
                0xffff800040200214                _ARM_CNTP_CTL_EL0_set
                0xffff800040200220                _ARM_CNTP_CTL_EL0_get
                0xffff800040200228                _ARM_CNTP_CVAL_EL0_set
                0xffff800040200234                _ARM_CNTP_CVAL_EL0_get
                0xffff80004020023c                _ARM_CNTP_TVAL_EL0_set
                0xffff800040200248                _ARM_CNTP_TVAL_EL0_get
                0xffff800040200250                _ARM_CNTV_CTL_EL0_set
                0xffff80004020025c                _ARM_CNTV_CTL_EL0_get
                0xffff800040200264                _ARM_CNTV_CVAL_EL0_set
                0xffff800040200270                _ARM_CNTV_CVAL_EL0_get
                0xffff800040200278                _ARM_CNTV_TVAL_EL0_set
                0xffff800040200284                _ARM_CNTV_TVAL_EL0_get
                0xffff80004020028c                _ARM_CNTKCTL_EL1_set
                0xffff800040200298                _ARM_CNTKCTL_EL1_get
                0xffff8000402002a0                _ARM_CNTHCTL_EL2_set
                0xffff8000402002ac                _ARM_CNTHCTL_EL2_get
                0xffff8000402002b4                _ARM_CNTVOFF_EL2_set
                0xffff8000402002c0                _ARM_CNTVOFF_EL2_get
                0xffff8000402002c8                _ARM_CNTPS_CTL_EL1_set
                0xffff8000402002d4                _ARM_CNTPS_CTL_EL1_get
                0xffff8000402002dc                _ARM_CNTPS_CVAL_EL1_set
                0xffff8000402002e8                _ARM_CNTPS_CVAL_EL1_get
                0xffff8000402002f0                _ARM_CNTPS_TVAL_EL1_set
                0xffff8000402002fc                _ARM_CNTPS_TVAL_EL1_get
 .text          0xffff800040200304       0x74 bin/obj/__arm/sysregs/sysregs.o
                0xffff800040200304                _ARM_currentEL
                0xffff800040200310                _ARM_MPIDR_EL1
                0xffff800040200318                _ARM_ICC_SRE_EL2
                0xffff800040200320                _ARM_HCR_EL2
                0xffff800040200328                _ARM_ESR_EL2
                0xffff800040200330                _ARM_ELR_EL2
                0xffff800040200338                _ARM_FAR_EL2
                0xffff800040200340                _ARM_SPSR_EL2
                0xffff800040200348                _ARM_ESR_EL1
                0xffff800040200350                _ARM_ELR_EL1
                0xffff800040200358                _ARM_FAR_EL1
                0xffff800040200360                _ARM_SPSR_EL1
                0xffff800040200368                _ARM_SCTLR_EL1
                0xffff800040200370                _ARM_SCTLR_EL2
 *fill*         0xffff800040200378      0x488 
 .text          0xffff800040200800     0x1100 bin/obj/__arm/exceptions/el2_vectors.o
                0xffff800040200800                _el2_init_vector
 .text          0xffff800040201900       0x68 bin/obj/__arm/exceptions/exceptions.o
                0xffff800040201900                _exceptions_get_DAIF
                0xffff800040201908                _fiq_exceptions_enable
                0xffff800040201914                _irq_exceptions_enable
                0xffff800040201920                _serror_exceptions_enable
                0xffff80004020192c                _debug_exceptions_enable
                0xffff800040201938                _fiq_exceptions_disable
                0xffff800040201944                _irq_exceptions_disable
                0xffff800040201950                _serror_exceptions_disable
                0xffff80004020195c                _debug_exceptions_disable
 *fill*         0xffff800040201968      0x698 
 .text          0xffff800040202000     0x1100 bin/obj/__arm/exceptions/el1_vectors.o
                0xffff800040202000                _el1_init_vector
 .text          0xffff800040203100        0x8 bin/obj/__arm/cpu.o
                0xffff800040203100                _ARM_get_sp
 *fill*         0xffff800040203108        0x8 
 .text          0xffff800040203110       0xa0 bin/obj/__arm/mmu/regs/mmu_sysregs.o
                0xffff800040203110                _mmu_get_MAIR_EL1
                0xffff800040203118                _mmu_set_MAIR_EL1
                0xffff800040203150                _mmu_get_SCTLR_EL1
                0xffff800040203158                _mmu_set_SCTLR_EL1
                0xffff800040203164                _mmu_get_TTBR0_EL1
                0xffff80004020316c                _mmu_set_TTBR0_EL1
                0xffff80004020317c                _mmu_get_TTBR1_EL1
                0xffff800040203184                _mmu_set_TTBR1_EL1
                0xffff800040203194                _mmu_get_TCR_EL1
                0xffff80004020319c                _mmu_set_TCR_EL1
                0xffff8000402031a8                _mmu_get_ID_AA64MMFR0_EL1
 .text          0xffff8000402031b0       0x3c bin/obj/__lib/lock/spinlock_irq.o
                0xffff8000402031b0                _spin_lock_irqsave
                0xffff8000402031cc                _spin_unlock_irqrestore
 *fill*         0xffff8000402031ec        0x4 
 .text          0xffff8000402031f0       0x6c bin/obj/__lib/lock/spinlock.o
                0xffff8000402031f0                _spin_try_lock
                0xffff800040203218                _spin_lock
                0xffff800040203238                _spin_unlock
 *fill*         0xffff80004020325c        0x4 
 .text          0xffff800040203260       0x14 bin/obj/__lib/lock/irqlock.o
                0xffff800040203260                _irq_lock
                0xffff80004020326c                _irq_unlock
 .text          0xffff800040203274       0xc0 bin/obj/__lib/lock/corelock.o
                0xffff800040203274                _core_lock
                0xffff8000402032b8                _core_unlock
                0xffff8000402032e8                _core_try_lock
 *fill*         0xffff800040203334        0xc 
 .text          0xffff800040203340      0x250 bin/obj/__lib/mem/memcpy/memcpy.o
                0xffff800040203340                _memcpy
                0xffff800040203450                _memcpy64
                0xffff800040203480                _memcpy32
                0xffff8000402034b0                _memcpy16
                0xffff8000402034e0                _memcpy8
                0xffff800040203510                _memcpy4
                0xffff800040203540                _memcpy2
                0xffff800040203570                _memcpy1
 .text          0xffff800040203590      0x13c bin/obj/__lib/mem/memzero/memzero.o
                0xffff800040203590                _memzero
                0xffff800040203688                _memzero64
 .text          0xffff8000402036cc        0x8 bin/obj/__lib/mem/mem.o
                0xffff8000402036cc                _ID_AA64MMFR0_EL1_read
 *fill*         0xffff8000402036d4        0x4 
 .text          0xffff8000402036d8       0x60 bin/obj/__boot/clean_bss.o
                0xffff8000402036d8                _clean_bss
 .text          0xffff800040203738        0x0 bin/obj/__boot/boot.o
 *fill*         0xffff800040203738        0x8 
 .text          0xffff800040203740       0x8c bin/obj/__boot/el1.o
                0xffff800040203740                _switch_to_el1
                0xffff8000402037a0                _el1_entry
 *fill*         0xffff8000402037cc        0x4 
 .text          0xffff8000402037d0       0x98 bin/obj/__boot/stacks.o
                0xffff8000402037d0                _setup_stack_el1
                0xffff800040203804                _reset_stack_el1
 *fill*         0xffff800040203868        0x8 
 .text          0xffff800040203870       0x68 bin/obj/__boot/secondary_entry.o
                0xffff800040203870                _secondary_entry
 .text          0xffff8000402038d8      0x108 bin/obj/__boot/gpr.o
                0xffff8000402038d8                _init_gpr
 .text          0xffff8000402039e0        0x8 bin/obj/__drivers/tmu/tmu_critical_default.o
                0xffff8000402039e0                _TMU_critical_hang
 *fill*         0xffff8000402039e8        0x8 
 .text          0xffff8000402039f0       0x3c bin/obj/__drivers/interrupts/gicv3/gicv3_arm_interface.o
                0xffff8000402039f0                _GICV3_ARM_ICC_SRE_EL1_write
                0xffff8000402039fc                _GICV3_ARM_ICC_PMR_EL1_write
                0xffff800040203a08                _GICV3_ARM_ICC_PMR_EL1_read
                0xffff800040203a10                _GICV3_ARM_ICC_IGRPEN1_EL1_write
                0xffff800040203a1c                _GICV3_ARM_ICC_IAR1_EL1_read
                0xffff800040203a24                _GICV3_ARM_ICC_EOIR1_EL1_write
 .text          0xffff800040203a2c      0x254 bin/obj/kernel/irq/irq.o
                0xffff800040203c34                kernel_handle_irq
 .text          0xffff800040203c80        0x0 bin/obj/kernel/devices/drivers.o
 .text          0xffff800040203c80       0x1c bin/obj/kernel/init/early_init.o
                0xffff800040203c80                kernel_early_init
 .text          0xffff800040203c9c      0x130 bin/obj/kernel/init/init.o
                0xffff800040203c9c                kernel_init
 .text          0xffff800040203dcc      0x1c0 bin/obj/kernel/init/init_drivers.o
 .text          0xffff800040203f8c       0xf8 bin/obj/kernel/lib/smp.o
                0xffff800040203f8c                get_core_id
                0xffff800040204020                wake_core
 .text          0xffff800040204084      0x9b0 bin/obj/kernel/lib/kvec.o
                0xffff800040204778                kvec_push
                0xffff800040204814                kvec_pop
                0xffff8000402048e0                kvec_set
                0xffff8000402049b0                kvec_get
 .text          0xffff800040204a34     0x21a8 bin/obj/kernel/mm/phys/page_allocator.o
                0xffff800040205b60                page_malloc
                0xffff800040205d50                page_free
                0xffff800040205f0c                page_allocator_update_tag
                0xffff8000402060e8                page_allocator_get_data
                0xffff80004020618c                page_allocator_set_data
                0xffff8000402064a0                page_allocator_init
                0xffff8000402067f0                page_allocator_update_memregs
                0xffff800040206a54                page_allocator_debug
 .text          0xffff800040206bdc     0x1968 bin/obj/kernel/mm/init/mem_regions/early_kalloc.o
                0xffff800040207448                early_kalloc_init
                0xffff800040207f18                early_kalloc
                0xffff8000402081cc                early_kalloc_get_memregs
                0xffff80004020843c                early_kalloc_debug
 .text          0xffff800040208544        0x0 bin/obj/kernel/mm/init/mem_regions/mem_regions.o
 .text          0xffff800040208544       0x74 bin/obj/kernel/mm/init/init.o
                0xffff800040208544                mm_early_init
                0xffff80004020859c                mm_init
 .text          0xffff8000402085b8      0x9d8 bin/obj/kernel/mm/init/identity_mapping.o
                0xffff800040208a54                early_identity_mapping
 .text          0xffff800040208f90      0xf80 bin/obj/kernel/mm/virt/containers/containers.o
                0xffff800040209608                vmalloc_init_containers
                0xffff8000402096c4                get_new_fva_node
                0xffff800040209778                get_new_rva_node
                0xffff80004020982c                free_fva_node
                0xffff800040209a74                free_rva_node
                0xffff800040209d60                vmalloc_containers_debug_fva
                0xffff800040209e3c                vmalloc_containers_debug_rva
 .text          0xffff800040209f10     0x13d0 bin/obj/kernel/mm/virt/mdt/mdt.o
                0xffff80004020a6d4                vmalloc_pa_mdt_init
                0xffff80004020ad88                vmalloc_pa_mdt_push
                0xffff80004020b010                vmalloc_pa_mdt_free
 .text          0xffff80004020b2e0     0x3118 bin/obj/kernel/mm/virt/vmalloc.o
                0xffff80004020bb3c                vmalloc_init
                0xffff80004020bc30                vmalloc_update_memregs
                0xffff80004020cfc0                vmalloc
                0xffff80004020d2a8                vmalloc_get_free_bytes
                0xffff80004020d340                vmalloc_get_reserved_bytes
                0xffff80004020d3d8                vmalloc_update_tag
                0xffff80004020d52c                vmalloc_get_addr_info
                0xffff80004020d72c                vmalloc_get_token
                0xffff80004020da40                __vmalloc_token__vmalloc_get_mdt
                0xffff80004020da6c                __voidptr__vmalloc_get_mdt
                0xffff80004020da94                vmalloc_push_pa
                0xffff80004020dadc                vmalloc_get_pa_count
                0xffff80004020db0c                vmalloc_get_pa_info
                0xffff80004020dbe4                __vmalloc_token__vfree
                0xffff80004020dc4c                __voidptr__vfree
                0xffff80004020dc7c                vmalloc_debug_free
                0xffff80004020de9c                vmalloc_debug_reserved
                0xffff80004020e174                vmalloc_debug_nodes
 .text          0xffff80004020e3f8     0x1164 bin/obj/kernel/mm/malloc/raw_kmalloc/raw_kmalloc.o
                0xffff80004020ed90                raw_kmalloc_init
                0xffff80004020edb0                __raw_kmalloc
                0xffff80004020f108                raw_kfree
                0xffff80004020f518                raw_kmalloc_lock
                0xffff80004020f538                raw_kmalloc_unlock
 .text          0xffff80004020f55c     0x189c bin/obj/kernel/mm/malloc/cache_malloc/cache_malloc.o
                0xffff80004020fa24                cache_malloc_init
                0xffff800040210094                cache_malloc
                0xffff8000402105cc                cache_free
                0xffff800040210c58                cache_malloc_size_from_ptr
 .text          0xffff800040210df8      0x9fc bin/obj/kernel/mm/malloc/internal/reserve_malloc.o
                0xffff800040210f24                reserve_malloc_init
                0xffff800040211190                reserve_malloc
                0xffff8000402114f0                reserve_malloc_fill
 .text          0xffff8000402117f4      0x384 bin/obj/kernel/mm/malloc/kmalloc/kmalloc.o
                0xffff8000402118ac                kmalloc
                0xffff8000402119a8                kfree
 .text          0xffff800040211b78      0x430 bin/obj/kernel/mm/reloc/reloc.o
                0xffff800040211ce0                mm_reloc_kernel
                0xffff800040211d74                reloc_cfg_end
 .text          0xffff800040211fa8      0x574 bin/obj/kernel/mm/mm_mmu/mm_mmu.o
                0xffff8000402122b0                mm_mmu_mapping_new
                0xffff800040212398                mm_mmu_early_init
                0xffff800040212418                mm_mmu_core_handler_get
                0xffff800040212450                mm_mmu_core_handler_get_self
 .text          0xffff80004021251c       0xd4 bin/obj/kernel/mm/mm.o
                0xffff800040212558                mm_kernel_is_relocated
                0xffff800040212588                mm_dbg_print_mmu
                0xffff800040212590                mm_va_is_in_kmap_range
 .text          0xffff8000402125f0      0x870 bin/obj/kernel/mm/mm_info.o
                0xffff8000402127bc                mm_info_init
                0xffff800040212e00                mm_info_ddr_size
                0xffff800040212e10                mm_info_ddr_start
                0xffff800040212e20                mm_info_ddr_end
                0xffff800040212e30                mm_info_kernel_start
                0xffff800040212e40                mm_info_page_count
                0xffff800040212e50                mm_info_mm_addr_space
 .text          0xffff800040212e60      0x8c4 bin/obj/kernel/io/term/buffers.o
                0xffff8000402131e0                term_buffer_push
                0xffff800040213318                term_buffer_pop
                0xffff800040213590                term_buffer_peek
 .text          0xffff800040213724      0x4e0 bin/obj/kernel/io/term/term.o
                0xffff800040213744                term_new
                0xffff8000402137ec                term_delete
                0xffff8000402138b8                term_printc
                0xffff800040213908                term_prints
                0xffff8000402139ac                term_printf
                0xffff800040213a30                term_flush
 .text          0xffff800040213c04      0x2f8 bin/obj/kernel/io/stdio.o
                0xffff800040213d14                io_early_init
                0xffff800040213d90                io_init
                0xffff800040213e08                io_flush
                0xffff800040213e34                fkprintf
                0xffff800040213ec8                fkprint
 .text          0xffff800040213efc       0xdc bin/obj/kernel/io/stdputc.o
 .text          0xffff800040213fd8      0x618 bin/obj/kernel/panic/panic_exception/esr/data_abort.o
                0xffff80004021434c                print_data_abort_info
 .text          0xffff8000402145f0      0x384 bin/obj/kernel/panic/panic_exception/esr/esr.o
                0xffff800040214818                print_esr
 .text          0xffff800040214974      0x24c bin/obj/kernel/panic/panic_exception/panic_exception_handlers.o
                0xffff800040214ae4                handle_sync_panic
                0xffff800040214b24                handle_irq_panic
                0xffff800040214b58                handle_fiq_panic
                0xffff800040214b8c                handle_serror_panic
 .text          0xffff800040214bc0      0x480 bin/obj/kernel/panic/panic.o
                0xffff800040214ff8                panic
                0xffff800040215014                panicr
 .text          0xffff800040215040      0x8a0 bin/obj/kernel/process/elf.o
                0xffff800040215040                elf_load
 .text          0xffff8000402158e0      0x200 bin/obj/kernel/process/process.o
                0xffff8000402158e0                user_process_load
                0xffff800040215a88                user_process_load_test
 .text          0xffff800040215ae0      0x30c bin/obj/kernel/kernel_entry.o
                0xffff800040215b64                kernel_entry
 .text          0xffff800040215dec        0x0 bin/obj/arm/tfa/smccc.o
 .text          0xffff800040215dec       0x50 bin/obj/arm/exceptions/handlers/el1/el1_low_a32_serror.o
                0xffff800040215dec                el1_low_a32_serror_handler
 .text          0xffff800040215e3c       0x50 bin/obj/arm/exceptions/handlers/el1/el1_low_a32_fiq.o
                0xffff800040215e3c                el1_low_a32_fiq_handler
 .text          0xffff800040215e8c       0x50 bin/obj/arm/exceptions/handlers/el1/el1_low_a64_sync.o
                0xffff800040215e8c                el1_low_a64_sync_handler
 .text          0xffff800040215edc       0x50 bin/obj/arm/exceptions/handlers/el1/el1_cur_spx_fiq.o
                0xffff800040215edc                el1_cur_spx_fiq_handler
 .text          0xffff800040215f2c       0x50 bin/obj/arm/exceptions/handlers/el1/el1_cur_spx_serror.o
                0xffff800040215f2c                el1_cur_spx_serror_handler
 .text          0xffff800040215f7c       0x50 bin/obj/arm/exceptions/handlers/el1/el1_low_a32_irq.o
                0xffff800040215f7c                el1_low_a32_irq_handler
 .text          0xffff800040215fcc       0x50 bin/obj/arm/exceptions/handlers/el1/el1_low_a64_fiq.o
                0xffff800040215fcc                el1_low_a64_fiq_handler
 .text          0xffff80004021601c       0x50 bin/obj/arm/exceptions/handlers/el1/el1_low_a64_irq.o
                0xffff80004021601c                el1_low_a64_irq_handler
 .text          0xffff80004021606c       0x50 bin/obj/arm/exceptions/handlers/el1/el1_cur_sp0_sync.o
                0xffff80004021606c                el1_cur_sp0_sync_handler
 .text          0xffff8000402160bc       0x50 bin/obj/arm/exceptions/handlers/el1/el1_low_a64_serror.o
                0xffff8000402160bc                el1_low_a64_serror_handler
 .text          0xffff80004021610c       0x50 bin/obj/arm/exceptions/handlers/el1/el1_low_a32_sync.o
                0xffff80004021610c                el1_low_a32_sync_handler
 .text          0xffff80004021615c       0x50 bin/obj/arm/exceptions/handlers/el1/el1_cur_spx_sync.o
                0xffff80004021615c                el1_cur_spx_sync_handler
 .text          0xffff8000402161ac       0x50 bin/obj/arm/exceptions/handlers/el1/el1_cur_sp0_fiq.o
                0xffff8000402161ac                el1_cur_sp0_fiq_handler
 .text          0xffff8000402161fc       0x50 bin/obj/arm/exceptions/handlers/el1/el1_cur_sp0_serror.o
                0xffff8000402161fc                el1_cur_sp0_serror_handler
 .text          0xffff80004021624c       0x50 bin/obj/arm/exceptions/handlers/el1/el1_cur_sp0_irq.o
                0xffff80004021624c                el1_cur_sp0_irq_handler
 .text          0xffff80004021629c       0x2c bin/obj/arm/exceptions/handlers/el1/el1_cur_spx_irq.o
                0xffff80004021629c                el1_cur_spx_irq_handler
 .text          0xffff8000402162c8       0x50 bin/obj/arm/exceptions/handlers/el2/el2_low_a32_serror.o
                0xffff8000402162c8                el2_low_a32_serror_handler
 .text          0xffff800040216318       0x50 bin/obj/arm/exceptions/handlers/el2/el2_cur_spx_serror.o
                0xffff800040216318                el2_cur_spx_serror_handler
 .text          0xffff800040216368       0x50 bin/obj/arm/exceptions/handlers/el2/el2_low_a64_serror.o
                0xffff800040216368                el2_low_a64_serror_handler
 .text          0xffff8000402163b8       0x50 bin/obj/arm/exceptions/handlers/el2/el2_low_a64_sync.o
                0xffff8000402163b8                el2_low_a64_sync_handler
 .text          0xffff800040216408       0x50 bin/obj/arm/exceptions/handlers/el2/el2_cur_sp0_irq.o
                0xffff800040216408                el2_cur_sp0_irq_handler
 .text          0xffff800040216458       0x50 bin/obj/arm/exceptions/handlers/el2/el2_cur_sp0_serror.o
                0xffff800040216458                el2_cur_sp0_serror_handler
 .text          0xffff8000402164a8       0x50 bin/obj/arm/exceptions/handlers/el2/el2_low_a64_irq.o
                0xffff8000402164a8                el2_low_a64_irq_handler
 .text          0xffff8000402164f8       0x50 bin/obj/arm/exceptions/handlers/el2/el2_low_a64_fiq.o
                0xffff8000402164f8                el2_low_a64_fiq_handler
 .text          0xffff800040216548       0x50 bin/obj/arm/exceptions/handlers/el2/el2_cur_spx_fiq.o
                0xffff800040216548                el2_cur_spx_fiq_handler
 .text          0xffff800040216598       0x50 bin/obj/arm/exceptions/handlers/el2/el2_low_a32_irq.o
                0xffff800040216598                el2_low_a32_irq_handler
 .text          0xffff8000402165e8       0x50 bin/obj/arm/exceptions/handlers/el2/el2_cur_sp0_fiq.o
                0xffff8000402165e8                el2_cur_sp0_fiq_handler
 .text          0xffff800040216638       0x50 bin/obj/arm/exceptions/handlers/el2/el2_low_a32_fiq.o
                0xffff800040216638                el2_low_a32_fiq_handler
 .text          0xffff800040216688       0x50 bin/obj/arm/exceptions/handlers/el2/el2_cur_spx_sync.o
                0xffff800040216688                el2_cur_spx_sync_handler
 .text          0xffff8000402166d8       0x50 bin/obj/arm/exceptions/handlers/el2/el2_low_a32_sync.o
                0xffff8000402166d8                el2_low_a32_sync_handler
 .text          0xffff800040216728       0x50 bin/obj/arm/exceptions/handlers/el2/el2_cur_sp0_sync.o
                0xffff800040216728                el2_cur_sp0_sync_handler
 .text          0xffff800040216778       0x50 bin/obj/arm/exceptions/handlers/el2/el2_cur_spx_irq.o
                0xffff800040216778                el2_cur_spx_irq_handler
 .text          0xffff8000402167c8      0x2ec bin/obj/arm/exceptions/handlers/exception_macros.o
                0xffff8000402167c8                select_src_enum_
                0xffff800040216928                select_exception_type_enum_
                0xffff800040216a44                exception_panic
 .text          0xffff800040216ab4      0x2c8 bin/obj/arm/exceptions/exceptions.o
                0xffff800040216ab4                arm_exceptions_get_status
                0xffff800040216b48                arm_exceptions_set_status
                0xffff800040216c80                arm_exceptions_enable
                0xffff800040216cf4                arm_exceptions_disable
                0xffff800040216d68                arm_get_exception_level
 .text          0xffff800040216d7c     0x2618 bin/obj/arm/mmu/mmu.o
                0xffff80004021879c                mmu_is_active
                0xffff8000402187c0                mmu_map
                0xffff800040218e58                mmu_unmap
 .text          0xffff800040219394     0x1e7c bin/obj/arm/mmu/mmu_core.o
                0xffff800040219b54                mmu_core_set_mapping
                0xffff800040219e08                mmu_core_set_d_cache
                0xffff800040219efc                mmu_core_set_i_cache
                0xffff800040219ff4                mmu_core_set_align_trap
                0xffff80004021a0ec                mmu_core_set_lo_enabled
                0xffff80004021a1e4                mmu_core_set_hi_enabled
                0xffff80004021a2dc                mmu_core_set_lo_va_bits
                0xffff80004021a3e8                mmu_core_set_hi_va_bits
                0xffff80004021a4f4                mmu_core_set_lo_granularity
                0xffff80004021a648                mmu_core_set_hi_granularity
                0xffff80004021a7a0                mmu_core_handle_new
                0xffff80004021ab48                mmu_delete_mapping
                0xffff80004021ab98                mmu_core_activate
                0xffff80004021b178                mmu_core_deactivate
 .text          0xffff80004021b210       0x58 bin/obj/arm/cpu.o
                0xffff80004021b210                ARM_get_cpu_affinity
 .text          0xffff80004021b268      0x2b8 bin/obj/lib/lock/corelock.o
                0xffff80004021b268                corelock_init
                0xffff80004021b290                core_lock
                0xffff80004021b2c4                core_unlock
                0xffff80004021b4c4                core_try_lock
 .text          0xffff80004021b520      0xde4 bin/obj/lib/malloc/xalloc.o
                0xffff80004021be18                xalloc_init
                0xffff80004021bf18                xalloc_get_block_size
                0xffff80004021bf30                xalloc_get_region_blocks
                0xffff80004021bf88                xalloc_get_region_id
                0xffff80004021bfd8                xalloc_get_region_bytes
                0xffff80004021c00c                xalloc_alloc
                0xffff80004021c204                xalloc_calloc
                0xffff80004021c294                xalloc_free
                0xffff80004021c2cc                xalloc_free_id
 .text          0xffff80004021c304      0x1b0 bin/obj/lib/string/string.o
                0xffff80004021c304                strcopy
                0xffff80004021c398                strcmp
 .text          0xffff80004021c4b4      0xd2c bin/obj/lib/string/fmt.o
                0xffff80004021c4b4                uint8_to_ascii_char
                0xffff80004021c558                stdint_to_ascii
                0xffff80004021cce0                str_fmt_print
 .text          0xffff80004021d1e0      0x488 bin/obj/lib/mem/memcpy/memcpy.o
                0xffff80004021d1e0                memcpy64_aligned
                0xffff80004021d388                memcpy64
                0xffff80004021d440                test_memcpy
 .text          0xffff80004021d668      0x170 bin/obj/lib/mem/mem.o
                0xffff80004021d668                pa_supported_bits
 .text          0xffff80004021d7d8      0x790 bin/obj/drivers/arm_generic_timer/arm_generic_timer.o
                0xffff80004021d7d8                AGT_ns_to_cycles
                0xffff80004021d884                AGT_us_to_cycles
                0xffff80004021d924                AGT_cnt_cycles
                0xffff80004021d938                AGT_cnt_freq
                0xffff80004021d94c                AGT_cnt_time_ns
                0xffff80004021d9b4                AGT_cnt_time_us
                0xffff80004021dab0                AGT_timer_schedule_cycles
                0xffff80004021dba0                AGT_timer_schedule_delta
                0xffff80004021dcb0                AGT_timer_is_armed
                0xffff80004021dd0c                AGT_timer_has_fired
                0xffff80004021dda0                AGT_timer_cancel
                0xffff80004021ddfc                AGT_handle_irq
                0xffff80004021def8                AGT_init_stage0
 .text          0xffff80004021df68     0x1fa8 bin/obj/drivers/tmu/tmu.o
                0xffff80004021f0fc                TMU_init_stage0
                0xffff80004021f250                TMU_init_stage1
                0xffff80004021f5e0                TMU_handle_irq
                0xffff80004021f66c                TMU_set_warn_temp
                0xffff80004021f860                TMU_get_warnings_enabled
                0xffff80004021f958                TMU_enable_warnings
                0xffff80004021f9c4                TMU_disable_warnings
                0xffff80004021fa30                TMU_warn_pending
                0xffff80004021fa9c                TMU_set_critical_temp
                0xffff80004021fc90                TMU_get_temp
 .text          0xffff80004021ff10     0x1294 bin/obj/drivers/interrupts/gicv3/gicv3.o
                0xffff800040220a44                GICV3_set_cpu_priority_threshold
                0xffff800040220b60                GICV3_set_spi_group1ns
                0xffff800040220bdc                GICV3_route_spi_to_cpu
                0xffff800040220c5c                GICV3_route_spi_to_self
                0xffff800040220c8c                GICV3_enable_spi
                0xffff800040220ce0                GICV3_set_priority
                0xffff800040220d5c                GICV3_set_edge_triggered
                0xffff800040220dd4                GICV3_set_level_sensitive
                0xffff800040220e4c                GICV3_wake_redistributor
                0xffff800040220f04                GICV3_init_distributor
                0xffff800040220f54                GICV3_init_cpu
                0xffff800040220f80                GICV3_init_irq
                0xffff800040221088                GICV3_get_intid_el1
                0xffff8000402210a4                GICV3_ack_intid_el1
                0xffff8000402210c4                GICV3_enable_ppi
 .text          0xffff8000402211a4     0x28e8 bin/obj/drivers/uart/uart.o
                0xffff800040222244                uart_reset
                0xffff8000402223c4                uart_read
                0xffff8000402233c0                uart_handle_irq
                0xffff800040223468                uart_init_stage0
                0xffff8000402236ec                uart_init_stage1
                0xffff800040223724                uart_putc_sync
                0xffff80004022377c                uart_putc
                0xffff800040223818                uart_early_init
                0xffff800040223a50                uart_putc_early
 .text          0xffff800040223a8c        0x0 bin/obj/rslib.a(imx8mp_kernel-1a53598e06c50be6.imx8mp_kernel.241a9a11e0e6ae75-cgu.0.rcgu.o)
 .text._RNvCsiGVaDesi5rv_7___rustc17rust_begin_unwind
                0xffff800040223a8c        0x4 bin/obj/rslib.a(imx8mp_kernel-1a53598e06c50be6.imx8mp_kernel.241a9a11e0e6ae75-cgu.0.rcgu.o)
                0xffff800040223a8c                __rustc::rust_begin_unwind
 .text.pow2_ring_buffer_new
                0xffff800040223a90       0x70 bin/obj/rslib.a(imx8mp_kernel-1a53598e06c50be6.imx8mp_kernel.241a9a11e0e6ae75-cgu.0.rcgu.o)
                0xffff800040223a90                pow2_ring_buffer_new
 .text.pow2_ring_buffer_pop
                0xffff800040223b00       0x90 bin/obj/rslib.a(imx8mp_kernel-1a53598e06c50be6.imx8mp_kernel.241a9a11e0e6ae75-cgu.0.rcgu.o)
                0xffff800040223b00                pow2_ring_buffer_pop
 .text.pow2_ring_buffer_push
                0xffff800040223b90       0xbc bin/obj/rslib.a(imx8mp_kernel-1a53598e06c50be6.imx8mp_kernel.241a9a11e0e6ae75-cgu.0.rcgu.o)
                0xffff800040223b90                pow2_ring_buffer_push
 .text.rust_kernel_initcalls_stage0
                0xffff800040223c4c        0x4 bin/obj/rslib.a(imx8mp_kernel-1a53598e06c50be6.imx8mp_kernel.241a9a11e0e6ae75-cgu.0.rcgu.o)
                0xffff800040223c4c                rust_kernel_initcalls_stage1
                0xffff800040223c4c                rust_kernel_initcalls_stage2
                0xffff800040223c4c                rust_kernel_initcalls_stage0
 .text.unlikely.rust_test_panic
                0xffff800040223c50       0x2c bin/obj/rslib.a(imx8mp_kernel-1a53598e06c50be6.imx8mp_kernel.241a9a11e0e6ae75-cgu.0.rcgu.o)
                0xffff800040223c50                rust_test_panic
 .text.uart_rx_len
                0xffff800040223c7c       0x18 bin/obj/rslib.a(imx8mp_kernel-1a53598e06c50be6.imx8mp_kernel.241a9a11e0e6ae75-cgu.0.rcgu.o)
                0xffff800040223c7c                uart_rx_len
 .text.uart_rxbuf_pop
                0xffff800040223c94       0x58 bin/obj/rslib.a(imx8mp_kernel-1a53598e06c50be6.imx8mp_kernel.241a9a11e0e6ae75-cgu.0.rcgu.o)
                0xffff800040223c94                uart_rxbuf_pop
 .text.uart_rxbuf_push
                0xffff800040223cec       0x6c bin/obj/rslib.a(imx8mp_kernel-1a53598e06c50be6.imx8mp_kernel.241a9a11e0e6ae75-cgu.0.rcgu.o)
                0xffff800040223cec                uart_rxbuf_push
 .text.uart_tx_len
                0xffff800040223d58       0x18 bin/obj/rslib.a(imx8mp_kernel-1a53598e06c50be6.imx8mp_kernel.241a9a11e0e6ae75-cgu.0.rcgu.o)
                0xffff800040223d58                uart_tx_len
 .text.uart_txbuf_pop
                0xffff800040223d70       0x68 bin/obj/rslib.a(imx8mp_kernel-1a53598e06c50be6.imx8mp_kernel.241a9a11e0e6ae75-cgu.0.rcgu.o)
                0xffff800040223d70                uart_txbuf_pop
 .text.uart_txbuf_push
                0xffff800040223dd8       0x60 bin/obj/rslib.a(imx8mp_kernel-1a53598e06c50be6.imx8mp_kernel.241a9a11e0e6ae75-cgu.0.rcgu.o)
                0xffff800040223dd8                uart_txbuf_push
 .text          0xffff800040223e38        0x0 bin/obj/rslib.a(core-dca77d77b03929cc.core.bbd04c23a4fa3c72-cgu.0.rcgu.o)
 .text._ZN101_$LT$core..char..CaseMappingIter$u20$as$u20$core..iter..traits..double_ended..DoubleEndedIterator$GT$15advance_back_by17hf0d6f1ce58d3f07dE
                0xffff800040223e38       0x28 bin/obj/rslib.a(core-dca77d77b03929cc.core.bbd04c23a4fa3c72-cgu.0.rcgu.o)
                0xffff800040223e38                <core::char::CaseMappingIter as core::iter::traits::double_ended::DoubleEndedIterator>::advance_back_by
 .text._ZN101_$LT$core..char..CaseMappingIter$u20$as$u20$core..iter..traits..double_ended..DoubleEndedIterator$GT$9next_back17hc65cc64a3027a392E
                0xffff800040223e60       0x28 bin/obj/rslib.a(core-dca77d77b03929cc.core.bbd04c23a4fa3c72-cgu.0.rcgu.o)
                0xffff800040223e60                <core::char::CaseMappingIter as core::iter::traits::double_ended::DoubleEndedIterator>::next_back
 .text._ZN105_$LT$core..slice..ascii..EscapeAscii$u20$as$u20$core..iter..traits..double_ended..DoubleEndedIterator$GT$9next_back17h61446658ee893423E
                0xffff800040223e88      0x120 bin/obj/rslib.a(core-dca77d77b03929cc.core.bbd04c23a4fa3c72-cgu.0.rcgu.o)
                0xffff800040223e88                <core::slice::ascii::EscapeAscii as core::iter::traits::double_ended::DoubleEndedIterator>::next_back
 .text._ZN105_$LT$dyn$u20$core..any..Any$u2b$core..marker..Send$u2b$core..marker..Sync$u20$as$u20$core..fmt..Debug$GT$3fmt17hd0716b989b3da57dE
                0xffff800040223fa8       0x60 bin/obj/rslib.a(core-dca77d77b03929cc.core.bbd04c23a4fa3c72-cgu.0.rcgu.o)
                0xffff800040223fa8                <dyn core::any::Any as core::fmt::Debug>::fmt
                0xffff800040223fa8                <dyn core::any::Any+core::marker::Send as core::fmt::Debug>::fmt
                0xffff800040223fa8                <dyn core::any::Any+core::marker::Send+core::marker::Sync as core::fmt::Debug>::fmt
 .text._ZN110_$LT$$LT$core..wtf8..EncodeWide$u20$as$u20$core..fmt..Debug$GT$..fmt..CodeUnit$u20$as$u20$core..fmt..Debug$GT$3fmt17hda14d4f4daf3c5c9E
                0xffff800040224008       0xa0 bin/obj/rslib.a(core-dca77d77b03929cc.core.bbd04c23a4fa3c72-cgu.0.rcgu.o)
                0xffff800040224008                <<core::wtf8::EncodeWide as core::fmt::Debug>::fmt::CodeUnit as core::fmt::Debug>::fmt
 .text._ZN116_$LT$core..net..ip_addr..Ipv4Addr$u20$as$u20$core..ops..bit..BitOrAssign$LT$$RF$core..net..ip_addr..Ipv4Addr$GT$$GT$12bitor_assign17h2747ee25fbf1738bE
                0xffff8000402240a8       0x80 bin/obj/rslib.a(core-dca77d77b03929cc.core.bbd04c23a4fa3c72-cgu.0.rcgu.o)
                0xffff8000402240a8                <core::net::ip_addr::Ipv4Addr as core::ops::bit::BitOrAssign<&core::net::ip_addr::Ipv4Addr>>::bitor_assign
 .text._ZN116_$LT$core..net..ip_addr..Ipv6Addr$u20$as$u20$core..ops..bit..BitOrAssign$LT$$RF$core..net..ip_addr..Ipv6Addr$GT$$GT$12bitor_assign17hff885b6f68f5609cE
                0xffff800040224128      0x1d0 bin/obj/rslib.a(core-dca77d77b03929cc.core.bbd04c23a4fa3c72-cgu.0.rcgu.o)
                0xffff800040224128                <core::net::ip_addr::Ipv6Addr as core::ops::bit::BitOrAssign<&core::net::ip_addr::Ipv6Addr>>::bitor_assign
 .text._ZN117_$LT$core..net..ip_addr..Ipv4Addr$u20$as$u20$core..ops..bit..BitAndAssign$LT$$RF$core..net..ip_addr..Ipv4Addr$GT$$GT$13bitand_assign17hb3faa6ba9d6ecb06E
                0xffff8000402242f8       0x80 bin/obj/rslib.a(core-dca77d77b03929cc.core.bbd04c23a4fa3c72-cgu.0.rcgu.o)
                0xffff8000402242f8                <core::net::ip_addr::Ipv4Addr as core::ops::bit::BitAndAssign<&core::net::ip_addr::Ipv4Addr>>::bitand_assign
 .text._ZN117_$LT$core..net..ip_addr..Ipv6Addr$u20$as$u20$core..ops..bit..BitAndAssign$LT$$RF$core..net..ip_addr..Ipv6Addr$GT$$GT$13bitand_assign17hb1c67c235aa10d9dE
                0xffff800040224378      0x1d0 bin/obj/rslib.a(core-dca77d77b03929cc.core.bbd04c23a4fa3c72-cgu.0.rcgu.o)
                0xffff800040224378                <core::net::ip_addr::Ipv6Addr as core::ops::bit::BitAndAssign<&core::net::ip_addr::Ipv6Addr>>::bitand_assign
 .text._ZN40_$LT$str$u20$as$u20$core..fmt..Debug$GT$3fmt17h5f6f1bf3a0007201E
                0xffff800040224548      0x3b0 bin/obj/rslib.a(core-dca77d77b03929cc.core.bbd04c23a4fa3c72-cgu.0.rcgu.o)
                0xffff800040224548                <str as core::fmt::Debug>::fmt
 .text._ZN41_$LT$char$u20$as$u20$core..fmt..Debug$GT$3fmt17h05bf1d95c56e9d68E
                0xffff8000402248f8       0xe4 bin/obj/rslib.a(core-dca77d77b03929cc.core.bbd04c23a4fa3c72-cgu.0.rcgu.o)
                0xffff8000402248f8                <char as core::fmt::Debug>::fmt
 .text._ZN42_$LT$$RF$T$u20$as$u20$core..fmt..Debug$GT$3fmt17h2cdcb51347d218f7E
                0xffff8000402249dc        0x8 bin/obj/rslib.a(core-dca77d77b03929cc.core.bbd04c23a4fa3c72-cgu.0.rcgu.o)
 .text._ZN42_$LT$$RF$T$u20$as$u20$core..fmt..Debug$GT$3fmt17h479b8efc69ca8267E
                0xffff8000402249e4        0x8 bin/obj/rslib.a(core-dca77d77b03929cc.core.bbd04c23a4fa3c72-cgu.0.rcgu.o)
 .text._ZN42_$LT$$RF$T$u20$as$u20$core..fmt..Debug$GT$3fmt17h5583193454f8b8d6E
                0xffff8000402249ec      0x164 bin/obj/rslib.a(core-dca77d77b03929cc.core.bbd04c23a4fa3c72-cgu.0.rcgu.o)
 .text._ZN42_$LT$$RF$T$u20$as$u20$core..fmt..Debug$GT$3fmt17h56b7a391078316eaE
                0xffff800040224b50        0xc bin/obj/rslib.a(core-dca77d77b03929cc.core.bbd04c23a4fa3c72-cgu.0.rcgu.o)
 .text._ZN42_$LT$$RF$T$u20$as$u20$core..fmt..Debug$GT$3fmt17h7040e3522c936441E
                0xffff800040224b5c        0xc bin/obj/rslib.a(core-dca77d77b03929cc.core.bbd04c23a4fa3c72-cgu.0.rcgu.o)
 .text._ZN42_$LT$$RF$T$u20$as$u20$core..fmt..Debug$GT$3fmt17h73d6b45e08bc8e15E
                0xffff800040224b68       0x14 bin/obj/rslib.a(core-dca77d77b03929cc.core.bbd04c23a4fa3c72-cgu.0.rcgu.o)
 .text._ZN42_$LT$$RF$T$u20$as$u20$core..fmt..Debug$GT$3fmt17ha642bfdd7996c379E
                0xffff800040224b7c       0x14 bin/obj/rslib.a(core-dca77d77b03929cc.core.bbd04c23a4fa3c72-cgu.0.rcgu.o)
 .text._ZN42_$LT$str$u20$as$u20$core..fmt..Display$GT$3fmt17hc0780a4df539a16aE
                0xffff800040224b90       0x14 bin/obj/rslib.a(core-dca77d77b03929cc.core.bbd04c23a4fa3c72-cgu.0.rcgu.o)
                0xffff800040224b90                <str as core::fmt::Display>::fmt
 .text._ZN43_$LT$bool$u20$as$u20$core..fmt..Display$GT$3fmt17h9806e9f5fa916ff1E
                0xffff800040224ba4       0x2c bin/obj/rslib.a(core-dca77d77b03929cc.core.bbd04c23a4fa3c72-cgu.0.rcgu.o)
                0xffff800040224ba4                <bool as core::fmt::Display>::fmt
 .text._ZN43_$LT$char$u20$as$u20$core..fmt..Display$GT$3fmt17h83f04f7b2308e64bE
                0xffff800040224bd0       0xf8 bin/obj/rslib.a(core-dca77d77b03929cc.core.bbd04c23a4fa3c72-cgu.0.rcgu.o)
                0xffff800040224bd0                <char as core::fmt::Display>::fmt
 .text._ZN44_$LT$$RF$T$u20$as$u20$core..fmt..Display$GT$3fmt17h703b070ad8b43283E
                0xffff800040224cc8        0x8 bin/obj/rslib.a(core-dca77d77b03929cc.core.bbd04c23a4fa3c72-cgu.0.rcgu.o)
 .text._ZN44_$LT$$RF$T$u20$as$u20$core..fmt..Display$GT$3fmt17h9bd2ce85ae1d3eddE
                0xffff800040224cd0      0x158 bin/obj/rslib.a(core-dca77d77b03929cc.core.bbd04c23a4fa3c72-cgu.0.rcgu.o)
 .text._ZN44_$LT$$RF$T$u20$as$u20$core..fmt..Display$GT$3fmt17hac20f0bb39cfdd9eE
                0xffff800040224e28       0x10 bin/obj/rslib.a(core-dca77d77b03929cc.core.bbd04c23a4fa3c72-cgu.0.rcgu.o)
 .text._ZN44_$LT$$RF$T$u20$as$u20$core..fmt..Display$GT$3fmt17hfec459358b2b0a7cE
                0xffff800040224e38        0x8 bin/obj/rslib.a(core-dca77d77b03929cc.core.bbd04c23a4fa3c72-cgu.0.rcgu.o)
 .text._ZN45_$LT$$RF$T$u20$as$u20$core..fmt..LowerHex$GT$3fmt17h05bd91b15c4ae0d9E
                0xffff800040224e40       0x7c bin/obj/rslib.a(core-dca77d77b03929cc.core.bbd04c23a4fa3c72-cgu.0.rcgu.o)
 .text._ZN46_$LT$i8$u20$as$u20$core..pat..RangePattern$GT$7sub_one17h9a01a105c96fcbd5E
                0xffff800040224ebc       0x48 bin/obj/rslib.a(core-dca77d77b03929cc.core.bbd04c23a4fa3c72-cgu.0.rcgu.o)
                0xffff800040224ebc                <i8 as core::pat::RangePattern>::sub_one
 .text._ZN46_$LT$u8$u20$as$u20$core..pat..RangePattern$GT$7sub_one17h670240648e8e7fb4E
                0xffff800040224f04       0x40 bin/obj/rslib.a(core-dca77d77b03929cc.core.bbd04c23a4fa3c72-cgu.0.rcgu.o)
                0xffff800040224f04                <u8 as core::pat::RangePattern>::sub_one
 .text._ZN47_$LT$i16$u20$as$u20$core..pat..RangePattern$GT$7sub_one17h541e4bf249e12cddE
                0xffff800040224f44       0x48 bin/obj/rslib.a(core-dca77d77b03929cc.core.bbd04c23a4fa3c72-cgu.0.rcgu.o)
                0xffff800040224f44                <i16 as core::pat::RangePattern>::sub_one
 .text._ZN47_$LT$i32$u20$as$u20$core..pat..RangePattern$GT$7sub_one17h97b022b5d897e388E
                0xffff800040224f8c       0x3c bin/obj/rslib.a(core-dca77d77b03929cc.core.bbd04c23a4fa3c72-cgu.0.rcgu.o)
                0xffff800040224f8c                <i32 as core::pat::RangePattern>::sub_one
 .text._ZN47_$LT$i64$u20$as$u20$core..pat..RangePattern$GT$7sub_one17h0d4cbf88673eab66E
                0xffff800040224fc8       0x3c bin/obj/rslib.a(core-dca77d77b03929cc.core.bbd04c23a4fa3c72-cgu.0.rcgu.o)
                0xffff800040224fc8                <i64 as core::pat::RangePattern>::sub_one
                0xffff800040224fc8                <isize as core::pat::RangePattern>::sub_one
 .text._ZN47_$LT$u16$u20$as$u20$core..pat..RangePattern$GT$7sub_one17hf1b3147e5737ed06E
                0xffff800040225004       0x40 bin/obj/rslib.a(core-dca77d77b03929cc.core.bbd04c23a4fa3c72-cgu.0.rcgu.o)
                0xffff800040225004                <u16 as core::pat::RangePattern>::sub_one
 .text._ZN47_$LT$u32$u20$as$u20$core..pat..RangePattern$GT$7sub_one17h5f94339af8ab10a1E
                0xffff800040225044       0x3c bin/obj/rslib.a(core-dca77d77b03929cc.core.bbd04c23a4fa3c72-cgu.0.rcgu.o)
                0xffff800040225044                <u32 as core::pat::RangePattern>::sub_one
 .text._ZN47_$LT$u64$u20$as$u20$core..pat..RangePattern$GT$7sub_one17h24c018f405b1f310E
                0xffff800040225080       0x3c bin/obj/rslib.a(core-dca77d77b03929cc.core.bbd04c23a4fa3c72-cgu.0.rcgu.o)
                0xffff800040225080                <usize as core::pat::RangePattern>::sub_one
                0xffff800040225080                <u64 as core::pat::RangePattern>::sub_one
 .text._ZN48_$LT$char$u20$as$u20$core..pat..RangePattern$GT$7sub_one17he70177f83f7ceafcE
                0xffff8000402250bc       0x54 bin/obj/rslib.a(core-dca77d77b03929cc.core.bbd04c23a4fa3c72-cgu.0.rcgu.o)
                0xffff8000402250bc                <char as core::pat::RangePattern>::sub_one
 .text._ZN48_$LT$i128$u20$as$u20$core..pat..RangePattern$GT$7sub_one17hcbc11fca96f2cd53E
                0xffff800040225110       0x4c bin/obj/rslib.a(core-dca77d77b03929cc.core.bbd04c23a4fa3c72-cgu.0.rcgu.o)
                0xffff800040225110                <i128 as core::pat::RangePattern>::sub_one
 .text._ZN48_$LT$u128$u20$as$u20$core..pat..RangePattern$GT$7sub_one17h082c3491375e9509E
                0xffff80004022515c       0x4c bin/obj/rslib.a(core-dca77d77b03929cc.core.bbd04c23a4fa3c72-cgu.0.rcgu.o)
                0xffff80004022515c                <u128 as core::pat::RangePattern>::sub_one
 .text._ZN49_$LT$u8$u20$as$u20$core..num..bignum..FullOps$GT$12full_div_rem17h6fed2e224afbc72dE
                0xffff8000402251a8       0x38 bin/obj/rslib.a(core-dca77d77b03929cc.core.bbd04c23a4fa3c72-cgu.0.rcgu.o)
                0xffff8000402251a8                <u8 as core::num::bignum::FullOps>::full_div_rem
 .text.unlikely._ZN4core3f3221_$LT$impl$u20$f32$GT$5clamp8do_panic7runtime17h36a43f140f64d661E
                0xffff8000402251e0       0x50 bin/obj/rslib.a(core-dca77d77b03929cc.core.bbd04c23a4fa3c72-cgu.0.rcgu.o)
                0xffff8000402251e0                core::f32::<impl f32>::clamp::do_panic::runtime
 .text.unlikely._ZN4core3f6421_$LT$impl$u20$f64$GT$5clamp8do_panic7runtime17h94d48098c87e850eE
                0xffff800040225230       0x50 bin/obj/rslib.a(core-dca77d77b03929cc.core.bbd04c23a4fa3c72-cgu.0.rcgu.o)
                0xffff800040225230                core::f64::<impl f64>::clamp::do_panic::runtime
 .text._ZN4core3ffi5c_str4CStr19from_bytes_with_nul17hf7126ca100a56b9eE
                0xffff800040225280       0xf0 bin/obj/rslib.a(core-dca77d77b03929cc.core.bbd04c23a4fa3c72-cgu.0.rcgu.o)
                0xffff800040225280                core::ffi::c_str::CStr::from_bytes_with_nul
 .text._ZN4core3ffi5c_str4CStr20from_bytes_until_nul17h4a4d4ec068c826baE
                0xffff800040225370       0xdc bin/obj/rslib.a(core-dca77d77b03929cc.core.bbd04c23a4fa3c72-cgu.0.rcgu.o)
                0xffff800040225370                core::ffi::c_str::CStr::from_bytes_until_nul
 .text._ZN4core3ffi5c_str4CStr6to_str17hf906734cbe15885eE
                0xffff80004022544c        0x8 bin/obj/rslib.a(core-dca77d77b03929cc.core.bbd04c23a4fa3c72-cgu.0.rcgu.o)
                0xffff80004022544c                core::ffi::c_str::CStr::to_str
 .text._ZN4core3fmt17FormattingOptions8get_fill17he0043a57724473c7E
                0xffff800040225454        0xc bin/obj/rslib.a(core-dca77d77b03929cc.core.bbd04c23a4fa3c72-cgu.0.rcgu.o)
                0xffff800040225454                core::fmt::FormattingOptions::get_fill
 .text._ZN4core3fmt17pointer_fmt_inner17h9512fbe23d32d8a3E
                0xffff800040225460       0xb8 bin/obj/rslib.a(core-dca77d77b03929cc.core.bbd04c23a4fa3c72-cgu.0.rcgu.o)
                0xffff800040225460                core::fmt::pointer_fmt_inner
 .text._ZN4core3fmt3num22_$LT$impl$u20$i128$GT$11format_into17h7da8cadabd24f583E
                0xffff800040225518       0x74 bin/obj/rslib.a(core-dca77d77b03929cc.core.bbd04c23a4fa3c72-cgu.0.rcgu.o)
                0xffff800040225518                core::fmt::num::<impl i128>::format_into
 .text._ZN4core3fmt3num22_$LT$impl$u20$u128$GT$10_fmt_inner17hf030a7152409751aE
                0xffff80004022558c      0x578 bin/obj/rslib.a(core-dca77d77b03929cc.core.bbd04c23a4fa3c72-cgu.0.rcgu.o)
 .text._ZN4core3fmt3num22_$LT$impl$u20$u128$GT$11format_into17h5dee2ace129fe29cE
                0xffff800040225b04       0x34 bin/obj/rslib.a(core-dca77d77b03929cc.core.bbd04c23a4fa3c72-cgu.0.rcgu.o)
                0xffff800040225b04                core::fmt::num::<impl u128>::format_into
 .text._ZN4core3fmt3num22_$LT$impl$u20$u128$GT$4_fmt17ha65d27b87d338669E
                0xffff800040225b38       0x2c bin/obj/rslib.a(core-dca77d77b03929cc.core.bbd04c23a4fa3c72-cgu.0.rcgu.o)
                0xffff800040225b38                core::fmt::num::<impl u128>::_fmt
 .text._ZN4core3fmt3num3imp20_$LT$impl$u20$i8$GT$11format_into17hfa6336419ff83042E
                0xffff800040225b64      0x134 bin/obj/rslib.a(core-dca77d77b03929cc.core.bbd04c23a4fa3c72-cgu.0.rcgu.o)
                0xffff800040225b64                core::fmt::num::imp::<impl i8>::format_into
 .text._ZN4core3fmt3num3imp20_$LT$impl$u20$u8$GT$11format_into17h879b7eff6dae2147E
                0xffff800040225c98       0xa0 bin/obj/rslib.a(core-dca77d77b03929cc.core.bbd04c23a4fa3c72-cgu.0.rcgu.o)
                0xffff800040225c98                core::fmt::num::imp::<impl u8>::format_into
 .text._ZN4core3fmt3num3imp20_$LT$impl$u20$u8$GT$4_fmt17ha676af9982528506E
                0xffff800040225d38       0x90 bin/obj/rslib.a(core-dca77d77b03929cc.core.bbd04c23a4fa3c72-cgu.0.rcgu.o)
                0xffff800040225d38                core::fmt::num::imp::<impl u8>::_fmt
 .text._ZN4core3fmt3num3imp21_$LT$impl$u20$i16$GT$11format_into17h2f71a14c8f3a6320E
                0xffff800040225dc8      0x1ec bin/obj/rslib.a(core-dca77d77b03929cc.core.bbd04c23a4fa3c72-cgu.0.rcgu.o)
                0xffff800040225dc8                core::fmt::num::imp::<impl i16>::format_into
 .text._ZN4core3fmt3num3imp21_$LT$impl$u20$i32$GT$11format_into17hbc98fbdd3b5c6d6eE
                0xffff800040225fb4      0x274 bin/obj/rslib.a(core-dca77d77b03929cc.core.bbd04c23a4fa3c72-cgu.0.rcgu.o)
                0xffff800040225fb4                core::fmt::num::imp::<impl i32>::format_into
 .text._ZN4core3fmt3num3imp21_$LT$impl$u20$i64$GT$11format_into17he56d1a706514badaE
                0xffff800040226228      0x27c bin/obj/rslib.a(core-dca77d77b03929cc.core.bbd04c23a4fa3c72-cgu.0.rcgu.o)
                0xffff800040226228                core::fmt::num::imp::<impl isize>::format_into
                0xffff800040226228                core::fmt::num::imp::<impl i64>::format_into
 .text._ZN4core3fmt3num3imp21_$LT$impl$u20$u16$GT$11format_into17hf5acce3bc060a7a4E
                0xffff8000402264a4       0xf8 bin/obj/rslib.a(core-dca77d77b03929cc.core.bbd04c23a4fa3c72-cgu.0.rcgu.o)
                0xffff8000402264a4                core::fmt::num::imp::<impl u16>::format_into
 .text._ZN4core3fmt3num3imp21_$LT$impl$u20$u16$GT$4_fmt17h9b16707f2c4d83c7E
                0xffff80004022659c      0x108 bin/obj/rslib.a(core-dca77d77b03929cc.core.bbd04c23a4fa3c72-cgu.0.rcgu.o)
                0xffff80004022659c                core::fmt::num::imp::<impl u16>::_fmt
 .text._ZN4core3fmt3num3imp21_$LT$impl$u20$u32$GT$11format_into17h699a29a216c381bfE
                0xffff8000402266a4      0x12c bin/obj/rslib.a(core-dca77d77b03929cc.core.bbd04c23a4fa3c72-cgu.0.rcgu.o)
                0xffff8000402266a4                core::fmt::num::imp::<impl u32>::format_into
 .text._ZN4core3fmt3num3imp21_$LT$impl$u20$u32$GT$4_fmt17hc5bdfc1c3dd3fd08E
                0xffff8000402267d0      0x130 bin/obj/rslib.a(core-dca77d77b03929cc.core.bbd04c23a4fa3c72-cgu.0.rcgu.o)
                0xffff8000402267d0                core::fmt::num::imp::<impl u32>::_fmt
 .text._ZN4core3fmt3num3imp21_$LT$impl$u20$u64$GT$11format_into17he2b4201a970f20d7E
                0xffff800040226900      0x130 bin/obj/rslib.a(core-dca77d77b03929cc.core.bbd04c23a4fa3c72-cgu.0.rcgu.o)
                0xffff800040226900                core::fmt::num::imp::<impl u64>::format_into
                0xffff800040226900                core::fmt::num::imp::<impl usize>::format_into
 .text._ZN4core3fmt3num3imp21_$LT$impl$u20$u64$GT$4_fmt17hf5cf8cc64887d18dE
                0xffff800040226a30      0x134 bin/obj/rslib.a(core-dca77d77b03929cc.core.bbd04c23a4fa3c72-cgu.0.rcgu.o)
                0xffff800040226a30                core::fmt::num::imp::<impl u64>::_fmt
                0xffff800040226a30                core::fmt::num::imp::<impl usize>::_fmt
 .text._ZN4core3fmt3num3imp51_$LT$impl$u20$core..fmt..Display$u20$for$u20$i8$GT$3fmt17hcb39de988782ba27E
                0xffff800040226b64       0xcc bin/obj/rslib.a(core-dca77d77b03929cc.core.bbd04c23a4fa3c72-cgu.0.rcgu.o)
                0xffff800040226b64                core::fmt::num::imp::<impl core::fmt::Display for i8>::fmt
 .text._ZN4core3fmt3num3imp51_$LT$impl$u20$core..fmt..Display$u20$for$u20$u8$GT$3fmt17hf7d8c920e29b5333E
                0xffff800040226c30       0xac bin/obj/rslib.a(core-dca77d77b03929cc.core.bbd04c23a4fa3c72-cgu.0.rcgu.o)
                0xffff800040226c30                core::fmt::num::imp::<impl core::fmt::Display for u8>::fmt
 .text._ZN4core3fmt3num3imp52_$LT$impl$u20$core..fmt..Display$u20$for$u20$i16$GT$3fmt17h104a3911dccd2ff7E
                0xffff800040226cdc      0x11c bin/obj/rslib.a(core-dca77d77b03929cc.core.bbd04c23a4fa3c72-cgu.0.rcgu.o)
                0xffff800040226cdc                core::fmt::num::imp::<impl core::fmt::Display for i16>::fmt
 .text._ZN4core3fmt3num3imp52_$LT$impl$u20$core..fmt..Display$u20$for$u20$i32$GT$3fmt17h80bd409755b2ddaeE
                0xffff800040226df8      0x158 bin/obj/rslib.a(core-dca77d77b03929cc.core.bbd04c23a4fa3c72-cgu.0.rcgu.o)
                0xffff800040226df8                core::fmt::num::imp::<impl core::fmt::Display for i32>::fmt
 .text._ZN4core3fmt3num3imp52_$LT$impl$u20$core..fmt..Display$u20$for$u20$i64$GT$3fmt17h1e801d532e5ecaafE
                0xffff800040226f50      0x15c bin/obj/rslib.a(core-dca77d77b03929cc.core.bbd04c23a4fa3c72-cgu.0.rcgu.o)
                0xffff800040226f50                core::fmt::num::imp::<impl core::fmt::Display for isize>::fmt
                0xffff800040226f50                core::fmt::num::imp::<impl core::fmt::Display for i64>::fmt
 .text._ZN4core3fmt3num3imp52_$LT$impl$u20$core..fmt..Display$u20$for$u20$u16$GT$3fmt17hdb2998ab968581d1E
                0xffff8000402270ac      0x104 bin/obj/rslib.a(core-dca77d77b03929cc.core.bbd04c23a4fa3c72-cgu.0.rcgu.o)
                0xffff8000402270ac                core::fmt::num::imp::<impl core::fmt::Display for u16>::fmt
 .text._ZN4core3fmt3num3imp52_$LT$impl$u20$core..fmt..Display$u20$for$u20$u32$GT$3fmt17h0b158e54c199f5dbE
                0xffff8000402271b0      0x14c bin/obj/rslib.a(core-dca77d77b03929cc.core.bbd04c23a4fa3c72-cgu.0.rcgu.o)
                0xffff8000402271b0                core::fmt::num::imp::<impl core::fmt::Display for u32>::fmt
 .text._ZN4core3fmt3num3imp52_$LT$impl$u20$core..fmt..Display$u20$for$u20$u64$GT$3fmt17h64f3911dafa6269fE
                0xffff8000402272fc      0x154 bin/obj/rslib.a(core-dca77d77b03929cc.core.bbd04c23a4fa3c72-cgu.0.rcgu.o)
                0xffff8000402272fc                core::fmt::num::imp::<impl core::fmt::Display for usize>::fmt
                0xffff8000402272fc                core::fmt::num::imp::<impl core::fmt::Display for u64>::fmt
 .text._ZN4core3fmt3num3imp52_$LT$impl$u20$core..fmt..LowerExp$u20$for$u20$i8$GT$3fmt17h58d82f5837eb5be0E
                0xffff800040227450       0x24 bin/obj/rslib.a(core-dca77d77b03929cc.core.bbd04c23a4fa3c72-cgu.0.rcgu.o)
                0xffff800040227450                core::fmt::num::imp::<impl core::fmt::LowerExp for i8>::fmt
 .text._ZN4core3fmt3num3imp52_$LT$impl$u20$core..fmt..LowerExp$u20$for$u20$u8$GT$3fmt17h501ecc2dbdd34467E
                0xffff800040227474       0x18 bin/obj/rslib.a(core-dca77d77b03929cc.core.bbd04c23a4fa3c72-cgu.0.rcgu.o)
                0xffff800040227474                core::fmt::num::imp::<impl core::fmt::LowerExp for u8>::fmt
 .text._ZN4core3fmt3num3imp52_$LT$impl$u20$core..fmt..UpperExp$u20$for$u20$i8$GT$3fmt17ha0f846b22050294aE
                0xffff80004022748c       0x24 bin/obj/rslib.a(core-dca77d77b03929cc.core.bbd04c23a4fa3c72-cgu.0.rcgu.o)
                0xffff80004022748c                core::fmt::num::imp::<impl core::fmt::UpperExp for i8>::fmt
 .text._ZN4core3fmt3num3imp52_$LT$impl$u20$core..fmt..UpperExp$u20$for$u20$u8$GT$3fmt17h010e9c1ce5bc6f83E
                0xffff8000402274b0       0x18 bin/obj/rslib.a(core-dca77d77b03929cc.core.bbd04c23a4fa3c72-cgu.0.rcgu.o)
                0xffff8000402274b0                core::fmt::num::imp::<impl core::fmt::UpperExp for u8>::fmt
 .text._ZN4core3fmt3num3imp53_$LT$impl$u20$core..fmt..LowerExp$u20$for$u20$i16$GT$3fmt17h0ef11d9cfa7db045E
                0xffff8000402274c8       0x24 bin/obj/rslib.a(core-dca77d77b03929cc.core.bbd04c23a4fa3c72-cgu.0.rcgu.o)
                0xffff8000402274c8                core::fmt::num::imp::<impl core::fmt::LowerExp for i16>::fmt
 .text._ZN4core3fmt3num3imp53_$LT$impl$u20$core..fmt..LowerExp$u20$for$u20$i32$GT$3fmt17h73a92d63361655e1E
                0xffff8000402274ec       0x24 bin/obj/rslib.a(core-dca77d77b03929cc.core.bbd04c23a4fa3c72-cgu.0.rcgu.o)
                0xffff8000402274ec                core::fmt::num::imp::<impl core::fmt::LowerExp for i32>::fmt
 .text._ZN4core3fmt3num3imp53_$LT$impl$u20$core..fmt..LowerExp$u20$for$u20$i64$GT$3fmt17he8eaeb98c7470710E
                0xffff800040227510       0x24 bin/obj/rslib.a(core-dca77d77b03929cc.core.bbd04c23a4fa3c72-cgu.0.rcgu.o)
                0xffff800040227510                core::fmt::num::imp::<impl core::fmt::LowerExp for isize>::fmt
                0xffff800040227510                core::fmt::num::imp::<impl core::fmt::LowerExp for i64>::fmt
 .text._ZN4core3fmt3num3imp53_$LT$impl$u20$core..fmt..LowerExp$u20$for$u20$u16$GT$3fmt17h49c4e818814d45dbE
                0xffff800040227534       0x18 bin/obj/rslib.a(core-dca77d77b03929cc.core.bbd04c23a4fa3c72-cgu.0.rcgu.o)
                0xffff800040227534                core::fmt::num::imp::<impl core::fmt::LowerExp for u16>::fmt
 .text._ZN4core3fmt3num3imp53_$LT$impl$u20$core..fmt..LowerExp$u20$for$u20$u32$GT$3fmt17h158f35b2865c949eE
                0xffff80004022754c       0x18 bin/obj/rslib.a(core-dca77d77b03929cc.core.bbd04c23a4fa3c72-cgu.0.rcgu.o)
                0xffff80004022754c                core::fmt::num::imp::<impl core::fmt::LowerExp for u32>::fmt
 .text._ZN4core3fmt3num3imp53_$LT$impl$u20$core..fmt..LowerExp$u20$for$u20$u64$GT$3fmt17hd02b9c2dab05dc10E
                0xffff800040227564       0x18 bin/obj/rslib.a(core-dca77d77b03929cc.core.bbd04c23a4fa3c72-cgu.0.rcgu.o)
                0xffff800040227564                core::fmt::num::imp::<impl core::fmt::LowerExp for usize>::fmt
                0xffff800040227564                core::fmt::num::imp::<impl core::fmt::LowerExp for u64>::fmt
 .text._ZN4core3fmt3num3imp53_$LT$impl$u20$core..fmt..UpperExp$u20$for$u20$i16$GT$3fmt17h3fab035472132d68E
                0xffff80004022757c       0x24 bin/obj/rslib.a(core-dca77d77b03929cc.core.bbd04c23a4fa3c72-cgu.0.rcgu.o)
                0xffff80004022757c                core::fmt::num::imp::<impl core::fmt::UpperExp for i16>::fmt
 .text._ZN4core3fmt3num3imp53_$LT$impl$u20$core..fmt..UpperExp$u20$for$u20$i32$GT$3fmt17hc873c09afcd74914E
                0xffff8000402275a0       0x24 bin/obj/rslib.a(core-dca77d77b03929cc.core.bbd04c23a4fa3c72-cgu.0.rcgu.o)
                0xffff8000402275a0                core::fmt::num::imp::<impl core::fmt::UpperExp for i32>::fmt
 .text._ZN4core3fmt3num3imp53_$LT$impl$u20$core..fmt..UpperExp$u20$for$u20$i64$GT$3fmt17he2f6e251da279662E
                0xffff8000402275c4       0x24 bin/obj/rslib.a(core-dca77d77b03929cc.core.bbd04c23a4fa3c72-cgu.0.rcgu.o)
                0xffff8000402275c4                core::fmt::num::imp::<impl core::fmt::UpperExp for isize>::fmt
                0xffff8000402275c4                core::fmt::num::imp::<impl core::fmt::UpperExp for i64>::fmt
 .text._ZN4core3fmt3num3imp53_$LT$impl$u20$core..fmt..UpperExp$u20$for$u20$u16$GT$3fmt17h2e49b62056d088d3E
                0xffff8000402275e8       0x18 bin/obj/rslib.a(core-dca77d77b03929cc.core.bbd04c23a4fa3c72-cgu.0.rcgu.o)
                0xffff8000402275e8                core::fmt::num::imp::<impl core::fmt::UpperExp for u16>::fmt
 .text._ZN4core3fmt3num3imp53_$LT$impl$u20$core..fmt..UpperExp$u20$for$u20$u32$GT$3fmt17h67f329f6a561b042E
                0xffff800040227600       0x18 bin/obj/rslib.a(core-dca77d77b03929cc.core.bbd04c23a4fa3c72-cgu.0.rcgu.o)
                0xffff800040227600                core::fmt::num::imp::<impl core::fmt::UpperExp for u32>::fmt
 .text._ZN4core3fmt3num3imp53_$LT$impl$u20$core..fmt..UpperExp$u20$for$u20$u64$GT$3fmt17h089d5041d0086602E
                0xffff800040227618       0x18 bin/obj/rslib.a(core-dca77d77b03929cc.core.bbd04c23a4fa3c72-cgu.0.rcgu.o)
                0xffff800040227618                core::fmt::num::imp::<impl core::fmt::UpperExp for usize>::fmt
                0xffff800040227618                core::fmt::num::imp::<impl core::fmt::UpperExp for u64>::fmt
 .text._ZN4core3fmt3num3imp7exp_u6417hcfe3e43662793de3E
                0xffff800040227630      0x540 bin/obj/rslib.a(core-dca77d77b03929cc.core.bbd04c23a4fa3c72-cgu.0.rcgu.o)
 .text._ZN4core3fmt3num49_$LT$impl$u20$core..fmt..Debug$u20$for$u20$i8$GT$3fmt17h827ef15b7c2cc75eE
                0xffff800040227b70      0x18c bin/obj/rslib.a(core-dca77d77b03929cc.core.bbd04c23a4fa3c72-cgu.0.rcgu.o)
 .text._ZN4core3fmt3num49_$LT$impl$u20$core..fmt..Debug$u20$for$u20$u8$GT$3fmt17hbfcfc52b811f831eE
                0xffff800040227cfc      0x170 bin/obj/rslib.a(core-dca77d77b03929cc.core.bbd04c23a4fa3c72-cgu.0.rcgu.o)
 .text._ZN4core3fmt3num49_$LT$impl$u20$core..fmt..Octal$u20$for$u20$i8$GT$3fmt17h938552005bb66eb0E
                0xffff800040227e6c       0x78 bin/obj/rslib.a(core-dca77d77b03929cc.core.bbd04c23a4fa3c72-cgu.0.rcgu.o)
                0xffff800040227e6c                core::fmt::num::<impl core::fmt::Octal for i8>::fmt
 .text._ZN4core3fmt3num49_$LT$impl$u20$core..fmt..Octal$u20$for$u20$u8$GT$3fmt17hf4ab8ae14edcc341E
                0xffff800040227ee4       0x78 bin/obj/rslib.a(core-dca77d77b03929cc.core.bbd04c23a4fa3c72-cgu.0.rcgu.o)
                0xffff800040227ee4                core::fmt::num::<impl core::fmt::Octal for u8>::fmt
 .text._ZN4core3fmt3num50_$LT$impl$u20$core..fmt..Binary$u20$for$u20$i8$GT$3fmt17h364fc7cada5f95ebE
                0xffff800040227f5c       0x78 bin/obj/rslib.a(core-dca77d77b03929cc.core.bbd04c23a4fa3c72-cgu.0.rcgu.o)
                0xffff800040227f5c                core::fmt::num::<impl core::fmt::Binary for i8>::fmt
 .text._ZN4core3fmt3num50_$LT$impl$u20$core..fmt..Binary$u20$for$u20$u8$GT$3fmt17he2c0567fc6506356E
                0xffff800040227fd4       0x78 bin/obj/rslib.a(core-dca77d77b03929cc.core.bbd04c23a4fa3c72-cgu.0.rcgu.o)
                0xffff800040227fd4                core::fmt::num::<impl core::fmt::Binary for u8>::fmt
 .text._ZN4core3fmt3num50_$LT$impl$u20$core..fmt..Debug$u20$for$u20$i16$GT$3fmt17hd85915d27365f48cE
                0xffff80004022804c      0x1dc bin/obj/rslib.a(core-dca77d77b03929cc.core.bbd04c23a4fa3c72-cgu.0.rcgu.o)
 .text._ZN4core3fmt3num50_$LT$impl$u20$core..fmt..Debug$u20$for$u20$u16$GT$3fmt17h02c79a3af51ec021E
                0xffff800040228228      0x1c8 bin/obj/rslib.a(core-dca77d77b03929cc.core.bbd04c23a4fa3c72-cgu.0.rcgu.o)
 .text._ZN4core3fmt3num50_$LT$impl$u20$core..fmt..Debug$u20$for$u20$u32$GT$3fmt17hdcaa54ae5b814f37E
                0xffff8000402283f0      0x200 bin/obj/rslib.a(core-dca77d77b03929cc.core.bbd04c23a4fa3c72-cgu.0.rcgu.o)
 .text._ZN4core3fmt3num50_$LT$impl$u20$core..fmt..Debug$u20$for$u20$u64$GT$3fmt17h6612a6d4aeffcfe3E
                0xffff8000402285f0      0x1fc bin/obj/rslib.a(core-dca77d77b03929cc.core.bbd04c23a4fa3c72-cgu.0.rcgu.o)
 .text._ZN4core3fmt3num50_$LT$impl$u20$core..fmt..Octal$u20$for$u20$i16$GT$3fmt17hb30f0eff41b795d7E
                0xffff8000402287ec       0x78 bin/obj/rslib.a(core-dca77d77b03929cc.core.bbd04c23a4fa3c72-cgu.0.rcgu.o)
                0xffff8000402287ec                core::fmt::num::<impl core::fmt::Octal for i16>::fmt
 .text._ZN4core3fmt3num50_$LT$impl$u20$core..fmt..Octal$u20$for$u20$i32$GT$3fmt17h96bda70b13d869cfE
                0xffff800040228864       0x78 bin/obj/rslib.a(core-dca77d77b03929cc.core.bbd04c23a4fa3c72-cgu.0.rcgu.o)
                0xffff800040228864                core::fmt::num::<impl core::fmt::Octal for i32>::fmt
 .text._ZN4core3fmt3num50_$LT$impl$u20$core..fmt..Octal$u20$for$u20$i64$GT$3fmt17hbca0bdf49b956695E
                0xffff8000402288dc       0x78 bin/obj/rslib.a(core-dca77d77b03929cc.core.bbd04c23a4fa3c72-cgu.0.rcgu.o)
                0xffff8000402288dc                core::fmt::num::<impl core::fmt::Octal for i64>::fmt
                0xffff8000402288dc                core::fmt::num::<impl core::fmt::Octal for isize>::fmt
 .text._ZN4core3fmt3num50_$LT$impl$u20$core..fmt..Octal$u20$for$u20$u16$GT$3fmt17haa5505935580f60eE
                0xffff800040228954       0x78 bin/obj/rslib.a(core-dca77d77b03929cc.core.bbd04c23a4fa3c72-cgu.0.rcgu.o)
                0xffff800040228954                core::fmt::num::<impl core::fmt::Octal for u16>::fmt
 .text._ZN4core3fmt3num50_$LT$impl$u20$core..fmt..Octal$u20$for$u20$u32$GT$3fmt17h4a01e2886ae035d3E
                0xffff8000402289cc       0x78 bin/obj/rslib.a(core-dca77d77b03929cc.core.bbd04c23a4fa3c72-cgu.0.rcgu.o)
                0xffff8000402289cc                core::fmt::num::<impl core::fmt::Octal for u32>::fmt
 .text._ZN4core3fmt3num50_$LT$impl$u20$core..fmt..Octal$u20$for$u20$u64$GT$3fmt17hf6bc247530776172E
                0xffff800040228a44       0x78 bin/obj/rslib.a(core-dca77d77b03929cc.core.bbd04c23a4fa3c72-cgu.0.rcgu.o)
                0xffff800040228a44                core::fmt::num::<impl core::fmt::Octal for usize>::fmt
                0xffff800040228a44                core::fmt::num::<impl core::fmt::Octal for u64>::fmt
 .text._ZN4core3fmt3num51_$LT$impl$u20$core..fmt..Binary$u20$for$u20$i16$GT$3fmt17h57858060feef142cE
                0xffff800040228abc       0x78 bin/obj/rslib.a(core-dca77d77b03929cc.core.bbd04c23a4fa3c72-cgu.0.rcgu.o)
                0xffff800040228abc                core::fmt::num::<impl core::fmt::Binary for i16>::fmt
 .text._ZN4core3fmt3num51_$LT$impl$u20$core..fmt..Binary$u20$for$u20$i32$GT$3fmt17h0b19d692da06108dE
                0xffff800040228b34       0x78 bin/obj/rslib.a(core-dca77d77b03929cc.core.bbd04c23a4fa3c72-cgu.0.rcgu.o)
                0xffff800040228b34                core::fmt::num::<impl core::fmt::Binary for i32>::fmt
 .text._ZN4core3fmt3num51_$LT$impl$u20$core..fmt..Binary$u20$for$u20$i64$GT$3fmt17haeba80af4dc4e17eE
                0xffff800040228bac       0x78 bin/obj/rslib.a(core-dca77d77b03929cc.core.bbd04c23a4fa3c72-cgu.0.rcgu.o)
                0xffff800040228bac                core::fmt::num::<impl core::fmt::Binary for isize>::fmt
                0xffff800040228bac                core::fmt::num::<impl core::fmt::Binary for i64>::fmt
 .text._ZN4core3fmt3num51_$LT$impl$u20$core..fmt..Binary$u20$for$u20$u16$GT$3fmt17h994032199faeaac8E
                0xffff800040228c24       0x78 bin/obj/rslib.a(core-dca77d77b03929cc.core.bbd04c23a4fa3c72-cgu.0.rcgu.o)
                0xffff800040228c24                core::fmt::num::<impl core::fmt::Binary for u16>::fmt
 .text._ZN4core3fmt3num51_$LT$impl$u20$core..fmt..Binary$u20$for$u20$u32$GT$3fmt17h97ec4d142d6b0a75E
                0xffff800040228c9c       0x78 bin/obj/rslib.a(core-dca77d77b03929cc.core.bbd04c23a4fa3c72-cgu.0.rcgu.o)
                0xffff800040228c9c                core::fmt::num::<impl core::fmt::Binary for u32>::fmt
 .text._ZN4core3fmt3num51_$LT$impl$u20$core..fmt..Binary$u20$for$u20$u64$GT$3fmt17h88494fdefc0ff8d9E
                0xffff800040228d14       0x78 bin/obj/rslib.a(core-dca77d77b03929cc.core.bbd04c23a4fa3c72-cgu.0.rcgu.o)
                0xffff800040228d14                core::fmt::num::<impl core::fmt::Binary for u64>::fmt
                0xffff800040228d14                core::fmt::num::<impl core::fmt::Binary for usize>::fmt
 .text._ZN4core3fmt3num51_$LT$impl$u20$core..fmt..Debug$u20$for$u20$i128$GT$3fmt17h02f9e17982837adcE
                0xffff800040228d8c      0x148 bin/obj/rslib.a(core-dca77d77b03929cc.core.bbd04c23a4fa3c72-cgu.0.rcgu.o)
 .text._ZN4core3fmt3num51_$LT$impl$u20$core..fmt..Debug$u20$for$u20$u128$GT$3fmt17hacbd24b09e2e612dE
                0xffff800040228ed4      0x128 bin/obj/rslib.a(core-dca77d77b03929cc.core.bbd04c23a4fa3c72-cgu.0.rcgu.o)
 .text._ZN4core3fmt3num51_$LT$impl$u20$core..fmt..Octal$u20$for$u20$i128$GT$3fmt17h30a46ebffb686345E
                0xffff800040228ffc       0x84 bin/obj/rslib.a(core-dca77d77b03929cc.core.bbd04c23a4fa3c72-cgu.0.rcgu.o)
                0xffff800040228ffc                core::fmt::num::<impl core::fmt::Octal for i128>::fmt
 .text._ZN4core3fmt3num51_$LT$impl$u20$core..fmt..Octal$u20$for$u20$u128$GT$3fmt17he9c20ead1f4ddb45E
                0xffff800040229080       0x84 bin/obj/rslib.a(core-dca77d77b03929cc.core.bbd04c23a4fa3c72-cgu.0.rcgu.o)
                0xffff800040229080                core::fmt::num::<impl core::fmt::Octal for u128>::fmt
 .text._ZN4core3fmt3num52_$LT$impl$u20$core..fmt..Binary$u20$for$u20$i128$GT$3fmt17h5ddc35715bb3478dE
                0xffff800040229104       0x84 bin/obj/rslib.a(core-dca77d77b03929cc.core.bbd04c23a4fa3c72-cgu.0.rcgu.o)
                0xffff800040229104                core::fmt::num::<impl core::fmt::Binary for i128>::fmt
 .text._ZN4core3fmt3num52_$LT$impl$u20$core..fmt..Binary$u20$for$u20$u128$GT$3fmt17h7c0ba53f984ef09eE
                0xffff800040229188       0x84 bin/obj/rslib.a(core-dca77d77b03929cc.core.bbd04c23a4fa3c72-cgu.0.rcgu.o)
                0xffff800040229188                core::fmt::num::<impl core::fmt::Binary for u128>::fmt
 .text._ZN4core3fmt3num52_$LT$impl$u20$core..fmt..Debug$u20$for$u20$usize$GT$3fmt17h43b30080ace008ecE
                0xffff80004022920c      0x208 bin/obj/rslib.a(core-dca77d77b03929cc.core.bbd04c23a4fa3c72-cgu.0.rcgu.o)
 .text._ZN4core3fmt3num52_$LT$impl$u20$core..fmt..LowerHex$u20$for$u20$i8$GT$3fmt17hf695129635c083b3E
                0xffff800040229414       0x78 bin/obj/rslib.a(core-dca77d77b03929cc.core.bbd04c23a4fa3c72-cgu.0.rcgu.o)
                0xffff800040229414                core::fmt::num::<impl core::fmt::LowerHex for i8>::fmt
 .text._ZN4core3fmt3num52_$LT$impl$u20$core..fmt..LowerHex$u20$for$u20$u8$GT$3fmt17h41223f6c79c82479E
                0xffff80004022948c       0x78 bin/obj/rslib.a(core-dca77d77b03929cc.core.bbd04c23a4fa3c72-cgu.0.rcgu.o)
                0xffff80004022948c                core::fmt::num::<impl core::fmt::LowerHex for u8>::fmt
 .text._ZN4core3fmt3num52_$LT$impl$u20$core..fmt..UpperHex$u20$for$u20$i8$GT$3fmt17h407840cf8f4701b9E
                0xffff800040229504       0x78 bin/obj/rslib.a(core-dca77d77b03929cc.core.bbd04c23a4fa3c72-cgu.0.rcgu.o)
                0xffff800040229504                core::fmt::num::<impl core::fmt::UpperHex for i8>::fmt
 .text._ZN4core3fmt3num52_$LT$impl$u20$core..fmt..UpperHex$u20$for$u20$u8$GT$3fmt17h1c056f3c85dae395E
                0xffff80004022957c       0x78 bin/obj/rslib.a(core-dca77d77b03929cc.core.bbd04c23a4fa3c72-cgu.0.rcgu.o)
                0xffff80004022957c                core::fmt::num::<impl core::fmt::UpperHex for u8>::fmt
 .text._ZN4core3fmt3num53_$LT$impl$u20$core..fmt..Display$u20$for$u20$i128$GT$3fmt17h143e7e69baa593e3E
                0xffff8000402295f4       0x78 bin/obj/rslib.a(core-dca77d77b03929cc.core.bbd04c23a4fa3c72-cgu.0.rcgu.o)
                0xffff8000402295f4                core::fmt::num::<impl core::fmt::Display for i128>::fmt
 .text._ZN4core3fmt3num53_$LT$impl$u20$core..fmt..Display$u20$for$u20$u128$GT$3fmt17h93d3e8374317a9ebE
                0xffff80004022966c       0x64 bin/obj/rslib.a(core-dca77d77b03929cc.core.bbd04c23a4fa3c72-cgu.0.rcgu.o)
                0xffff80004022966c                core::fmt::num::<impl core::fmt::Display for u128>::fmt
 .text._ZN4core3fmt3num53_$LT$impl$u20$core..fmt..LowerHex$u20$for$u20$i16$GT$3fmt17h5b03a43fe071e9d2E
                0xffff8000402296d0       0x78 bin/obj/rslib.a(core-dca77d77b03929cc.core.bbd04c23a4fa3c72-cgu.0.rcgu.o)
                0xffff8000402296d0                core::fmt::num::<impl core::fmt::LowerHex for i16>::fmt
 .text._ZN4core3fmt3num53_$LT$impl$u20$core..fmt..LowerHex$u20$for$u20$i32$GT$3fmt17hc95ab94a833a1d52E
                0xffff800040229748       0x78 bin/obj/rslib.a(core-dca77d77b03929cc.core.bbd04c23a4fa3c72-cgu.0.rcgu.o)
                0xffff800040229748                core::fmt::num::<impl core::fmt::LowerHex for i32>::fmt
 .text._ZN4core3fmt3num53_$LT$impl$u20$core..fmt..LowerHex$u20$for$u20$i64$GT$3fmt17h78bab8b90a4593cfE
                0xffff8000402297c0       0x78 bin/obj/rslib.a(core-dca77d77b03929cc.core.bbd04c23a4fa3c72-cgu.0.rcgu.o)
                0xffff8000402297c0                core::fmt::num::<impl core::fmt::LowerHex for i64>::fmt
                0xffff8000402297c0                core::fmt::num::<impl core::fmt::LowerHex for isize>::fmt
 .text._ZN4core3fmt3num53_$LT$impl$u20$core..fmt..LowerHex$u20$for$u20$u16$GT$3fmt17h763f8ccc440b53a1E
                0xffff800040229838       0x78 bin/obj/rslib.a(core-dca77d77b03929cc.core.bbd04c23a4fa3c72-cgu.0.rcgu.o)
                0xffff800040229838                core::fmt::num::<impl core::fmt::LowerHex for u16>::fmt
 .text._ZN4core3fmt3num53_$LT$impl$u20$core..fmt..LowerHex$u20$for$u20$u32$GT$3fmt17h549c5dc88a23e071E
                0xffff8000402298b0       0x78 bin/obj/rslib.a(core-dca77d77b03929cc.core.bbd04c23a4fa3c72-cgu.0.rcgu.o)
                0xffff8000402298b0                core::fmt::num::<impl core::fmt::LowerHex for u32>::fmt
 .text._ZN4core3fmt3num53_$LT$impl$u20$core..fmt..LowerHex$u20$for$u20$u64$GT$3fmt17hdaccb1a7b83ad970E
                0xffff800040229928       0x78 bin/obj/rslib.a(core-dca77d77b03929cc.core.bbd04c23a4fa3c72-cgu.0.rcgu.o)
                0xffff800040229928                core::fmt::num::<impl core::fmt::LowerHex for usize>::fmt
                0xffff800040229928                core::fmt::num::<impl core::fmt::LowerHex for u64>::fmt
 .text._ZN4core3fmt3num53_$LT$impl$u20$core..fmt..UpperHex$u20$for$u20$i16$GT$3fmt17hdc971805de989b2aE
                0xffff8000402299a0       0x78 bin/obj/rslib.a(core-dca77d77b03929cc.core.bbd04c23a4fa3c72-cgu.0.rcgu.o)
                0xffff8000402299a0                core::fmt::num::<impl core::fmt::UpperHex for i16>::fmt
 .text._ZN4core3fmt3num53_$LT$impl$u20$core..fmt..UpperHex$u20$for$u20$i32$GT$3fmt17h7f105a3b4f757369E
                0xffff800040229a18       0x78 bin/obj/rslib.a(core-dca77d77b03929cc.core.bbd04c23a4fa3c72-cgu.0.rcgu.o)
                0xffff800040229a18                core::fmt::num::<impl core::fmt::UpperHex for i32>::fmt
 .text._ZN4core3fmt3num53_$LT$impl$u20$core..fmt..UpperHex$u20$for$u20$i64$GT$3fmt17h9e197d4c17bda1a5E
                0xffff800040229a90       0x78 bin/obj/rslib.a(core-dca77d77b03929cc.core.bbd04c23a4fa3c72-cgu.0.rcgu.o)
                0xffff800040229a90                core::fmt::num::<impl core::fmt::UpperHex for isize>::fmt
                0xffff800040229a90                core::fmt::num::<impl core::fmt::UpperHex for i64>::fmt
 .text._ZN4core3fmt3num53_$LT$impl$u20$core..fmt..UpperHex$u20$for$u20$u16$GT$3fmt17h4d373f4e1b192db5E
                0xffff800040229b08       0x78 bin/obj/rslib.a(core-dca77d77b03929cc.core.bbd04c23a4fa3c72-cgu.0.rcgu.o)
                0xffff800040229b08                core::fmt::num::<impl core::fmt::UpperHex for u16>::fmt
 .text._ZN4core3fmt3num53_$LT$impl$u20$core..fmt..UpperHex$u20$for$u20$u32$GT$3fmt17hfe57b8c17b9bbf1aE
                0xffff800040229b80       0x78 bin/obj/rslib.a(core-dca77d77b03929cc.core.bbd04c23a4fa3c72-cgu.0.rcgu.o)
                0xffff800040229b80                core::fmt::num::<impl core::fmt::UpperHex for u32>::fmt
 .text._ZN4core3fmt3num53_$LT$impl$u20$core..fmt..UpperHex$u20$for$u20$u64$GT$3fmt17h995153f9b3a5bfe9E
                0xffff800040229bf8       0x78 bin/obj/rslib.a(core-dca77d77b03929cc.core.bbd04c23a4fa3c72-cgu.0.rcgu.o)
                0xffff800040229bf8                core::fmt::num::<impl core::fmt::UpperHex for usize>::fmt
                0xffff800040229bf8                core::fmt::num::<impl core::fmt::UpperHex for u64>::fmt
 .text._ZN4core3fmt3num54_$LT$impl$u20$core..fmt..LowerExp$u20$for$u20$i128$GT$3fmt17h30434f360a41b4c4E
                0xffff800040229c70       0x2c bin/obj/rslib.a(core-dca77d77b03929cc.core.bbd04c23a4fa3c72-cgu.0.rcgu.o)
                0xffff800040229c70                core::fmt::num::<impl core::fmt::LowerExp for i128>::fmt
 .text._ZN4core3fmt3num54_$LT$impl$u20$core..fmt..LowerExp$u20$for$u20$u128$GT$3fmt17ha11197f8c52dd830E
                0xffff800040229c9c       0x14 bin/obj/rslib.a(core-dca77d77b03929cc.core.bbd04c23a4fa3c72-cgu.0.rcgu.o)
                0xffff800040229c9c                core::fmt::num::<impl core::fmt::LowerExp for u128>::fmt
 .text._ZN4core3fmt3num54_$LT$impl$u20$core..fmt..LowerHex$u20$for$u20$i128$GT$3fmt17hb7c2328b2927a7e4E
                0xffff800040229cb0       0x84 bin/obj/rslib.a(core-dca77d77b03929cc.core.bbd04c23a4fa3c72-cgu.0.rcgu.o)
                0xffff800040229cb0                core::fmt::num::<impl core::fmt::LowerHex for i128>::fmt
 .text._ZN4core3fmt3num54_$LT$impl$u20$core..fmt..LowerHex$u20$for$u20$u128$GT$3fmt17hb4c13cc4839c5400E
                0xffff800040229d34       0x84 bin/obj/rslib.a(core-dca77d77b03929cc.core.bbd04c23a4fa3c72-cgu.0.rcgu.o)
                0xffff800040229d34                core::fmt::num::<impl core::fmt::LowerHex for u128>::fmt
 .text._ZN4core3fmt3num54_$LT$impl$u20$core..fmt..UpperExp$u20$for$u20$i128$GT$3fmt17h5f34c241245c987fE
                0xffff800040229db8       0x2c bin/obj/rslib.a(core-dca77d77b03929cc.core.bbd04c23a4fa3c72-cgu.0.rcgu.o)
                0xffff800040229db8                core::fmt::num::<impl core::fmt::UpperExp for i128>::fmt
 .text._ZN4core3fmt3num54_$LT$impl$u20$core..fmt..UpperExp$u20$for$u20$u128$GT$3fmt17h6e59dbb5e808480cE
                0xffff800040229de4       0x14 bin/obj/rslib.a(core-dca77d77b03929cc.core.bbd04c23a4fa3c72-cgu.0.rcgu.o)
                0xffff800040229de4                core::fmt::num::<impl core::fmt::UpperExp for u128>::fmt
 .text._ZN4core3fmt3num54_$LT$impl$u20$core..fmt..UpperHex$u20$for$u20$i128$GT$3fmt17h37959fbc370fc230E
                0xffff800040229df8       0x84 bin/obj/rslib.a(core-dca77d77b03929cc.core.bbd04c23a4fa3c72-cgu.0.rcgu.o)
                0xffff800040229df8                core::fmt::num::<impl core::fmt::UpperHex for i128>::fmt
 .text._ZN4core3fmt3num54_$LT$impl$u20$core..fmt..UpperHex$u20$for$u20$u128$GT$3fmt17h631d1b7b37eac1b1E
                0xffff800040229e7c       0x84 bin/obj/rslib.a(core-dca77d77b03929cc.core.bbd04c23a4fa3c72-cgu.0.rcgu.o)
                0xffff800040229e7c                core::fmt::num::<impl core::fmt::UpperHex for u128>::fmt
 .text._ZN4core3fmt3num8exp_u12817h1e087a08c7e7821cE
                0xffff800040229f00      0x908 bin/obj/rslib.a(core-dca77d77b03929cc.core.bbd04c23a4fa3c72-cgu.0.rcgu.o)
 .text._ZN4core3fmt5Write10write_char17h6c9f62c53d255419E
                0xffff80004022a808      0x110 bin/obj/rslib.a(core-dca77d77b03929cc.core.bbd04c23a4fa3c72-cgu.0.rcgu.o)
 .text._ZN4core3fmt5Write10write_char17hab3113e5f50b8d55E
                0xffff80004022a918      0x110 bin/obj/rslib.a(core-dca77d77b03929cc.core.bbd04c23a4fa3c72-cgu.0.rcgu.o)
 .text._ZN4core3fmt5Write10write_char17hafd2cc98f3cc0f9eE
                0xffff80004022aa28      0x110 bin/obj/rslib.a(core-dca77d77b03929cc.core.bbd04c23a4fa3c72-cgu.0.rcgu.o)
 .text._ZN4core3fmt5Write10write_char17hafeca256d596fff5E
                0xffff80004022ab38      0x110 bin/obj/rslib.a(core-dca77d77b03929cc.core.bbd04c23a4fa3c72-cgu.0.rcgu.o)
 .text._ZN4core3fmt5Write9write_fmt17h520d20e91ea5545dE
                0xffff80004022ac48       0x10 bin/obj/rslib.a(core-dca77d77b03929cc.core.bbd04c23a4fa3c72-cgu.0.rcgu.o)
 .text._ZN4core3fmt5Write9write_fmt17h7c092140abd88642E
                0xffff80004022ac58       0x10 bin/obj/rslib.a(core-dca77d77b03929cc.core.bbd04c23a4fa3c72-cgu.0.rcgu.o)
 .text._ZN4core3fmt5Write9write_fmt17h95b21c1cd5581451E
                0xffff80004022ac68       0x10 bin/obj/rslib.a(core-dca77d77b03929cc.core.bbd04c23a4fa3c72-cgu.0.rcgu.o)
 .text._ZN4core3fmt5Write9write_fmt17h9e49c072d75e96bdE
                0xffff80004022ac78       0x10 bin/obj/rslib.a(core-dca77d77b03929cc.core.bbd04c23a4fa3c72-cgu.0.rcgu.o)
 .text._ZN4core3fmt5Write9write_fmt17hb1a75934f62025f1E
                0xffff80004022ac88       0x10 bin/obj/rslib.a(core-dca77d77b03929cc.core.bbd04c23a4fa3c72-cgu.0.rcgu.o)
 .text._ZN4core3fmt5float29float_to_decimal_common_exact17h0e50918e8fa3ee13E
                0xffff80004022ac98      0x330 bin/obj/rslib.a(core-dca77d77b03929cc.core.bbd04c23a4fa3c72-cgu.0.rcgu.o)
 .text._ZN4core3fmt5float29float_to_decimal_common_exact17hb9a2c5d04883627eE
                0xffff80004022afc8      0x32c bin/obj/rslib.a(core-dca77d77b03929cc.core.bbd04c23a4fa3c72-cgu.0.rcgu.o)
 .text._ZN4core3fmt5float29float_to_decimal_common_exact17hca083ab3e7c8879bE
                0xffff80004022b2f4      0x330 bin/obj/rslib.a(core-dca77d77b03929cc.core.bbd04c23a4fa3c72-cgu.0.rcgu.o)
 .text._ZN4core3fmt5float32float_to_decimal_common_shortest17h0ceec187bec91d8aE
                0xffff80004022b624      0x274 bin/obj/rslib.a(core-dca77d77b03929cc.core.bbd04c23a4fa3c72-cgu.0.rcgu.o)
 .text._ZN4core3fmt5float32float_to_decimal_common_shortest17hccc6e50c18412f99E
                0xffff80004022b898      0x270 bin/obj/rslib.a(core-dca77d77b03929cc.core.bbd04c23a4fa3c72-cgu.0.rcgu.o)
 .text._ZN4core3fmt5float32float_to_decimal_common_shortest17he31e808fe2c6de51E
                0xffff80004022bb08      0x274 bin/obj/rslib.a(core-dca77d77b03929cc.core.bbd04c23a4fa3c72-cgu.0.rcgu.o)
 .text._ZN4core3fmt5float33float_to_exponential_common_exact17h139f809f18339707E
                0xffff80004022bd7c      0x364 bin/obj/rslib.a(core-dca77d77b03929cc.core.bbd04c23a4fa3c72-cgu.0.rcgu.o)
 .text._ZN4core3fmt5float33float_to_exponential_common_exact17h3b54b606a5e93c9aE
                0xffff80004022c0e0      0x360 bin/obj/rslib.a(core-dca77d77b03929cc.core.bbd04c23a4fa3c72-cgu.0.rcgu.o)
 .text._ZN4core3fmt5float33float_to_exponential_common_exact17h72232f886c9338e7E
                0xffff80004022c440      0x364 bin/obj/rslib.a(core-dca77d77b03929cc.core.bbd04c23a4fa3c72-cgu.0.rcgu.o)
 .text._ZN4core3fmt5float36float_to_exponential_common_shortest17hd613faf6d122fffdE
                0xffff80004022c7a4      0x324 bin/obj/rslib.a(core-dca77d77b03929cc.core.bbd04c23a4fa3c72-cgu.0.rcgu.o)
 .text._ZN4core3fmt5float36float_to_exponential_common_shortest17hd81e605b83b8c904E
                0xffff80004022cac8      0x324 bin/obj/rslib.a(core-dca77d77b03929cc.core.bbd04c23a4fa3c72-cgu.0.rcgu.o)
 .text._ZN4core3fmt5float36float_to_exponential_common_shortest17hf01e77856c0611c9E
                0xffff80004022cdec      0x320 bin/obj/rslib.a(core-dca77d77b03929cc.core.bbd04c23a4fa3c72-cgu.0.rcgu.o)
 .text._ZN4core3fmt5float50_$LT$impl$u20$core..fmt..Debug$u20$for$u20$f16$GT$3fmt17h98073eaa521987d1E
                0xffff80004022d10c       0x84 bin/obj/rslib.a(core-dca77d77b03929cc.core.bbd04c23a4fa3c72-cgu.0.rcgu.o)
                0xffff80004022d10c                core::fmt::float::<impl core::fmt::Debug for f16>::fmt
 .text._ZN4core3fmt5float50_$LT$impl$u20$core..fmt..Debug$u20$for$u20$f32$GT$3fmt17h356a0d769d6699d8E
                0xffff80004022d190       0x78 bin/obj/rslib.a(core-dca77d77b03929cc.core.bbd04c23a4fa3c72-cgu.0.rcgu.o)
                0xffff80004022d190                core::fmt::float::<impl core::fmt::Debug for f32>::fmt
 .text._ZN4core3fmt5float50_$LT$impl$u20$core..fmt..Debug$u20$for$u20$f64$GT$3fmt17hf05e6bf68a96b818E
                0xffff80004022d208       0x70 bin/obj/rslib.a(core-dca77d77b03929cc.core.bbd04c23a4fa3c72-cgu.0.rcgu.o)
                0xffff80004022d208                core::fmt::float::<impl core::fmt::Debug for f64>::fmt
 .text._ZN4core3fmt5float52_$LT$impl$u20$core..fmt..Display$u20$for$u20$f16$GT$3fmt17h99e2214d9239d00dE
                0xffff80004022d278       0x2c bin/obj/rslib.a(core-dca77d77b03929cc.core.bbd04c23a4fa3c72-cgu.0.rcgu.o)
                0xffff80004022d278                core::fmt::float::<impl core::fmt::Display for f16>::fmt
 .text._ZN4core3fmt5float52_$LT$impl$u20$core..fmt..Display$u20$for$u20$f32$GT$3fmt17h65e0a609525384cfE
                0xffff80004022d2a4       0x2c bin/obj/rslib.a(core-dca77d77b03929cc.core.bbd04c23a4fa3c72-cgu.0.rcgu.o)
                0xffff80004022d2a4                core::fmt::float::<impl core::fmt::Display for f32>::fmt
 .text._ZN4core3fmt5float52_$LT$impl$u20$core..fmt..Display$u20$for$u20$f64$GT$3fmt17he0314ea48bfe4fd0E
                0xffff80004022d2d0       0x2c bin/obj/rslib.a(core-dca77d77b03929cc.core.bbd04c23a4fa3c72-cgu.0.rcgu.o)
                0xffff80004022d2d0                core::fmt::float::<impl core::fmt::Display for f64>::fmt
 .text._ZN4core3fmt5float53_$LT$impl$u20$core..fmt..LowerExp$u20$for$u20$f16$GT$3fmt17h32eae0d8e61a65e8E
                0xffff80004022d2fc       0x38 bin/obj/rslib.a(core-dca77d77b03929cc.core.bbd04c23a4fa3c72-cgu.0.rcgu.o)
                0xffff80004022d2fc                core::fmt::float::<impl core::fmt::LowerExp for f16>::fmt
 .text._ZN4core3fmt5float53_$LT$impl$u20$core..fmt..LowerExp$u20$for$u20$f32$GT$3fmt17h48c202800b407b9eE
                0xffff80004022d334       0x38 bin/obj/rslib.a(core-dca77d77b03929cc.core.bbd04c23a4fa3c72-cgu.0.rcgu.o)
                0xffff80004022d334                core::fmt::float::<impl core::fmt::LowerExp for f32>::fmt
 .text._ZN4core3fmt5float53_$LT$impl$u20$core..fmt..LowerExp$u20$for$u20$f64$GT$3fmt17h12fcc30f7b05009fE
                0xffff80004022d36c       0x38 bin/obj/rslib.a(core-dca77d77b03929cc.core.bbd04c23a4fa3c72-cgu.0.rcgu.o)
                0xffff80004022d36c                core::fmt::float::<impl core::fmt::LowerExp for f64>::fmt
 .text._ZN4core3fmt5float53_$LT$impl$u20$core..fmt..UpperExp$u20$for$u20$f16$GT$3fmt17h83654050f23ca0ecE
                0xffff80004022d3a4       0x38 bin/obj/rslib.a(core-dca77d77b03929cc.core.bbd04c23a4fa3c72-cgu.0.rcgu.o)
                0xffff80004022d3a4                core::fmt::float::<impl core::fmt::UpperExp for f16>::fmt
 .text._ZN4core3fmt5float53_$LT$impl$u20$core..fmt..UpperExp$u20$for$u20$f32$GT$3fmt17haac13dd2190c86bbE
                0xffff80004022d3dc       0x38 bin/obj/rslib.a(core-dca77d77b03929cc.core.bbd04c23a4fa3c72-cgu.0.rcgu.o)
                0xffff80004022d3dc                core::fmt::float::<impl core::fmt::UpperExp for f32>::fmt
 .text._ZN4core3fmt5float53_$LT$impl$u20$core..fmt..UpperExp$u20$for$u20$f64$GT$3fmt17hb5db0cd4a81cbe98E
                0xffff80004022d414       0x38 bin/obj/rslib.a(core-dca77d77b03929cc.core.bbd04c23a4fa3c72-cgu.0.rcgu.o)
                0xffff80004022d414                core::fmt::float::<impl core::fmt::UpperExp for f64>::fmt
 .text._ZN4core3fmt5write17h698d48d1740424bfE
                0xffff80004022d44c      0x1fc bin/obj/rslib.a(core-dca77d77b03929cc.core.bbd04c23a4fa3c72-cgu.0.rcgu.o)
                0xffff80004022d44c                core::fmt::write
 .text._ZN4core3fmt8builders10DebugTuple21finish_non_exhaustive17hd2c31e03f38e3753E
                0xffff80004022d648       0xd8 bin/obj/rslib.a(core-dca77d77b03929cc.core.bbd04c23a4fa3c72-cgu.0.rcgu.o)
                0xffff80004022d648                core::fmt::builders::DebugTuple::finish_non_exhaustive
 .text._ZN4core3fmt8builders10DebugTuple5field17h0c3dc53d82f7d67cE
                0xffff80004022d720      0x148 bin/obj/rslib.a(core-dca77d77b03929cc.core.bbd04c23a4fa3c72-cgu.0.rcgu.o)
                0xffff80004022d720                core::fmt::builders::DebugTuple::field
 .text._ZN4core3fmt8builders10DebugTuple6finish17he2f6749e23997c91E
                0xffff80004022d868       0xb4 bin/obj/rslib.a(core-dca77d77b03929cc.core.bbd04c23a4fa3c72-cgu.0.rcgu.o)