Archive member included to satisfy reference by file (symbol)

bin/obj/rslib.a(imx8mp_kernel-1a53598e06c50be6.imx8mp_kernel.241a9a11e0e6ae75-cgu.0.rcgu.o)
                              bin/obj/kernel/init/init.o (rust_kernel_initcalls_stage0)
bin/obj/rslib.a(core-dca77d77b03929cc.core.bbd04c23a4fa3c72-cgu.0.rcgu.o)
                              bin/obj/rslib.a(imx8mp_kernel-1a53598e06c50be6.imx8mp_kernel.241a9a11e0e6ae75-cgu.0.rcgu.o) (core::panicking::panic_fmt)
bin/obj/rslib.a(compiler_builtins-fabd8ee97a026881.compiler_builtins.f286be164c3a919f-cgu.099.rcgu.o)
                              bin/obj/rslib.a(core-dca77d77b03929cc.core.bbd04c23a4fa3c72-cgu.0.rcgu.o) (memcmp)
bin/obj/rslib.a(compiler_builtins-fabd8ee97a026881.compiler_builtins.f286be164c3a919f-cgu.173.rcgu.o)
                              bin/obj/kernel/mm/virt/containers/containers.o (memcpy)
bin/obj/rslib.a(compiler_builtins-fabd8ee97a026881.compiler_builtins.f286be164c3a919f-cgu.242.rcgu.o)
                              bin/obj/drivers/arm_generic_timer/arm_generic_timer.o (__udivti3)
bin/obj/rslib.a(compiler_builtins-fabd8ee97a026881.compiler_builtins.f286be164c3a919f-cgu.295.rcgu.o)
                              bin/obj/kernel/mm/virt/containers/containers.o (memset)
bin/obj/rslib.a(ee225a53f1a5b703-lse_ldadd4_acq_rel.o)
                              bin/obj/lib/lock/corelock.o (__aarch64_ldadd4_acq_rel)
bin/obj/rslib.a(ee225a53f1a5b703-lse_ldadd8_acq_rel.o)
                              bin/obj/kernel/io/term/term.o (__aarch64_ldadd8_acq_rel)
bin/obj/rslib.a(670c1ed24249df13-aarch64.o)
                              bin/obj/rslib.a(ee225a53f1a5b703-lse_ldadd4_acq_rel.o) (__aarch64_have_lse_atomics)
bin/obj/rslib.a(compiler_builtins-fabd8ee97a026881.compiler_builtins.f286be164c3a919f-cgu.018.rcgu.o)
                              bin/obj/rslib.a(compiler_builtins-fabd8ee97a026881.compiler_builtins.f286be164c3a919f-cgu.242.rcgu.o) (compiler_builtins::int::specialized_div_rem::u128_div_rem)

Discarded input sections

 .group         0x0000000000000000        0xc bin/obj/kernel/init/early_init.o
 .group         0x0000000000000000        0xc bin/obj/kernel/init/early_init.o
 .group         0x0000000000000000        0xc bin/obj/kernel/init/early_init.o
 .group         0x0000000000000000        0xc bin/obj/kernel/init/early_init.o
 .group         0x0000000000000000        0xc bin/obj/kernel/init/early_init.o
 .group         0x0000000000000000        0xc bin/obj/kernel/init/early_init.o
 .group         0x0000000000000000        0xc bin/obj/kernel/init/early_init.o
 .group         0x0000000000000000        0xc bin/obj/kernel/init/early_init.o
 .group         0x0000000000000000        0xc bin/obj/kernel/init/early_init.o
 .group         0x0000000000000000        0xc bin/obj/kernel/init/early_init.o
 .group         0x0000000000000000        0xc bin/obj/kernel/init/early_init.o
 .group         0x0000000000000000        0xc bin/obj/kernel/init/early_init.o
 .group         0x0000000000000000        0xc bin/obj/kernel/init/early_init.o
 .group         0x0000000000000000        0xc bin/obj/kernel/init/early_init.o
 .group         0x0000000000000000        0xc bin/obj/kernel/init/early_init.o
 .group         0x0000000000000000        0xc bin/obj/kernel/init/early_init.o
 .group         0x0000000000000000        0xc bin/obj/kernel/init/init.o
 .group         0x0000000000000000        0xc bin/obj/kernel/init/init.o
 .group         0x0000000000000000        0xc bin/obj/kernel/init/init.o
 .group         0x0000000000000000        0xc bin/obj/kernel/init/init.o
 .group         0x0000000000000000        0xc bin/obj/kernel/init/init.o
 .group         0x0000000000000000        0xc bin/obj/kernel/init/init.o
 .group         0x0000000000000000        0xc bin/obj/kernel/init/init.o
 .group         0x0000000000000000        0xc bin/obj/kernel/init/init.o
 .group         0x0000000000000000        0xc bin/obj/kernel/init/init.o
 .group         0x0000000000000000        0xc bin/obj/kernel/init/init.o
 .group         0x0000000000000000        0xc bin/obj/kernel/init/init.o
 .group         0x0000000000000000        0xc bin/obj/kernel/init/init.o
 .group         0x0000000000000000        0xc bin/obj/kernel/init/init.o
 .group         0x0000000000000000        0xc bin/obj/kernel/init/init.o
 .group         0x0000000000000000        0xc bin/obj/kernel/init/init.o
 .group         0x0000000000000000        0xc bin/obj/kernel/init/init.o
 .group         0x0000000000000000        0xc bin/obj/kernel/init/init.o
 .group         0x0000000000000000        0xc bin/obj/kernel/init/init.o
 .group         0x0000000000000000        0xc bin/obj/kernel/init/init.o
 .group         0x0000000000000000        0xc bin/obj/kernel/init/init.o
 .debug_macro   0x0000000000000000      0xad8 bin/obj/kernel/init/init.o
 .debug_macro   0x0000000000000000       0x1c bin/obj/kernel/init/init.o
 .debug_macro   0x0000000000000000       0x82 bin/obj/kernel/init/init.o
[...]
Memory Configuration

Name             Origin             Length             Attributes
HI_VMEM          0xffff800000000000 0x0000800000000000 xrw
DDR_HI           0x0000000100000000 0x0000000140000000 xrw
DDR_LO           0x0000000040000000 0x00000000c0000000 xrw
DDR              0x0000000040000000 0x0000000200000000 xrw
DDR_KERNEL       0x0000000040200000 0x00000001ffe00000 xrw
RESERVED_3F      0x000000003f000000 0x0000000001000000 rw
RESERVED_3E      0x000000003e000000 0x0000000001000000 rw
DDRC_PHY_BCAST   0x000000003dc00000 0x0000000000400000 rw
DDRC_PERF_MON    0x000000003d800000 0x0000000000400000 rw
DDRC_CTL         0x000000003d400000 0x0000000000400000 rw
RESERVED_3D10    0x000000003d100000 0x0000000000300000 rw
DDRC_BLK_CTRL    0x000000003d000000 0x0000000000100000 rw
DDRC_PHY         0x000000003c000000 0x0000000001000000 rw
AUDIO_DSP        0x000000003b000000 0x0000000001000000 rw
GIC              0x0000000038800000 0x0000000000100000 rw
NPU              0x0000000038500000 0x0000000000200000 rw
VPU              0x0000000038340000 0x0000000000200000 rw
VPU_BLK_CTRL     0x0000000038330000 0x0000000000200000 rw
VPU_VC8000E      0x0000000038320000 0x0000000000200000 rw
VPU_G2           0x0000000038310000 0x0000000000200000 rw
VPU_G1           0x0000000038300000 0x0000000000200000 rw
USB2             0x0000000038200000 0x0000000000100000 rw
USB1             0x0000000038100000 0x0000000000100000 rw
GPU_3D           0x0000000038000000 0x0000000000008000 rw
GPU_2D           0x0000000038008000 0x0000000000008000 rw
QSPI_RX          0x0000000036000000 0x0000000002000000 rw
QSPI_RX_1        0x0000000034000000 0x0000000002000000 rw
QSPI_TX          0x0000000033008000 0x0000000000008000 rw
APBH_DMA         0x0000000033000000 0x0000000000008000 rw
AIPS_1           0x0000000030000000 0x0000000000400000 rw
AIPS_2           0x0000000030400000 0x0000000000400000 rw
AIPS_3           0x0000000030800000 0x0000000000400000 rw
AIPS_4           0x0000000032c00000 0x0000000000400000 rw
AIPS_5           0x0000000030c00000 0x0000000000400000 rw
PCIE_REG         0x0000000018000000 0x0000000008000000 rw
OCRAM            0x0000000000900000 0x0000000000090000 xrw
OCRAM_S          0x0000000000180000 0x0000000000009000 rw
OCRAM_S2         0x0000000000189000 0x0000000000007000 rw
CAAM_SEC_RAM     0x0000000000108000 0x0000000000008000 rw
BOOT_ROM         0x0000000000000000 0x000000000003f000 r
*default*        0x0000000000000000 0xffffffffffffffff

Linker script and memory map

                0x0000000000000004                __NUM_CORES = 0x4
                0x0000000000020000                __EL2_STACK_SIZE = 0x20000
                0x0000000000100000                __EL1_STACK_SIZE = 0x100000
                0x0000000000200000                __TFA_PROTECTED_SIZE = 0x200000
                0xffff800000000000                HI_VA_BASE = 0xffff800000000000
                0x0000800000000000                HI_VA_SIZE = 0x800000000000
                0x0000000040200000                KERNEL_PA_BASE = (ORIGIN (DDR) + __TFA_PROTECTED_SIZE)
                0xffff800040200000                KERNEL_VA_BASE = (KERNEL_PA_BASE + HI_VA_BASE)
                0xffff800040200000                . = KERNEL_VA_BASE

.text           0xffff800040200000    0x4b000 load address 0x0000000040200000
                0xffff800040200000                __text_start = .
 *(.text.boot)
 .text.boot     0xffff800040200000       0xc8 bin/obj/__boot/boot.o
                0xffff800040200000                _start
 *(.text*)
 .text          0xffff8000402000c8       0x20 bin/obj/__kernel/mm/mm.o
                0xffff8000402000c8                _get_pc
                0xffff8000402000d0                _mm_kva_to_kpa
                0xffff8000402000dc                _mm_kpa_to_kva
 *fill*         0xffff8000402000e8        0x8 
 .text          0xffff8000402000f0       0x40 bin/obj/__kernel/mm/reloc/reloc.o
                0xffff8000402000f0                _jmp_to_with_offset
                0xffff8000402000f8                _reloc_cfg_end
                0xffff800040200124                _return_to_kernel_entry
 .text          0xffff800040200130       0xa4 bin/obj/__kernel/process/thread/thread.o
                0xffff800040200130                _thread_switch_el0
 .text          0xffff8000402001d4       0x3c bin/obj/__arm/cache/icache.o
                0xffff8000402001d4                _icache_flush_range
 .text          0xffff800040200210       0x3c bin/obj/__arm/cache/dcache.o
                0xffff800040200210                _dcache_flush_range
 .text          0xffff80004020024c       0x40 bin/obj/__arm/cache/cache.o
                0xffff80004020024c                _cache_flush_range
 *fill*         0xffff80004020028c        0x4 
 .text          0xffff800040200290       0x10 bin/obj/__arm/tfa/smccc.o
                0xffff800040200290                _smc_call
 .text          0xffff8000402002a0      0x114 bin/obj/__arm/sysregs/arm_generic_timer.o
                0xffff8000402002a0                _ARM_CNTFRQ_EL0_set
                0xffff8000402002ac                _ARM_CNTFRQ_EL0_get
                0xffff8000402002b4                _ARM_CNTPCT_EL0_get
                0xffff8000402002bc                _ARM_CNTVCT_EL0_get
                0xffff8000402002c4                _ARM_CNTP_CTL_EL0_set
                0xffff8000402002d0                _ARM_CNTP_CTL_EL0_get
                0xffff8000402002d8                _ARM_CNTP_CVAL_EL0_set
                0xffff8000402002e4                _ARM_CNTP_CVAL_EL0_get
                0xffff8000402002ec                _ARM_CNTP_TVAL_EL0_set
                0xffff8000402002f8                _ARM_CNTP_TVAL_EL0_get
                0xffff800040200300                _ARM_CNTV_CTL_EL0_set
                0xffff80004020030c                _ARM_CNTV_CTL_EL0_get
                0xffff800040200314                _ARM_CNTV_CVAL_EL0_set
                0xffff800040200320                _ARM_CNTV_CVAL_EL0_get
                0xffff800040200328                _ARM_CNTV_TVAL_EL0_set
                0xffff800040200334                _ARM_CNTV_TVAL_EL0_get
                0xffff80004020033c                _ARM_CNTKCTL_EL1_set
                0xffff800040200348                _ARM_CNTKCTL_EL1_get
                0xffff800040200350                _ARM_CNTHCTL_EL2_set
                0xffff80004020035c                _ARM_CNTHCTL_EL2_get
                0xffff800040200364                _ARM_CNTVOFF_EL2_set
                0xffff800040200370                _ARM_CNTVOFF_EL2_get
                0xffff800040200378                _ARM_CNTPS_CTL_EL1_set
                0xffff800040200384                _ARM_CNTPS_CTL_EL1_get
                0xffff80004020038c                _ARM_CNTPS_CVAL_EL1_set
                0xffff800040200398                _ARM_CNTPS_CVAL_EL1_get
                0xffff8000402003a0                _ARM_CNTPS_TVAL_EL1_set
                0xffff8000402003ac                _ARM_CNTPS_TVAL_EL1_get
 .text          0xffff8000402003b4       0x74 bin/obj/__arm/sysregs/sysregs.o
                0xffff8000402003b4                _ARM_currentEL
                0xffff8000402003c0                _ARM_MPIDR_EL1
                0xffff8000402003c8                _ARM_ICC_SRE_EL2
                0xffff8000402003d0                _ARM_HCR_EL2
                0xffff8000402003d8                _ARM_ESR_EL2
                0xffff8000402003e0                _ARM_ELR_EL2
                0xffff8000402003e8                _ARM_FAR_EL2
                0xffff8000402003f0                _ARM_SPSR_EL2
                0xffff8000402003f8                _ARM_ESR_EL1
                0xffff800040200400                _ARM_ELR_EL1
                0xffff800040200408                _ARM_FAR_EL1
                0xffff800040200410                _ARM_SPSR_EL1
                0xffff800040200418                _ARM_SCTLR_EL1
                0xffff800040200420                _ARM_SCTLR_EL2
 *fill*         0xffff800040200428      0x3d8 
 .text          0xffff800040200800     0x1100 bin/obj/__arm/exceptions/el2_vectors.o
                0xffff800040200800                _el2_init_vector
 .text          0xffff800040201900       0x68 bin/obj/__arm/exceptions/exceptions.o
                0xffff800040201900                _exceptions_get_DAIF
                0xffff800040201908                _fiq_exceptions_enable
                0xffff800040201914                _irq_exceptions_enable
                0xffff800040201920                _serror_exceptions_enable
                0xffff80004020192c                _debug_exceptions_enable
                0xffff800040201938                _fiq_exceptions_disable
                0xffff800040201944                _irq_exceptions_disable
                0xffff800040201950                _serror_exceptions_disable
                0xffff80004020195c                _debug_exceptions_disable
 *fill*         0xffff800040201968      0x698 
 .text          0xffff800040202000     0x1b40 bin/obj/__arm/exceptions/el1_vectors.o
                0xffff800040202000                _el1_init_vector
 .text          0xffff800040203b40       0xa0 bin/obj/__arm/mmu/regs/mmu_sysregs.o
                0xffff800040203b40                _mmu_get_MAIR_EL1
                0xffff800040203b48                _mmu_set_MAIR_EL1
                0xffff800040203b80                _mmu_get_SCTLR_EL1
                0xffff800040203b88                _mmu_set_SCTLR_EL1
                0xffff800040203b94                _mmu_get_TTBR0_EL1
                0xffff800040203b9c                _mmu_set_TTBR0_EL1
                0xffff800040203bac                _mmu_get_TTBR1_EL1
                0xffff800040203bb4                _mmu_set_TTBR1_EL1
                0xffff800040203bc4                _mmu_get_TCR_EL1
                0xffff800040203bcc                _mmu_set_TCR_EL1
                0xffff800040203bd8                _mmu_get_ID_AA64MMFR0_EL1
 .text          0xffff800040203be0        0x8 bin/obj/__arm/cpu.o
                0xffff800040203be0                _ARM_get_sp
 *fill*         0xffff800040203be8        0x8 
 .text          0xffff800040203bf0       0x3c bin/obj/__lib/lock/spinlock_irq.o
                0xffff800040203bf0                _spin_lock_irqsave
                0xffff800040203c0c                _spin_unlock_irqrestore
 .text          0xffff800040203c2c       0xc0 bin/obj/__lib/lock/corelock.o
                0xffff800040203c2c                _core_lock
                0xffff800040203c70                _core_unlock
                0xffff800040203ca0                _core_try_lock
 *fill*         0xffff800040203cec        0x4 
 .text          0xffff800040203cf0       0x14 bin/obj/__lib/lock/irqlock.o
                0xffff800040203cf0                _irq_lock
                0xffff800040203cfc                _irq_unlock
 *fill*         0xffff800040203d04        0xc 
 .text          0xffff800040203d10       0x6c bin/obj/__lib/lock/spinlock.o
                0xffff800040203d10                _spin_try_lock
                0xffff800040203d38                _spin_lock
                0xffff800040203d58                _spin_unlock
 .text          0xffff800040203d7c        0x8 bin/obj/__lib/mem/mem.o
                0xffff800040203d7c                _ID_AA64MMFR0_EL1_read
 *fill*         0xffff800040203d84        0xc 
 .text          0xffff800040203d90      0x250 bin/obj/__lib/mem/memcpy/memcpy.o
                0xffff800040203d90                _memcpy
                0xffff800040203ea0                _memcpy64
                0xffff800040203ed0                _memcpy32
                0xffff800040203f00                _memcpy16
                0xffff800040203f30                _memcpy8
                0xffff800040203f60                _memcpy4
                0xffff800040203f90                _memcpy2
                0xffff800040203fc0                _memcpy1
 .text          0xffff800040203fe0      0x13c bin/obj/__lib/mem/memzero/memzero.o
                0xffff800040203fe0                _memzero
                0xffff8000402040d8                _memzero64
 .text          0xffff80004020411c      0x108 bin/obj/__boot/gpr.o
                0xffff80004020411c                _init_gpr
 *fill*         0xffff800040204224        0xc 
 .text          0xffff800040204230       0x68 bin/obj/__boot/secondary_entry.o
                0xffff800040204230                _secondary_entry
 *fill*         0xffff800040204298        0x8 
 .text          0xffff8000402042a0       0x8c bin/obj/__boot/el1.o
                0xffff8000402042a0                _switch_to_el1
                0xffff800040204300                _el1_entry
 *fill*         0xffff80004020432c        0x4 
 .text          0xffff800040204330       0x98 bin/obj/__boot/stacks.o
                0xffff800040204330                _setup_stack_el1
                0xffff800040204364                _reset_stack_el1
 .text          0xffff8000402043c8       0x60 bin/obj/__boot/clean_bss.o
                0xffff8000402043c8                _clean_bss
 .text          0xffff800040204428        0x0 bin/obj/__boot/boot.o
 *fill*         0xffff800040204428        0x8 
 .text          0xffff800040204430        0x8 bin/obj/__drivers/tmu/tmu_critical_default.o
                0xffff800040204430                _TMU_critical_hang
 *fill*         0xffff800040204438        0x8 
 .text          0xffff800040204440       0x3c bin/obj/__drivers/interrupts/gicv3/gicv3_arm_interface.o
                0xffff800040204440                _GICV3_ARM_ICC_SRE_EL1_write
                0xffff80004020444c                _GICV3_ARM_ICC_PMR_EL1_write
                0xffff800040204458                _GICV3_ARM_ICC_PMR_EL1_read
                0xffff800040204460                _GICV3_ARM_ICC_IGRPEN1_EL1_write
                0xffff80004020446c                _GICV3_ARM_ICC_IAR1_EL1_read
                0xffff800040204474                _GICV3_ARM_ICC_EOIR1_EL1_write
 .text          0xffff80004020447c       0x1c bin/obj/kernel/init/early_init.o
                0xffff80004020447c                kernel_early_init
 .text          0xffff800040204498      0x138 bin/obj/kernel/init/init.o
                0xffff800040204498                kernel_init
 .text          0xffff8000402045d0      0x1c0 bin/obj/kernel/init/init_drivers.o
 .text          0xffff800040204790      0xa30 bin/obj/kernel/lib/kvec.o
                0xffff800040204e84                kvec_push
                0xffff800040204f20                kvec_pop
                0xffff800040204ff8                kvec_set
                0xffff8000402050c8                kvec_get_copy
                0xffff80004020514c                kvec_get_mut
 .text          0xffff8000402051c0      0x110 bin/obj/kernel/lib/smp.o
                0xffff8000402051c0                get_core_id
                0xffff80004020526c                wake_core
 .text          0xffff8000402052d0     0x1968 bin/obj/kernel/mm/init/mem_regions/early_kalloc.o
                0xffff800040205b3c                early_kalloc_init
                0xffff80004020660c                early_kalloc
                0xffff8000402068c0                early_kalloc_get_memregs
                0xffff800040206b30                early_kalloc_debug
 .text          0xffff800040206c38        0x0 bin/obj/kernel/mm/init/mem_regions/mem_regions.o
 .text          0xffff800040206c38      0x9d8 bin/obj/kernel/mm/init/identity_mapping.o
                0xffff8000402070d4                early_identity_mapping
 .text          0xffff800040207610       0x74 bin/obj/kernel/mm/init/init.o
                0xffff800040207610                mm_early_init
                0xffff800040207668                mm_init
 .text          0xffff800040207684     0x21a8 bin/obj/kernel/mm/phys/page_allocator.o
                0xffff8000402087b0                page_malloc
                0xffff8000402089a0                page_free
                0xffff800040208b5c                page_allocator_update_tag
                0xffff800040208d38                page_allocator_get_data
                0xffff800040208ddc                page_allocator_set_data
                0xffff8000402090f0                page_allocator_init
                0xffff800040209440                page_allocator_update_memregs
                0xffff8000402096a4                page_allocator_debug
 .text          0xffff80004020982c      0x430 bin/obj/kernel/mm/reloc/reloc.o
                0xffff800040209994                mm_reloc_kernel
                0xffff800040209a28                reloc_cfg_end
 .text          0xffff800040209c5c      0xf80 bin/obj/kernel/mm/virt/containers/containers.o
                0xffff80004020a2d4                vmalloc_init_containers
                0xffff80004020a390                get_new_fva_node
                0xffff80004020a444                get_new_rva_node
                0xffff80004020a4f8                free_fva_node
                0xffff80004020a740                free_rva_node
                0xffff80004020aa2c                vmalloc_containers_debug_fva
                0xffff80004020ab08                vmalloc_containers_debug_rva
 .text          0xffff80004020abdc     0x13d0 bin/obj/kernel/mm/virt/mdt/mdt.o
                0xffff80004020b3a0                vmalloc_pa_mdt_init
                0xffff80004020ba54                vmalloc_pa_mdt_push
                0xffff80004020bcdc                vmalloc_pa_mdt_free
 .text          0xffff80004020bfac     0x3118 bin/obj/kernel/mm/virt/vmalloc.o
                0xffff80004020c808                vmalloc_init
                0xffff80004020c8fc                vmalloc_update_memregs
                0xffff80004020dc8c                vmalloc
                0xffff80004020df74                vmalloc_get_free_bytes
                0xffff80004020e00c                vmalloc_get_reserved_bytes
                0xffff80004020e0a4                vmalloc_update_tag
                0xffff80004020e1f8                vmalloc_get_addr_info
                0xffff80004020e3f8                vmalloc_get_token
                0xffff80004020e70c                __vmalloc_token__vmalloc_get_mdt
                0xffff80004020e738                __voidptr__vmalloc_get_mdt
                0xffff80004020e760                vmalloc_push_pa
                0xffff80004020e7a8                vmalloc_get_pa_count
                0xffff80004020e7d8                vmalloc_get_pa_info
                0xffff80004020e8b0                __vmalloc_token__vfree
                0xffff80004020e918                __voidptr__vfree
                0xffff80004020e948                vmalloc_debug_free
                0xffff80004020eb68                vmalloc_debug_reserved
                0xffff80004020ee40                vmalloc_debug_nodes
 .text          0xffff80004020f0c4     0x189c bin/obj/kernel/mm/malloc/cache_malloc/cache_malloc.o
                0xffff80004020f58c                cache_malloc_init
                0xffff80004020fbfc                cache_malloc
                0xffff800040210134                cache_free
                0xffff8000402107c0                cache_malloc_size_from_ptr
 .text          0xffff800040210960      0x9fc bin/obj/kernel/mm/malloc/internal/reserve_malloc.o
                0xffff800040210a8c                reserve_malloc_init
                0xffff800040210cf8                reserve_malloc
                0xffff800040211058                reserve_malloc_fill
 .text          0xffff80004021135c      0x384 bin/obj/kernel/mm/malloc/kmalloc/kmalloc.o
                0xffff800040211414                kmalloc
                0xffff800040211510                kfree
 .text          0xffff8000402116e0     0x1164 bin/obj/kernel/mm/malloc/raw_kmalloc/raw_kmalloc.o
                0xffff800040212078                raw_kmalloc_init
                0xffff800040212098                __raw_kmalloc
                0xffff8000402123f0                raw_kfree
                0xffff800040212800                raw_kmalloc_lock
                0xffff800040212820                raw_kmalloc_unlock
 .text          0xffff800040212844       0xd4 bin/obj/kernel/mm/mm.o
                0xffff800040212880                mm_kernel_is_relocated
                0xffff8000402128b0                mm_dbg_print_mmu
                0xffff8000402128b8                mm_va_is_in_kmap_range
 .text          0xffff800040212918      0x870 bin/obj/kernel/mm/mm_info.o
                0xffff800040212ae4                mm_info_init
                0xffff800040213128                mm_info_ddr_size
                0xffff800040213138                mm_info_ddr_start
                0xffff800040213148                mm_info_ddr_end
                0xffff800040213158                mm_info_kernel_start
                0xffff800040213168                mm_info_page_count
                0xffff800040213178                mm_info_mm_addr_space
 .text          0xffff800040213188      0x574 bin/obj/kernel/mm/mm_mmu/mm_mmu.o
                0xffff800040213490                mm_mmu_mapping_new
                0xffff800040213578                mm_mmu_early_init
                0xffff8000402135f8                mm_mmu_core_handler_get
                0xffff800040213630                mm_mmu_core_handler_get_self
 .text          0xffff8000402136fc      0x618 bin/obj/kernel/panic/panic_exception/esr/data_abort.o
                0xffff800040213a70                print_data_abort_info
 .text          0xffff800040213d14      0x384 bin/obj/kernel/panic/panic_exception/esr/esr.o
                0xffff800040213f3c                print_esr
 .text          0xffff800040214098      0x24c bin/obj/kernel/panic/panic_exception/panic_exception_handlers.o
                0xffff800040214208                handle_sync_panic
                0xffff800040214248                handle_irq_panic
                0xffff80004021427c                handle_fiq_panic
                0xffff8000402142b0                handle_serror_panic
 .text          0xffff8000402142e4      0x480 bin/obj/kernel/panic/panic.o
                0xffff80004021471c                panic
                0xffff800040214738                panicr
 .text          0xffff800040214764      0x8c4 bin/obj/kernel/io/term/buffers.o
                0xffff800040214ae4                term_buffer_push
                0xffff800040214c1c                term_buffer_pop
                0xffff800040214e94                term_buffer_peek
 .text          0xffff800040215028      0x4e0 bin/obj/kernel/io/term/term.o
                0xffff800040215048                term_new
                0xffff8000402150f0                term_delete
                0xffff8000402151bc                term_printc
                0xffff80004021520c                term_prints
                0xffff8000402152b0                term_printf
                0xffff800040215334                term_flush
 .text          0xffff800040215508      0x2f8 bin/obj/kernel/io/stdio.o
                0xffff800040215618                io_early_init
                0xffff800040215694                io_init
                0xffff80004021570c                io_flush
                0xffff800040215738                fkprintf
                0xffff8000402157cc                fkprint
 .text          0xffff800040215800       0xdc bin/obj/kernel/io/stdputc.o
 .text          0xffff8000402158dc      0x160 bin/obj/kernel/kernel_entry.o
                0xffff8000402158dc                kernel_entry
 .text          0xffff800040215a3c        0x0 bin/obj/kernel/process/embedded_examples.o
 .text          0xffff800040215a3c      0x920 bin/obj/kernel/process/elf/elf.o
                0xffff800040215b2c                elf_load
 .text          0xffff80004021635c     0x153c bin/obj/kernel/process/process/process.o
                0xffff800040216624                process_malloc_usr_region
                0xffff800040216cb4                process_add_thread_ref
                0xffff800040216eec                process_remove_thread_ref
                0xffff800040217250                proc_get_usrmap_info
                0xffff8000402173b8                usr_proc_ctrl_init
                0xffff80004021745c                usr_proc_new
 .text          0xffff800040217898     0x1098 bin/obj/kernel/process/thread/thread.o
                0xffff800040217b10                pthread_ctrl_init
                0xffff800040218194                thread_new
                0xffff8000402181bc                thread_new_locked_unaquired
                0xffff8000402181dc                thread_delete
                0xffff800040218378                thread_try_acquire
                0xffff800040218500                thread_resume
                0xffff800040218650                thread_release_current
                0xffff80004021878c                thread_userspace_save
                0xffff8000402188c8                thread_userspace_restore
 .text          0xffff800040218930      0x3f4 bin/obj/kernel/exception/el0/sync/sync.o
                0xffff800040218930                exception_handler_sync
 .text          0xffff800040218d24      0x260 bin/obj/kernel/exception/el1/irq.o
                0xffff800040218f2c                exception_handler_irq
 .text          0xffff800040218f84        0x0 bin/obj/kernel/devices/drivers.o
 .text          0xffff800040218f84      0x1dc bin/obj/kernel/syscall/syscall.o
                0xffff8000402190a0                sysc64_dispatch
 .text          0xffff800040219160       0xec bin/obj/kernel/syscall/handlers/sysc_print.o
                0xffff800040219178                sysc64_print
 .text          0xffff80004021924c        0x0 bin/obj/arm/tfa/smccc.o
 .text          0xffff80004021924c       0x54 bin/obj/arm/exceptions/handlers/el1/el1_cur_sp0_fiq.o
                0xffff80004021924c                el1_cur_sp0_fiq_handler
 .text          0xffff8000402192a0       0x54 bin/obj/arm/exceptions/handlers/el1/el1_cur_sp0_irq.o
                0xffff8000402192a0                el1_cur_sp0_irq_handler
 .text          0xffff8000402192f4       0x54 bin/obj/arm/exceptions/handlers/el1/el1_cur_sp0_serror.o
                0xffff8000402192f4                el1_cur_sp0_serror_handler
 .text          0xffff800040219348       0x54 bin/obj/arm/exceptions/handlers/el1/el1_cur_sp0_sync.o
                0xffff800040219348                el1_cur_sp0_sync_handler
 .text          0xffff80004021939c       0x54 bin/obj/arm/exceptions/handlers/el1/el1_cur_spx_fiq.o
                0xffff80004021939c                el1_cur_spx_fiq_handler
 .text          0xffff8000402193f0       0x18 bin/obj/arm/exceptions/handlers/el1/el1_cur_spx_irq.o
                0xffff8000402193f0                el1_cur_spx_irq_handler
 .text          0xffff800040219408       0x54 bin/obj/arm/exceptions/handlers/el1/el1_cur_spx_serror.o
                0xffff800040219408                el1_cur_spx_serror_handler
 .text          0xffff80004021945c       0x54 bin/obj/arm/exceptions/handlers/el1/el1_cur_spx_sync.o
                0xffff80004021945c                el1_cur_spx_sync_handler
 .text          0xffff8000402194b0       0x54 bin/obj/arm/exceptions/handlers/el1/el1_low_a32_fiq.o
                0xffff8000402194b0                el1_low_a32_fiq_handler
 .text          0xffff800040219504       0x54 bin/obj/arm/exceptions/handlers/el1/el1_low_a32_irq.o
                0xffff800040219504                el1_low_a32_irq_handler
 .text          0xffff800040219558       0x54 bin/obj/arm/exceptions/handlers/el1/el1_low_a32_serror.o
                0xffff800040219558                el1_low_a32_serror_handler
 .text          0xffff8000402195ac       0x54 bin/obj/arm/exceptions/handlers/el1/el1_low_a32_sync.o
                0xffff8000402195ac                el1_low_a32_sync_handler
 .text          0xffff800040219600       0x54 bin/obj/arm/exceptions/handlers/el1/el1_low_a64_fiq.o
                0xffff800040219600                el1_low_a64_fiq_handler
 .text          0xffff800040219654       0x18 bin/obj/arm/exceptions/handlers/el1/el1_low_a64_irq.o
                0xffff800040219654                el1_low_a64_irq_handler
 .text          0xffff80004021966c       0x54 bin/obj/arm/exceptions/handlers/el1/el1_low_a64_serror.o
                0xffff80004021966c                el1_low_a64_serror_handler
 .text          0xffff8000402196c0       0x20 bin/obj/arm/exceptions/handlers/el1/el1_low_a64_sync.o
                0xffff8000402196c0                el1_low_a64_sync_handler
 .text          0xffff8000402196e0       0x50 bin/obj/arm/exceptions/handlers/el2/el2_cur_sp0_fiq.o
                0xffff8000402196e0                el2_cur_sp0_fiq_handler
 .text          0xffff800040219730       0x50 bin/obj/arm/exceptions/handlers/el2/el2_cur_sp0_irq.o
                0xffff800040219730                el2_cur_sp0_irq_handler
 .text          0xffff800040219780       0x50 bin/obj/arm/exceptions/handlers/el2/el2_cur_sp0_serror.o
                0xffff800040219780                el2_cur_sp0_serror_handler
 .text          0xffff8000402197d0       0x50 bin/obj/arm/exceptions/handlers/el2/el2_cur_sp0_sync.o
                0xffff8000402197d0                el2_cur_sp0_sync_handler
 .text          0xffff800040219820       0x50 bin/obj/arm/exceptions/handlers/el2/el2_cur_spx_fiq.o
                0xffff800040219820                el2_cur_spx_fiq_handler
 .text          0xffff800040219870       0x50 bin/obj/arm/exceptions/handlers/el2/el2_cur_spx_irq.o
                0xffff800040219870                el2_cur_spx_irq_handler
 .text          0xffff8000402198c0       0x50 bin/obj/arm/exceptions/handlers/el2/el2_cur_spx_serror.o
                0xffff8000402198c0                el2_cur_spx_serror_handler
 .text          0xffff800040219910       0x50 bin/obj/arm/exceptions/handlers/el2/el2_cur_spx_sync.o
                0xffff800040219910                el2_cur_spx_sync_handler
 .text          0xffff800040219960       0x50 bin/obj/arm/exceptions/handlers/el2/el2_low_a32_fiq.o
                0xffff800040219960                el2_low_a32_fiq_handler
 .text          0xffff8000402199b0       0x50 bin/obj/arm/exceptions/handlers/el2/el2_low_a32_irq.o
                0xffff8000402199b0                el2_low_a32_irq_handler
 .text          0xffff800040219a00       0x50 bin/obj/arm/exceptions/handlers/el2/el2_low_a32_serror.o
                0xffff800040219a00                el2_low_a32_serror_handler
 .text          0xffff800040219a50       0x50 bin/obj/arm/exceptions/handlers/el2/el2_low_a32_sync.o
                0xffff800040219a50                el2_low_a32_sync_handler
 .text          0xffff800040219aa0       0x50 bin/obj/arm/exceptions/handlers/el2/el2_low_a64_fiq.o
                0xffff800040219aa0                el2_low_a64_fiq_handler
 .text          0xffff800040219af0       0x50 bin/obj/arm/exceptions/handlers/el2/el2_low_a64_irq.o
                0xffff800040219af0                el2_low_a64_irq_handler
 .text          0xffff800040219b40       0x50 bin/obj/arm/exceptions/handlers/el2/el2_low_a64_serror.o
                0xffff800040219b40                el2_low_a64_serror_handler
 .text          0xffff800040219b90       0x50 bin/obj/arm/exceptions/handlers/el2/el2_low_a64_sync.o
                0xffff800040219b90                el2_low_a64_sync_handler
 .text          0xffff800040219be0      0x2ec bin/obj/arm/exceptions/handlers/exception_macros.o
                0xffff800040219be0                select_src_enum_
                0xffff800040219d40                select_exception_type_enum_
                0xffff800040219e5c                exception_panic
 .text          0xffff800040219ecc      0x2c8 bin/obj/arm/exceptions/exceptions.o
                0xffff800040219ecc                arm_exceptions_get_status
                0xffff800040219f60                arm_exceptions_set_status
                0xffff80004021a098                arm_exceptions_enable
                0xffff80004021a10c                arm_exceptions_disable
                0xffff80004021a180                arm_get_exception_level
 .text          0xffff80004021a194     0x2488 bin/obj/arm/mmu/mmu.o
                0xffff80004021ba24                mmu_is_active
                0xffff80004021ba48                mmu_map
                0xffff80004021c0e0                mmu_unmap
 .text          0xffff80004021c61c     0x1e7c bin/obj/arm/mmu/mmu_core.o
                0xffff80004021cddc                mmu_core_set_mapping
                0xffff80004021d090                mmu_core_set_d_cache
                0xffff80004021d184                mmu_core_set_i_cache
                0xffff80004021d27c                mmu_core_set_align_trap
                0xffff80004021d374                mmu_core_set_lo_enabled
                0xffff80004021d46c                mmu_core_set_hi_enabled
                0xffff80004021d564                mmu_core_set_lo_va_bits
                0xffff80004021d670                mmu_core_set_hi_va_bits
                0xffff80004021d77c                mmu_core_set_lo_granularity
                0xffff80004021d8d0                mmu_core_set_hi_granularity
                0xffff80004021da28                mmu_core_handle_new
                0xffff80004021ddd0                mmu_delete_mapping
                0xffff80004021de20                mmu_core_activate
                0xffff80004021e400                mmu_core_deactivate
 .text          0xffff80004021e498       0x58 bin/obj/arm/cpu.o
                0xffff80004021e498                ARM_get_cpu_affinity
 .text          0xffff80004021e4f0      0x2b8 bin/obj/lib/lock/corelock.o
                0xffff80004021e4f0                corelock_init
                0xffff80004021e518                core_lock
                0xffff80004021e54c                core_unlock
                0xffff80004021e74c                core_try_lock
 .text          0xffff80004021e7a8      0xde4 bin/obj/lib/malloc/xalloc.o
                0xffff80004021f0a0                xalloc_init
                0xffff80004021f1a0                xalloc_get_block_size
                0xffff80004021f1b8                xalloc_get_region_blocks
                0xffff80004021f210                xalloc_get_region_id
                0xffff80004021f260                xalloc_get_region_bytes
                0xffff80004021f294                xalloc_alloc
                0xffff80004021f48c                xalloc_calloc
                0xffff80004021f51c                xalloc_free
                0xffff80004021f554                xalloc_free_id
 .text          0xffff80004021f58c      0xd2c bin/obj/lib/string/fmt.o
                0xffff80004021f58c                uint8_to_ascii_char
                0xffff80004021f630                stdint_to_ascii
                0xffff80004021fdb8                str_fmt_print
 .text          0xffff8000402202b8      0x1b0 bin/obj/lib/string/string.o
                0xffff8000402202b8                strcopy
                0xffff80004022034c                strcmp
 .text          0xffff800040220468      0x488 bin/obj/lib/mem/memcpy/memcpy.o
                0xffff800040220468                memcpy64_aligned
                0xffff800040220610                memcpy64
                0xffff8000402206c8                test_memcpy
 .text          0xffff8000402208f0      0x170 bin/obj/lib/mem/mem.o
                0xffff8000402208f0                pa_supported_bits
 .text          0xffff800040220a60      0x790 bin/obj/drivers/arm_generic_timer/arm_generic_timer.o
                0xffff800040220a60                AGT_ns_to_cycles
                0xffff800040220b0c                AGT_us_to_cycles
                0xffff800040220bac                AGT_cnt_cycles
                0xffff800040220bc0                AGT_cnt_freq
                0xffff800040220bd4                AGT_cnt_time_ns
                0xffff800040220c3c                AGT_cnt_time_us
                0xffff800040220d38                AGT_timer_schedule_cycles
                0xffff800040220e28                AGT_timer_schedule_delta
                0xffff800040220f38                AGT_timer_is_armed
                0xffff800040220f94                AGT_timer_has_fired
                0xffff800040221028                AGT_timer_cancel
                0xffff800040221084                AGT_handle_irq
                0xffff800040221180                AGT_init_stage0
 .text          0xffff8000402211f0     0x1fa8 bin/obj/drivers/tmu/tmu.o
                0xffff800040222384                TMU_init_stage0
                0xffff8000402224d8                TMU_init_stage1
                0xffff800040222868                TMU_handle_irq
                0xffff8000402228f4                TMU_set_warn_temp
                0xffff800040222ae8                TMU_get_warnings_enabled
                0xffff800040222be0                TMU_enable_warnings
                0xffff800040222c4c                TMU_disable_warnings
                0xffff800040222cb8                TMU_warn_pending
                0xffff800040222d24                TMU_set_critical_temp
                0xffff800040222f18                TMU_get_temp
 .text          0xffff800040223198     0x1294 bin/obj/drivers/interrupts/gicv3/gicv3.o
                0xffff800040223ccc                GICV3_set_cpu_priority_threshold
                0xffff800040223de8                GICV3_set_spi_group1ns
                0xffff800040223e64                GICV3_route_spi_to_cpu
                0xffff800040223ee4                GICV3_route_spi_to_self
                0xffff800040223f14                GICV3_enable_spi
                0xffff800040223f68                GICV3_set_priority
                0xffff800040223fe4                GICV3_set_edge_triggered
                0xffff80004022405c                GICV3_set_level_sensitive
                0xffff8000402240d4                GICV3_wake_redistributor
                0xffff80004022418c                GICV3_init_distributor
                0xffff8000402241dc                GICV3_init_cpu
                0xffff800040224208                GICV3_init_irq
                0xffff800040224310                GICV3_get_intid_el1
                0xffff80004022432c                GICV3_ack_intid_el1
                0xffff80004022434c                GICV3_enable_ppi
 .text          0xffff80004022442c     0x28e8 bin/obj/drivers/uart/uart.o
                0xffff8000402254cc                uart_reset
                0xffff80004022564c                uart_read
                0xffff800040226648                uart_handle_irq
                0xffff8000402266f0                uart_init_stage0
                0xffff800040226974                uart_init_stage1
                0xffff8000402269ac                uart_putc_sync
                0xffff800040226a04                uart_putc
                0xffff800040226aa0                uart_early_init
                0xffff800040226cd8                uart_putc_early
 .text          0xffff800040226d14        0x0 bin/obj/rslib.a(imx8mp_kernel-1a53598e06c50be6.imx8mp_kernel.241a9a11e0e6ae75-cgu.0.rcgu.o)
 .text._RNvCsiGVaDesi5rv_7___rustc17rust_begin_unwind
                0xffff800040226d14        0x4 bin/obj/rslib.a(imx8mp_kernel-1a53598e06c50be6.imx8mp_kernel.241a9a11e0e6ae75-cgu.0.rcgu.o)
                0xffff800040226d14                __rustc::rust_begin_unwind
 .text.pow2_ring_buffer_new
                0xffff800040226d18       0x70 bin/obj/rslib.a(imx8mp_kernel-1a53598e06c50be6.imx8mp_kernel.241a9a11e0e6ae75-cgu.0.rcgu.o)
                0xffff800040226d18                pow2_ring_buffer_new
 .text.pow2_ring_buffer_pop
                0xffff800040226d88       0x90 bin/obj/rslib.a(imx8mp_kernel-1a53598e06c50be6.imx8mp_kernel.241a9a11e0e6ae75-cgu.0.rcgu.o)
                0xffff800040226d88                pow2_ring_buffer_pop
 .text.pow2_ring_buffer_push
                0xffff800040226e18       0xbc bin/obj/rslib.a(imx8mp_kernel-1a53598e06c50be6.imx8mp_kernel.241a9a11e0e6ae75-cgu.0.rcgu.o)
                0xffff800040226e18                pow2_ring_buffer_push
 .text.rust_kernel_initcalls_stage0
                0xffff800040226ed4        0x4 bin/obj/rslib.a(imx8mp_kernel-1a53598e06c50be6.imx8mp_kernel.241a9a11e0e6ae75-cgu.0.rcgu.o)
                0xffff800040226ed4                rust_kernel_initcalls_stage1
                0xffff800040226ed4                rust_kernel_initcalls_stage2
                0xffff800040226ed4                rust_kernel_initcalls_stage0
 .text.unlikely.rust_test_panic
                0xffff800040226ed8       0x2c bin/obj/rslib.a(imx8mp_kernel-1a53598e06c50be6.imx8mp_kernel.241a9a11e0e6ae75-cgu.0.rcgu.o)
                0xffff800040226ed8                rust_test_panic
 .text.uart_rx_len
                0xffff800040226f04       0x18 bin/obj/rslib.a(imx8mp_kernel-1a53598e06c50be6.imx8mp_kernel.241a9a11e0e6ae75-cgu.0.rcgu.o)
                0xffff800040226f04                uart_rx_len
 .text.uart_rxbuf_pop
                0xffff800040226f1c       0x58 bin/obj/rslib.a(imx8mp_kernel-1a53598e06c50be6.imx8mp_kernel.241a9a11e0e6ae75-cgu.0.rcgu.o)
                0xffff800040226f1c                uart_rxbuf_pop
 .text.uart_rxbuf_push
                0xffff800040226f74       0x6c bin/obj/rslib.a(imx8mp_kernel-1a53598e06c50be6.imx8mp_kernel.241a9a11e0e6ae75-cgu.0.rcgu.o)
                0xffff800040226f74                uart_rxbuf_push
 .text.uart_tx_len
                0xffff800040226fe0       0x18 bin/obj/rslib.a(imx8mp_kernel-1a53598e06c50be6.imx8mp_kernel.241a9a11e0e6ae75-cgu.0.rcgu.o)
                0xffff800040226fe0                uart_tx_len
 .text.uart_txbuf_pop
                0xffff800040226ff8       0x68 bin/obj/rslib.a(imx8mp_kernel-1a53598e06c50be6.imx8mp_kernel.241a9a11e0e6ae75-cgu.0.rcgu.o)
                0xffff800040226ff8                uart_txbuf_pop
 .text.uart_txbuf_push
                0xffff800040227060       0x60 bin/obj/rslib.a(imx8mp_kernel-1a53598e06c50be6.imx8mp_kernel.241a9a11e0e6ae75-cgu.0.rcgu.o)
                0xffff800040227060                uart_txbuf_push
 .text          0xffff8000402270c0        0x0 bin/obj/rslib.a(core-dca77d77b03929cc.core.bbd04c23a4fa3c72-cgu.0.rcgu.o)
 .text._ZN101_$LT$core..char..CaseMappingIter$u20$as$u20$core..iter..traits..double_ended..DoubleEndedIterator$GT$15advance_back_by17hf0d6f1ce58d3f07dE
                0xffff8000402270c0       0x28 bin/obj/rslib.a(core-dca77d77b03929cc.core.bbd04c23a4fa3c72-cgu.0.rcgu.o)
                0xffff8000402270c0                <core::char::CaseMappingIter as core::iter::traits::double_ended::DoubleEndedIterator>::advance_back_by
 .text._ZN101_$LT$core..char..CaseMappingIter$u20$as$u20$core..iter..traits..double_ended..DoubleEndedIterator$GT$9next_back17hc65cc64a3027a392E
                0xffff8000402270e8       0x28 bin/obj/rslib.a(core-dca77d77b03929cc.core.bbd04c23a4fa3c72-cgu.0.rcgu.o)
                0xffff8000402270e8                <core::char::CaseMappingIter as core::iter::traits::double_ended::DoubleEndedIterator>::next_back
 .text._ZN105_$LT$core..slice..ascii..EscapeAscii$u20$as$u20$core..iter..traits..double_ended..DoubleEndedIterator$GT$9next_back17h61446658ee893423E
                0xffff800040227110      0x120 bin/obj/rslib.a(core-dca77d77b03929cc.core.bbd04c23a4fa3c72-cgu.0.rcgu.o)
                0xffff800040227110                <core::slice::ascii::EscapeAscii as core::iter::traits::double_ended::DoubleEndedIterator>::next_back
 .text._ZN105_$LT$dyn$u20$core..any..Any$u2b$core..marker..Send$u2b$core..marker..Sync$u20$as$u20$core..fmt..Debug$GT$3fmt17hd0716b989b3da57dE
                0xffff800040227230       0x60 bin/obj/rslib.a(core-dca77d77b03929cc.core.bbd04c23a4fa3c72-cgu.0.rcgu.o)
                0xffff800040227230                <dyn core::any::Any as core::fmt::Debug>::fmt
                0xffff800040227230                <dyn core::any::Any+core::marker::Send as core::fmt::Debug>::fmt
                0xffff800040227230                <dyn core::any::Any+core::marker::Send+core::marker::Sync as core::fmt::Debug>::fmt
 .text._ZN110_$LT$$LT$core..wtf8..EncodeWide$u20$as$u20$core..fmt..Debug$GT$..fmt..CodeUnit$u20$as$u20$core..fmt..Debug$GT$3fmt17hda14d4f4daf3c5c9E
                0xffff800040227290       0xa0 bin/obj/rslib.a(core-dca77d77b03929cc.core.bbd04c23a4fa3c72-cgu.0.rcgu.o)
                0xffff800040227290                <<core::wtf8::EncodeWide as core::fmt::Debug>::fmt::CodeUnit as core::fmt::Debug>::fmt
 .text._ZN116_$LT$core..net..ip_addr..Ipv4Addr$u20$as$u20$core..ops..bit..BitOrAssign$LT$$RF$core..net..ip_addr..Ipv4Addr$GT$$GT$12bitor_assign17h2747ee25fbf1738bE
                0xffff800040227330       0x80 bin/obj/rslib.a(core-dca77d77b03929cc.core.bbd04c23a4fa3c72-cgu.0.rcgu.o)
                0xffff800040227330                <core::net::ip_addr::Ipv4Addr as core::ops::bit::BitOrAssign<&core::net::ip_addr::Ipv4Addr>>::bitor_assign
 .text._ZN116_$LT$core..net..ip_addr..Ipv6Addr$u20$as$u20$core..ops..bit..BitOrAssign$LT$$RF$core..net..ip_addr..Ipv6Addr$GT$$GT$12bitor_assign17hff885b6f68f5609cE
                0xffff8000402273b0      0x1d0 bin/obj/rslib.a(core-dca77d77b03929cc.core.bbd04c23a4fa3c72-cgu.0.rcgu.o)
                0xffff8000402273b0                <core::net::ip_addr::Ipv6Addr as core::ops::bit::BitOrAssign<&core::net::ip_addr::Ipv6Addr>>::bitor_assign
 .text._ZN117_$LT$core..net..ip_addr..Ipv4Addr$u20$as$u20$core..ops..bit..BitAndAssign$LT$$RF$core..net..ip_addr..Ipv4Addr$GT$$GT$13bitand_assign17hb3faa6ba9d6ecb06E
                0xffff800040227580       0x80 bin/obj/rslib.a(core-dca77d77b03929cc.core.bbd04c23a4fa3c72-cgu.0.rcgu.o)
                0xffff800040227580                <core::net::ip_addr::Ipv4Addr as core::ops::bit::BitAndAssign<&core::net::ip_addr::Ipv4Addr>>::bitand_assign
 .text._ZN117_$LT$core..net..ip_addr..Ipv6Addr$u20$as$u20$core..ops..bit..BitAndAssign$LT$$RF$core..net..ip_addr..Ipv6Addr$GT$$GT$13bitand_assign17hb1c67c235aa10d9dE
                0xffff800040227600      0x1d0 bin/obj/rslib.a(core-dca77d77b03929cc.core.bbd04c23a4fa3c72-cgu.0.rcgu.o)
                0xffff800040227600                <core::net::ip_addr::Ipv6Addr as core::ops::bit::BitAndAssign<&core::net::ip_addr::Ipv6Addr>>::bitand_assign
 .text._ZN40_$LT$str$u20$as$u20$core..fmt..Debug$GT$3fmt17h5f6f1bf3a0007201E
                0xffff8000402277d0      0x3b0 bin/obj/rslib.a(core-dca77d77b03929cc.core.bbd04c23a4fa3c72-cgu.0.rcgu.o)
                0xffff8000402277d0                <str as core::fmt::Debug>::fmt
 .text._ZN41_$LT$char$u20$as$u20$core..fmt..Debug$GT$3fmt17h05bf1d95c56e9d68E
                0xffff800040227b80       0xe4 bin/obj/rslib.a(core-dca77d77b03929cc.core.bbd04c23a4fa3c72-cgu.0.rcgu.o)
                0xffff800040227b80                <char as core::fmt::Debug>::fmt
 .text._ZN42_$LT$$RF$T$u20$as$u20$core..fmt..Debug$GT$3fmt17h2cdcb51347d218f7E
                0xffff800040227c64        0x8 bin/obj/rslib.a(core-dca77d77b03929cc.core.bbd04c23a4fa3c72-cgu.0.rcgu.o)
 .text._ZN42_$LT$$RF$T$u20$as$u20$core..fmt..Debug$GT$3fmt17h479b8efc69ca8267E
                0xffff800040227c6c        0x8 bin/obj/rslib.a(core-dca77d77b03929cc.core.bbd04c23a4fa3c72-cgu.0.rcgu.o)
 .text._ZN42_$LT$$RF$T$u20$as$u20$core..fmt..Debug$GT$3fmt17h5583193454f8b8d6E
                0xffff800040227c74      0x164 bin/obj/rslib.a(core-dca77d77b03929cc.core.bbd04c23a4fa3c72-cgu.0.rcgu.o)
 .text._ZN42_$LT$$RF$T$u20$as$u20$core..fmt..Debug$GT$3fmt17h56b7a391078316eaE
                0xffff800040227dd8        0xc bin/obj/rslib.a(core-dca77d77b03929cc.core.bbd04c23a4fa3c72-cgu.0.rcgu.o)
 .text._ZN42_$LT$$RF$T$u20$as$u20$core..fmt..Debug$GT$3fmt17h7040e3522c936441E
                0xffff800040227de4        0xc bin/obj/rslib.a(core-dca77d77b03929cc.core.bbd04c23a4fa3c72-cgu.0.rcgu.o)
 .text._ZN42_$LT$$RF$T$u20$as$u20$core..fmt..Debug$GT$3fmt17h73d6b45e08bc8e15E
                0xffff800040227df0       0x14 bin/obj/rslib.a(core-dca77d77b03929cc.core.bbd04c23a4fa3c72-cgu.0.rcgu.o)
 .text._ZN42_$LT$$RF$T$u20$as$u20$core..fmt..Debug$GT$3fmt17ha642bfdd7996c379E
                0xffff800040227e04       0x14 bin/obj/rslib.a(core-dca77d77b03929cc.core.bbd04c23a4fa3c72-cgu.0.rcgu.o)
 .text._ZN42_$LT$str$u20$as$u20$core..fmt..Display$GT$3fmt17hc0780a4df539a16aE
                0xffff800040227e18       0x14 bin/obj/rslib.a(core-dca77d77b03929cc.core.bbd04c23a4fa3c72-cgu.0.rcgu.o)
                0xffff800040227e18                <str as core::fmt::Display>::fmt
 .text._ZN43_$LT$bool$u20$as$u20$core..fmt..Display$GT$3fmt17h9806e9f5fa916ff1E
                0xffff800040227e2c       0x2c bin/obj/rslib.a(core-dca77d77b03929cc.core.bbd04c23a4fa3c72-cgu.0.rcgu.o)
                0xffff800040227e2c                <bool as core::fmt::Display>::fmt
 .text._ZN43_$LT$char$u20$as$u20$core..fmt..Display$GT$3fmt17h83f04f7b2308e64bE
                0xffff800040227e58       0xf8 bin/obj/rslib.a(core-dca77d77b03929cc.core.bbd04c23a4fa3c72-cgu.0.rcgu.o)
                0xffff800040227e58                <char as core::fmt::Display>::fmt
 .text._ZN44_$LT$$RF$T$u20$as$u20$core..fmt..Display$GT$3fmt17h703b070ad8b43283E
                0xffff800040227f50        0x8 bin/obj/rslib.a(core-dca77d77b03929cc.core.bbd04c23a4fa3c72-cgu.0.rcgu.o)
 .text._ZN44_$LT$$RF$T$u20$as$u20$core..fmt..Display$GT$3fmt17h9bd2ce85ae1d3eddE
                0xffff800040227f58      0x158 bin/obj/rslib.a(core-dca77d77b03929cc.core.bbd04c23a4fa3c72-cgu.0.rcgu.o)
 .text._ZN44_$LT$$RF$T$u20$as$u20$core..fmt..Display$GT$3fmt17hac20f0bb39cfdd9eE
                0xffff8000402280b0       0x10 bin/obj/rslib.a(core-dca77d77b03929cc.core.bbd04c23a4fa3c72-cgu.0.rcgu.o)
 .text._ZN44_$LT$$RF$T$u20$as$u20$core..fmt..Display$GT$3fmt17hfec459358b2b0a7cE
                0xffff8000402280c0        0x8 bin/obj/rslib.a(core-dca77d77b03929cc.core.bbd04c23a4fa3c72-cgu.0.rcgu.o)
 .text._ZN45_$LT$$RF$T$u20$as$u20$core..fmt..LowerHex$GT$3fmt17h05bd91b15c4ae0d9E
                0xffff8000402280c8       0x7c bin/obj/rslib.a(core-dca77d77b03929cc.core.bbd04c23a4fa3c72-cgu.0.rcgu.o)
 .text._ZN46_$LT$i8$u20$as$u20$core..pat..RangePattern$GT$7sub_one17h9a01a105c96fcbd5E
                0xffff800040228144       0x48 bin/obj/rslib.a(core-dca77d77b03929cc.core.bbd04c23a4fa3c72-cgu.0.rcgu.o)
                0xffff800040228144                <i8 as core::pat::RangePattern>::sub_one
 .text._ZN46_$LT$u8$u20$as$u20$core..pat..RangePattern$GT$7sub_one17h670240648e8e7fb4E
                0xffff80004022818c       0x40 bin/obj/rslib.a(core-dca77d77b03929cc.core.bbd04c23a4fa3c72-cgu.0.rcgu.o)
                0xffff80004022818c                <u8 as core::pat::RangePattern>::sub_one
 .text._ZN47_$LT$i16$u20$as$u20$core..pat..RangePattern$GT$7sub_one17h541e4bf249e12cddE
                0xffff8000402281cc       0x48 bin/obj/rslib.a(core-dca77d77b03929cc.core.bbd04c23a4fa3c72-cgu.0.rcgu.o)
                0xffff8000402281cc                <i16 as core::pat::RangePattern>::sub_one
 .text._ZN47_$LT$i32$u20$as$u20$core..pat..RangePattern$GT$7sub_one17h97b022b5d897e388E
                0xffff800040228214       0x3c bin/obj/rslib.a(core-dca77d77b03929cc.core.bbd04c23a4fa3c72-cgu.0.rcgu.o)
                0xffff800040228214                <i32 as core::pat::RangePattern>::sub_one
 .text._ZN47_$LT$i64$u20$as$u20$core..pat..RangePattern$GT$7sub_one17h0d4cbf88673eab66E
                0xffff800040228250       0x3c bin/obj/rslib.a(core-dca77d77b03929cc.core.bbd04c23a4fa3c72-cgu.0.rcgu.o)
                0xffff800040228250                <i64 as core::pat::RangePattern>::sub_one
                0xffff800040228250                <isize as core::pat::RangePattern>::sub_one
 .text._ZN47_$LT$u16$u20$as$u20$core..pat..RangePattern$GT$7sub_one17hf1b3147e5737ed06E
                0xffff80004022828c       0x40 bin/obj/rslib.a(core-dca77d77b03929cc.core.bbd04c23a4fa3c72-cgu.0.rcgu.o)
                0xffff80004022828c                <u16 as core::pat::RangePattern>::sub_one
 .text._ZN47_$LT$u32$u20$as$u20$core..pat..RangePattern$GT$7sub_one17h5f94339af8ab10a1E
                0xffff8000402282cc       0x3c bin/obj/rslib.a(core-dca77d77b03929cc.core.bbd04c23a4fa3c72-cgu.0.rcgu.o)
                0xffff8000402282cc                <u32 as core::pat::RangePattern>::sub_one
 .text._ZN47_$LT$u64$u20$as$u20$core..pat..RangePattern$GT$7sub_one17h24c018f405b1f310E
                0xffff800040228308       0x3c bin/obj/rslib.a(core-dca77d77b03929cc.core.bbd04c23a4fa3c72-cgu.0.rcgu.o)
                0xffff800040228308                <usize as core::pat::RangePattern>::sub_one
                0xffff800040228308                <u64 as core::pat::RangePattern>::sub_one
 .text._ZN48_$LT$char$u20$as$u20$core..pat..RangePattern$GT$7sub_one17he70177f83f7ceafcE
                0xffff800040228344       0x54 bin/obj/rslib.a(core-dca77d77b03929cc.core.bbd04c23a4fa3c72-cgu.0.rcgu.o)
                0xffff800040228344                <char as core::pat::RangePattern>::sub_one
 .text._ZN48_$LT$i128$u20$as$u20$core..pat..RangePattern$GT$7sub_one17hcbc11fca96f2cd53E
                0xffff800040228398       0x4c bin/obj/rslib.a(core-dca77d77b03929cc.core.bbd04c23a4fa3c72-cgu.0.rcgu.o)
                0xffff800040228398                <i128 as core::pat::RangePattern>::sub_one
 .text._ZN48_$LT$u128$u20$as$u20$core..pat..RangePattern$GT$7sub_one17h082c3491375e9509E
                0xffff8000402283e4       0x4c bin/obj/rslib.a(core-dca77d77b03929cc.core.bbd04c23a4fa3c72-cgu.0.rcgu.o)
                0xffff8000402283e4                <u128 as core::pat::RangePattern>::sub_one
 .text._ZN49_$LT$u8$u20$as$u20$core..num..bignum..FullOps$GT$12full_div_rem17h6fed2e224afbc72dE
                0xffff800040228430       0x38 bin/obj/rslib.a(core-dca77d77b03929cc.core.bbd04c23a4fa3c72-cgu.0.rcgu.o)
                0xffff800040228430                <u8 as core::num::bignum::FullOps>::full_div_rem
 .text.unlikely._ZN4core3f3221_$LT$impl$u20$f32$GT$5clamp8do_panic7runtime17h36a43f140f64d661E
                0xffff800040228468       0x50 bin/obj/rslib.a(core-dca77d77b03929cc.core.bbd04c23a4fa3c72-cgu.0.rcgu.o)
                0xffff800040228468                core::f32::<impl f32>::clamp::do_panic::runtime
 .text.unlikely._ZN4core3f6421_$LT$impl$u20$f64$GT$5clamp8do_panic7runtime17h94d48098c87e850eE
                0xffff8000402284b8       0x50 bin/obj/rslib.a(core-dca77d77b03929cc.core.bbd04c23a4fa3c72-cgu.0.rcgu.o)
                0xffff8000402284b8                core::f64::<impl f64>::clamp::do_panic::runtime
 .text._ZN4core3ffi5c_str4CStr19from_bytes_with_nul17hf7126ca100a56b9eE
                0xffff800040228508       0xf0 bin/obj/rslib.a(core-dca77d77b03929cc.core.bbd04c23a4fa3c72-cgu.0.rcgu.o)
                0xffff800040228508                core::ffi::c_str::CStr::from_bytes_with_nul
 .text._ZN4core3ffi5c_str4CStr20from_bytes_until_nul17h4a4d4ec068c826baE
                0xffff8000402285f8       0xdc bin/obj/rslib.a(core-dca77d77b03929cc.core.bbd04c23a4fa3c72-cgu.0.rcgu.o)
                0xffff8000402285f8                core::ffi::c_str::CStr::from_bytes_until_nul
 .text._ZN4core3ffi5c_str4CStr6to_str17hf906734cbe15885eE
                0xffff8000402286d4        0x8 bin/obj/rslib.a(core-dca77d77b03929cc.core.bbd04c23a4fa3c72-cgu.0.rcgu.o)
                0xffff8000402286d4                core::ffi::c_str::CStr::to_str
 .text._ZN4core3fmt17FormattingOptions8get_fill17he0043a57724473c7E
                0xffff8000402286dc        0xc bin/obj/rslib.a(core-dca77d77b03929cc.core.bbd04c23a4fa3c72-cgu.0.rcgu.o)
                0xffff8000402286dc                core::fmt::FormattingOptions::get_fill
 .text._ZN4core3fmt17pointer_fmt_inner17h9512fbe23d32d8a3E
                0xffff8000402286e8       0xb8 bin/obj/rslib.a(core-dca77d77b03929cc.core.bbd04c23a4fa3c72-cgu.0.rcgu.o)
                0xffff8000402286e8                core::fmt::pointer_fmt_inner
 .text._ZN4core3fmt3num22_$LT$impl$u20$i128$GT$11format_into17h7da8cadabd24f583E
                0xffff8000402287a0       0x74 bin/obj/rslib.a(core-dca77d77b03929cc.core.bbd04c23a4fa3c72-cgu.0.rcgu.o)
                0xffff8000402287a0                core::fmt::num::<impl i128>::format_into
 .text._ZN4core3fmt3num22_$LT$impl$u20$u128$GT$10_fmt_inner17hf030a7152409751aE
                0xffff800040228814      0x578 bin/obj/rslib.a(core-dca77d77b03929cc.core.bbd04c23a4fa3c72-cgu.0.rcgu.o)
 .text._ZN4core3fmt3num22_$LT$impl$u20$u128$GT$11format_into17h5dee2ace129fe29cE
                0xffff800040228d8c       0x34 bin/obj/rslib.a(core-dca77d77b03929cc.core.bbd04c23a4fa3c72-cgu.0.rcgu.o)
                0xffff800040228d8c                core::fmt::num::<impl u128>::format_into
 .text._ZN4core3fmt3num22_$LT$impl$u20$u128$GT$4_fmt17ha65d27b87d338669E
                0xffff800040228dc0       0x2c bin/obj/rslib.a(core-dca77d77b03929cc.core.bbd04c23a4fa3c72-cgu.0.rcgu.o)
                0xffff800040228dc0                core::fmt::num::<impl u128>::_fmt
 .text._ZN4core3fmt3num3imp20_$LT$impl$u20$i8$GT$11format_into17hfa6336419ff83042E
                0xffff800040228dec      0x134 bin/obj/rslib.a(core-dca77d77b03929cc.core.bbd04c23a4fa3c72-cgu.0.rcgu.o)
                0xffff800040228dec                core::fmt::num::imp::<impl i8>::format_into
 .text._ZN4core3fmt3num3imp20_$LT$impl$u20$u8$GT$11format_into17h879b7eff6dae2147E
                0xffff800040228f20       0xa0 bin/obj/rslib.a(core-dca77d77b03929cc.core.bbd04c23a4fa3c72-cgu.0.rcgu.o)
                0xffff800040228f20                core::fmt::num::imp::<impl u8>::format_into
 .text._ZN4core3fmt3num3imp20_$LT$impl$u20$u8$GT$4_fmt17ha676af9982528506E
                0xffff800040228fc0       0x90 bin/obj/rslib.a(core-dca77d77b03929cc.core.bbd04c23a4fa3c72-cgu.0.rcgu.o)
                0xffff800040228fc0                core::fmt::num::imp::<impl u8>::_fmt
 .text._ZN4core3fmt3num3imp21_$LT$impl$u20$i16$GT$11format_into17h2f71a14c8f3a6320E
                0xffff800040229050      0x1ec bin/obj/rslib.a(core-dca77d77b03929cc.core.bbd04c23a4fa3c72-cgu.0.rcgu.o)
                0xffff800040229050                core::fmt::num::imp::<impl i16>::format_into
 .text._ZN4core3fmt3num3imp21_$LT$impl$u20$i32$GT$11format_into17hbc98fbdd3b5c6d6eE
                0xffff80004022923c      0x274 bin/obj/rslib.a(core-dca77d77b03929cc.core.bbd04c23a4fa3c72-cgu.0.rcgu.o)
                0xffff80004022923c                core::fmt::num::imp::<impl i32>::format_into
 .text._ZN4core3fmt3num3imp21_$LT$impl$u20$i64$GT$11format_into17he56d1a706514badaE
                0xffff8000402294b0      0x27c bin/obj/rslib.a(core-dca77d77b03929cc.core.bbd04c23a4fa3c72-cgu.0.rcgu.o)
                0xffff8000402294b0                core::fmt::num::imp::<impl isize>::format_into
                0xffff8000402294b0                core::fmt::num::imp::<impl i64>::format_into
 .text._ZN4core3fmt3num3imp21_$LT$impl$u20$u16$GT$11format_into17hf5acce3bc060a7a4E
                0xffff80004022972c       0xf8 bin/obj/rslib.a(core-dca77d77b03929cc.core.bbd04c23a4fa3c72-cgu.0.rcgu.o)
                0xffff80004022972c                core::fmt::num::imp::<impl u16>::format_into
 .text._ZN4core3fmt3num3imp21_$LT$impl$u20$u16$GT$4_fmt17h9b16707f2c4d83c7E
                0xffff800040229824      0x108 bin/obj/rslib.a(core-dca77d77b03929cc.core.bbd04c23a4fa3c72-cgu.0.rcgu.o)
                0xffff800040229824                core::fmt::num::imp::<impl u16>::_fmt
 .text._ZN4core3fmt3num3imp21_$LT$impl$u20$u32$GT$11format_into17h699a29a216c381bfE
                0xffff80004022992c      0x12c bin/obj/rslib.a(core-dca77d77b03929cc.core.bbd04c23a4fa3c72-cgu.0.rcgu.o)
                0xffff80004022992c                core::fmt::num::imp::<impl u32>::format_into
 .text._ZN4core3fmt3num3imp21_$LT$impl$u20$u32$GT$4_fmt17hc5bdfc1c3dd3fd08E
                0xffff800040229a58      0x130 bin/obj/rslib.a(core-dca77d77b03929cc.core.bbd04c23a4fa3c72-cgu.0.rcgu.o)
                0xffff800040229a58                core::fmt::num::imp::<impl u32>::_fmt
 .text._ZN4core3fmt3num3imp21_$LT$impl$u20$u64$GT$11format_into17he2b4201a970f20d7E
                0xffff800040229b88      0x130 bin/obj/rslib.a(core-dca77d77b03929cc.core.bbd04c23a4fa3c72-cgu.0.rcgu.o)
                0xffff800040229b88                core::fmt::num::imp::<impl u64>::format_into
                0xffff800040229b88                core::fmt::num::imp::<impl usize>::format_into
 .text._ZN4core3fmt3num3imp21_$LT$impl$u20$u64$GT$4_fmt17hf5cf8cc64887d18dE
                0xffff800040229cb8      0x134 bin/obj/rslib.a(core-dca77d77b03929cc.core.bbd04c23a4fa3c72-cgu.0.rcgu.o)
                0xffff800040229cb8                core::fmt::num::imp::<impl u64>::_fmt
                0xffff800040229cb8                core::fmt::num::imp::<impl usize>::_fmt
 .text._ZN4core3fmt3num3imp51_$LT$impl$u20$core..fmt..Display$u20$for$u20$i8$GT$3fmt17hcb39de988782ba27E
                0xffff800040229dec       0xcc bin/obj/rslib.a(core-dca77d77b03929cc.core.bbd04c23a4fa3c72-cgu.0.rcgu.o)
                0xffff800040229dec                core::fmt::num::imp::<impl core::fmt::Display for i8>::fmt
 .text._ZN4core3fmt3num3imp51_$LT$impl$u20$core..fmt..Display$u20$for$u20$u8$GT$3fmt17hf7d8c920e29b5333E
                0xffff800040229eb8       0xac bin/obj/rslib.a(core-dca77d77b03929cc.core.bbd04c23a4fa3c72-cgu.0.rcgu.o)
                0xffff800040229eb8                core::fmt::num::imp::<impl core::fmt::Display for u8>::fmt
 .text._ZN4core3fmt3num3imp52_$LT$impl$u20$core..fmt..Display$u20$for$u20$i16$GT$3fmt17h104a3911dccd2ff7E
                0xffff800040229f64      0x11c bin/obj/rslib.a(core-dca77d77b03929cc.core.bbd04c23a4fa3c72-cgu.0.rcgu.o)
                0xffff800040229f64                core::fmt::num::imp::<impl core::fmt::Display for i16>::fmt
 .text._ZN4core3fmt3num3imp52_$LT$impl$u20$core..fmt..Display$u20$for$u20$i32$GT$3fmt17h80bd409755b2ddaeE
                0xffff80004022a080      0x158 bin/obj/rslib.a(core-dca77d77b03929cc.core.bbd04c23a4fa3c72-cgu.0.rcgu.o)
                0xffff80004022a080                core::fmt::num::imp::<impl core::fmt::Display for i32>::fmt
 .text._ZN4core3fmt3num3imp52_$LT$impl$u20$core..fmt..Display$u20$for$u20$i64$GT$3fmt17h1e801d532e5ecaafE
                0xffff80004022a1d8      0x15c bin/obj/rslib.a(core-dca77d77b03929cc.core.bbd04c23a4fa3c72-cgu.0.rcgu.o)
                0xffff80004022a1d8                core::fmt::num::imp::<impl core::fmt::Display for isize>::fmt
                0xffff80004022a1d8                core::fmt::num::imp::<impl core::fmt::Display for i64>::fmt
 .text._ZN4core3fmt3num3imp52_$LT$impl$u20$core..fmt..Display$u20$for$u20$u16$GT$3fmt17hdb2998ab968581d1E
                0xffff80004022a334      0x104 bin/obj/rslib.a(core-dca77d77b03929cc.core.bbd04c23a4fa3c72-cgu.0.rcgu.o)
                0xffff80004022a334                core::fmt::num::imp::<impl core::fmt::Display for u16>::fmt
 .text._ZN4core3fmt3num3imp52_$LT$impl$u20$core..fmt..Display$u20$for$u20$u32$GT$3fmt17h0b158e54c199f5dbE
                0xffff80004022a438      0x14c bin/obj/rslib.a(core-dca77d77b03929cc.core.bbd04c23a4fa3c72-cgu.0.rcgu.o)
                0xffff80004022a438                core::fmt::num::imp::<impl core::fmt::Display for u32>::fmt
 .text._ZN4core3fmt3num3imp52_$LT$impl$u20$core..fmt..Display$u20$for$u20$u64$GT$3fmt17h64f3911dafa6269fE
                0xffff80004022a584      0x154 bin/obj/rslib.a(core-dca77d77b03929cc.core.bbd04c23a4fa3c72-cgu.0.rcgu.o)
                0xffff80004022a584                core::fmt::num::imp::<impl core::fmt::Display for usize>::fmt
                0xffff80004022a584                core::fmt::num::imp::<impl core::fmt::Display for u64>::fmt
 .text._ZN4core3fmt3num3imp52_$LT$impl$u20$core..fmt..LowerExp$u20$for$u20$i8$GT$3fmt17h58d82f5837eb5be0E
                0xffff80004022a6d8       0x24 bin/obj/rslib.a(core-dca77d77b03929cc.core.bbd04c23a4fa3c72-cgu.0.rcgu.o)
                0xffff80004022a6d8                core::fmt::num::imp::<impl core::fmt::LowerExp for i8>::fmt
 .text._ZN4core3fmt3num3imp52_$LT$impl$u20$core..fmt..LowerExp$u20$for$u20$u8$GT$3fmt17h501ecc2dbdd34467E
                0xffff80004022a6fc       0x18 bin/obj/rslib.a(core-dca77d77b03929cc.core.bbd04c23a4fa3c72-cgu.0.rcgu.o)
                0xffff80004022a6fc                core::fmt::num::imp::<impl core::fmt::LowerExp for u8>::fmt
 .text._ZN4core3fmt3num3imp52_$LT$impl$u20$core..fmt..UpperExp$u20$for$u20$i8$GT$3fmt17ha0f846b22050294aE
                0xffff80004022a714       0x24 bin/obj/rslib.a(core-dca77d77b03929cc.core.bbd04c23a4fa3c72-cgu.0.rcgu.o)
                0xffff80004022a714                core::fmt::num::imp::<impl core::fmt::UpperExp for i8>::fmt
 .text._ZN4core3fmt3num3imp52_$LT$impl$u20$core..fmt..UpperExp$u20$for$u20$u8$GT$3fmt17h010e9c1ce5bc6f83E
                0xffff80004022a738       0x18 bin/obj/rslib.a(core-dca77d77b03929cc.core.bbd04c23a4fa3c72-cgu.0.rcgu.o)
                0xffff80004022a738                core::fmt::num::imp::<impl core::fmt::UpperExp for u8>::fmt
 .text._ZN4core3fmt3num3imp53_$LT$impl$u20$core..fmt..LowerExp$u20$for$u20$i16$GT$3fmt17h0ef11d9cfa7db045E
                0xffff80004022a750       0x24 bin/obj/rslib.a(core-dca77d77b03929cc.core.bbd04c23a4fa3c72-cgu.0.rcgu.o)
                0xffff80004022a750                core::fmt::num::imp::<impl core::fmt::LowerExp for i16>::fmt
 .text._ZN4core3fmt3num3imp53_$LT$impl$u20$core..fmt..LowerExp$u20$for$u20$i32$GT$3fmt17h73a92d63361655e1E
                0xffff80004022a774       0x24 bin/obj/rslib.a(core-dca77d77b03929cc.core.bbd04c23a4fa3c72-cgu.0.rcgu.o)
                0xffff80004022a774                core::fmt::num::imp::<impl core::fmt::LowerExp for i32>::fmt
 .text._ZN4core3fmt3num3imp53_$LT$impl$u20$core..fmt..LowerExp$u20$for$u20$i64$GT$3fmt17he8eaeb98c7470710E
                0xffff80004022a798       0x24 bin/obj/rslib.a(core-dca77d77b03929cc.core.bbd04c23a4fa3c72-cgu.0.rcgu.o)
                0xffff80004022a798                core::fmt::num::imp::<impl core::fmt::LowerExp for isize>::fmt
                0xffff80004022a798                core::fmt::num::imp::<impl core::fmt::LowerExp for i64>::fmt
 .text._ZN4core3fmt3num3imp53_$LT$impl$u20$core..fmt..LowerExp$u20$for$u20$u16$GT$3fmt17h49c4e818814d45dbE
                0xffff80004022a7bc       0x18 bin/obj/rslib.a(core-dca77d77b03929cc.core.bbd04c23a4fa3c72-cgu.0.rcgu.o)
                0xffff80004022a7bc                core::fmt::num::imp::<impl core::fmt::LowerExp for u16>::fmt
 .text._ZN4core3fmt3num3imp53_$LT$impl$u20$core..fmt..LowerExp$u20$for$u20$u32$GT$3fmt17h158f35b2865c949eE
                0xffff80004022a7d4       0x18 bin/obj/rslib.a(core-dca77d77b03929cc.core.bbd04c23a4fa3c72-cgu.0.rcgu.o)
                0xffff80004022a7d4                core::fmt::num::imp::<impl core::fmt::LowerExp for u32>::fmt
 .text._ZN4core3fmt3num3imp53_$LT$impl$u20$core..fmt..LowerExp$u20$for$u20$u64$GT$3fmt17hd02b9c2dab05dc10E
                0xffff80004022a7ec       0x18 bin/obj/rslib.a(core-dca77d77b03929cc.core.bbd04c23a4fa3c72-cgu.0.rcgu.o)
                0xffff80004022a7ec                core::fmt::num::imp::<impl core::fmt::LowerExp for usize>::fmt
                0xffff80004022a7ec                core::fmt::num::imp::<impl core::fmt::LowerExp for u64>::fmt
 .text._ZN4core3fmt3num3imp53_$LT$impl$u20$core..fmt..UpperExp$u20$for$u20$i16$GT$3fmt17h3fab035472132d68E
                0xffff80004022a804       0x24 bin/obj/rslib.a(core-dca77d77b03929cc.core.bbd04c23a4fa3c72-cgu.0.rcgu.o)
                0xffff80004022a804                core::fmt::num::imp::<impl core::fmt::UpperExp for i16>::fmt
 .text._ZN4core3fmt3num3imp53_$LT$impl$u20$core..fmt..UpperExp$u20$for$u20$i32$GT$3fmt17hc873c09afcd74914E
                0xffff80004022a828       0x24 bin/obj/rslib.a(core-dca77d77b03929cc.core.bbd04c23a4fa3c72-cgu.0.rcgu.o)
                0xffff80004022a828                core::fmt::num::imp::<impl core::fmt::UpperExp for i32>::fmt
 .text._ZN4core3fmt3num3imp53_$LT$impl$u20$core..fmt..UpperExp$u20$for$u20$i64$GT$3fmt17he2f6e251da279662E
                0xffff80004022a84c       0x24 bin/obj/rslib.a(core-dca77d77b03929cc.core.bbd04c23a4fa3c72-cgu.0.rcgu.o)
                0xffff80004022a84c                core::fmt::num::imp::<impl core::fmt::UpperExp for isize>::fmt
                0xffff80004022a84c                core::fmt::num::imp::<impl core::fmt::UpperExp for i64>::fmt
 .text._ZN4core3fmt3num3imp53_$LT$impl$u20$core..fmt..UpperExp$u20$for$u20$u16$GT$3fmt17h2e49b62056d088d3E
                0xffff80004022a870       0x18 bin/obj/rslib.a(core-dca77d77b03929cc.core.bbd04c23a4fa3c72-cgu.0.rcgu.o)
                0xffff80004022a870                core::fmt::num::imp::<impl core::fmt::UpperExp for u16>::fmt
 .text._ZN4core3fmt3num3imp53_$LT$impl$u20$core..fmt..UpperExp$u20$for$u20$u32$GT$3fmt17h67f329f6a561b042E
                0xffff80004022a888       0x18 bin/obj/rslib.a(core-dca77d77b03929cc.core.bbd04c23a4fa3c72-cgu.0.rcgu.o)
                0xffff80004022a888                core::fmt::num::imp::<impl core::fmt::UpperExp for u32>::fmt
 .text._ZN4core3fmt3num3imp53_$LT$impl$u20$core..fmt..UpperExp$u20$for$u20$u64$GT$3fmt17h089d5041d0086602E
                0xffff80004022a8a0       0x18 bin/obj/rslib.a(core-dca77d77b03929cc.core.bbd04c23a4fa3c72-cgu.0.rcgu.o)
                0xffff80004022a8a0                core::fmt::num::imp::<impl core::fmt::UpperExp for usize>::fmt
                0xffff80004022a8a0                core::fmt::num::imp::<impl core::fmt::UpperExp for u64>::fmt
 .text._ZN4core3fmt3num3imp7exp_u6417hcfe3e43662793de3E
                0xffff80004022a8b8      0x540 bin/obj/rslib.a(core-dca77d77b03929cc.core.bbd04c23a4fa3c72-cgu.0.rcgu.o)
 .text._ZN4core3fmt3num49_$LT$impl$u20$core..fmt..Debug$u20$for$u20$i8$GT$3fmt17h827ef15b7c2cc75eE
                0xffff80004022adf8      0x18c bin/obj/rslib.a(core-dca77d77b03929cc.core.bbd04c23a4fa3c72-cgu.0.rcgu.o)
 .text._ZN4core3fmt3num49_$LT$impl$u20$core..fmt..Debug$u20$for$u20$u8$GT$3fmt17hbfcfc52b811f831eE
                0xffff80004022af84      0x170 bin/obj/rslib.a(core-dca77d77b03929cc.core.bbd04c23a4fa3c72-cgu.0.rcgu.o)
 .text._ZN4core3fmt3num49_$LT$impl$u20$core..fmt..Octal$u20$for$u20$i8$GT$3fmt17h938552005bb66eb0E
                0xffff80004022b0f4       0x78 bin/obj/rslib.a(core-dca77d77b03929cc.core.bbd04c23a4fa3c72-cgu.0.rcgu.o)
                0xffff80004022b0f4                core::fmt::num::<impl core::fmt::Octal for i8>::fmt
 .text._ZN4core3fmt3num49_$LT$impl$u20$core..fmt..Octal$u20$for$u20$u8$GT$3fmt17hf4ab8ae14edcc341E
                0xffff80004022b16c       0x78 bin/obj/rslib.a(core-dca77d77b03929cc.core.bbd04c23a4fa3c72-cgu.0.rcgu.o)
                0xffff80004022b16c                core::fmt::num::<impl core::fmt::Octal for u8>::fmt
 .text._ZN4core3fmt3num50_$LT$impl$u20$core..fmt..Binary$u20$for$u20$i8$GT$3fmt17h364fc7cada5f95ebE
                0xffff80004022b1e4       0x78 bin/obj/rslib.a(core-dca77d77b03929cc.core.bbd04c23a4fa3c72-cgu.0.rcgu.o)
                0xffff80004022b1e4                core::fmt::num::<impl core::fmt::Binary for i8>::fmt
 .text._ZN4core3fmt3num50_$LT$impl$u20$core..fmt..Binary$u20$for$u20$u8$GT$3fmt17he2c0567fc6506356E
                0xffff80004022b25c       0x78 bin/obj/rslib.a(core-dca77d77b03929cc.core.bbd04c23a4fa3c72-cgu.0.rcgu.o)
                0xffff80004022b25c                core::fmt::num::<impl core::fmt::Binary for u8>::fmt
 .text._ZN4core3fmt3num50_$LT$impl$u20$core..fmt..Debug$u20$for$u20$i16$GT$3fmt17hd85915d27365f48cE
                0xffff80004022b2d4      0x1dc bin/obj/rslib.a(core-dca77d77b03929cc.core.bbd04c23a4fa3c72-cgu.0.rcgu.o)
 .text._ZN4core3fmt3num50_$LT$impl$u20$core..fmt..Debug$u20$for$u20$u16$GT$3fmt17h02c79a3af51ec021E
                0xffff80004022b4b0      0x1c8 bin/obj/rslib.a(core-dca77d77b03929cc.core.bbd04c23a4fa3c72-cgu.0.rcgu.o)
 .text._ZN4core3fmt3num50_$LT$impl$u20$core..fmt..Debug$u20$for$u20$u32$GT$3fmt17hdcaa54ae5b814f37E
                0xffff80004022b678      0x200 bin/obj/rslib.a(core-dca77d77b03929cc.core.bbd04c23a4fa3c72-cgu.0.rcgu.o)
 .text._ZN4core3fmt3num50_$LT$impl$u20$core..fmt..Debug$u20$for$u20$u64$GT$3fmt17h6612a6d4aeffcfe3E
                0xffff80004022b878      0x1fc bin/obj/rslib.a(core-dca77d77b03929cc.core.bbd04c23a4fa3c72-cgu.0.rcgu.o)
 .text._ZN4core3fmt3num50_$LT$impl$u20$core..fmt..Octal$u20$for$u20$i16$GT$3fmt17hb30f0eff41b795d7E
                0xffff80004022ba74       0x78 bin/obj/rslib.a(core-dca77d77b03929cc.core.bbd04c23a4fa3c72-cgu.0.rcgu.o)
                0xffff80004022ba74                core::fmt::num::<impl core::fmt::Octal for i16>::fmt
 .text._ZN4core3fmt3num50_$LT$impl$u20$core..fmt..Octal$u20$for$u20$i32$GT$3fmt17h96bda70b13d869cfE
                0xffff80004022baec       0x78 bin/obj/rslib.a(core-dca77d77b03929cc.core.bbd04c23a4fa3c72-cgu.0.rcgu.o)
                0xffff80004022baec                core::fmt::num::<impl core::fmt::Octal for i32>::fmt
 .text._ZN4core3fmt3num50_$LT$impl$u20$core..fmt..Octal$u20$for$u20$i64$GT$3fmt17hbca0bdf49b956695E
                0xffff80004022bb64       0x78 bin/obj/rslib.a(core-dca77d77b03929cc.core.bbd04c23a4fa3c72-cgu.0.rcgu.o)
                0xffff80004022bb64                core::fmt::num::<impl core::fmt::Octal for i64>::fmt
                0xffff80004022bb64                core::fmt::num::<impl core::fmt::Octal for isize>::fmt
 .text._ZN4core3fmt3num50_$LT$impl$u20$core..fmt..Octal$u20$for$u20$u16$GT$3fmt17haa5505935580f60eE
                0xffff80004022bbdc       0x78 bin/obj/rslib.a(core-dca77d77b03929cc.core.bbd04c23a4fa3c72-cgu.0.rcgu.o)
                0xffff80004022bbdc                core::fmt::num::<impl core::fmt::Octal for u16>::fmt
 .text._ZN4core3fmt3num50_$LT$impl$u20$core..fmt..Octal$u20$for$u20$u32$GT$3fmt17h4a01e2886ae035d3E
                0xffff80004022bc54       0x78 bin/obj/rslib.a(core-dca77d77b03929cc.core.bbd04c23a4fa3c72-cgu.0.rcgu.o)
                0xffff80004022bc54                core::fmt::num::<impl core::fmt::Octal for u32>::fmt
 .text._ZN4core3fmt3num50_$LT$impl$u20$core..fmt..Octal$u20$for$u20$u64$GT$3fmt17hf6bc247530776172E
                0xffff80004022bccc       0x78 bin/obj/rslib.a(core-dca77d77b03929cc.core.bbd04c23a4fa3c72-cgu.0.rcgu.o)
                0xffff80004022bccc                core::fmt::num::<impl core::fmt::Octal for usize>::fmt
                0xffff80004022bccc                core::fmt::num::<impl core::fmt::Octal for u64>::fmt
 .text._ZN4core3fmt3num51_$LT$impl$u20$core..fmt..Binary$u20$for$u20$i16$GT$3fmt17h57858060feef142cE
                0xffff80004022bd44       0x78 bin/obj/rslib.a(core-dca77d77b03929cc.core.bbd04c23a4fa3c72-cgu.0.rcgu.o)
                0xffff80004022bd44                core::fmt::num::<impl core::fmt::Binary for i16>::fmt
 .text._ZN4core3fmt3num51_$LT$impl$u20$core..fmt..Binary$u20$for$u20$i32$GT$3fmt17h0b19d692da06108dE
                0xffff80004022bdbc       0x78 bin/obj/rslib.a(core-dca77d77b03929cc.core.bbd04c23a4fa3c72-cgu.0.rcgu.o)
                0xffff80004022bdbc                core::fmt::num::<impl core::fmt::Binary for i32>::fmt
 .text._ZN4core3fmt3num51_$LT$impl$u20$core..fmt..Binary$u20$for$u20$i64$GT$3fmt17haeba80af4dc4e17eE
                0xffff80004022be34       0x78 bin/obj/rslib.a(core-dca77d77b03929cc.core.bbd04c23a4fa3c72-cgu.0.rcgu.o)
                0xffff80004022be34                core::fmt::num::<impl core::fmt::Binary for isize>::fmt
                0xffff80004022be34                core::fmt::num::<impl core::fmt::Binary for i64>::fmt
 .text._ZN4core3fmt3num51_$LT$impl$u20$core..fmt..Binary$u20$for$u20$u16$GT$3fmt17h994032199faeaac8E
                0xffff80004022beac       0x78 bin/obj/rslib.a(core-dca77d77b03929cc.core.bbd04c23a4fa3c72-cgu.0.rcgu.o)
                0xffff80004022beac                core::fmt::num::<impl core::fmt::Binary for u16>::fmt
 .text._ZN4core3fmt3num51_$LT$impl$u20$core..fmt..Binary$u20$for$u20$u32$GT$3fmt17h97ec4d142d6b0a75E
                0xffff80004022bf24       0x78 bin/obj/rslib.a(core-dca77d77b03929cc.core.bbd04c23a4fa3c72-cgu.0.rcgu.o)
                0xffff80004022bf24                core::fmt::num::<impl core::fmt::Binary for u32>::fmt
 .text._ZN4core3fmt3num51_$LT$impl$u20$core..fmt..Binary$u20$for$u20$u64$GT$3fmt17h88494fdefc0ff8d9E
                0xffff80004022bf9c       0x78 bin/obj/rslib.a(core-dca77d77b03929cc.core.bbd04c23a4fa3c72-cgu.0.rcgu.o)
                0xffff80004022bf9c                core::fmt::num::<impl core::fmt::Binary for u64>::fmt
                0xffff80004022bf9c                core::fmt::num::<impl core::fmt::Binary for usize>::fmt
 .text._ZN4core3fmt3num51_$LT$impl$u20$core..fmt..Debug$u20$for$u20$i128$GT$3fmt17h02f9e17982837adcE
                0xffff80004022c014      0x148 bin/obj/rslib.a(core-dca77d77b03929cc.core.bbd04c23a4fa3c72-cgu.0.rcgu.o)
 .text._ZN4core3fmt3num51_$LT$impl$u20$core..fmt..Debug$u20$for$u20$u128$GT$3fmt17hacbd24b09e2e612dE
                0xffff80004022c15c      0x128 bin/obj/rslib.a(core-dca77d77b03929cc.core.bbd04c23a4fa3c72-cgu.0.rcgu.o)
 .text._ZN4core3fmt3num51_$LT$impl$u20$core..fmt..Octal$u20$for$u20$i128$GT$3fmt17h30a46ebffb686345E
                0xffff80004022c284       0x84 bin/obj/rslib.a(core-dca77d77b03929cc.core.bbd04c23a4fa3c72-cgu.0.rcgu.o)
                0xffff80004022c284                core::fmt::num::<impl core::fmt::Octal for i128>::fmt
 .text._ZN4core3fmt3num51_$LT$impl$u20$core..fmt..Octal$u20$for$u20$u128$GT$3fmt17he9c20ead1f4ddb45E
                0xffff80004022c308       0x84 bin/obj/rslib.a(core-dca77d77b03929cc.core.bbd04c23a4fa3c72-cgu.0.rcgu.o)
                0xffff80004022c308                core::fmt::num::<impl core::fmt::Octal for u128>::fmt
 .text._ZN4core3fmt3num52_$LT$impl$u20$core..fmt..Binary$u20$for$u20$i128$GT$3fmt17h5ddc35715bb3478dE
                0xffff80004022c38c       0x84 bin/obj/rslib.a(core-dca77d77b03929cc.core.bbd04c23a4fa3c72-cgu.0.rcgu.o)
                0xffff80004022c38c                core::fmt::num::<impl core::fmt::Binary for i128>::fmt
 .text._ZN4core3fmt3num52_$LT$impl$u20$core..fmt..Binary$u20$for$u20$u128$GT$3fmt17h7c0ba53f984ef09eE
                0xffff80004022c410       0x84 bin/obj/rslib.a(core-dca77d77b03929cc.core.bbd04c23a4fa3c72-cgu.0.rcgu.o)
                0xffff80004022c410                core::fmt::num::<impl core::fmt::Binary for u128>::fmt
 .text._ZN4core3fmt3num52_$LT$impl$u20$core..fmt..Debug$u20$for$u20$usize$GT$3fmt17h43b30080ace008ecE
                0xffff80004022c494      0x208 bin/obj/rslib.a(core-dca77d77b03929cc.core.bbd04c23a4fa3c72-cgu.0.rcgu.o)
 .text._ZN4core3fmt3num52_$LT$impl$u20$core..fmt..LowerHex$u20$for$u20$i8$GT$3fmt17hf695129635c083b3E
                0xffff80004022c69c       0x78 bin/obj/rslib.a(core-dca77d77b03929cc.core.bbd04c23a4fa3c72-cgu.0.rcgu.o)
                0xffff80004022c69c                core::fmt::num::<impl core::fmt::LowerHex for i8>::fmt
 .text._ZN4core3fmt3num52_$LT$impl$u20$core..fmt..LowerHex$u20$for$u20$u8$GT$3fmt17h41223f6c79c82479E
                0xffff80004022c714       0x78 bin/obj/rslib.a(core-dca77d77b03929cc.core.bbd04c23a4fa3c72-cgu.0.rcgu.o)
                0xffff80004022c714                core::fmt::num::<impl core::fmt::LowerHex for u8>::fmt
 .text._ZN4core3fmt3num52_$LT$impl$u20$core..fmt..UpperHex$u20$for$u20$i8$GT$3fmt17h407840cf8f4701b9E
                0xffff80004022c78c       0x78 bin/obj/rslib.a(core-dca77d77b03929cc.core.bbd04c23a4fa3c72-cgu.0.rcgu.o)
                0xffff80004022c78c                core::fmt::num::<impl core::fmt::UpperHex for i8>::fmt
 .text._ZN4core3fmt3num52_$LT$impl$u20$core..fmt..UpperHex$u20$for$u20$u8$GT$3fmt17h1c056f3c85dae395E
                0xffff80004022c804       0x78 bin/obj/rslib.a(core-dca77d77b03929cc.core.bbd04c23a4fa3c72-cgu.0.rcgu.o)
                0xffff80004022c804                core::fmt::num::<impl core::fmt::UpperHex for u8>::fmt
 .text._ZN4core3fmt3num53_$LT$impl$u20$core..fmt..Display$u20$for$u20$i128$GT$3fmt17h143e7e69baa593e3E
                0xffff80004022c87c       0x78 bin/obj/rslib.a(core-dca77d77b03929cc.core.bbd04c23a4fa3c72-cgu.0.rcgu.o)
                0xffff80004022c87c                core::fmt::num::<impl core::fmt::Display for i128>::fmt
 .text._ZN4core3fmt3num53_$LT$impl$u20$core..fmt..Display$u20$for$u20$u128$GT$3fmt17h93d3e8374317a9ebE
                0xffff80004022c8f4       0x64 bin/obj/rslib.a(core-dca77d77b03929cc.core.bbd04c23a4fa3c72-cgu.0.rcgu.o)
                0xffff80004022c8f4                core::fmt::num::<impl core::fmt::Display for u128>::fmt
 .text._ZN4core3fmt3num53_$LT$impl$u20$core..fmt..LowerHex$u20$for$u20$i16$GT$3fmt17h5b03a43fe071e9d2E
                0xffff80004022c958       0x78 bin/obj/rslib.a(core-dca77d77b03929cc.core.bbd04c23a4fa3c72-cgu.0.rcgu.o)
                0xffff80004022c958                core::fmt::num::<impl core::fmt::LowerHex for i16>::fmt
 .text._ZN4core3fmt3num53_$LT$impl$u20$core..fmt..LowerHex$u20$for$u20$i32$GT$3fmt17hc95ab94a833a1d52E
                0xffff80004022c9d0       0x78 bin/obj/rslib.a(core-dca77d77b03929cc.core.bbd04c23a4fa3c72-cgu.0.rcgu.o)
                0xffff80004022c9d0                core::fmt::num::<impl core::fmt::LowerHex for i32>::fmt
 .text._ZN4core3fmt3num53_$LT$impl$u20$core..fmt..LowerHex$u20$for$u20$i64$GT$3fmt17h78bab8b90a4593cfE
                0xffff80004022ca48       0x78 bin/obj/rslib.a(core-dca77d77b03929cc.core.bbd04c23a4fa3c72-cgu.0.rcgu.o)
                0xffff80004022ca48                core::fmt::num::<impl core::fmt::LowerHex for i64>::fmt
                0xffff80004022ca48                core::fmt::num::<impl core::fmt::LowerHex for isize>::fmt
 .text._ZN4core3fmt3num53_$LT$impl$u20$core..fmt..LowerHex$u20$for$u20$u16$GT$3fmt17h763f8ccc440b53a1E
                0xffff80004022cac0       0x78 bin/obj/rslib.a(core-dca77d77b03929cc.core.bbd04c23a4fa3c72-cgu.0.rcgu.o)
                0xffff80004022cac0                core::fmt::num::<impl core::fmt::LowerHex for u16>::fmt
 .text._ZN4core3fmt3num53_$LT$impl$u20$core..fmt..LowerHex$u20$for$u20$u32$GT$3fmt17h549c5dc88a23e071E
                0xffff80004022cb38       0x78 bin/obj/rslib.a(core-dca77d77b03929cc.core.bbd04c23a4fa3c72-cgu.0.rcgu.o)
                0xffff80004022cb38                core::fmt::num::<impl core::fmt::LowerHex for u32>::fmt
 .text._ZN4core3fmt3num53_$LT$impl$u20$core..fmt..LowerHex$u20$for$u20$u64$GT$3fmt17hdaccb1a7b83ad970E
                0xffff80004022cbb0       0x78 bin/obj/rslib.a(core-dca77d77b03929cc.core.bbd04c23a4fa3c72-cgu.0.rcgu.o)
                0xffff80004022cbb0                core::fmt::num::<impl core::fmt::LowerHex for usize>::fmt
                0xffff80004022cbb0                core::fmt::num::<impl core::fmt::LowerHex for u64>::fmt
 .text._ZN4core3fmt3num53_$LT$impl$u20$core..fmt..UpperHex$u20$for$u20$i16$GT$3fmt17hdc971805de989b2aE
                0xffff80004022cc28       0x78 bin/obj/rslib.a(core-dca77d77b03929cc.core.bbd04c23a4fa3c72-cgu.0.rcgu.o)
                0xffff80004022cc28                core::fmt::num::<impl core::fmt::UpperHex for i16>::fmt
 .text._ZN4core3fmt3num53_$LT$impl$u20$core..fmt..UpperHex$u20$for$u20$i32$GT$3fmt17h7f105a3b4f757369E
                0xffff80004022cca0       0x78 bin/obj/rslib.a(core-dca77d77b03929cc.core.bbd04c23a4fa3c72-cgu.0.rcgu.o)
                0xffff80004022cca0                core::fmt::num::<impl core::fmt::UpperHex for i32>::fmt
 .text._ZN4core3fmt3num53_$LT$impl$u20$core..fmt..UpperHex$u20$for$u20$i64$GT$3fmt17h9e197d4c17bda1a5E
                0xffff80004022cd18       0x78 bin/obj/rslib.a(core-dca77d77b03929cc.core.bbd04c23a4fa3c72-cgu.0.rcgu.o)
                0xffff80004022cd18                core::fmt::num::<impl core::fmt::UpperHex for isize>::fmt
                0xffff80004022cd18                core::fmt::num::<impl core::fmt::UpperHex for i64>::fmt
 .text._ZN4core3fmt3num53_$LT$impl$u20$core..fmt..UpperHex$u20$for$u20$u16$GT$3fmt17h4d373f4e1b192db5E
                0xffff80004022cd90       0x78 bin/obj/rslib.a(core-dca77d77b03929cc.core.bbd04c23a4fa3c72-cgu.0.rcgu.o)
                0xffff80004022cd90                core::fmt::num::<impl core::fmt::UpperHex for u16>::fmt
 .text._ZN4core3fmt3num53_$LT$impl$u20$core..fmt..UpperHex$u20$for$u20$u32$GT$3fmt17hfe57b8c17b9bbf1aE
                0xffff80004022ce08       0x78 bin/obj/rslib.a(core-dca77d77b03929cc.core.bbd04c23a4fa3c72-cgu.0.rcgu.o)
                0xffff80004022ce08                core::fmt::num::<impl core::fmt::UpperHex for u32>::fmt
 .text._ZN4core3fmt3num53_$LT$impl$u20$core..fmt..UpperHex$u20$for$u20$u64$GT$3fmt17h995153f9b3a5bfe9E
                0xffff80004022ce80       0x78 bin/obj/rslib.a(core-dca77d77b03929cc.core.bbd04c23a4fa3c72-cgu.0.rcgu.o)
                0xffff80004022ce80                core::fmt::num::<impl core::fmt::UpperHex for usize>::fmt
                0xffff80004022ce80                core::fmt::num::<impl core::fmt::UpperHex for u64>::fmt
 .text._ZN4core3fmt3num54_$LT$impl$u20$core..fmt..LowerExp$u20$for$u20$i128$GT$3fmt17h30434f360a41b4c4E
                0xffff80004022cef8       0x2c bin/obj/rslib.a(core-dca77d77b03929cc.core.bbd04c23a4fa3c72-cgu.0.rcgu.o)
                0xffff80004022cef8                core::fmt::num::<impl core::fmt::LowerExp for i128>::fmt
 .text._ZN4core3fmt3num54_$LT$impl$u20$core..fmt..LowerExp$u20$for$u20$u128$GT$3fmt17ha11197f8c52dd830E
                0xffff80004022cf24       0x14 bin/obj/rslib.a(core-dca77d77b03929cc.core.bbd04c23a4fa3c72-cgu.0.rcgu.o)
                0xffff80004022cf24                core::fmt::num::<impl core::fmt::LowerExp for u128>::fmt
 .text._ZN4core3fmt3num54_$LT$impl$u20$core..fmt..LowerHex$u20$for$u20$i128$GT$3fmt17hb7c2328b2927a7e4E
                0xffff80004022cf38       0x84 bin/obj/rslib.a(core-dca77d77b03929cc.core.bbd04c23a4fa3c72-cgu.0.rcgu.o)
                0xffff80004022cf38                core::fmt::num::<impl core::fmt::LowerHex for i128>::fmt
 .text._ZN4core3fmt3num54_$LT$impl$u20$core..fmt..LowerHex$u20$for$u20$u128$GT$3fmt17hb4c13cc4839c5400E
                0xffff80004022cfbc       0x84 bin/obj/rslib.a(core-dca77d77b03929cc.core.bbd04c23a4fa3c72-cgu.0.rcgu.o)
                0xffff80004022cfbc                core::fmt::num::<impl core::fmt::LowerHex for u128>::fmt
 .text._ZN4core3fmt3num54_$LT$impl$u20$core..fmt..UpperExp$u20$for$u20$i128$GT$3fmt17h5f34c241245c987fE
                0xffff80004022d040       0x2c bin/obj/rslib.a(core-dca77d77b03929cc.core.bbd04c23a4fa3c72-cgu.0.rcgu.o)
                0xffff80004022d040                core::fmt::num::<impl core::fmt::UpperExp for i128>::fmt
 .text._ZN4core3fmt3num54_$LT$impl$u20$core..fmt..UpperExp$u20$for$u20$u128$GT$3fmt17h6e59dbb5e808480cE
                0xffff80004022d06c       0x14 bin/obj/rslib.a(core-dca77d77b03929cc.core.bbd04c23a4fa3c72-cgu.0.rcgu.o)
                0xffff80004022d06c                core::fmt::num::<impl core::fmt::UpperExp for u128>::fmt
 .text._ZN4core3fmt3num54_$LT$impl$u20$core..fmt..UpperHex$u20$for$u20$i128$GT$3fmt17h37959fbc370fc230E
                0xffff80004022d080       0x84 bin/obj/rslib.a(core-dca77d77b03929cc.core.bbd04c23a4fa3c72-cgu.0.rcgu.o)
                0xffff80004022d080                core::fmt::num::<impl core::fmt::UpperHex for i128>::fmt
 .text._ZN4core3fmt3num54_$LT$impl$u20$core..fmt..UpperHex$u20$for$u20$u128$GT$3fmt17h631d1b7b37eac1b1E
                0xffff80004022d104       0x84 bin/obj/rslib.a(core-dca77d77b03929cc.core.bbd04c23a4fa3c72-cgu.0.rcgu.o)
                0xffff80004022d104                core::fmt::num::<impl core::fmt::UpperHex for u128>::fmt
 .text._ZN4core3fmt3num8exp_u12817h1e087a08c7e7821cE
                0xffff80004022d188      0x908 bin/obj/rslib.a(core-dca77d77b03929cc.core.bbd04c23a4fa3c72-cgu.0.rcgu.o)
 .text._ZN4core3fmt5Write10write_char17h6c9f62c53d255419E
                0xffff80004022da90      0x110 bin/obj/rslib.a(core-dca77d77b03929cc.core.bbd04c23a4fa3c72-cgu.0.rcgu.o)
 .text._ZN4core3fmt5Write10write_char17hab3113e5f50b8d55E
                0xffff80004022dba0      0x110 bin/obj/rslib.a(core-dca77d77b03929cc.core.bbd04c23a4fa3c72-cgu.0.rcgu.o)
 .text._ZN4core3fmt5Write10write_char17hafd2cc98f3cc0f9eE
                0xffff80004022dcb0      0x110 bin/obj/rslib.a(core-dca77d77b03929cc.core.bbd04c23a4fa3c72-cgu.0.rcgu.o)
 .text._ZN4core3fmt5Write10write_char17hafeca256d596fff5E
                0xffff80004022ddc0      0x110 bin/obj/rslib.a(core-dca77d77b03929cc.core.bbd04c23a4fa3c72-cgu.0.rcgu.o)
 .text._ZN4core3fmt5Write9write_fmt17h520d20e91ea5545dE
                0xffff80004022ded0       0x10 bin/obj/rslib.a(core-dca77d77b03929cc.core.bbd04c23a4fa3c72-cgu.0.rcgu.o)
 .text._ZN4core3fmt5Write9write_fmt17h7c092140abd88642E
                0xffff80004022dee0       0x10 bin/obj/rslib.a(core-dca77d77b03929cc.core.bbd04c23a4fa3c72-cgu.0.rcgu.o)
 .text._ZN4core3fmt5Write9write_fmt17h95b21c1cd5581451E
                0xffff80004022def0       0x10 bin/obj/rslib.a(core-dca77d77b03929cc.core.bbd04c23a4fa3c72-cgu.0.rcgu.o)
 .text._ZN4core3fmt5Write9write_fmt17h9e49c072d75e96bdE
                0xffff80004022df00       0x10 bin/obj/rslib.a(core-dca77d77b03929cc.core.bbd04c23a4fa3c72-cgu.0.rcgu.o)
 .text._ZN4core3fmt5Write9write_fmt17hb1a75934f62025f1E
                0xffff80004022df10       0x10 bin/obj/rslib.a(core-dca77d77b03929cc.core.bbd04c23a4fa3c72-cgu.0.rcgu.o)
 .text._ZN4core3fmt5float29float_to_decimal_common_exact17h0e50918e8fa3ee13E
                0xffff80004022df20      0x330 bin/obj/rslib.a(core-dca77d77b03929cc.core.bbd04c23a4fa3c72-cgu.0.rcgu.o)
 .text._ZN4core3fmt5float29float_to_decimal_common_exact17hb9a2c5d04883627eE
                0xffff80004022e250      0x32c bin/obj/rslib.a(core-dca77d77b03929cc.core.bbd04c23a4fa3c72-cgu.0.rcgu.o)
 .text._ZN4core3fmt5float29float_to_decimal_common_exact17hca083ab3e7c8879bE
                0xffff80004022e57c      0x330 bin/obj/rslib.a(core-dca77d77b03929cc.core.bbd04c23a4fa3c72-cgu.0.rcgu.o)
 .text._ZN4core3fmt5float32float_to_decimal_common_shortest17h0ceec187bec91d8aE
                0xffff80004022e8ac      0x274 bin/obj/rslib.a(core-dca77d77b03929cc.core.bbd04c23a4fa3c72-cgu.0.rcgu.o)
 .text._ZN4core3fmt5float32float_to_decimal_common_shortest17hccc6e50c18412f99E
                0xffff80004022eb20      0x270 bin/obj/rslib.a(core-dca77d77b03929cc.core.bbd04c23a4fa3c72-cgu.0.rcgu.o)
 .text._ZN4core3fmt5float32float_to_decimal_common_shortest17he31e808fe2c6de51E
                0xffff80004022ed90      0x274 bin/obj/rslib.a(core-dca77d77b03929cc.core.bbd04c23a4fa3c72-cgu.0.rcgu.o)
 .text._ZN4core3fmt5float33float_to_exponential_common_exact17h139f809f18339707E
                0xffff80004022f004      0x364 bin/obj/rslib.a(core-dca77d77b03929cc.core.bbd04c23a4fa3c72-cgu.0.rcgu.o)
 .text._ZN4core3fmt5float33float_to_exponential_common_exact17h3b54b606a5e93c9aE
                0xffff80004022f368      0x360 bin/obj/rslib.a(core-dca77d77b03929cc.core.bbd04c23a4fa3c72-cgu.0.rcgu.o)
 .text._ZN4core3fmt5float33float_to_exponential_common_exact17h72232f886c9338e7E
                0xffff80004022f6c8      0x364 bin/obj/rslib.a(core-dca77d77b03929cc.core.bbd04c23a4fa3c72-cgu.0.rcgu.o)
 .text._ZN4core3fmt5float36float_to_exponential_common_shortest17hd613faf6d122fffdE
                0xffff80004022fa2c      0x324 bin/obj/rslib.a(core-dca77d77b03929cc.core.bbd04c23a4fa3c72-cgu.0.rcgu.o)
 .text._ZN4core3fmt5float36float_to_exponential_common_shortest17hd81e605b83b8c904E
                0xffff80004022fd50      0x324 bin/obj/rslib.a(core-dca77d77b03929cc.core.bbd04c23a4fa3c72-cgu.0.rcgu.o)
 .text._ZN4core3fmt5float36float_to_exponential_common_shortest17hf01e77856c0611c9E
                0xffff800040230074      0x320 bin/obj/rslib.a(core-dca77d77b03929cc.core.bbd04c23a4fa3c72-cgu.0.rcgu.o)
 .text._ZN4core3fmt5float50_$LT$impl$u20$core..fmt..Debug$u20$for$u20$f16$GT$3fmt17h98073eaa521987d1E
                0xffff800040230394       0x84 bin/obj/rslib.a(core-dca77d77b03929cc.core.bbd04c23a4fa3c72-cgu.0.rcgu.o)
                0xffff800040230394                core::fmt::float::<impl core::fmt::Debug for f16>::fmt
 .text._ZN4core3fmt5float50_$LT$impl$u20$core..fmt..Debug$u20$for$u20$f32$GT$3fmt17h356a0d769d6699d8E
                0xffff800040230418       0x78 bin/obj/rslib.a(core-dca77d77b03929cc.core.bbd04c23a4fa3c72-cgu.0.rcgu.o)
                0xffff800040230418                core::fmt::float::<impl core::fmt::Debug for f32>::fmt
 .text._ZN4core3fmt5float50_$LT$impl$u20$core..fmt..Debug$u20$for$u20$f64$GT$3fmt17hf05e6bf68a96b818E
                0xffff800040230490       0x70 bin/obj/rslib.a(core-dca77d77b03929cc.core.bbd04c23a4fa3c72-cgu.0.rcgu.o)
                0xffff800040230490                core::fmt::float::<impl core::fmt::Debug for f64>::fmt
 .text._ZN4core3fmt5float52_$LT$impl$u20$core..fmt..Display$u20$for$u20$f16$GT$3fmt17h99e2214d9239d00dE
                0xffff800040230500       0x2c bin/obj/rslib.a(core-dca77d77b03929cc.core.bbd04c23a4fa3c72-cgu.0.rcgu.o)
                0xffff800040230500                core::fmt::float::<impl core::fmt::Display for f16>::fmt
 .text._ZN4core3fmt5float52_$LT$impl$u20$core..fmt..Display$u20$for$u20$f32$GT$3fmt17h65e0a609525384cfE
                0xffff80004023052c       0x2c bin/obj/rslib.a(core-dca77d77b03929cc.core.bbd04c23a4fa3c72-cgu.0.rcgu.o)
                0xffff80004023052c                core::fmt::float::<impl core::fmt::Display for f32>::fmt
 .text._ZN4core3fmt5float52_$LT$impl$u20$core..fmt..Display$u20$for$u20$f64$GT$3fmt17he0314ea48bfe4fd0E
                0xffff800040230558       0x2c bin/obj/rslib.a(core-dca77d77b03929cc.core.bbd04c23a4fa3c72-cgu.0.rcgu.o)
                0xffff800040230558                core::fmt::float::<impl core::fmt::Display for f64>::fmt
 .text._ZN4core3fmt5float53_$LT$impl$u20$core..fmt..LowerExp$u20$for$u20$f16$GT$3fmt17h32eae0d8e61a65e8E
                0xffff800040230584       0x38 bin/obj/rslib.a(core-dca77d77b03929cc.core.bbd04c23a4fa3c72-cgu.0.rcgu.o)
                0xffff800040230584                core::fmt::float::<impl core::fmt::LowerExp for f16>::fmt
 .text._ZN4core3fmt5float53_$LT$impl$u20$core..fmt..LowerExp$u20$for$u20$f32$GT$3fmt17h48c202800b407b9eE
                0xffff8000402305bc       0x38 bin/obj/rslib.a(core-dca77d77b03929cc.core.bbd04c23a4fa3c72-cgu.0.rcgu.o)
                0xffff8000402305bc                core::fmt::float::<impl core::fmt::LowerExp for f32>::fmt
 .text._ZN4core3fmt5float53_$LT$impl$u20$core..fmt..LowerExp$u20$for$u20$f64$GT$3fmt17h12fcc30f7b05009fE
                0xffff8000402305f4       0x38 bin/obj/rslib.a(core-dca77d77b03929cc.core.bbd04c23a4fa3c72-cgu.0.rcgu.o)
                0xffff8000402305f4                core::fmt::float::<impl core::fmt::LowerExp for f64>::fmt
 .text._ZN4core3fmt5float53_$LT$impl$u20$core..fmt..UpperExp$u20$for$u20$f16$GT$3fmt17h83654050f23ca0ecE
                0xffff80004023062c       0x38 bin/obj/rslib.a(core-dca77d77b03929cc.core.bbd04c23a4fa3c72-cgu.0.rcgu.o)