Archive member included to satisfy reference by file (symbol)

bin/obj/rslib.a(imx8mp_kernel-1a53598e06c50be6.imx8mp_kernel.241a9a11e0e6ae75-cgu.0.rcgu.o)
                              bin/obj/kernel/init/init.o (rust_kernel_initcalls_stage0)
bin/obj/rslib.a(core-dca77d77b03929cc.core.bbd04c23a4fa3c72-cgu.0.rcgu.o)
                              bin/obj/rslib.a(imx8mp_kernel-1a53598e06c50be6.imx8mp_kernel.241a9a11e0e6ae75-cgu.0.rcgu.o) (core::panicking::panic_fmt)
bin/obj/rslib.a(compiler_builtins-fabd8ee97a026881.compiler_builtins.f286be164c3a919f-cgu.099.rcgu.o)
                              bin/obj/rslib.a(core-dca77d77b03929cc.core.bbd04c23a4fa3c72-cgu.0.rcgu.o) (memcmp)
bin/obj/rslib.a(compiler_builtins-fabd8ee97a026881.compiler_builtins.f286be164c3a919f-cgu.173.rcgu.o)
                              bin/obj/kernel/mm/virt/containers/containers.o (memcpy)
bin/obj/rslib.a(compiler_builtins-fabd8ee97a026881.compiler_builtins.f286be164c3a919f-cgu.242.rcgu.o)
                              bin/obj/drivers/arm_generic_timer/arm_generic_timer.o (__udivti3)
bin/obj/rslib.a(compiler_builtins-fabd8ee97a026881.compiler_builtins.f286be164c3a919f-cgu.295.rcgu.o)
                              bin/obj/kernel/mm/virt/containers/containers.o (memset)
bin/obj/rslib.a(ee225a53f1a5b703-lse_ldadd4_acq_rel.o)
                              bin/obj/lib/lock/corelock.o (__aarch64_ldadd4_acq_rel)
bin/obj/rslib.a(ee225a53f1a5b703-lse_ldadd8_acq_rel.o)
                              bin/obj/kernel/io/term/term.o (__aarch64_ldadd8_acq_rel)
bin/obj/rslib.a(670c1ed24249df13-aarch64.o)
                              bin/obj/rslib.a(ee225a53f1a5b703-lse_ldadd4_acq_rel.o) (__aarch64_have_lse_atomics)
bin/obj/rslib.a(compiler_builtins-fabd8ee97a026881.compiler_builtins.f286be164c3a919f-cgu.018.rcgu.o)
                              bin/obj/rslib.a(compiler_builtins-fabd8ee97a026881.compiler_builtins.f286be164c3a919f-cgu.242.rcgu.o) (compiler_builtins::int::specialized_div_rem::u128_div_rem)

Merging program properties


Discarded input sections

 .group         0x0000000000000000        0xc bin/obj/kernel/devices/drivers.o
 .group         0x0000000000000000        0xc bin/obj/kernel/devices/drivers.o
 .group         0x0000000000000000        0xc bin/obj/kernel/devices/drivers.o
 .group         0x0000000000000000        0xc bin/obj/kernel/devices/drivers.o
 .group         0x0000000000000000        0xc bin/obj/kernel/devices/drivers.o
 .group         0x0000000000000000        0xc bin/obj/kernel/devices/drivers.o
 .group         0x0000000000000000        0xc bin/obj/kernel/devices/drivers.o
 .group         0x0000000000000000        0xc bin/obj/kernel/devices/drivers.o
 .group         0x0000000000000000        0xc bin/obj/kernel/devices/drivers.o
 .group         0x0000000000000000        0xc bin/obj/kernel/devices/drivers.o
 .group         0x0000000000000000        0xc bin/obj/kernel/devices/drivers.o
 .group         0x0000000000000000        0xc bin/obj/kernel/devices/drivers.o
 .group         0x0000000000000000        0xc bin/obj/kernel/devices/drivers.o
 .group         0x0000000000000000        0xc bin/obj/kernel/devices/drivers.o
 .group         0x0000000000000000        0xc bin/obj/kernel/devices/drivers.o
 .group         0x0000000000000000        0xc bin/obj/kernel/devices/drivers.o
 .group         0x0000000000000000        0xc bin/obj/kernel/devices/drivers.o
 .group         0x0000000000000000        0xc bin/obj/kernel/devices/drivers.o
 .group         0x0000000000000000        0xc bin/obj/kernel/devices/drivers.o
 .group         0x0000000000000000        0xc bin/obj/kernel/devices/drivers.o
 .group         0x0000000000000000        0xc bin/obj/kernel/init/early_init.o
 .group         0x0000000000000000        0xc bin/obj/kernel/init/early_init.o
 .group         0x0000000000000000        0xc bin/obj/kernel/init/early_init.o
 .group         0x0000000000000000        0xc bin/obj/kernel/init/early_init.o
 .group         0x0000000000000000        0xc bin/obj/kernel/init/early_init.o
 .group         0x0000000000000000        0xc bin/obj/kernel/init/early_init.o
 .group         0x0000000000000000        0xc bin/obj/kernel/init/early_init.o
 .group         0x0000000000000000        0xc bin/obj/kernel/init/early_init.o
 .group         0x0000000000000000        0xc bin/obj/kernel/init/early_init.o
 .group         0x0000000000000000        0xc bin/obj/kernel/init/early_init.o
 .group         0x0000000000000000        0xc bin/obj/kernel/init/early_init.o
 .group         0x0000000000000000        0xc bin/obj/kernel/init/early_init.o
 .group         0x0000000000000000        0xc bin/obj/kernel/init/early_init.o
 .group         0x0000000000000000        0xc bin/obj/kernel/init/early_init.o
 .group         0x0000000000000000        0xc bin/obj/kernel/init/early_init.o
 .group         0x0000000000000000        0xc bin/obj/kernel/init/early_init.o
 .debug_macro   0x0000000000000000      0xb62 bin/obj/kernel/init/early_init.o
[...]
Memory Configuration

Name             Origin             Length             Attributes
HI_VMEM          0xffff800000000000 0x0000800000000000 xrw
DDR_HI           0x0000000100000000 0x0000000140000000 xrw
DDR_LO           0x0000000040000000 0x00000000c0000000 xrw
DDR              0x0000000040000000 0x0000000200000000 xrw
DDR_KERNEL       0x0000000040200000 0x00000001ffe00000 xrw
RESERVED_3F      0x000000003f000000 0x0000000001000000 rw
RESERVED_3E      0x000000003e000000 0x0000000001000000 rw
DDRC_PHY_BCAST   0x000000003dc00000 0x0000000000400000 rw
DDRC_PERF_MON    0x000000003d800000 0x0000000000400000 rw
DDRC_CTL         0x000000003d400000 0x0000000000400000 rw
RESERVED_3D10    0x000000003d100000 0x0000000000300000 rw
DDRC_BLK_CTRL    0x000000003d000000 0x0000000000100000 rw
DDRC_PHY         0x000000003c000000 0x0000000001000000 rw
AUDIO_DSP        0x000000003b000000 0x0000000001000000 rw
GIC              0x0000000038800000 0x0000000000100000 rw
NPU              0x0000000038500000 0x0000000000200000 rw
VPU              0x0000000038340000 0x0000000000200000 rw
VPU_BLK_CTRL     0x0000000038330000 0x0000000000200000 rw
VPU_VC8000E      0x0000000038320000 0x0000000000200000 rw
VPU_G2           0x0000000038310000 0x0000000000200000 rw
VPU_G1           0x0000000038300000 0x0000000000200000 rw
USB2             0x0000000038200000 0x0000000000100000 rw
USB1             0x0000000038100000 0x0000000000100000 rw
GPU_3D           0x0000000038000000 0x0000000000008000 rw
GPU_2D           0x0000000038008000 0x0000000000008000 rw
QSPI_RX          0x0000000036000000 0x0000000002000000 rw
QSPI_RX_1        0x0000000034000000 0x0000000002000000 rw
QSPI_TX          0x0000000033008000 0x0000000000008000 rw
APBH_DMA         0x0000000033000000 0x0000000000008000 rw
AIPS_1           0x0000000030000000 0x0000000000400000 rw
AIPS_2           0x0000000030400000 0x0000000000400000 rw
AIPS_3           0x0000000030800000 0x0000000000400000 rw
AIPS_4           0x0000000032c00000 0x0000000000400000 rw
AIPS_5           0x0000000030c00000 0x0000000000400000 rw
PCIE_REG         0x0000000018000000 0x0000000008000000 rw
OCRAM            0x0000000000900000 0x0000000000090000 xrw
OCRAM_S          0x0000000000180000 0x0000000000009000 rw
OCRAM_S2         0x0000000000189000 0x0000000000007000 rw
CAAM_SEC_RAM     0x0000000000108000 0x0000000000008000 rw
BOOT_ROM         0x0000000000000000 0x000000000003f000 r
*default*        0x0000000000000000 0xffffffffffffffff

Linker script and memory map

                0x0000000000000004                __NUM_CORES = 0x4
                0x0000000000020000                __EL2_STACK_SIZE = 0x20000
                0x0000000000100000                __EL1_STACK_SIZE = 0x100000
                0x0000000000200000                __TFA_PROTECTED_SIZE = 0x200000
                0xffff800000000000                HI_VA_BASE = 0xffff800000000000
                0x0000800000000000                HI_VA_SIZE = 0x800000000000
                0x0000000040200000                KERNEL_PA_BASE = (ORIGIN (DDR) + __TFA_PROTECTED_SIZE)
                0xffff800040200000                KERNEL_VA_BASE = (KERNEL_PA_BASE + HI_VA_BASE)
                0xffff800040200000                . = KERNEL_VA_BASE

.text           0xffff800040200000    0x4c000 load address 0x0000000040200000
                0xffff800040200000                __text_start = .
 *(.text.boot)
 .text.boot     0xffff800040200000       0xc8 bin/obj/__boot/boot.o
                0xffff800040200000                _start
 *(.text*)
 .text          0xffff8000402000c8       0x20 bin/obj/__kernel/mm/mm.o
                0xffff8000402000c8                _get_pc
                0xffff8000402000d0                _mm_kva_to_kpa
                0xffff8000402000dc                _mm_kpa_to_kva
 *fill*         0xffff8000402000e8        0x8 
 .text          0xffff8000402000f0       0x40 bin/obj/__kernel/mm/reloc/reloc.o
                0xffff8000402000f0                _jmp_to_with_offset
                0xffff8000402000f8                _reloc_cfg_end
                0xffff800040200124                _return_to_kernel_entry
 .text          0xffff800040200130      0x100 bin/obj/__kernel/scheduler/scheduler.o
                0xffff800040200130                _scheduler_loop_cpu_enter
                0xffff800040200208                _scheduler_loop_cpu_exit
 .text          0xffff800040200230       0x40 bin/obj/__arm/cache/cache.o
                0xffff800040200230                _cache_flush_range
 .text          0xffff800040200270       0x3c bin/obj/__arm/cache/icache.o
                0xffff800040200270                _icache_flush_range
 .text          0xffff8000402002ac       0x3c bin/obj/__arm/cache/dcache.o
                0xffff8000402002ac                _dcache_flush_range
 *fill*         0xffff8000402002e8        0x8 
 .text          0xffff8000402002f0       0x10 bin/obj/__arm/tfa/smccc.o
                0xffff8000402002f0                _smc_call
 .text          0xffff800040200300      0x114 bin/obj/__arm/sysregs/arm_generic_timer.o
                0xffff800040200300                _ARM_CNTFRQ_EL0_set
                0xffff80004020030c                _ARM_CNTFRQ_EL0_get
                0xffff800040200314                _ARM_CNTPCT_EL0_get
                0xffff80004020031c                _ARM_CNTVCT_EL0_get
                0xffff800040200324                _ARM_CNTP_CTL_EL0_set
                0xffff800040200330                _ARM_CNTP_CTL_EL0_get
                0xffff800040200338                _ARM_CNTP_CVAL_EL0_set
                0xffff800040200344                _ARM_CNTP_CVAL_EL0_get
                0xffff80004020034c                _ARM_CNTP_TVAL_EL0_set
                0xffff800040200358                _ARM_CNTP_TVAL_EL0_get
                0xffff800040200360                _ARM_CNTV_CTL_EL0_set
                0xffff80004020036c                _ARM_CNTV_CTL_EL0_get
                0xffff800040200374                _ARM_CNTV_CVAL_EL0_set
                0xffff800040200380                _ARM_CNTV_CVAL_EL0_get
                0xffff800040200388                _ARM_CNTV_TVAL_EL0_set
                0xffff800040200394                _ARM_CNTV_TVAL_EL0_get
                0xffff80004020039c                _ARM_CNTKCTL_EL1_set
                0xffff8000402003a8                _ARM_CNTKCTL_EL1_get
                0xffff8000402003b0                _ARM_CNTHCTL_EL2_set
                0xffff8000402003bc                _ARM_CNTHCTL_EL2_get
                0xffff8000402003c4                _ARM_CNTVOFF_EL2_set
                0xffff8000402003d0                _ARM_CNTVOFF_EL2_get
                0xffff8000402003d8                _ARM_CNTPS_CTL_EL1_set
                0xffff8000402003e4                _ARM_CNTPS_CTL_EL1_get
                0xffff8000402003ec                _ARM_CNTPS_CVAL_EL1_set
                0xffff8000402003f8                _ARM_CNTPS_CVAL_EL1_get
                0xffff800040200400                _ARM_CNTPS_TVAL_EL1_set
                0xffff80004020040c                _ARM_CNTPS_TVAL_EL1_get
 *fill*         0xffff800040200414      0x3ec 
 .text          0xffff800040200800     0x1100 bin/obj/__arm/exceptions/el2_vectors.o
                0xffff800040200800                _el2_init_vector
 .text          0xffff800040201900       0x68 bin/obj/__arm/exceptions/exceptions.o
                0xffff800040201900                _exceptions_get_DAIF
                0xffff800040201908                _fiq_exceptions_enable
                0xffff800040201914                _irq_exceptions_enable
                0xffff800040201920                _serror_exceptions_enable
                0xffff80004020192c                _debug_exceptions_enable
                0xffff800040201938                _fiq_exceptions_disable
                0xffff800040201944                _irq_exceptions_disable
                0xffff800040201950                _serror_exceptions_disable
                0xffff80004020195c                _debug_exceptions_disable
 *fill*         0xffff800040201968      0x698 
 .text          0xffff800040202000     0x2180 bin/obj/__arm/exceptions/el1_vectors.o
                0xffff800040202000                _el1_init_vector
 .text          0xffff800040204180        0x8 bin/obj/__arm/cpu.o
                0xffff800040204180                _ARM_get_sp
 *fill*         0xffff800040204188        0x8 
 .text          0xffff800040204190       0xa0 bin/obj/__arm/mmu/regs/mmu_sysregs.o
                0xffff800040204190                _mmu_get_MAIR_EL1
                0xffff800040204198                _mmu_set_MAIR_EL1
                0xffff8000402041d0                _mmu_get_SCTLR_EL1
                0xffff8000402041d8                _mmu_set_SCTLR_EL1
                0xffff8000402041e4                _mmu_get_TTBR0_EL1
                0xffff8000402041ec                _mmu_set_TTBR0_EL1
                0xffff8000402041fc                _mmu_get_TTBR1_EL1
                0xffff800040204204                _mmu_set_TTBR1_EL1
                0xffff800040204214                _mmu_get_TCR_EL1
                0xffff80004020421c                _mmu_set_TCR_EL1
                0xffff800040204228                _mmu_get_ID_AA64MMFR0_EL1
 .text          0xffff800040204230       0x3c bin/obj/__lib/lock/spinlock_irq.o
                0xffff800040204230                _spin_lock_irqsave
                0xffff80004020424c                _spin_unlock_irqrestore
 *fill*         0xffff80004020426c        0x4 
 .text          0xffff800040204270       0x6c bin/obj/__lib/lock/spinlock.o
                0xffff800040204270                _spin_try_lock
                0xffff800040204298                _spin_lock
                0xffff8000402042b8                _spin_unlock
 *fill*         0xffff8000402042dc        0x4 
 .text          0xffff8000402042e0       0x14 bin/obj/__lib/lock/irqlock.o
                0xffff8000402042e0                _irq_lock
                0xffff8000402042ec                _irq_unlock
 .text          0xffff8000402042f4       0xc0 bin/obj/__lib/lock/corelock.o
                0xffff8000402042f4                _core_lock
                0xffff800040204338                _core_unlock
                0xffff800040204368                _core_try_lock
 *fill*         0xffff8000402043b4        0xc 
 .text          0xffff8000402043c0      0x250 bin/obj/__lib/mem/memcpy/memcpy.o
                0xffff8000402043c0                _memcpy
                0xffff8000402044d0                _memcpy64
                0xffff800040204500                _memcpy32
                0xffff800040204530                _memcpy16
                0xffff800040204560                _memcpy8
                0xffff800040204590                _memcpy4
                0xffff8000402045c0                _memcpy2
                0xffff8000402045f0                _memcpy1
 .text          0xffff800040204610      0x13c bin/obj/__lib/mem/memzero/memzero.o
                0xffff800040204610                _memzero
                0xffff800040204708                _memzero64
 .text          0xffff80004020474c        0x8 bin/obj/__lib/mem/mem.o
                0xffff80004020474c                _ID_AA64MMFR0_EL1_read
 *fill*         0xffff800040204754        0x4 
 .text          0xffff800040204758       0x60 bin/obj/__boot/clean_bss.o
                0xffff800040204758                _clean_bss
 *fill*         0xffff8000402047b8        0x8 
 .text          0xffff8000402047c0       0x8c bin/obj/__boot/el1.o
                0xffff8000402047c0                _switch_to_el1
                0xffff800040204820                _el1_entry
 *fill*         0xffff80004020484c        0x4 
 .text          0xffff800040204850       0x98 bin/obj/__boot/stacks.o
                0xffff800040204850                _setup_stack_el1
                0xffff800040204884                _reset_stack_el1
 *fill*         0xffff8000402048e8        0x8 
 .text          0xffff8000402048f0       0x68 bin/obj/__boot/secondary_entry.o
                0xffff8000402048f0                _secondary_entry
 .text          0xffff800040204958      0x108 bin/obj/__boot/gpr.o
                0xffff800040204958                _init_gpr
 .text          0xffff800040204a60        0x0 bin/obj/__boot/boot.o
 .text          0xffff800040204a60        0x8 bin/obj/__drivers/tmu/tmu_critical_default.o
                0xffff800040204a60                _TMU_critical_hang
 *fill*         0xffff800040204a68        0x8 
 .text          0xffff800040204a70       0x3c bin/obj/__drivers/interrupts/gicv3/gicv3_arm_interface.o
                0xffff800040204a70                _GICV3_ARM_ICC_SRE_EL1_write
                0xffff800040204a7c                _GICV3_ARM_ICC_PMR_EL1_write
                0xffff800040204a88                _GICV3_ARM_ICC_PMR_EL1_read
                0xffff800040204a90                _GICV3_ARM_ICC_IGRPEN1_EL1_write
                0xffff800040204a9c                _GICV3_ARM_ICC_IAR1_EL1_read
                0xffff800040204aa4                _GICV3_ARM_ICC_EOIR1_EL1_write
 .text          0xffff800040204aac        0x0 bin/obj/kernel/devices/drivers.o
 .text          0xffff800040204aac       0x1c bin/obj/kernel/init/early_init.o
                0xffff800040204aac                kernel_early_init
 .text          0xffff800040204ac8      0x1c0 bin/obj/kernel/init/init_drivers.o
 .text          0xffff800040204c88      0x134 bin/obj/kernel/init/init.o
                0xffff800040204c88                kernel_init
 .text          0xffff800040204dbc       0x64 bin/obj/kernel/lib/smp.o
                0xffff800040204dbc                wake_core
 .text          0xffff800040204e20      0xa34 bin/obj/kernel/lib/kvec.o
                0xffff800040205518                kvec_push
                0xffff8000402055b4                kvec_pop
                0xffff80004020568c                kvec_set
                0xffff80004020575c                kvec_get_copy
                0xffff8000402057e0                kvec_get_mut
 .text          0xffff800040205854     0x21a4 bin/obj/kernel/mm/phys/page_allocator.o
                0xffff80004020697c                page_malloc
                0xffff800040206b6c                page_free
                0xffff800040206d28                page_allocator_update_tag
                0xffff800040206f04                page_allocator_get_data
                0xffff800040206fa8                page_allocator_set_data
                0xffff8000402072bc                page_allocator_init
                0xffff80004020760c                page_allocator_update_memregs
                0xffff800040207870                page_allocator_debug
 .text          0xffff8000402079f8        0x0 bin/obj/kernel/mm/init/mem_regions/mem_regions.o
 .text          0xffff8000402079f8     0x196c bin/obj/kernel/mm/init/mem_regions/early_kalloc.o
                0xffff800040208264                early_kalloc_init
                0xffff800040208d38                early_kalloc
                0xffff800040208fec                early_kalloc_get_memregs
                0xffff80004020925c                early_kalloc_debug
 .text          0xffff800040209364       0x74 bin/obj/kernel/mm/init/init.o
                0xffff800040209364                mm_early_init
                0xffff8000402093bc                mm_init
 .text          0xffff8000402093d8      0xa08 bin/obj/kernel/mm/init/identity_mapping.o
                0xffff800040209874                early_identity_mapping
 .text          0xffff800040209de0      0xf84 bin/obj/kernel/mm/virt/containers/containers.o
                0xffff80004020a45c                vmalloc_init_containers
                0xffff80004020a518                get_new_fva_node
                0xffff80004020a5cc                get_new_rva_node
                0xffff80004020a680                free_fva_node
                0xffff80004020a8c8                free_rva_node
                0xffff80004020abb4                vmalloc_containers_debug_fva
                0xffff80004020ac90                vmalloc_containers_debug_rva
 .text          0xffff80004020ad64     0x13d0 bin/obj/kernel/mm/virt/mdt/mdt.o
                0xffff80004020b528                vmalloc_pa_mdt_init
                0xffff80004020bbdc                vmalloc_pa_mdt_push
                0xffff80004020be64                vmalloc_pa_mdt_free
 .text          0xffff80004020c134     0x3110 bin/obj/kernel/mm/virt/vmalloc.o
                0xffff80004020c990                vmalloc_init
                0xffff80004020ca84                vmalloc_update_memregs
                0xffff80004020de1c                vmalloc
                0xffff80004020e104                vmalloc_get_free_bytes
                0xffff80004020e19c                vmalloc_get_reserved_bytes
                0xffff80004020e234                vmalloc_update_tag
                0xffff80004020e388                vmalloc_get_addr_info
                0xffff80004020e574                vmalloc_get_token
                0xffff80004020e888                __vmalloc_token__vmalloc_get_mdt
                0xffff80004020e8b4                __voidptr__vmalloc_get_mdt
                0xffff80004020e8dc                vmalloc_push_pa
                0xffff80004020e924                vmalloc_get_pa_count
                0xffff80004020e954                vmalloc_get_pa_info
                0xffff80004020ea2c                __vmalloc_token__vfree
                0xffff80004020ea94                __voidptr__vfree
                0xffff80004020eac4                vmalloc_debug_free
                0xffff80004020ece8                vmalloc_debug_reserved
                0xffff80004020efc0                vmalloc_debug_nodes
 .text          0xffff80004020f244     0x11e0 bin/obj/kernel/mm/malloc/raw_kmalloc/raw_kmalloc.o
                0xffff80004020fc5c                raw_kmalloc_init
                0xffff80004020fc7c                __raw_kmalloc
                0xffff80004020ffd0                raw_kfree
                0xffff8000402103e0                raw_kmalloc_lock
                0xffff800040210400                raw_kmalloc_unlock
 .text          0xffff800040210424     0x18a4 bin/obj/kernel/mm/malloc/cache_malloc/cache_malloc.o
                0xffff8000402108ec                cache_malloc_init
                0xffff800040210f64                cache_malloc
                0xffff80004021149c                cache_free
                0xffff800040211b28                cache_malloc_size_from_ptr
 .text          0xffff800040211cc8      0x9fc bin/obj/kernel/mm/malloc/internal/reserve_malloc.o
                0xffff800040211df4                reserve_malloc_init
                0xffff800040212060                reserve_malloc
                0xffff8000402123c0                reserve_malloc_fill
 .text          0xffff8000402126c4      0x384 bin/obj/kernel/mm/malloc/kmalloc/kmalloc.o
                0xffff80004021277c                kmalloc
                0xffff800040212878                kfree
 .text          0xffff800040212a48     0x1698 bin/obj/kernel/mm/malloc/umalloc.o
                0xffff8000402132c8                umalloc
                0xffff80004021399c                umalloc_assign_pa
                0xffff800040213c9c                ufree
                0xffff800040213e88                uregion_is_allocated
                0xffff800040213f60                uregion_is_assigned
 .text          0xffff8000402140e0      0x440 bin/obj/kernel/mm/reloc/reloc.o
                0xffff800040214248                mm_reloc_kernel
                0xffff8000402142dc                reloc_cfg_end
 .text          0xffff800040214520      0x57c bin/obj/kernel/mm/mm_mmu/mm_mmu.o
                0xffff800040214828                mm_mmu_mapping_new
                0xffff800040214910                mm_mmu_early_init
                0xffff800040214990                mm_mmu_core_handler_get
                0xffff8000402149c8                mm_mmu_core_handler_get_self
 .text          0xffff800040214a9c       0xd4 bin/obj/kernel/mm/mm.o
                0xffff800040214ad8                mm_kernel_is_relocated
                0xffff800040214b08                mm_dbg_print_mmu
                0xffff800040214b10                mm_va_is_in_kmap_range
 .text          0xffff800040214b70      0x870 bin/obj/kernel/mm/mm_info.o
                0xffff800040214d3c                mm_info_init
                0xffff800040215380                mm_info_ddr_size
                0xffff800040215390                mm_info_ddr_start
                0xffff8000402153a0                mm_info_ddr_end
                0xffff8000402153b0                mm_info_kernel_start
                0xffff8000402153c0                mm_info_page_count
                0xffff8000402153d0                mm_info_mm_addr_space
 .text          0xffff8000402153e0      0x80c bin/obj/kernel/mm/elf.o
                0xffff8000402154d0                elf_load
 .text          0xffff800040215bec      0x8c4 bin/obj/kernel/io/term/buffers.o
                0xffff800040215f6c                term_buffer_push
                0xffff8000402160a4                term_buffer_pop
                0xffff80004021631c                term_buffer_peek
 .text          0xffff8000402164b0      0x508 bin/obj/kernel/io/term/term.o
                0xffff8000402164f8                term_new
                0xffff8000402165a0                term_delete
                0xffff80004021666c                term_printc
                0xffff8000402166bc                term_prints
                0xffff800040216760                term_printf
                0xffff8000402167e4                term_flush
 .text          0xffff8000402169b8      0x2f8 bin/obj/kernel/io/stdio.o
                0xffff800040216ac8                io_early_init
                0xffff800040216b44                io_init
                0xffff800040216bbc                io_flush
                0xffff800040216be8                fkprintf
                0xffff800040216c7c                fkprint
 .text          0xffff800040216cb0       0xdc bin/obj/kernel/io/stdputc.o
 .text          0xffff800040216d8c      0xa48 bin/obj/kernel/panic/panic_exception/esr/data_abort.o
                0xffff800040217530                print_data_abort_info
 .text          0xffff8000402177d4      0xbf4 bin/obj/kernel/panic/panic_exception/esr/esr.o
                0xffff800040217d9c                print_esr
 .text          0xffff8000402183c8      0x24c bin/obj/kernel/panic/panic_exception/panic_exception_handlers.o
                0xffff800040218538                handle_sync_panic
                0xffff800040218578                handle_irq_panic
                0xffff8000402185ac                handle_fiq_panic
                0xffff8000402185e0                handle_serror_panic
 .text          0xffff800040218614      0x480 bin/obj/kernel/panic/panic.o
                0xffff800040218a4c                panic
                0xffff800040218a68                panicr
 .text          0xffff800040218a94      0x874 bin/obj/kernel/exception/el0/sync/sync.o
                0xffff800040218b60                exception_handler_sync
 .text          0xffff800040219308      0x260 bin/obj/kernel/exception/el1/irq.o
                0xffff800040219510                exception_handler_irq
 .text          0xffff800040219568      0x440 bin/obj/kernel/scheduler/task.o
                0xffff800040219814                task_ctl_init
                0xffff800040219840                utask_new
                0xffff800040219988                utask_delete
 .text          0xffff8000402199a8      0xb98 bin/obj/kernel/scheduler/scheduler.o
                0xffff800040219cd0                scheduler_init
                0xffff800040219db0                scheduler_loop_cpu_enter
                0xffff800040219ecc                scheduler_loop_cpu_exit
                0xffff800040219f80                scheduler_ectx_save
                0xffff80004021a0b8                schedurer_ectx_restore
                0xffff80004021a148                schedule_thread
                0xffff80004021a340                unschedule_thread
 .text          0xffff80004021a540      0x350 bin/obj/kernel/scheduler/thread.o
                0xffff80004021a720                thread_assign_stack
 .text          0xffff80004021a890      0x2c4 bin/obj/kernel/syscall/handlers/exit.o
                0xffff80004021a9b0                syscall64_exit
 .text          0xffff80004021ab54      0x1a0 bin/obj/kernel/syscall/handlers/print.o
                0xffff80004021ac20                syscall64_print
 .text          0xffff80004021acf4       0xbc bin/obj/kernel/syscall/syscall.o
                0xffff80004021ad18                sysc64_dispatch
 .text          0xffff80004021adb0        0x0 bin/obj/kernel/userspace_embedded_examples.o
 .text          0xffff80004021adb0      0x194 bin/obj/kernel/kernel_entry.o
                0xffff80004021adb0                kernel_entry
 .text          0xffff80004021af44        0x0 bin/obj/arm/tfa/smccc.o
 .text          0xffff80004021af44       0x54 bin/obj/arm/exceptions/handlers/el1/el1_low_a32_serror.o
                0xffff80004021af44                el1_low_a32_serror_handler
 .text          0xffff80004021af98       0x54 bin/obj/arm/exceptions/handlers/el1/el1_low_a32_fiq.o
                0xffff80004021af98                el1_low_a32_fiq_handler
 .text          0xffff80004021afec       0x54 bin/obj/arm/exceptions/handlers/el1/el1_cur_spx_fiq.o
                0xffff80004021afec                el1_cur_spx_fiq_handler
 .text          0xffff80004021b040       0x54 bin/obj/arm/exceptions/handlers/el1/el1_cur_spx_serror.o
                0xffff80004021b040                el1_cur_spx_serror_handler
 .text          0xffff80004021b094       0x54 bin/obj/arm/exceptions/handlers/el1/el1_low_a32_irq.o
                0xffff80004021b094                el1_low_a32_irq_handler
 .text          0xffff80004021b0e8       0x54 bin/obj/arm/exceptions/handlers/el1/el1_low_a64_fiq.o
                0xffff80004021b0e8                el1_low_a64_fiq_handler
 .text          0xffff80004021b13c       0x54 bin/obj/arm/exceptions/handlers/el1/el1_cur_sp0_sync.o
                0xffff80004021b13c                el1_cur_sp0_sync_handler
 .text          0xffff80004021b190       0x54 bin/obj/arm/exceptions/handlers/el1/el1_low_a64_serror.o
                0xffff80004021b190                el1_low_a64_serror_handler
 .text          0xffff80004021b1e4       0x54 bin/obj/arm/exceptions/handlers/el1/el1_low_a32_sync.o
                0xffff80004021b1e4                el1_low_a32_sync_handler
 .text          0xffff80004021b238       0x54 bin/obj/arm/exceptions/handlers/el1/el1_cur_spx_sync.o
                0xffff80004021b238                el1_cur_spx_sync_handler
 .text          0xffff80004021b28c       0x54 bin/obj/arm/exceptions/handlers/el1/el1_cur_sp0_fiq.o
                0xffff80004021b28c                el1_cur_sp0_fiq_handler
 .text          0xffff80004021b2e0       0x54 bin/obj/arm/exceptions/handlers/el1/el1_cur_sp0_serror.o
                0xffff80004021b2e0                el1_cur_sp0_serror_handler
 .text          0xffff80004021b334       0x54 bin/obj/arm/exceptions/handlers/el1/el1_cur_sp0_irq.o
                0xffff80004021b334                el1_cur_sp0_irq_handler
 .text          0xffff80004021b388       0x18 bin/obj/arm/exceptions/handlers/el1/el1_cur_spx_irq.o
                0xffff80004021b388                el1_cur_spx_irq_handler
 .text          0xffff80004021b3a0       0x18 bin/obj/arm/exceptions/handlers/el1/el1_low_a64_irq.o
                0xffff80004021b3a0                el1_low_a64_irq_handler
 .text          0xffff80004021b3b8       0x20 bin/obj/arm/exceptions/handlers/el1/el1_low_a64_sync.o
                0xffff80004021b3b8                el1_low_a64_sync_handler
 .text          0xffff80004021b3d8       0x50 bin/obj/arm/exceptions/handlers/el2/el2_low_a32_serror.o
                0xffff80004021b3d8                el2_low_a32_serror_handler
 .text          0xffff80004021b428       0x50 bin/obj/arm/exceptions/handlers/el2/el2_cur_spx_serror.o
                0xffff80004021b428                el2_cur_spx_serror_handler
 .text          0xffff80004021b478       0x50 bin/obj/arm/exceptions/handlers/el2/el2_low_a64_serror.o
                0xffff80004021b478                el2_low_a64_serror_handler
 .text          0xffff80004021b4c8       0x50 bin/obj/arm/exceptions/handlers/el2/el2_low_a64_sync.o
                0xffff80004021b4c8                el2_low_a64_sync_handler
 .text          0xffff80004021b518       0x50 bin/obj/arm/exceptions/handlers/el2/el2_cur_sp0_irq.o
                0xffff80004021b518                el2_cur_sp0_irq_handler
 .text          0xffff80004021b568       0x50 bin/obj/arm/exceptions/handlers/el2/el2_cur_sp0_serror.o
                0xffff80004021b568                el2_cur_sp0_serror_handler
 .text          0xffff80004021b5b8       0x50 bin/obj/arm/exceptions/handlers/el2/el2_low_a64_irq.o
                0xffff80004021b5b8                el2_low_a64_irq_handler
 .text          0xffff80004021b608       0x50 bin/obj/arm/exceptions/handlers/el2/el2_low_a64_fiq.o
                0xffff80004021b608                el2_low_a64_fiq_handler
 .text          0xffff80004021b658       0x50 bin/obj/arm/exceptions/handlers/el2/el2_cur_spx_fiq.o
                0xffff80004021b658                el2_cur_spx_fiq_handler
 .text          0xffff80004021b6a8       0x50 bin/obj/arm/exceptions/handlers/el2/el2_low_a32_irq.o
                0xffff80004021b6a8                el2_low_a32_irq_handler
 .text          0xffff80004021b6f8       0x50 bin/obj/arm/exceptions/handlers/el2/el2_cur_sp0_fiq.o
                0xffff80004021b6f8                el2_cur_sp0_fiq_handler
 .text          0xffff80004021b748       0x50 bin/obj/arm/exceptions/handlers/el2/el2_low_a32_fiq.o
                0xffff80004021b748                el2_low_a32_fiq_handler
 .text          0xffff80004021b798       0x50 bin/obj/arm/exceptions/handlers/el2/el2_cur_spx_sync.o
                0xffff80004021b798                el2_cur_spx_sync_handler
 .text          0xffff80004021b7e8       0x50 bin/obj/arm/exceptions/handlers/el2/el2_low_a32_sync.o
                0xffff80004021b7e8                el2_low_a32_sync_handler
 .text          0xffff80004021b838       0x50 bin/obj/arm/exceptions/handlers/el2/el2_cur_sp0_sync.o
                0xffff80004021b838                el2_cur_sp0_sync_handler
 .text          0xffff80004021b888       0x50 bin/obj/arm/exceptions/handlers/el2/el2_cur_spx_irq.o
                0xffff80004021b888                el2_cur_spx_irq_handler
 .text          0xffff80004021b8d8      0x2e0 bin/obj/arm/exceptions/handlers/exception_macros.o
                0xffff80004021b8d8                select_src_enum_
                0xffff80004021ba38                select_exception_type_enum_
                0xffff80004021bb54                exception_panic
 .text          0xffff80004021bbb8      0x2cc bin/obj/arm/exceptions/exceptions.o
                0xffff80004021bbb8                arm_exceptions_get_status
                0xffff80004021bc4c                arm_exceptions_set_status
                0xffff80004021bd84                arm_exceptions_enable
                0xffff80004021bdf8                arm_exceptions_disable
                0xffff80004021be6c                arm_get_exception_level
 .text          0xffff80004021be84     0x2510 bin/obj/arm/mmu/mmu.o
                0xffff80004021d7a0                mmu_is_active
                0xffff80004021d7c0                mmu_map
                0xffff80004021de58                mmu_unmap
 .text          0xffff80004021e394     0x1ec0 bin/obj/arm/mmu/mmu_core.o
                0xffff80004021eb58                mmu_core_set_mapping
                0xffff80004021ee4c                mmu_core_set_d_cache
                0xffff80004021ef40                mmu_core_set_i_cache
                0xffff80004021f038                mmu_core_set_align_trap
                0xffff80004021f130                mmu_core_set_lo_enabled
                0xffff80004021f228                mmu_core_set_hi_enabled
                0xffff80004021f320                mmu_core_set_lo_va_bits
                0xffff80004021f42c                mmu_core_set_hi_va_bits
                0xffff80004021f538                mmu_core_set_lo_granularity
                0xffff80004021f68c                mmu_core_set_hi_granularity
                0xffff80004021f7e4                mmu_core_handle_new
                0xffff80004021fb8c                mmu_delete_mapping
                0xffff80004021fbdc                mmu_core_activate
                0xffff8000402201bc                mmu_core_deactivate
 .text          0xffff800040220254       0x5c bin/obj/arm/cpu.o
                0xffff800040220254                ARM_get_cpu_affinity
 .text          0xffff8000402202b0      0x290 bin/obj/lib/lock/corelock.o
                0xffff8000402202b0                core_lock
                0xffff8000402202e4                core_unlock
                0xffff8000402204e4                core_try_lock
 .text          0xffff800040220540        0x0 bin/obj/lib/lock/unlock_defer.o
 .text          0xffff800040220540      0x1b0 bin/obj/lib/string/string.o
                0xffff800040220540                strcopy
                0xffff8000402205d4                strcmp
 .text          0xffff8000402206f0      0xd28 bin/obj/lib/string/fmt.o
                0xffff8000402206f0                uint8_t_to_ascii_char
                0xffff800040220794                stdint_to_ascii
                0xffff800040220f1c                str_fmt_print
 .text          0xffff800040221418      0x488 bin/obj/lib/mem/memcpy/memcpy.o
                0xffff800040221418                memcpy64_aligned
                0xffff8000402215c0                memcpy64
                0xffff800040221678                test_memcpy
 .text          0xffff8000402218a0      0x170 bin/obj/lib/mem/mem.o
                0xffff8000402218a0                pa_supported_bits
 .text          0xffff800040221a10      0x838 bin/obj/drivers/arm_generic_timer/arm_generic_timer.o
                0xffff800040221a5c                AGT_ns_to_cycles
                0xffff800040221b0c                AGT_us_to_cycles
                0xffff800040221bb0                AGT_cnt_cycles
                0xffff800040221bc8                AGT_cnt_freq
                0xffff800040221be0                AGT_cnt_time_ns
                0xffff800040221c50                AGT_cnt_time_us
                0xffff800040221d6c                AGT_timer_schedule_cycles
                0xffff800040221e64                AGT_timer_schedule_delta
                0xffff800040221f80                AGT_timer_is_armed
                0xffff800040221fe0                AGT_timer_has_fired
                0xffff800040222074                AGT_timer_cancel
                0xffff8000402220d4                AGT_handle_irq
                0xffff8000402221d8                AGT_init_stage0
 .text          0xffff800040222248     0x205c bin/obj/drivers/tmu/tmu.o
                0xffff800040223440                TMU_init_stage0
                0xffff800040223594                TMU_init_stage1
                0xffff800040223924                TMU_handle_irq
                0xffff8000402239b0                TMU_set_warn_temp
                0xffff800040223ba8                TMU_get_warnings_enabled
                0xffff800040223cd8                TMU_enable_warnings
                0xffff800040223d48                TMU_disable_warnings
                0xffff800040223db8                TMU_warn_pending
                0xffff800040223e2c                TMU_set_critical_temp
                0xffff800040224024                TMU_get_temp
 .text          0xffff8000402242a4     0x1290 bin/obj/drivers/interrupts/gicv3/gicv3.o
                0xffff800040224dd4                GICV3_set_cpu_priority_threshold
                0xffff800040224ef0                GICV3_set_spi_group1ns
                0xffff800040224f6c                GICV3_route_spi_to_cpu
                0xffff800040224fec                GICV3_route_spi_to_self
                0xffff80004022501c                GICV3_enable_spi
                0xffff800040225070                GICV3_set_priority
                0xffff8000402250ec                GICV3_set_edge_triggered
                0xffff800040225164                GICV3_set_level_sensitive
                0xffff8000402251dc                GICV3_wake_redistributor
                0xffff800040225294                GICV3_init_distributor
                0xffff8000402252e4                GICV3_init_cpu
                0xffff800040225310                GICV3_init_irq
                0xffff800040225418                GICV3_get_intid_el1
                0xffff800040225434                GICV3_ack_intid_el1
                0xffff800040225454                GICV3_enable_ppi
 .text          0xffff800040225534     0x2acc bin/obj/drivers/uart/uart.o
                0xffff800040226588                uart_reset
                0xffff800040226708                uart_read
                0xffff800040227938                uart_handle_irq
                0xffff8000402279dc                uart_init_stage0
                0xffff800040227c60                uart_init_stage1
                0xffff800040227c98                uart_putc_sync
                0xffff800040227cf0                uart_putc
                0xffff800040227d8c                uart_early_init
                0xffff800040227fc4                uart_putc_early
 .text          0xffff800040228000        0x0 bin/obj/rslib.a(imx8mp_kernel-1a53598e06c50be6.imx8mp_kernel.241a9a11e0e6ae75-cgu.0.rcgu.o)
 .text._RNvCsiGVaDesi5rv_7___rustc17rust_begin_unwind
                0xffff800040228000        0x4 bin/obj/rslib.a(imx8mp_kernel-1a53598e06c50be6.imx8mp_kernel.241a9a11e0e6ae75-cgu.0.rcgu.o)
                0xffff800040228000                __rustc::rust_begin_unwind
 .text.pow2_ring_buffer_new
                0xffff800040228004       0x70 bin/obj/rslib.a(imx8mp_kernel-1a53598e06c50be6.imx8mp_kernel.241a9a11e0e6ae75-cgu.0.rcgu.o)
                0xffff800040228004                pow2_ring_buffer_new
 .text.pow2_ring_buffer_pop
                0xffff800040228074       0x90 bin/obj/rslib.a(imx8mp_kernel-1a53598e06c50be6.imx8mp_kernel.241a9a11e0e6ae75-cgu.0.rcgu.o)
                0xffff800040228074                pow2_ring_buffer_pop
 .text.pow2_ring_buffer_push
                0xffff800040228104       0xbc bin/obj/rslib.a(imx8mp_kernel-1a53598e06c50be6.imx8mp_kernel.241a9a11e0e6ae75-cgu.0.rcgu.o)
                0xffff800040228104                pow2_ring_buffer_push
 .text.rust_kernel_initcalls_stage0
                0xffff8000402281c0        0x4 bin/obj/rslib.a(imx8mp_kernel-1a53598e06c50be6.imx8mp_kernel.241a9a11e0e6ae75-cgu.0.rcgu.o)
                0xffff8000402281c0                rust_kernel_initcalls_stage1
                0xffff8000402281c0                rust_kernel_initcalls_stage2
                0xffff8000402281c0                rust_kernel_initcalls_stage0
 .text.unlikely.rust_test_panic
                0xffff8000402281c4       0x2c bin/obj/rslib.a(imx8mp_kernel-1a53598e06c50be6.imx8mp_kernel.241a9a11e0e6ae75-cgu.0.rcgu.o)
                0xffff8000402281c4                rust_test_panic
 .text.uart_rx_len
                0xffff8000402281f0       0x18 bin/obj/rslib.a(imx8mp_kernel-1a53598e06c50be6.imx8mp_kernel.241a9a11e0e6ae75-cgu.0.rcgu.o)
                0xffff8000402281f0                uart_rx_len
 .text.uart_rxbuf_pop
                0xffff800040228208       0x58 bin/obj/rslib.a(imx8mp_kernel-1a53598e06c50be6.imx8mp_kernel.241a9a11e0e6ae75-cgu.0.rcgu.o)
                0xffff800040228208                uart_rxbuf_pop
 .text.uart_rxbuf_push
                0xffff800040228260       0x6c bin/obj/rslib.a(imx8mp_kernel-1a53598e06c50be6.imx8mp_kernel.241a9a11e0e6ae75-cgu.0.rcgu.o)
                0xffff800040228260                uart_rxbuf_push
 .text.uart_tx_len
                0xffff8000402282cc       0x18 bin/obj/rslib.a(imx8mp_kernel-1a53598e06c50be6.imx8mp_kernel.241a9a11e0e6ae75-cgu.0.rcgu.o)
                0xffff8000402282cc                uart_tx_len
 .text.uart_txbuf_pop
                0xffff8000402282e4       0x68 bin/obj/rslib.a(imx8mp_kernel-1a53598e06c50be6.imx8mp_kernel.241a9a11e0e6ae75-cgu.0.rcgu.o)
                0xffff8000402282e4                uart_txbuf_pop
 .text.uart_txbuf_push
                0xffff80004022834c       0x60 bin/obj/rslib.a(imx8mp_kernel-1a53598e06c50be6.imx8mp_kernel.241a9a11e0e6ae75-cgu.0.rcgu.o)
                0xffff80004022834c                uart_txbuf_push
 .text          0xffff8000402283ac        0x0 bin/obj/rslib.a(core-dca77d77b03929cc.core.bbd04c23a4fa3c72-cgu.0.rcgu.o)
 .text._ZN101_$LT$core..char..CaseMappingIter$u20$as$u20$core..iter..traits..double_ended..DoubleEndedIterator$GT$15advance_back_by17hf0d6f1ce58d3f07dE
                0xffff8000402283ac       0x28 bin/obj/rslib.a(core-dca77d77b03929cc.core.bbd04c23a4fa3c72-cgu.0.rcgu.o)
                0xffff8000402283ac                <core::char::CaseMappingIter as core::iter::traits::double_ended::DoubleEndedIterator>::advance_back_by
 .text._ZN101_$LT$core..char..CaseMappingIter$u20$as$u20$core..iter..traits..double_ended..DoubleEndedIterator$GT$9next_back17hc65cc64a3027a392E
                0xffff8000402283d4       0x28 bin/obj/rslib.a(core-dca77d77b03929cc.core.bbd04c23a4fa3c72-cgu.0.rcgu.o)
                0xffff8000402283d4                <core::char::CaseMappingIter as core::iter::traits::double_ended::DoubleEndedIterator>::next_back
 .text._ZN105_$LT$core..slice..ascii..EscapeAscii$u20$as$u20$core..iter..traits..double_ended..DoubleEndedIterator$GT$9next_back17h61446658ee893423E
                0xffff8000402283fc      0x120 bin/obj/rslib.a(core-dca77d77b03929cc.core.bbd04c23a4fa3c72-cgu.0.rcgu.o)
                0xffff8000402283fc                <core::slice::ascii::EscapeAscii as core::iter::traits::double_ended::DoubleEndedIterator>::next_back
 .text._ZN105_$LT$dyn$u20$core..any..Any$u2b$core..marker..Send$u2b$core..marker..Sync$u20$as$u20$core..fmt..Debug$GT$3fmt17hd0716b989b3da57dE
                0xffff80004022851c       0x60 bin/obj/rslib.a(core-dca77d77b03929cc.core.bbd04c23a4fa3c72-cgu.0.rcgu.o)
                0xffff80004022851c                <dyn core::any::Any as core::fmt::Debug>::fmt
                0xffff80004022851c                <dyn core::any::Any+core::marker::Send as core::fmt::Debug>::fmt
                0xffff80004022851c                <dyn core::any::Any+core::marker::Send+core::marker::Sync as core::fmt::Debug>::fmt
 .text._ZN110_$LT$$LT$core..wtf8..EncodeWide$u20$as$u20$core..fmt..Debug$GT$..fmt..CodeUnit$u20$as$u20$core..fmt..Debug$GT$3fmt17hda14d4f4daf3c5c9E
                0xffff80004022857c       0xa0 bin/obj/rslib.a(core-dca77d77b03929cc.core.bbd04c23a4fa3c72-cgu.0.rcgu.o)
                0xffff80004022857c                <<core::wtf8::EncodeWide as core::fmt::Debug>::fmt::CodeUnit as core::fmt::Debug>::fmt
 .text._ZN116_$LT$core..net..ip_addr..Ipv4Addr$u20$as$u20$core..ops..bit..BitOrAssign$LT$$RF$core..net..ip_addr..Ipv4Addr$GT$$GT$12bitor_assign17h2747ee25fbf1738bE
                0xffff80004022861c       0x80 bin/obj/rslib.a(core-dca77d77b03929cc.core.bbd04c23a4fa3c72-cgu.0.rcgu.o)
                0xffff80004022861c                <core::net::ip_addr::Ipv4Addr as core::ops::bit::BitOrAssign<&core::net::ip_addr::Ipv4Addr>>::bitor_assign
 .text._ZN116_$LT$core..net..ip_addr..Ipv6Addr$u20$as$u20$core..ops..bit..BitOrAssign$LT$$RF$core..net..ip_addr..Ipv6Addr$GT$$GT$12bitor_assign17hff885b6f68f5609cE
                0xffff80004022869c      0x1d0 bin/obj/rslib.a(core-dca77d77b03929cc.core.bbd04c23a4fa3c72-cgu.0.rcgu.o)
                0xffff80004022869c                <core::net::ip_addr::Ipv6Addr as core::ops::bit::BitOrAssign<&core::net::ip_addr::Ipv6Addr>>::bitor_assign
 .text._ZN117_$LT$core..net..ip_addr..Ipv4Addr$u20$as$u20$core..ops..bit..BitAndAssign$LT$$RF$core..net..ip_addr..Ipv4Addr$GT$$GT$13bitand_assign17hb3faa6ba9d6ecb06E
                0xffff80004022886c       0x80 bin/obj/rslib.a(core-dca77d77b03929cc.core.bbd04c23a4fa3c72-cgu.0.rcgu.o)
                0xffff80004022886c                <core::net::ip_addr::Ipv4Addr as core::ops::bit::BitAndAssign<&core::net::ip_addr::Ipv4Addr>>::bitand_assign
 .text._ZN117_$LT$core..net..ip_addr..Ipv6Addr$u20$as$u20$core..ops..bit..BitAndAssign$LT$$RF$core..net..ip_addr..Ipv6Addr$GT$$GT$13bitand_assign17hb1c67c235aa10d9dE
                0xffff8000402288ec      0x1d0 bin/obj/rslib.a(core-dca77d77b03929cc.core.bbd04c23a4fa3c72-cgu.0.rcgu.o)
                0xffff8000402288ec                <core::net::ip_addr::Ipv6Addr as core::ops::bit::BitAndAssign<&core::net::ip_addr::Ipv6Addr>>::bitand_assign
 .text._ZN40_$LT$str$u20$as$u20$core..fmt..Debug$GT$3fmt17h5f6f1bf3a0007201E
                0xffff800040228abc      0x3b0 bin/obj/rslib.a(core-dca77d77b03929cc.core.bbd04c23a4fa3c72-cgu.0.rcgu.o)
                0xffff800040228abc                <str as core::fmt::Debug>::fmt
 .text._ZN41_$LT$char$u20$as$u20$core..fmt..Debug$GT$3fmt17h05bf1d95c56e9d68E
                0xffff800040228e6c       0xe4 bin/obj/rslib.a(core-dca77d77b03929cc.core.bbd04c23a4fa3c72-cgu.0.rcgu.o)
                0xffff800040228e6c                <char as core::fmt::Debug>::fmt
 .text._ZN42_$LT$$RF$T$u20$as$u20$core..fmt..Debug$GT$3fmt17h2cdcb51347d218f7E
                0xffff800040228f50        0x8 bin/obj/rslib.a(core-dca77d77b03929cc.core.bbd04c23a4fa3c72-cgu.0.rcgu.o)
 .text._ZN42_$LT$$RF$T$u20$as$u20$core..fmt..Debug$GT$3fmt17h479b8efc69ca8267E
                0xffff800040228f58        0x8 bin/obj/rslib.a(core-dca77d77b03929cc.core.bbd04c23a4fa3c72-cgu.0.rcgu.o)
 .text._ZN42_$LT$$RF$T$u20$as$u20$core..fmt..Debug$GT$3fmt17h5583193454f8b8d6E
                0xffff800040228f60      0x164 bin/obj/rslib.a(core-dca77d77b03929cc.core.bbd04c23a4fa3c72-cgu.0.rcgu.o)
 .text._ZN42_$LT$$RF$T$u20$as$u20$core..fmt..Debug$GT$3fmt17h56b7a391078316eaE
                0xffff8000402290c4        0xc bin/obj/rslib.a(core-dca77d77b03929cc.core.bbd04c23a4fa3c72-cgu.0.rcgu.o)
 .text._ZN42_$LT$$RF$T$u20$as$u20$core..fmt..Debug$GT$3fmt17h7040e3522c936441E
                0xffff8000402290d0        0xc bin/obj/rslib.a(core-dca77d77b03929cc.core.bbd04c23a4fa3c72-cgu.0.rcgu.o)
 .text._ZN42_$LT$$RF$T$u20$as$u20$core..fmt..Debug$GT$3fmt17h73d6b45e08bc8e15E
                0xffff8000402290dc       0x14 bin/obj/rslib.a(core-dca77d77b03929cc.core.bbd04c23a4fa3c72-cgu.0.rcgu.o)
 .text._ZN42_$LT$$RF$T$u20$as$u20$core..fmt..Debug$GT$3fmt17ha642bfdd7996c379E
                0xffff8000402290f0       0x14 bin/obj/rslib.a(core-dca77d77b03929cc.core.bbd04c23a4fa3c72-cgu.0.rcgu.o)
 .text._ZN42_$LT$str$u20$as$u20$core..fmt..Display$GT$3fmt17hc0780a4df539a16aE
                0xffff800040229104       0x14 bin/obj/rslib.a(core-dca77d77b03929cc.core.bbd04c23a4fa3c72-cgu.0.rcgu.o)
                0xffff800040229104                <str as core::fmt::Display>::fmt
 .text._ZN43_$LT$bool$u20$as$u20$core..fmt..Display$GT$3fmt17h9806e9f5fa916ff1E
                0xffff800040229118       0x2c bin/obj/rslib.a(core-dca77d77b03929cc.core.bbd04c23a4fa3c72-cgu.0.rcgu.o)
                0xffff800040229118                <bool as core::fmt::Display>::fmt
 .text._ZN43_$LT$char$u20$as$u20$core..fmt..Display$GT$3fmt17h83f04f7b2308e64bE
                0xffff800040229144       0xf8 bin/obj/rslib.a(core-dca77d77b03929cc.core.bbd04c23a4fa3c72-cgu.0.rcgu.o)
                0xffff800040229144                <char as core::fmt::Display>::fmt
 .text._ZN44_$LT$$RF$T$u20$as$u20$core..fmt..Display$GT$3fmt17h703b070ad8b43283E
                0xffff80004022923c        0x8 bin/obj/rslib.a(core-dca77d77b03929cc.core.bbd04c23a4fa3c72-cgu.0.rcgu.o)
 .text._ZN44_$LT$$RF$T$u20$as$u20$core..fmt..Display$GT$3fmt17h9bd2ce85ae1d3eddE
                0xffff800040229244      0x158 bin/obj/rslib.a(core-dca77d77b03929cc.core.bbd04c23a4fa3c72-cgu.0.rcgu.o)
 .text._ZN44_$LT$$RF$T$u20$as$u20$core..fmt..Display$GT$3fmt17hac20f0bb39cfdd9eE
                0xffff80004022939c       0x10 bin/obj/rslib.a(core-dca77d77b03929cc.core.bbd04c23a4fa3c72-cgu.0.rcgu.o)
 .text._ZN44_$LT$$RF$T$u20$as$u20$core..fmt..Display$GT$3fmt17hfec459358b2b0a7cE
                0xffff8000402293ac        0x8 bin/obj/rslib.a(core-dca77d77b03929cc.core.bbd04c23a4fa3c72-cgu.0.rcgu.o)
 .text._ZN45_$LT$$RF$T$u20$as$u20$core..fmt..LowerHex$GT$3fmt17h05bd91b15c4ae0d9E
                0xffff8000402293b4       0x7c bin/obj/rslib.a(core-dca77d77b03929cc.core.bbd04c23a4fa3c72-cgu.0.rcgu.o)
 .text._ZN46_$LT$i8$u20$as$u20$core..pat..RangePattern$GT$7sub_one17h9a01a105c96fcbd5E
                0xffff800040229430       0x48 bin/obj/rslib.a(core-dca77d77b03929cc.core.bbd04c23a4fa3c72-cgu.0.rcgu.o)
                0xffff800040229430                <i8 as core::pat::RangePattern>::sub_one
 .text._ZN46_$LT$u8$u20$as$u20$core..pat..RangePattern$GT$7sub_one17h670240648e8e7fb4E
                0xffff800040229478       0x40 bin/obj/rslib.a(core-dca77d77b03929cc.core.bbd04c23a4fa3c72-cgu.0.rcgu.o)
                0xffff800040229478                <u8 as core::pat::RangePattern>::sub_one
 .text._ZN47_$LT$i16$u20$as$u20$core..pat..RangePattern$GT$7sub_one17h541e4bf249e12cddE
                0xffff8000402294b8       0x48 bin/obj/rslib.a(core-dca77d77b03929cc.core.bbd04c23a4fa3c72-cgu.0.rcgu.o)
                0xffff8000402294b8                <i16 as core::pat::RangePattern>::sub_one
 .text._ZN47_$LT$i32$u20$as$u20$core..pat..RangePattern$GT$7sub_one17h97b022b5d897e388E
                0xffff800040229500       0x3c bin/obj/rslib.a(core-dca77d77b03929cc.core.bbd04c23a4fa3c72-cgu.0.rcgu.o)
                0xffff800040229500                <i32 as core::pat::RangePattern>::sub_one
 .text._ZN47_$LT$i64$u20$as$u20$core..pat..RangePattern$GT$7sub_one17h0d4cbf88673eab66E
                0xffff80004022953c       0x3c bin/obj/rslib.a(core-dca77d77b03929cc.core.bbd04c23a4fa3c72-cgu.0.rcgu.o)
                0xffff80004022953c                <i64 as core::pat::RangePattern>::sub_one
                0xffff80004022953c                <isize as core::pat::RangePattern>::sub_one
 .text._ZN47_$LT$u16$u20$as$u20$core..pat..RangePattern$GT$7sub_one17hf1b3147e5737ed06E
                0xffff800040229578       0x40 bin/obj/rslib.a(core-dca77d77b03929cc.core.bbd04c23a4fa3c72-cgu.0.rcgu.o)
                0xffff800040229578                <u16 as core::pat::RangePattern>::sub_one
 .text._ZN47_$LT$u32$u20$as$u20$core..pat..RangePattern$GT$7sub_one17h5f94339af8ab10a1E
                0xffff8000402295b8       0x3c bin/obj/rslib.a(core-dca77d77b03929cc.core.bbd04c23a4fa3c72-cgu.0.rcgu.o)
                0xffff8000402295b8                <u32 as core::pat::RangePattern>::sub_one
 .text._ZN47_$LT$u64$u20$as$u20$core..pat..RangePattern$GT$7sub_one17h24c018f405b1f310E
                0xffff8000402295f4       0x3c bin/obj/rslib.a(core-dca77d77b03929cc.core.bbd04c23a4fa3c72-cgu.0.rcgu.o)
                0xffff8000402295f4                <usize as core::pat::RangePattern>::sub_one
                0xffff8000402295f4                <u64 as core::pat::RangePattern>::sub_one
 .text._ZN48_$LT$char$u20$as$u20$core..pat..RangePattern$GT$7sub_one17he70177f83f7ceafcE
                0xffff800040229630       0x54 bin/obj/rslib.a(core-dca77d77b03929cc.core.bbd04c23a4fa3c72-cgu.0.rcgu.o)
                0xffff800040229630                <char as core::pat::RangePattern>::sub_one
 .text._ZN48_$LT$i128$u20$as$u20$core..pat..RangePattern$GT$7sub_one17hcbc11fca96f2cd53E
                0xffff800040229684       0x4c bin/obj/rslib.a(core-dca77d77b03929cc.core.bbd04c23a4fa3c72-cgu.0.rcgu.o)
                0xffff800040229684                <i128 as core::pat::RangePattern>::sub_one
 .text._ZN48_$LT$u128$u20$as$u20$core..pat..RangePattern$GT$7sub_one17h082c3491375e9509E
                0xffff8000402296d0       0x4c bin/obj/rslib.a(core-dca77d77b03929cc.core.bbd04c23a4fa3c72-cgu.0.rcgu.o)
                0xffff8000402296d0                <u128 as core::pat::RangePattern>::sub_one
 .text._ZN49_$LT$u8$u20$as$u20$core..num..bignum..FullOps$GT$12full_div_rem17h6fed2e224afbc72dE
                0xffff80004022971c       0x38 bin/obj/rslib.a(core-dca77d77b03929cc.core.bbd04c23a4fa3c72-cgu.0.rcgu.o)
                0xffff80004022971c                <u8 as core::num::bignum::FullOps>::full_div_rem
 .text.unlikely._ZN4core3f3221_$LT$impl$u20$f32$GT$5clamp8do_panic7runtime17h36a43f140f64d661E
                0xffff800040229754       0x50 bin/obj/rslib.a(core-dca77d77b03929cc.core.bbd04c23a4fa3c72-cgu.0.rcgu.o)
                0xffff800040229754                core::f32::<impl f32>::clamp::do_panic::runtime
 .text.unlikely._ZN4core3f6421_$LT$impl$u20$f64$GT$5clamp8do_panic7runtime17h94d48098c87e850eE
                0xffff8000402297a4       0x50 bin/obj/rslib.a(core-dca77d77b03929cc.core.bbd04c23a4fa3c72-cgu.0.rcgu.o)
                0xffff8000402297a4                core::f64::<impl f64>::clamp::do_panic::runtime
 .text._ZN4core3ffi5c_str4CStr19from_bytes_with_nul17hf7126ca100a56b9eE
                0xffff8000402297f4       0xf0 bin/obj/rslib.a(core-dca77d77b03929cc.core.bbd04c23a4fa3c72-cgu.0.rcgu.o)
                0xffff8000402297f4                core::ffi::c_str::CStr::from_bytes_with_nul
 .text._ZN4core3ffi5c_str4CStr20from_bytes_until_nul17h4a4d4ec068c826baE
                0xffff8000402298e4       0xdc bin/obj/rslib.a(core-dca77d77b03929cc.core.bbd04c23a4fa3c72-cgu.0.rcgu.o)
                0xffff8000402298e4                core::ffi::c_str::CStr::from_bytes_until_nul
 .text._ZN4core3ffi5c_str4CStr6to_str17hf906734cbe15885eE
                0xffff8000402299c0        0x8 bin/obj/rslib.a(core-dca77d77b03929cc.core.bbd04c23a4fa3c72-cgu.0.rcgu.o)
                0xffff8000402299c0                core::ffi::c_str::CStr::to_str
 .text._ZN4core3fmt17FormattingOptions8get_fill17he0043a57724473c7E
                0xffff8000402299c8        0xc bin/obj/rslib.a(core-dca77d77b03929cc.core.bbd04c23a4fa3c72-cgu.0.rcgu.o)
                0xffff8000402299c8                core::fmt::FormattingOptions::get_fill
 .text._ZN4core3fmt17pointer_fmt_inner17h9512fbe23d32d8a3E
                0xffff8000402299d4       0xb8 bin/obj/rslib.a(core-dca77d77b03929cc.core.bbd04c23a4fa3c72-cgu.0.rcgu.o)
                0xffff8000402299d4                core::fmt::pointer_fmt_inner
 .text._ZN4core3fmt3num22_$LT$impl$u20$i128$GT$11format_into17h7da8cadabd24f583E
                0xffff800040229a8c       0x74 bin/obj/rslib.a(core-dca77d77b03929cc.core.bbd04c23a4fa3c72-cgu.0.rcgu.o)
                0xffff800040229a8c                core::fmt::num::<impl i128>::format_into
 .text._ZN4core3fmt3num22_$LT$impl$u20$u128$GT$10_fmt_inner17hf030a7152409751aE
                0xffff800040229b00      0x578 bin/obj/rslib.a(core-dca77d77b03929cc.core.bbd04c23a4fa3c72-cgu.0.rcgu.o)
 .text._ZN4core3fmt3num22_$LT$impl$u20$u128$GT$11format_into17h5dee2ace129fe29cE
                0xffff80004022a078       0x34 bin/obj/rslib.a(core-dca77d77b03929cc.core.bbd04c23a4fa3c72-cgu.0.rcgu.o)
                0xffff80004022a078                core::fmt::num::<impl u128>::format_into
 .text._ZN4core3fmt3num22_$LT$impl$u20$u128$GT$4_fmt17ha65d27b87d338669E
                0xffff80004022a0ac       0x2c bin/obj/rslib.a(core-dca77d77b03929cc.core.bbd04c23a4fa3c72-cgu.0.rcgu.o)
                0xffff80004022a0ac                core::fmt::num::<impl u128>::_fmt
 .text._ZN4core3fmt3num3imp20_$LT$impl$u20$i8$GT$11format_into17hfa6336419ff83042E
                0xffff80004022a0d8      0x134 bin/obj/rslib.a(core-dca77d77b03929cc.core.bbd04c23a4fa3c72-cgu.0.rcgu.o)
                0xffff80004022a0d8                core::fmt::num::imp::<impl i8>::format_into
 .text._ZN4core3fmt3num3imp20_$LT$impl$u20$u8$GT$11format_into17h879b7eff6dae2147E
                0xffff80004022a20c       0xa0 bin/obj/rslib.a(core-dca77d77b03929cc.core.bbd04c23a4fa3c72-cgu.0.rcgu.o)
                0xffff80004022a20c                core::fmt::num::imp::<impl u8>::format_into
 .text._ZN4core3fmt3num3imp20_$LT$impl$u20$u8$GT$4_fmt17ha676af9982528506E
                0xffff80004022a2ac       0x90 bin/obj/rslib.a(core-dca77d77b03929cc.core.bbd04c23a4fa3c72-cgu.0.rcgu.o)
                0xffff80004022a2ac                core::fmt::num::imp::<impl u8>::_fmt
 .text._ZN4core3fmt3num3imp21_$LT$impl$u20$i16$GT$11format_into17h2f71a14c8f3a6320E
                0xffff80004022a33c      0x1ec bin/obj/rslib.a(core-dca77d77b03929cc.core.bbd04c23a4fa3c72-cgu.0.rcgu.o)
                0xffff80004022a33c                core::fmt::num::imp::<impl i16>::format_into
 .text._ZN4core3fmt3num3imp21_$LT$impl$u20$i32$GT$11format_into17hbc98fbdd3b5c6d6eE
                0xffff80004022a528      0x274 bin/obj/rslib.a(core-dca77d77b03929cc.core.bbd04c23a4fa3c72-cgu.0.rcgu.o)
                0xffff80004022a528                core::fmt::num::imp::<impl i32>::format_into
 .text._ZN4core3fmt3num3imp21_$LT$impl$u20$i64$GT$11format_into17he56d1a706514badaE
                0xffff80004022a79c      0x27c bin/obj/rslib.a(core-dca77d77b03929cc.core.bbd04c23a4fa3c72-cgu.0.rcgu.o)
                0xffff80004022a79c                core::fmt::num::imp::<impl isize>::format_into
                0xffff80004022a79c                core::fmt::num::imp::<impl i64>::format_into
 .text._ZN4core3fmt3num3imp21_$LT$impl$u20$u16$GT$11format_into17hf5acce3bc060a7a4E
                0xffff80004022aa18       0xf8 bin/obj/rslib.a(core-dca77d77b03929cc.core.bbd04c23a4fa3c72-cgu.0.rcgu.o)
                0xffff80004022aa18                core::fmt::num::imp::<impl u16>::format_into
 .text._ZN4core3fmt3num3imp21_$LT$impl$u20$u16$GT$4_fmt17h9b16707f2c4d83c7E
                0xffff80004022ab10      0x108 bin/obj/rslib.a(core-dca77d77b03929cc.core.bbd04c23a4fa3c72-cgu.0.rcgu.o)
                0xffff80004022ab10                core::fmt::num::imp::<impl u16>::_fmt
 .text._ZN4core3fmt3num3imp21_$LT$impl$u20$u32$GT$11format_into17h699a29a216c381bfE
                0xffff80004022ac18      0x12c bin/obj/rslib.a(core-dca77d77b03929cc.core.bbd04c23a4fa3c72-cgu.0.rcgu.o)
                0xffff80004022ac18                core::fmt::num::imp::<impl u32>::format_into
 .text._ZN4core3fmt3num3imp21_$LT$impl$u20$u32$GT$4_fmt17hc5bdfc1c3dd3fd08E
                0xffff80004022ad44      0x130 bin/obj/rslib.a(core-dca77d77b03929cc.core.bbd04c23a4fa3c72-cgu.0.rcgu.o)
                0xffff80004022ad44                core::fmt::num::imp::<impl u32>::_fmt
 .text._ZN4core3fmt3num3imp21_$LT$impl$u20$u64$GT$11format_into17he2b4201a970f20d7E
                0xffff80004022ae74      0x130 bin/obj/rslib.a(core-dca77d77b03929cc.core.bbd04c23a4fa3c72-cgu.0.rcgu.o)
                0xffff80004022ae74                core::fmt::num::imp::<impl u64>::format_into
                0xffff80004022ae74                core::fmt::num::imp::<impl usize>::format_into
 .text._ZN4core3fmt3num3imp21_$LT$impl$u20$u64$GT$4_fmt17hf5cf8cc64887d18dE
                0xffff80004022afa4      0x134 bin/obj/rslib.a(core-dca77d77b03929cc.core.bbd04c23a4fa3c72-cgu.0.rcgu.o)
                0xffff80004022afa4                core::fmt::num::imp::<impl u64>::_fmt
                0xffff80004022afa4                core::fmt::num::imp::<impl usize>::_fmt
 .text._ZN4core3fmt3num3imp51_$LT$impl$u20$core..fmt..Display$u20$for$u20$i8$GT$3fmt17hcb39de988782ba27E
                0xffff80004022b0d8       0xcc bin/obj/rslib.a(core-dca77d77b03929cc.core.bbd04c23a4fa3c72-cgu.0.rcgu.o)
                0xffff80004022b0d8                core::fmt::num::imp::<impl core::fmt::Display for i8>::fmt
 .text._ZN4core3fmt3num3imp51_$LT$impl$u20$core..fmt..Display$u20$for$u20$u8$GT$3fmt17hf7d8c920e29b5333E
                0xffff80004022b1a4       0xac bin/obj/rslib.a(core-dca77d77b03929cc.core.bbd04c23a4fa3c72-cgu.0.rcgu.o)
                0xffff80004022b1a4                core::fmt::num::imp::<impl core::fmt::Display for u8>::fmt
 .text._ZN4core3fmt3num3imp52_$LT$impl$u20$core..fmt..Display$u20$for$u20$i16$GT$3fmt17h104a3911dccd2ff7E
                0xffff80004022b250      0x11c bin/obj/rslib.a(core-dca77d77b03929cc.core.bbd04c23a4fa3c72-cgu.0.rcgu.o)
                0xffff80004022b250                core::fmt::num::imp::<impl core::fmt::Display for i16>::fmt
 .text._ZN4core3fmt3num3imp52_$LT$impl$u20$core..fmt..Display$u20$for$u20$i32$GT$3fmt17h80bd409755b2ddaeE
                0xffff80004022b36c      0x158 bin/obj/rslib.a(core-dca77d77b03929cc.core.bbd04c23a4fa3c72-cgu.0.rcgu.o)
                0xffff80004022b36c                core::fmt::num::imp::<impl core::fmt::Display for i32>::fmt
 .text._ZN4core3fmt3num3imp52_$LT$impl$u20$core..fmt..Display$u20$for$u20$i64$GT$3fmt17h1e801d532e5ecaafE
                0xffff80004022b4c4      0x15c bin/obj/rslib.a(core-dca77d77b03929cc.core.bbd04c23a4fa3c72-cgu.0.rcgu.o)
                0xffff80004022b4c4                core::fmt::num::imp::<impl core::fmt::Display for isize>::fmt
                0xffff80004022b4c4                core::fmt::num::imp::<impl core::fmt::Display for i64>::fmt
 .text._ZN4core3fmt3num3imp52_$LT$impl$u20$core..fmt..Display$u20$for$u20$u16$GT$3fmt17hdb2998ab968581d1E
                0xffff80004022b620      0x104 bin/obj/rslib.a(core-dca77d77b03929cc.core.bbd04c23a4fa3c72-cgu.0.rcgu.o)
                0xffff80004022b620                core::fmt::num::imp::<impl core::fmt::Display for u16>::fmt
 .text._ZN4core3fmt3num3imp52_$LT$impl$u20$core..fmt..Display$u20$for$u20$u32$GT$3fmt17h0b158e54c199f5dbE
                0xffff80004022b724      0x14c bin/obj/rslib.a(core-dca77d77b03929cc.core.bbd04c23a4fa3c72-cgu.0.rcgu.o)
                0xffff80004022b724                core::fmt::num::imp::<impl core::fmt::Display for u32>::fmt
 .text._ZN4core3fmt3num3imp52_$LT$impl$u20$core..fmt..Display$u20$for$u20$u64$GT$3fmt17h64f3911dafa6269fE
                0xffff80004022b870      0x154 bin/obj/rslib.a(core-dca77d77b03929cc.core.bbd04c23a4fa3c72-cgu.0.rcgu.o)
                0xffff80004022b870                core::fmt::num::imp::<impl core::fmt::Display for usize>::fmt
                0xffff80004022b870                core::fmt::num::imp::<impl core::fmt::Display for u64>::fmt
 .text._ZN4core3fmt3num3imp52_$LT$impl$u20$core..fmt..LowerExp$u20$for$u20$i8$GT$3fmt17h58d82f5837eb5be0E
                0xffff80004022b9c4       0x24 bin/obj/rslib.a(core-dca77d77b03929cc.core.bbd04c23a4fa3c72-cgu.0.rcgu.o)
                0xffff80004022b9c4                core::fmt::num::imp::<impl core::fmt::LowerExp for i8>::fmt
 .text._ZN4core3fmt3num3imp52_$LT$impl$u20$core..fmt..LowerExp$u20$for$u20$u8$GT$3fmt17h501ecc2dbdd34467E
                0xffff80004022b9e8       0x18 bin/obj/rslib.a(core-dca77d77b03929cc.core.bbd04c23a4fa3c72-cgu.0.rcgu.o)
                0xffff80004022b9e8                core::fmt::num::imp::<impl core::fmt::LowerExp for u8>::fmt
 .text._ZN4core3fmt3num3imp52_$LT$impl$u20$core..fmt..UpperExp$u20$for$u20$i8$GT$3fmt17ha0f846b22050294aE
                0xffff80004022ba00       0x24 bin/obj/rslib.a(core-dca77d77b03929cc.core.bbd04c23a4fa3c72-cgu.0.rcgu.o)
                0xffff80004022ba00                core::fmt::num::imp::<impl core::fmt::UpperExp for i8>::fmt
 .text._ZN4core3fmt3num3imp52_$LT$impl$u20$core..fmt..UpperExp$u20$for$u20$u8$GT$3fmt17h010e9c1ce5bc6f83E
                0xffff80004022ba24       0x18 bin/obj/rslib.a(core-dca77d77b03929cc.core.bbd04c23a4fa3c72-cgu.0.rcgu.o)
                0xffff80004022ba24                core::fmt::num::imp::<impl core::fmt::UpperExp for u8>::fmt
 .text._ZN4core3fmt3num3imp53_$LT$impl$u20$core..fmt..LowerExp$u20$for$u20$i16$GT$3fmt17h0ef11d9cfa7db045E
                0xffff80004022ba3c       0x24 bin/obj/rslib.a(core-dca77d77b03929cc.core.bbd04c23a4fa3c72-cgu.0.rcgu.o)
                0xffff80004022ba3c                core::fmt::num::imp::<impl core::fmt::LowerExp for i16>::fmt
 .text._ZN4core3fmt3num3imp53_$LT$impl$u20$core..fmt..LowerExp$u20$for$u20$i32$GT$3fmt17h73a92d63361655e1E
                0xffff80004022ba60       0x24 bin/obj/rslib.a(core-dca77d77b03929cc.core.bbd04c23a4fa3c72-cgu.0.rcgu.o)
                0xffff80004022ba60                core::fmt::num::imp::<impl core::fmt::LowerExp for i32>::fmt
 .text._ZN4core3fmt3num3imp53_$LT$impl$u20$core..fmt..LowerExp$u20$for$u20$i64$GT$3fmt17he8eaeb98c7470710E
                0xffff80004022ba84       0x24 bin/obj/rslib.a(core-dca77d77b03929cc.core.bbd04c23a4fa3c72-cgu.0.rcgu.o)
                0xffff80004022ba84                core::fmt::num::imp::<impl core::fmt::LowerExp for isize>::fmt
                0xffff80004022ba84                core::fmt::num::imp::<impl core::fmt::LowerExp for i64>::fmt
 .text._ZN4core3fmt3num3imp53_$LT$impl$u20$core..fmt..LowerExp$u20$for$u20$u16$GT$3fmt17h49c4e818814d45dbE
                0xffff80004022baa8       0x18 bin/obj/rslib.a(core-dca77d77b03929cc.core.bbd04c23a4fa3c72-cgu.0.rcgu.o)
                0xffff80004022baa8                core::fmt::num::imp::<impl core::fmt::LowerExp for u16>::fmt
 .text._ZN4core3fmt3num3imp53_$LT$impl$u20$core..fmt..LowerExp$u20$for$u20$u32$GT$3fmt17h158f35b2865c949eE
                0xffff80004022bac0       0x18 bin/obj/rslib.a(core-dca77d77b03929cc.core.bbd04c23a4fa3c72-cgu.0.rcgu.o)
                0xffff80004022bac0                core::fmt::num::imp::<impl core::fmt::LowerExp for u32>::fmt
 .text._ZN4core3fmt3num3imp53_$LT$impl$u20$core..fmt..LowerExp$u20$for$u20$u64$GT$3fmt17hd02b9c2dab05dc10E
                0xffff80004022bad8       0x18 bin/obj/rslib.a(core-dca77d77b03929cc.core.bbd04c23a4fa3c72-cgu.0.rcgu.o)
                0xffff80004022bad8                core::fmt::num::imp::<impl core::fmt::LowerExp for usize>::fmt
                0xffff80004022bad8                core::fmt::num::imp::<impl core::fmt::LowerExp for u64>::fmt
 .text._ZN4core3fmt3num3imp53_$LT$impl$u20$core..fmt..UpperExp$u20$for$u20$i16$GT$3fmt17h3fab035472132d68E
                0xffff80004022baf0       0x24 bin/obj/rslib.a(core-dca77d77b03929cc.core.bbd04c23a4fa3c72-cgu.0.rcgu.o)
                0xffff80004022baf0                core::fmt::num::imp::<impl core::fmt::UpperExp for i16>::fmt
 .text._ZN4core3fmt3num3imp53_$LT$impl$u20$core..fmt..UpperExp$u20$for$u20$i32$GT$3fmt17hc873c09afcd74914E
                0xffff80004022bb14       0x24 bin/obj/rslib.a(core-dca77d77b03929cc.core.bbd04c23a4fa3c72-cgu.0.rcgu.o)
                0xffff80004022bb14                core::fmt::num::imp::<impl core::fmt::UpperExp for i32>::fmt
 .text._ZN4core3fmt3num3imp53_$LT$impl$u20$core..fmt..UpperExp$u20$for$u20$i64$GT$3fmt17he2f6e251da279662E
                0xffff80004022bb38       0x24 bin/obj/rslib.a(core-dca77d77b03929cc.core.bbd04c23a4fa3c72-cgu.0.rcgu.o)
                0xffff80004022bb38                core::fmt::num::imp::<impl core::fmt::UpperExp for isize>::fmt
                0xffff80004022bb38                core::fmt::num::imp::<impl core::fmt::UpperExp for i64>::fmt
 .text._ZN4core3fmt3num3imp53_$LT$impl$u20$core..fmt..UpperExp$u20$for$u20$u16$GT$3fmt17h2e49b62056d088d3E
                0xffff80004022bb5c       0x18 bin/obj/rslib.a(core-dca77d77b03929cc.core.bbd04c23a4fa3c72-cgu.0.rcgu.o)
                0xffff80004022bb5c                core::fmt::num::imp::<impl core::fmt::UpperExp for u16>::fmt
 .text._ZN4core3fmt3num3imp53_$LT$impl$u20$core..fmt..UpperExp$u20$for$u20$u32$GT$3fmt17h67f329f6a561b042E
                0xffff80004022bb74       0x18 bin/obj/rslib.a(core-dca77d77b03929cc.core.bbd04c23a4fa3c72-cgu.0.rcgu.o)
                0xffff80004022bb74                core::fmt::num::imp::<impl core::fmt::UpperExp for u32>::fmt
 .text._ZN4core3fmt3num3imp53_$LT$impl$u20$core..fmt..UpperExp$u20$for$u20$u64$GT$3fmt17h089d5041d0086602E
                0xffff80004022bb8c       0x18 bin/obj/rslib.a(core-dca77d77b03929cc.core.bbd04c23a4fa3c72-cgu.0.rcgu.o)
                0xffff80004022bb8c                core::fmt::num::imp::<impl core::fmt::UpperExp for usize>::fmt
                0xffff80004022bb8c                core::fmt::num::imp::<impl core::fmt::UpperExp for u64>::fmt
 .text._ZN4core3fmt3num3imp7exp_u6417hcfe3e43662793de3E
                0xffff80004022bba4      0x540 bin/obj/rslib.a(core-dca77d77b03929cc.core.bbd04c23a4fa3c72-cgu.0.rcgu.o)
 .text._ZN4core3fmt3num49_$LT$impl$u20$core..fmt..Debug$u20$for$u20$i8$GT$3fmt17h827ef15b7c2cc75eE
                0xffff80004022c0e4      0x18c bin/obj/rslib.a(core-dca77d77b03929cc.core.bbd04c23a4fa3c72-cgu.0.rcgu.o)
 .text._ZN4core3fmt3num49_$LT$impl$u20$core..fmt..Debug$u20$for$u20$u8$GT$3fmt17hbfcfc52b811f831eE
                0xffff80004022c270      0x170 bin/obj/rslib.a(core-dca77d77b03929cc.core.bbd04c23a4fa3c72-cgu.0.rcgu.o)
 .text._ZN4core3fmt3num49_$LT$impl$u20$core..fmt..Octal$u20$for$u20$i8$GT$3fmt17h938552005bb66eb0E
                0xffff80004022c3e0       0x78 bin/obj/rslib.a(core-dca77d77b03929cc.core.bbd04c23a4fa3c72-cgu.0.rcgu.o)
                0xffff80004022c3e0                core::fmt::num::<impl core::fmt::Octal for i8>::fmt
 .text._ZN4core3fmt3num49_$LT$impl$u20$core..fmt..Octal$u20$for$u20$u8$GT$3fmt17hf4ab8ae14edcc341E
                0xffff80004022c458       0x78 bin/obj/rslib.a(core-dca77d77b03929cc.core.bbd04c23a4fa3c72-cgu.0.rcgu.o)
                0xffff80004022c458                core::fmt::num::<impl core::fmt::Octal for u8>::fmt
 .text._ZN4core3fmt3num50_$LT$impl$u20$core..fmt..Binary$u20$for$u20$i8$GT$3fmt17h364fc7cada5f95ebE
                0xffff80004022c4d0       0x78 bin/obj/rslib.a(core-dca77d77b03929cc.core.bbd04c23a4fa3c72-cgu.0.rcgu.o)
                0xffff80004022c4d0                core::fmt::num::<impl core::fmt::Binary for i8>::fmt
 .text._ZN4core3fmt3num50_$LT$impl$u20$core..fmt..Binary$u20$for$u20$u8$GT$3fmt17he2c0567fc6506356E
                0xffff80004022c548       0x78 bin/obj/rslib.a(core-dca77d77b03929cc.core.bbd04c23a4fa3c72-cgu.0.rcgu.o)
                0xffff80004022c548                core::fmt::num::<impl core::fmt::Binary for u8>::fmt
 .text._ZN4core3fmt3num50_$LT$impl$u20$core..fmt..Debug$u20$for$u20$i16$GT$3fmt17hd85915d27365f48cE
                0xffff80004022c5c0      0x1dc bin/obj/rslib.a(core-dca77d77b03929cc.core.bbd04c23a4fa3c72-cgu.0.rcgu.o)
 .text._ZN4core3fmt3num50_$LT$impl$u20$core..fmt..Debug$u20$for$u20$u16$GT$3fmt17h02c79a3af51ec021E
                0xffff80004022c79c      0x1c8 bin/obj/rslib.a(core-dca77d77b03929cc.core.bbd04c23a4fa3c72-cgu.0.rcgu.o)
 .text._ZN4core3fmt3num50_$LT$impl$u20$core..fmt..Debug$u20$for$u20$u32$GT$3fmt17hdcaa54ae5b814f37E
                0xffff80004022c964      0x200 bin/obj/rslib.a(core-dca77d77b03929cc.core.bbd04c23a4fa3c72-cgu.0.rcgu.o)
 .text._ZN4core3fmt3num50_$LT$impl$u20$core..fmt..Debug$u20$for$u20$u64$GT$3fmt17h6612a6d4aeffcfe3E
                0xffff80004022cb64      0x1fc bin/obj/rslib.a(core-dca77d77b03929cc.core.bbd04c23a4fa3c72-cgu.0.rcgu.o)
 .text._ZN4core3fmt3num50_$LT$impl$u20$core..fmt..Octal$u20$for$u20$i16$GT$3fmt17hb30f0eff41b795d7E
                0xffff80004022cd60       0x78 bin/obj/rslib.a(core-dca77d77b03929cc.core.bbd04c23a4fa3c72-cgu.0.rcgu.o)
                0xffff80004022cd60                core::fmt::num::<impl core::fmt::Octal for i16>::fmt
 .text._ZN4core3fmt3num50_$LT$impl$u20$core..fmt..Octal$u20$for$u20$i32$GT$3fmt17h96bda70b13d869cfE
                0xffff80004022cdd8       0x78 bin/obj/rslib.a(core-dca77d77b03929cc.core.bbd04c23a4fa3c72-cgu.0.rcgu.o)
                0xffff80004022cdd8                core::fmt::num::<impl core::fmt::Octal for i32>::fmt
 .text._ZN4core3fmt3num50_$LT$impl$u20$core..fmt..Octal$u20$for$u20$i64$GT$3fmt17hbca0bdf49b956695E
                0xffff80004022ce50       0x78 bin/obj/rslib.a(core-dca77d77b03929cc.core.bbd04c23a4fa3c72-cgu.0.rcgu.o)
                0xffff80004022ce50                core::fmt::num::<impl core::fmt::Octal for i64>::fmt
                0xffff80004022ce50                core::fmt::num::<impl core::fmt::Octal for isize>::fmt
 .text._ZN4core3fmt3num50_$LT$impl$u20$core..fmt..Octal$u20$for$u20$u16$GT$3fmt17haa5505935580f60eE
                0xffff80004022cec8       0x78 bin/obj/rslib.a(core-dca77d77b03929cc.core.bbd04c23a4fa3c72-cgu.0.rcgu.o)
                0xffff80004022cec8                core::fmt::num::<impl core::fmt::Octal for u16>::fmt
 .text._ZN4core3fmt3num50_$LT$impl$u20$core..fmt..Octal$u20$for$u20$u32$GT$3fmt17h4a01e2886ae035d3E
                0xffff80004022cf40       0x78 bin/obj/rslib.a(core-dca77d77b03929cc.core.bbd04c23a4fa3c72-cgu.0.rcgu.o)
                0xffff80004022cf40                core::fmt::num::<impl core::fmt::Octal for u32>::fmt
 .text._ZN4core3fmt3num50_$LT$impl$u20$core..fmt..Octal$u20$for$u20$u64$GT$3fmt17hf6bc247530776172E
                0xffff80004022cfb8       0x78 bin/obj/rslib.a(core-dca77d77b03929cc.core.bbd04c23a4fa3c72-cgu.0.rcgu.o)
                0xffff80004022cfb8                core::fmt::num::<impl core::fmt::Octal for usize>::fmt
                0xffff80004022cfb8                core::fmt::num::<impl core::fmt::Octal for u64>::fmt
 .text._ZN4core3fmt3num51_$LT$impl$u20$core..fmt..Binary$u20$for$u20$i16$GT$3fmt17h57858060feef142cE
                0xffff80004022d030       0x78 bin/obj/rslib.a(core-dca77d77b03929cc.core.bbd04c23a4fa3c72-cgu.0.rcgu.o)
                0xffff80004022d030                core::fmt::num::<impl core::fmt::Binary for i16>::fmt
 .text._ZN4core3fmt3num51_$LT$impl$u20$core..fmt..Binary$u20$for$u20$i32$GT$3fmt17h0b19d692da06108dE
                0xffff80004022d0a8       0x78 bin/obj/rslib.a(core-dca77d77b03929cc.core.bbd04c23a4fa3c72-cgu.0.rcgu.o)
                0xffff80004022d0a8                core::fmt::num::<impl core::fmt::Binary for i32>::fmt
 .text._ZN4core3fmt3num51_$LT$impl$u20$core..fmt..Binary$u20$for$u20$i64$GT$3fmt17haeba80af4dc4e17eE
                0xffff80004022d120       0x78 bin/obj/rslib.a(core-dca77d77b03929cc.core.bbd04c23a4fa3c72-cgu.0.rcgu.o)
                0xffff80004022d120                core::fmt::num::<impl core::fmt::Binary for isize>::fmt
                0xffff80004022d120                core::fmt::num::<impl core::fmt::Binary for i64>::fmt
 .text._ZN4core3fmt3num51_$LT$impl$u20$core..fmt..Binary$u20$for$u20$u16$GT$3fmt17h994032199faeaac8E
                0xffff80004022d198       0x78 bin/obj/rslib.a(core-dca77d77b03929cc.core.bbd04c23a4fa3c72-cgu.0.rcgu.o)
                0xffff80004022d198                core::fmt::num::<impl core::fmt::Binary for u16>::fmt
 .text._ZN4core3fmt3num51_$LT$impl$u20$core..fmt..Binary$u20$for$u20$u32$GT$3fmt17h97ec4d142d6b0a75E
                0xffff80004022d210       0x78 bin/obj/rslib.a(core-dca77d77b03929cc.core.bbd04c23a4fa3c72-cgu.0.rcgu.o)
                0xffff80004022d210                core::fmt::num::<impl core::fmt::Binary for u32>::fmt
 .text._ZN4core3fmt3num51_$LT$impl$u20$core..fmt..Binary$u20$for$u20$u64$GT$3fmt17h88494fdefc0ff8d9E
                0xffff80004022d288       0x78 bin/obj/rslib.a(core-dca77d77b03929cc.core.bbd04c23a4fa3c72-cgu.0.rcgu.o)
                0xffff80004022d288                core::fmt::num::<impl core::fmt::Binary for u64>::fmt
                0xffff80004022d288                core::fmt::num::<impl core::fmt::Binary for usize>::fmt
 .text._ZN4core3fmt3num51_$LT$impl$u20$core..fmt..Debug$u20$for$u20$i128$GT$3fmt17h02f9e17982837adcE
                0xffff80004022d300      0x148 bin/obj/rslib.a(core-dca77d77b03929cc.core.bbd04c23a4fa3c72-cgu.0.rcgu.o)
 .text._ZN4core3fmt3num51_$LT$impl$u20$core..fmt..Debug$u20$for$u20$u128$GT$3fmt17hacbd24b09e2e612dE
                0xffff80004022d448      0x128 bin/obj/rslib.a(core-dca77d77b03929cc.core.bbd04c23a4fa3c72-cgu.0.rcgu.o)
 .text._ZN4core3fmt3num51_$LT$impl$u20$core..fmt..Octal$u20$for$u20$i128$GT$3fmt17h30a46ebffb686345E
                0xffff80004022d570       0x84 bin/obj/rslib.a(core-dca77d77b03929cc.core.bbd04c23a4fa3c72-cgu.0.rcgu.o)
                0xffff80004022d570                core::fmt::num::<impl core::fmt::Octal for i128>::fmt
 .text._ZN4core3fmt3num51_$LT$impl$u20$core..fmt..Octal$u20$for$u20$u128$GT$3fmt17he9c20ead1f4ddb45E
                0xffff80004022d5f4       0x84 bin/obj/rslib.a(core-dca77d77b03929cc.core.bbd04c23a4fa3c72-cgu.0.rcgu.o)
                0xffff80004022d5f4                core::fmt::num::<impl core::fmt::Octal for u128>::fmt
 .text._ZN4core3fmt3num52_$LT$impl$u20$core..fmt..Binary$u20$for$u20$i128$GT$3fmt17h5ddc35715bb3478dE
                0xffff80004022d678       0x84 bin/obj/rslib.a(core-dca77d77b03929cc.core.bbd04c23a4fa3c72-cgu.0.rcgu.o)
                0xffff80004022d678                core::fmt::num::<impl core::fmt::Binary for i128>::fmt
 .text._ZN4core3fmt3num52_$LT$impl$u20$core..fmt..Binary$u20$for$u20$u128$GT$3fmt17h7c0ba53f984ef09eE
                0xffff80004022d6fc       0x84 bin/obj/rslib.a(core-dca77d77b03929cc.core.bbd04c23a4fa3c72-cgu.0.rcgu.o)
                0xffff80004022d6fc                core::fmt::num::<impl core::fmt::Binary for u128>::fmt
 .text._ZN4core3fmt3num52_$LT$impl$u20$core..fmt..Debug$u20$for$u20$usize$GT$3fmt17h43b30080ace008ecE
                0xffff80004022d780      0x208 bin/obj/rslib.a(core-dca77d77b03929cc.core.bbd04c23a4fa3c72-cgu.0.rcgu.o)
 .text._ZN4core3fmt3num52_$LT$impl$u20$core..fmt..LowerHex$u20$for$u20$i8$GT$3fmt17hf695129635c083b3E
                0xffff80004022d988       0x78 bin/obj/rslib.a(core-dca77d77b03929cc.core.bbd04c23a4fa3c72-cgu.0.rcgu.o)
                0xffff80004022d988                core::fmt::num::<impl core::fmt::LowerHex for i8>::fmt
 .text._ZN4core3fmt3num52_$LT$impl$u20$core..fmt..LowerHex$u20$for$u20$u8$GT$3fmt17h41223f6c79c82479E
                0xffff80004022da00       0x78 bin/obj/rslib.a(core-dca77d77b03929cc.core.bbd04c23a4fa3c72-cgu.0.rcgu.o)
                0xffff80004022da00                core::fmt::num::<impl core::fmt::LowerHex for u8>::fmt
 .text._ZN4core3fmt3num52_$LT$impl$u20$core..fmt..UpperHex$u20$for$u20$i8$GT$3fmt17h407840cf8f4701b9E
                0xffff80004022da78       0x78 bin/obj/rslib.a(core-dca77d77b03929cc.core.bbd04c23a4fa3c72-cgu.0.rcgu.o)
                0xffff80004022da78                core::fmt::num::<impl core::fmt::UpperHex for i8>::fmt
 .text._ZN4core3fmt3num52_$LT$impl$u20$core..fmt..UpperHex$u20$for$u20$u8$GT$3fmt17h1c056f3c85dae395E
                0xffff80004022daf0       0x78 bin/obj/rslib.a(core-dca77d77b03929cc.core.bbd04c23a4fa3c72-cgu.0.rcgu.o)
                0xffff80004022daf0                core::fmt::num::<impl core::fmt::UpperHex for u8>::fmt
 .text._ZN4core3fmt3num53_$LT$impl$u20$core..fmt..Display$u20$for$u20$i128$GT$3fmt17h143e7e69baa593e3E
                0xffff80004022db68       0x78 bin/obj/rslib.a(core-dca77d77b03929cc.core.bbd04c23a4fa3c72-cgu.0.rcgu.o)
                0xffff80004022db68                core::fmt::num::<impl core::fmt::Display for i128>::fmt
 .text._ZN4core3fmt3num53_$LT$impl$u20$core..fmt..Display$u20$for$u20$u128$GT$3fmt17h93d3e8374317a9ebE
                0xffff80004022dbe0       0x64 bin/obj/rslib.a(core-dca77d77b03929cc.core.bbd04c23a4fa3c72-cgu.0.rcgu.o)
                0xffff80004022dbe0                core::fmt::num::<impl core::fmt::Display for u128>::fmt
 .text._ZN4core3fmt3num53_$LT$impl$u20$core..fmt..LowerHex$u20$for$u20$i16$GT$3fmt17h5b03a43fe071e9d2E
                0xffff80004022dc44       0x78 bin/obj/rslib.a(core-dca77d77b03929cc.core.bbd04c23a4fa3c72-cgu.0.rcgu.o)
                0xffff80004022dc44                core::fmt::num::<impl core::fmt::LowerHex for i16>::fmt
 .text._ZN4core3fmt3num53_$LT$impl$u20$core..fmt..LowerHex$u20$for$u20$i32$GT$3fmt17hc95ab94a833a1d52E
                0xffff80004022dcbc       0x78 bin/obj/rslib.a(core-dca77d77b03929cc.core.bbd04c23a4fa3c72-cgu.0.rcgu.o)
                0xffff80004022dcbc                core::fmt::num::<impl core::fmt::LowerHex for i32>::fmt
 .text._ZN4core3fmt3num53_$LT$impl$u20$core..fmt..LowerHex$u20$for$u20$i64$GT$3fmt17h78bab8b90a4593cfE
                0xffff80004022dd34       0x78 bin/obj/rslib.a(core-dca77d77b03929cc.core.bbd04c23a4fa3c72-cgu.0.rcgu.o)
                0xffff80004022dd34                core::fmt::num::<impl core::fmt::LowerHex for i64>::fmt
                0xffff80004022dd34                core::fmt::num::<impl core::fmt::LowerHex for isize>::fmt
 .text._ZN4core3fmt3num53_$LT$impl$u20$core..fmt..LowerHex$u20$for$u20$u16$GT$3fmt17h763f8ccc440b53a1E
                0xffff80004022ddac       0x78 bin/obj/rslib.a(core-dca77d77b03929cc.core.bbd04c23a4fa3c72-cgu.0.rcgu.o)
                0xffff80004022ddac                core::fmt::num::<impl core::fmt::LowerHex for u16>::fmt
 .text._ZN4core3fmt3num53_$LT$impl$u20$core..fmt..LowerHex$u20$for$u20$u32$GT$3fmt17h549c5dc88a23e071E
                0xffff80004022de24       0x78 bin/obj/rslib.a(core-dca77d77b03929cc.core.bbd04c23a4fa3c72-cgu.0.rcgu.o)
                0xffff80004022de24                core::fmt::num::<impl core::fmt::LowerHex for u32>::fmt
 .text._ZN4core3fmt3num53_$LT$impl$u20$core..fmt..LowerHex$u20$for$u20$u64$GT$3fmt17hdaccb1a7b83ad970E
                0xffff80004022de9c       0x78 bin/obj/rslib.a(core-dca77d77b03929cc.core.bbd04c23a4fa3c72-cgu.0.rcgu.o)
                0xffff80004022de9c                core::fmt::num::<impl core::fmt::LowerHex for usize>::fmt
                0xffff80004022de9c                core::fmt::num::<impl core::fmt::LowerHex for u64>::fmt
 .text._ZN4core3fmt3num53_$LT$impl$u20$core..fmt..UpperHex$u20$for$u20$i16$GT$3fmt17hdc971805de989b2aE
                0xffff80004022df14       0x78 bin/obj/rslib.a(core-dca77d77b03929cc.core.bbd04c23a4fa3c72-cgu.0.rcgu.o)
                0xffff80004022df14                core::fmt::num::<impl core::fmt::UpperHex for i16>::fmt
 .text._ZN4core3fmt3num53_$LT$impl$u20$core..fmt..UpperHex$u20$for$u20$i32$GT$3fmt17h7f105a3b4f757369E
                0xffff80004022df8c       0x78 bin/obj/rslib.a(core-dca77d77b03929cc.core.bbd04c23a4fa3c72-cgu.0.rcgu.o)
                0xffff80004022df8c                core::fmt::num::<impl core::fmt::UpperHex for i32>::fmt
 .text._ZN4core3fmt3num53_$LT$impl$u20$core..fmt..UpperHex$u20$for$u20$i64$GT$3fmt17h9e197d4c17bda1a5E
                0xffff80004022e004       0x78 bin/obj/rslib.a(core-dca77d77b03929cc.core.bbd04c23a4fa3c72-cgu.0.rcgu.o)
                0xffff80004022e004                core::fmt::num::<impl core::fmt::UpperHex for isize>::fmt
                0xffff80004022e004                core::fmt::num::<impl core::fmt::UpperHex for i64>::fmt
 .text._ZN4core3fmt3num53_$LT$impl$u20$core..fmt..UpperHex$u20$for$u20$u16$GT$3fmt17h4d373f4e1b192db5E
                0xffff80004022e07c       0x78 bin/obj/rslib.a(core-dca77d77b03929cc.core.bbd04c23a4fa3c72-cgu.0.rcgu.o)
                0xffff80004022e07c                core::fmt::num::<impl core::fmt::UpperHex for u16>::fmt
 .text._ZN4core3fmt3num53_$LT$impl$u20$core..fmt..UpperHex$u20$for$u20$u32$GT$3fmt17hfe57b8c17b9bbf1aE
                0xffff80004022e0f4       0x78 bin/obj/rslib.a(core-dca77d77b03929cc.core.bbd04c23a4fa3c72-cgu.0.rcgu.o)
                0xffff80004022e0f4                core::fmt::num::<impl core::fmt::UpperHex for u32>::fmt
 .text._ZN4core3fmt3num53_$LT$impl$u20$core..fmt..UpperHex$u20$for$u20$u64$GT$3fmt17h995153f9b3a5bfe9E
                0xffff80004022e16c       0x78 bin/obj/rslib.a(core-dca77d77b03929cc.core.bbd04c23a4fa3c72-cgu.0.rcgu.o)
                0xffff80004022e16c                core::fmt::num::<impl core::fmt::UpperHex for usize>::fmt
                0xffff80004022e16c                core::fmt::num::<impl core::fmt::UpperHex for u64>::fmt
 .text._ZN4core3fmt3num54_$LT$impl$u20$core..fmt..LowerExp$u20$for$u20$i128$GT$3fmt17h30434f360a41b4c4E
                0xffff80004022e1e4       0x2c bin/obj/rslib.a(core-dca77d77b03929cc.core.bbd04c23a4fa3c72-cgu.0.rcgu.o)
                0xffff80004022e1e4                core::fmt::num::<impl core::fmt::LowerExp for i128>::fmt
 .text._ZN4core3fmt3num54_$LT$impl$u20$core..fmt..LowerExp$u20$for$u20$u128$GT$3fmt17ha11197f8c52dd830E
                0xffff80004022e210       0x14 bin/obj/rslib.a(core-dca77d77b03929cc.core.bbd04c23a4fa3c72-cgu.0.rcgu.o)
                0xffff80004022e210                core::fmt::num::<impl core::fmt::LowerExp for u128>::fmt
 .text._ZN4core3fmt3num54_$LT$impl$u20$core..fmt..LowerHex$u20$for$u20$i128$GT$3fmt17hb7c2328b2927a7e4E
                0xffff80004022e224       0x84 bin/obj/rslib.a(core-dca77d77b03929cc.core.bbd04c23a4fa3c72-cgu.0.rcgu.o)
                0xffff80004022e224                core::fmt::num::<impl core::fmt::LowerHex for i128>::fmt
 .text._ZN4core3fmt3num54_$LT$impl$u20$core..fmt..LowerHex$u20$for$u20$u128$GT$3fmt17hb4c13cc4839c5400E
                0xffff80004022e2a8       0x84 bin/obj/rslib.a(core-dca77d77b03929cc.core.bbd04c23a4fa3c72-cgu.0.rcgu.o)
                0xffff80004022e2a8                core::fmt::num::<impl core::fmt::LowerHex for u128>::fmt
 .text._ZN4core3fmt3num54_$LT$impl$u20$core..fmt..UpperExp$u20$for$u20$i128$GT$3fmt17h5f34c241245c987fE
                0xffff80004022e32c       0x2c bin/obj/rslib.a(core-dca77d77b03929cc.core.bbd04c23a4fa3c72-cgu.0.rcgu.o)
                0xffff80004022e32c                core::fmt::num::<impl core::fmt::UpperExp for i128>::fmt
 .text._ZN4core3fmt3num54_$LT$impl$u20$core..fmt..UpperExp$u20$for$u20$u128$GT$3fmt17h6e59dbb5e808480cE
                0xffff80004022e358       0x14 bin/obj/rslib.a(core-dca77d77b03929cc.core.bbd04c23a4fa3c72-cgu.0.rcgu.o)
                0xffff80004022e358                core::fmt::num::<impl core::fmt::UpperExp for u128>::fmt
 .text._ZN4core3fmt3num54_$LT$impl$u20$core..fmt..UpperHex$u20$for$u20$i128$GT$3fmt17h37959fbc370fc230E
                0xffff80004022e36c       0x84 bin/obj/rslib.a(core-dca77d77b03929cc.core.bbd04c23a4fa3c72-cgu.0.rcgu.o)
                0xffff80004022e36c                core::fmt::num::<impl core::fmt::UpperHex for i128>::fmt
 .text._ZN4core3fmt3num54_$LT$impl$u20$core..fmt..UpperHex$u20$for$u20$u128$GT$3fmt17h631d1b7b37eac1b1E
                0xffff80004022e3f0       0x84 bin/obj/rslib.a(core-dca77d77b03929cc.core.bbd04c23a4fa3c72-cgu.0.rcgu.o)
                0xffff80004022e3f0                core::fmt::num::<impl core::fmt::UpperHex for u128>::fmt
 .text._ZN4core3fmt3num8exp_u12817h1e087a08c7e7821cE
                0xffff80004022e474      0x908 bin/obj/rslib.a(core-dca77d77b03929cc.core.bbd04c23a4fa3c72-cgu.0.rcgu.o)
 .text._ZN4core3fmt5Write10write_char17h6c9f62c53d255419E
                0xffff80004022ed7c      0x110 bin/obj/rslib.a(core-dca77d77b03929cc.core.bbd04c23a4fa3c72-cgu.0.rcgu.o)
 .text._ZN4core3fmt5Write10write_char17hab3113e5f50b8d55E
                0xffff80004022ee8c      0x110 bin/obj/rslib.a(core-dca77d77b03929cc.core.bbd04c23a4fa3c72-cgu.0.rcgu.o)
 .text._ZN4core3fmt5Write10write_char17hafd2cc98f3cc0f9eE
                0xffff80004022ef9c      0x110 bin/obj/rslib.a(core-dca77d77b03929cc.core.bbd04c23a4fa3c72-cgu.0.rcgu.o)
 .text._ZN4core3fmt5Write10write_char17hafeca256d596fff5E
                0xffff80004022f0ac      0x110 bin/obj/rslib.a(core-dca77d77b03929cc.core.bbd04c23a4fa3c72-cgu.0.rcgu.o)
 .text._ZN4core3fmt5Write9write_fmt17h520d20e91ea5545dE
                0xffff80004022f1bc       0x10 bin/obj/rslib.a(core-dca77d77b03929cc.core.bbd04c23a4fa3c72-cgu.0.rcgu.o)
 .text._ZN4core3fmt5Write9write_fmt17h7c092140abd88642E
                0xffff80004022f1cc       0x10 bin/obj/rslib.a(core-dca77d77b03929cc.core.bbd04c23a4fa3c72-cgu.0.rcgu.o)
 .text._ZN4core3fmt5Write9write_fmt17h95b21c1cd5581451E
                0xffff80004022f1dc       0x10 bin/obj/rslib.a(core-dca77d77b03929cc.core.bbd04c23a4fa3c72-cgu.0.rcgu.o)
 .text._ZN4core3fmt5Write9write_fmt17h9e49c072d75e96bdE
                0xffff80004022f1ec       0x10 bin/obj/rslib.a(core-dca77d77b03929cc.core.bbd04c23a4fa3c72-cgu.0.rcgu.o)
 .text._ZN4core3fmt5Write9write_fmt17hb1a75934f62025f1E
                0xffff80004022f1fc       0x10 bin/obj/rslib.a(core-dca77d77b03929cc.core.bbd04c23a4fa3c72-cgu.0.rcgu.o)
 .text._ZN4core3fmt5float29float_to_decimal_common_exact17h0e50918e8fa3ee13E
                0xffff80004022f20c      0x330 bin/obj/rslib.a(core-dca77d77b03929cc.core.bbd04c23a4fa3c72-cgu.0.rcgu.o)
 .text._ZN4core3fmt5float29float_to_decimal_common_exact17hb9a2c5d04883627eE
                0xffff80004022f53c      0x32c bin/obj/rslib.a(core-dca77d77b03929cc.core.bbd04c23a4fa3c72-cgu.0.rcgu.o)
 .text._ZN4core3fmt5float29float_to_decimal_common_exact17hca083ab3e7c8879bE
                0xffff80004022f868      0x330 bin/obj/rslib.a(core-dca77d77b03929cc.core.bbd04c23a4fa3c72-cgu.0.rcgu.o)
 .text._ZN4core3fmt5float32float_to_decimal_common_shortest17h0ceec187bec91d8aE
                0xffff80004022fb98      0x274 bin/obj/rslib.a(core-dca77d77b03929cc.core.bbd04c23a4fa3c72-cgu.0.rcgu.o)
 .text._ZN4core3fmt5float32float_to_decimal_common_shortest17hccc6e50c18412f99E
                0xffff80004022fe0c      0x270 bin/obj/rslib.a(core-dca77d77b03929cc.core.bbd04c23a4fa3c72-cgu.0.rcgu.o)
 .text._ZN4core3fmt5float32float_to_decimal_common_shortest17he31e808fe2c6de51E
                0xffff80004023007c      0x274 bin/obj/rslib.a(core-dca77d77b03929cc.core.bbd04c23a4fa3c72-cgu.0.rcgu.o)
 .text._ZN4core3fmt5float33float_to_exponential_common_exact17h139f809f18339707E
                0xffff8000402302f0      0x364 bin/obj/rslib.a(core-dca77d77b03929cc.core.bbd04c23a4fa3c72-cgu.0.rcgu.o)
 .text._ZN4core3fmt5float33float_to_exponential_common_exact17h3b54b606a5e93c9aE
                0xffff800040230654      0x360 bin/obj/rslib.a(core-dca77d77b03929cc.core.bbd04c23a4fa3c72-cgu.0.rcgu.o)
 .text._ZN4core3fmt5float33float_to_exponential_common_exact17h72232f886c9338e7E
                0xffff8000402309b4      0x364 bin/obj/rslib.a(core-dca77d77b03929cc.core.bbd04c23a4fa3c72-cgu.0.rcgu.o)
 .text._ZN4core3fmt5float36float_to_exponential_common_shortest17hd613faf6d122fffdE
                0xffff800040230d18      0x324 bin/obj/rslib.a(core-dca77d77b03929cc.core.bbd04c23a4fa3c72-cgu.0.rcgu.o)
 .text._ZN4core3fmt5float36float_to_exponential_common_shortest17hd81e605b83b8c904E
                0xffff80004023103c      0x324 bin/obj/rslib.a(core-dca77d77b03929cc.core.bbd04c23a4fa3c72-cgu.0.rcgu.o)
 .text._ZN4core3fmt5float36float_to_exponential_common_shortest17hf01e77856c0611c9E
                0xffff800040231360      0x320 bin/obj/rslib.a(core-dca77d77b03929cc.core.bbd04c23a4fa3c72-cgu.0.rcgu.o)
 .text._ZN4core3fmt5float50_$LT$impl$u20$core..fmt..Debug$u20$for$u20$f16$GT$3fmt17h98073eaa521987d1E
                0xffff800040231680       0x84 bin/obj/rslib.a(core-dca77d77b03929cc.core.bbd04c23a4fa3c72-cgu.0.rcgu.o)
                0xffff800040231680                core::fmt::float::<impl core::fmt::Debug for f16>::fmt
 .text._ZN4core3fmt5float50_$LT$impl$u20$core..fmt..Debug$u20$for$u20$f32$GT$3fmt17h356a0d769d6699d8E
                0xffff800040231704       0x78 bin/obj/rslib.a(core-dca77d77b03929cc.core.bbd04c23a4fa3c72-cgu.0.rcgu.o)
                0xffff800040231704                core::fmt::float::<impl core::fmt::Debug for f32>::fmt
 .text._ZN4core3fmt5float50_$LT$impl$u20$core..fmt..Debug$u20$for$u20$f64$GT$3fmt17hf05e6bf68a96b818E
                0xffff80004023177c       0x70 bin/obj/rslib.a(core-dca77d77b03929cc.core.bbd04c23a4fa3c72-cgu.0.rcgu.o)
                0xffff80004023177c                core::fmt::float::<impl core::fmt::Debug for f64>::fmt
 .text._ZN4core3fmt5float52_$LT$impl$u20$core..fmt..Display$u20$for$u20$f16$GT$3fmt17h99e2214d9239d00dE
                0xffff8000402317ec       0x2c bin/obj/rslib.a(core-dca77d77b03929cc.core.bbd04c23a4fa3c72-cgu.0.rcgu.o)
                0xffff8000402317ec                core::fmt::float::<impl core::fmt::Display for f16>::fmt
 .text._ZN4core3fmt5float52_$LT$impl$u20$core..fmt..Display$u20$for$u20$f32$GT$3fmt17h65e0a609525384cfE
                0xffff800040231818       0x2c bin/obj/rslib.a(core-dca77d77b03929cc.core.bbd04c23a4fa3c72-cgu.0.rcgu.o)
                0xffff800040231818                core::fmt::float::<impl core::fmt::Display for f32>::fmt
 .text._ZN4core3fmt5float52_$LT$impl$u20$core..fmt..Display$u20$for$u20$f64$GT$3fmt17he0314ea48bfe4fd0E
                0xffff800040231844       0x2c bin/obj/rslib.a(core-dca77d77b03929cc.core.bbd04c23a4fa3c72-cgu.0.rcgu.o)
                0xffff800040231844                core::fmt::float::<impl core::fmt::Display for f64>::fmt
 .text._ZN4core3fmt5float53_$LT$impl$u20$core..fmt..LowerExp$u20$for$u20$f16$GT$3fmt17h32eae0d8e61a65e8E
                0xffff800040231870       0x38 bin/obj/rslib.a(core-dca77d77b03929cc.core.bbd04c23a4fa3c72-cgu.0.rcgu.o)
                0xffff800040231870                core::fmt::float::<impl core::fmt::LowerExp for f16>::fmt
 .text._ZN4core3fmt5float53_$LT$impl$u20$core..fmt..LowerExp$u20$for$u20$f32$GT$3fmt17h48c202800b407b9eE
                0xffff8000402318a8       0x38 bin/obj/rslib.a(core-dca77d77b03929cc.core.bbd04c23a4fa3c72-cgu.0.rcgu.o)
                0xffff8000402318a8                core::fmt::float::<impl core::fmt::LowerExp for f32>::fmt
 .text._ZN4core3fmt5float53_$LT$impl$u20$core..fmt..LowerExp$u20$for$u20$f64$GT$3fmt17h12fcc30f7b05009fE
                0xffff8000402318e0       0x38 bin/obj/rslib.a(core-dca77d77b03929cc.core.bbd04c23a4fa3c72-cgu.0.rcgu.o)
                0xffff8000402318e0                core::fmt::float::<impl core::fmt::LowerExp for f64>::fmt
 .text._ZN4core3fmt5float53_$LT$impl$u20$core..fmt..UpperExp$u20$for$u20$f16$GT$3fmt17h83654050f23ca0ecE
                0xffff800040231918       0x38 bin/obj/rslib.a(core-dca77d77b03929cc.core.bbd04c23a4fa3c72-cgu.0.rcgu.o)
                0xffff800040231918                core::fmt::float::<impl core::fmt::UpperExp for f16>::fmt
 .text._ZN4core3fmt5float53_$LT$impl$u20$core..fmt..UpperExp$u20$for$u20$f32$GT$3fmt17haac13dd2190c86bbE
                0xffff800040231950       0x38 bin/obj/rslib.a(core-dca77d77b03929cc.core.bbd04c23a4fa3c72-cgu.0.rcgu.o)
                0xffff800040231950                core::fmt::float::<impl core::fmt::UpperExp for f32>::fmt
 .text._ZN4core3fmt5float53_$LT$impl$u20$core..fmt..UpperExp$u20$for$u20$f64$GT$3fmt17hb5db0cd4a81cbe98E
                0xffff800040231988       0x38 bin/obj/rslib.a(core-dca77d77b03929cc.core.bbd04c23a4fa3c72-cgu.0.rcgu.o)
                0xffff800040231988                core::fmt::float::<impl core::fmt::UpperExp for f64>::fmt
 .text._ZN4core3fmt5write17h698d48d1740424bfE
                0xffff8000402319c0      0x1fc bin/obj/rslib.a(core-dca77d77b03929cc.core.bbd04c23a4fa3c72-cgu.0.rcgu.o)
                0xffff8000402319c0                core::fmt::write
 .text._ZN4core3fmt8builders10DebugTuple21finish_non_exhaustive17hd2c31e03f38e3753E
                0xffff800040231bbc       0xd8 bin/obj/rslib.a(core-dca77d77b03929cc.core.bbd04c23a4fa3c72-cgu.0.rcgu.o)
                0xffff800040231bbc                core::fmt::builders::DebugTuple::finish_non_exhaustive