Archive member included to satisfy reference by file (symbol)

bin/obj/rslib.a(imx8mp_kernel-d687ac9b9df6ed96.imx8mp_kernel.efef9fb5e6c1793d-cgu.0.rcgu.o)
                              bin/obj/kernel/init/init.o (rust_kernel_initcalls_stage0)
bin/obj/rslib.a(core-433fda90c18ce65b.core.32ad4ce11d1d98ef-cgu.0.rcgu.o)
                              bin/obj/rslib.a(imx8mp_kernel-d687ac9b9df6ed96.imx8mp_kernel.efef9fb5e6c1793d-cgu.0.rcgu.o) (core::panicking::panic_fmt)
bin/obj/rslib.a(compiler_builtins-ea381268f5c86982.compiler_builtins.2481bcde1aff4110-cgu.101.rcgu.o)
                              bin/obj/rslib.a(core-433fda90c18ce65b.core.32ad4ce11d1d98ef-cgu.0.rcgu.o) (memcmp)
bin/obj/rslib.a(compiler_builtins-ea381268f5c86982.compiler_builtins.2481bcde1aff4110-cgu.207.rcgu.o)
                              bin/obj/kernel/io/term/term.o (memset)
bin/obj/rslib.a(compiler_builtins-ea381268f5c86982.compiler_builtins.2481bcde1aff4110-cgu.272.rcgu.o)
                              bin/obj/kernel/mm/virt/containers/containers.o (memcpy)
bin/obj/rslib.a(compiler_builtins-ea381268f5c86982.compiler_builtins.2481bcde1aff4110-cgu.328.rcgu.o)
                              bin/obj/drivers/arm_generic_timer/arm_generic_timer.o (__udivti3)
bin/obj/rslib.a(5327fca582dbbf8b-lse_ldadd4_acq_rel.o)
                              bin/obj/lib/lock/corelock.o (__aarch64_ldadd4_acq_rel)
bin/obj/rslib.a(5327fca582dbbf8b-lse_ldadd8_acq_rel.o)
                              bin/obj/kernel/io/term/term.o (__aarch64_ldadd8_acq_rel)
bin/obj/rslib.a(670c1ed24249df13-aarch64.o)
                              bin/obj/rslib.a(5327fca582dbbf8b-lse_ldadd4_acq_rel.o) (__aarch64_have_lse_atomics)
bin/obj/rslib.a(compiler_builtins-ea381268f5c86982.compiler_builtins.2481bcde1aff4110-cgu.030.rcgu.o)
                              bin/obj/rslib.a(compiler_builtins-ea381268f5c86982.compiler_builtins.2481bcde1aff4110-cgu.328.rcgu.o) (compiler_builtins::int::specialized_div_rem::u128_div_rem)

Merging program properties


Discarded input sections

 .group         0x0000000000000000        0xc bin/obj/arm/cpu.o
 .group         0x0000000000000000        0xc bin/obj/arm/cpu.o
 .group         0x0000000000000000        0xc bin/obj/arm/cpu.o
 .group         0x0000000000000000        0xc bin/obj/arm/cpu.o
 .group         0x0000000000000000        0xc bin/obj/arm/cpu.o
 .group         0x0000000000000000        0xc bin/obj/arm/exceptions/exceptions.o
 .group         0x0000000000000000        0xc bin/obj/arm/exceptions/exceptions.o
 .group         0x0000000000000000        0xc bin/obj/arm/exceptions/exceptions.o
 .group         0x0000000000000000        0xc bin/obj/arm/exceptions/exceptions.o
 .group         0x0000000000000000        0xc bin/obj/arm/exceptions/exceptions.o
 .group         0x0000000000000000        0xc bin/obj/arm/exceptions/exceptions.o
 .group         0x0000000000000000        0xc bin/obj/arm/exceptions/exceptions.o
 .group         0x0000000000000000        0xc bin/obj/arm/exceptions/exceptions.o
 .group         0x0000000000000000        0xc bin/obj/arm/exceptions/exceptions.o
 .debug_macro   0x0000000000000000      0xb62 bin/obj/arm/exceptions/exceptions.o
 .debug_macro   0x0000000000000000      0x1a5 bin/obj/arm/exceptions/exceptions.o
 .debug_macro   0x0000000000000000      0x523 bin/obj/arm/exceptions/exceptions.o
 .debug_macro   0x0000000000000000       0x10 bin/obj/arm/exceptions/exceptions.o
 .group         0x0000000000000000        0xc bin/obj/arm/exceptions/handlers/el1/el1_cur_sp0_fiq.o
 .group         0x0000000000000000        0xc bin/obj/arm/exceptions/handlers/el1/el1_cur_sp0_fiq.o
 .group         0x0000000000000000        0xc bin/obj/arm/exceptions/handlers/el1/el1_cur_sp0_fiq.o
 .group         0x0000000000000000        0xc bin/obj/arm/exceptions/handlers/el1/el1_cur_sp0_fiq.o
 .group         0x0000000000000000        0xc bin/obj/arm/exceptions/handlers/el1/el1_cur_sp0_fiq.o
 .group         0x0000000000000000        0xc bin/obj/arm/exceptions/handlers/el1/el1_cur_sp0_fiq.o
 .group         0x0000000000000000        0xc bin/obj/arm/exceptions/handlers/el1/el1_cur_sp0_fiq.o
 .group         0x0000000000000000        0xc bin/obj/arm/exceptions/handlers/el1/el1_cur_sp0_fiq.o
 .group         0x0000000000000000        0xc bin/obj/arm/exceptions/handlers/el1/el1_cur_sp0_fiq.o
 .group         0x0000000000000000        0xc bin/obj/arm/exceptions/handlers/el1/el1_cur_sp0_fiq.o
 .group         0x0000000000000000        0xc bin/obj/arm/exceptions/handlers/el1/el1_cur_sp0_fiq.o
 .debug_macro   0x0000000000000000      0xb62 bin/obj/arm/exceptions/handlers/el1/el1_cur_sp0_fiq.o
 .debug_macro   0x0000000000000000       0x10 bin/obj/arm/exceptions/handlers/el1/el1_cur_sp0_fiq.o
 .debug_macro   0x0000000000000000      0x1a5 bin/obj/arm/exceptions/handlers/el1/el1_cur_sp0_fiq.o
 .debug_macro   0x0000000000000000      0x523 bin/obj/arm/exceptions/handlers/el1/el1_cur_sp0_fiq.o
[...]
Memory Configuration

Name             Origin             Length             Attributes
HI_VMEM          0xffff800000000000 0x0000800000000000 xrw
DDR_HI           0x0000000100000000 0x0000000140000000 xrw
DDR_LO           0x0000000040000000 0x00000000c0000000 xrw
DDR              0x0000000040000000 0x0000000200000000 xrw
DDR_KERNEL       0x0000000040200000 0x00000001ffe00000 xrw
RESERVED_3F      0x000000003f000000 0x0000000001000000 rw
RESERVED_3E      0x000000003e000000 0x0000000001000000 rw
DDRC_PHY_BCAST   0x000000003dc00000 0x0000000000400000 rw
DDRC_PERF_MON    0x000000003d800000 0x0000000000400000 rw
DDRC_CTL         0x000000003d400000 0x0000000000400000 rw
RESERVED_3D10    0x000000003d100000 0x0000000000300000 rw
DDRC_BLK_CTRL    0x000000003d000000 0x0000000000100000 rw
DDRC_PHY         0x000000003c000000 0x0000000001000000 rw
AUDIO_DSP        0x000000003b000000 0x0000000001000000 rw
GIC              0x0000000038800000 0x0000000000100000 rw
NPU              0x0000000038500000 0x0000000000200000 rw
VPU              0x0000000038340000 0x0000000000200000 rw
VPU_BLK_CTRL     0x0000000038330000 0x0000000000200000 rw
VPU_VC8000E      0x0000000038320000 0x0000000000200000 rw
VPU_G2           0x0000000038310000 0x0000000000200000 rw
VPU_G1           0x0000000038300000 0x0000000000200000 rw
USB2             0x0000000038200000 0x0000000000100000 rw
USB1             0x0000000038100000 0x0000000000100000 rw
GPU_3D           0x0000000038000000 0x0000000000008000 rw
GPU_2D           0x0000000038008000 0x0000000000008000 rw
QSPI_RX          0x0000000036000000 0x0000000002000000 rw
QSPI_RX_1        0x0000000034000000 0x0000000002000000 rw
QSPI_TX          0x0000000033008000 0x0000000000008000 rw
APBH_DMA         0x0000000033000000 0x0000000000008000 rw
AIPS_1           0x0000000030000000 0x0000000000400000 rw
AIPS_2           0x0000000030400000 0x0000000000400000 rw
AIPS_3           0x0000000030800000 0x0000000000400000 rw
AIPS_4           0x0000000032c00000 0x0000000000400000 rw
AIPS_5           0x0000000030c00000 0x0000000000400000 rw
PCIE_REG         0x0000000018000000 0x0000000008000000 rw
OCRAM            0x0000000000900000 0x0000000000090000 xrw
OCRAM_S          0x0000000000180000 0x0000000000009000 rw
OCRAM_S2         0x0000000000189000 0x0000000000007000 rw
CAAM_SEC_RAM     0x0000000000108000 0x0000000000008000 rw
BOOT_ROM         0x0000000000000000 0x000000000003f000 r
*default*        0x0000000000000000 0xffffffffffffffff

Linker script and memory map

                0x0000000000000004                __NUM_CORES = 0x4
                0x0000000000020000                __EL2_STACK_SIZE = 0x20000
                0x0000000000100000                __EL1_STACK_SIZE = 0x100000
                0x0000000000200000                __TFA_PROTECTED_SIZE = 0x200000
                0xffff800000000000                HI_VA_BASE = 0xffff800000000000
                0x0000800000000000                HI_VA_SIZE = 0x800000000000
                0x0000000040200000                KERNEL_PA_BASE = (ORIGIN (DDR) + __TFA_PROTECTED_SIZE)
                0xffff800040200000                KERNEL_VA_BASE = (KERNEL_PA_BASE + HI_VA_BASE)
                0xffff800040200000                . = KERNEL_VA_BASE

.text           0xffff800040200000    0x49000 load address 0x0000000040200000
                0xffff800040200000                __text_start = .
 *(.text.boot)
 .text.boot     0xffff800040200000       0xc8 bin/obj/__boot/boot.o
                0xffff800040200000                _start
 *(.text*)
 .text          0xffff8000402000c8       0x40 bin/obj/__arm/cache/cache.o
                0xffff8000402000c8                _cache_flush_range
 .text          0xffff800040200108       0x3c bin/obj/__arm/cache/dcache.o
                0xffff800040200108                _dcache_flush_range
 .text          0xffff800040200144       0x3c bin/obj/__arm/cache/icache.o
                0xffff800040200144                _icache_flush_range
 .text          0xffff800040200180        0x8 bin/obj/__arm/cpu.o
                0xffff800040200180                _ARM_get_sp
 *fill*         0xffff800040200188      0x678 
 .text          0xffff800040200800     0x1b40 bin/obj/__arm/exceptions/el1_vectors.o
                0xffff800040200800                _el1_init_vector
 *fill*         0xffff800040202340      0x4c0 
 .text          0xffff800040202800     0x1100 bin/obj/__arm/exceptions/el2_vectors.o
                0xffff800040202800                _el2_init_vector
 .text          0xffff800040203900       0x68 bin/obj/__arm/exceptions/exceptions.o
                0xffff800040203900                _exceptions_get_DAIF
                0xffff800040203908                _fiq_exceptions_enable
                0xffff800040203914                _irq_exceptions_enable
                0xffff800040203920                _serror_exceptions_enable
                0xffff80004020392c                _debug_exceptions_enable
                0xffff800040203938                _fiq_exceptions_disable
                0xffff800040203944                _irq_exceptions_disable
                0xffff800040203950                _serror_exceptions_disable
                0xffff80004020395c                _debug_exceptions_disable
 *fill*         0xffff800040203968        0x8 
 .text          0xffff800040203970       0xa0 bin/obj/__arm/mmu/regs/mmu_sysregs.o
                0xffff800040203970                _mmu_get_MAIR_EL1
                0xffff800040203978                _mmu_set_MAIR_EL1
                0xffff8000402039b0                _mmu_get_SCTLR_EL1
                0xffff8000402039b8                _mmu_set_SCTLR_EL1
                0xffff8000402039c4                _mmu_get_TTBR0_EL1
                0xffff8000402039cc                _mmu_set_TTBR0_EL1
                0xffff8000402039dc                _mmu_get_TTBR1_EL1
                0xffff8000402039e4                _mmu_set_TTBR1_EL1
                0xffff8000402039f4                _mmu_get_TCR_EL1
                0xffff8000402039fc                _mmu_set_TCR_EL1
                0xffff800040203a08                _mmu_get_ID_AA64MMFR0_EL1
 .text          0xffff800040203a10      0x114 bin/obj/__arm/sysregs/arm_generic_timer.o
                0xffff800040203a10                _ARM_CNTFRQ_EL0_set
                0xffff800040203a1c                _ARM_CNTFRQ_EL0_get
                0xffff800040203a24                _ARM_CNTPCT_EL0_get
                0xffff800040203a2c                _ARM_CNTVCT_EL0_get
                0xffff800040203a34                _ARM_CNTP_CTL_EL0_set
                0xffff800040203a40                _ARM_CNTP_CTL_EL0_get
                0xffff800040203a48                _ARM_CNTP_CVAL_EL0_set
                0xffff800040203a54                _ARM_CNTP_CVAL_EL0_get
                0xffff800040203a5c                _ARM_CNTP_TVAL_EL0_set
                0xffff800040203a68                _ARM_CNTP_TVAL_EL0_get
                0xffff800040203a70                _ARM_CNTV_CTL_EL0_set
                0xffff800040203a7c                _ARM_CNTV_CTL_EL0_get
                0xffff800040203a84                _ARM_CNTV_CVAL_EL0_set
                0xffff800040203a90                _ARM_CNTV_CVAL_EL0_get
                0xffff800040203a98                _ARM_CNTV_TVAL_EL0_set
                0xffff800040203aa4                _ARM_CNTV_TVAL_EL0_get
                0xffff800040203aac                _ARM_CNTKCTL_EL1_set
                0xffff800040203ab8                _ARM_CNTKCTL_EL1_get
                0xffff800040203ac0                _ARM_CNTHCTL_EL2_set
                0xffff800040203acc                _ARM_CNTHCTL_EL2_get
                0xffff800040203ad4                _ARM_CNTVOFF_EL2_set
                0xffff800040203ae0                _ARM_CNTVOFF_EL2_get
                0xffff800040203ae8                _ARM_CNTPS_CTL_EL1_set
                0xffff800040203af4                _ARM_CNTPS_CTL_EL1_get
                0xffff800040203afc                _ARM_CNTPS_CVAL_EL1_set
                0xffff800040203b08                _ARM_CNTPS_CVAL_EL1_get
                0xffff800040203b10                _ARM_CNTPS_TVAL_EL1_set
                0xffff800040203b1c                _ARM_CNTPS_TVAL_EL1_get
 *fill*         0xffff800040203b24        0xc 
 .text          0xffff800040203b30       0x10 bin/obj/__arm/tfa/smccc.o
                0xffff800040203b30                _smc_call
 .text          0xffff800040203b40        0x0 bin/obj/__boot/boot.o
 .text          0xffff800040203b40       0x60 bin/obj/__boot/clean_bss.o
                0xffff800040203b40                _clean_bss
 .text          0xffff800040203ba0       0x8c bin/obj/__boot/el1.o
                0xffff800040203ba0                _switch_to_el1
                0xffff800040203c00                _el1_entry
 .text          0xffff800040203c2c      0x108 bin/obj/__boot/gpr.o
                0xffff800040203c2c                _init_gpr
 *fill*         0xffff800040203d34        0xc 
 .text          0xffff800040203d40       0x68 bin/obj/__boot/secondary_entry.o
                0xffff800040203d40                _secondary_entry
 *fill*         0xffff800040203da8        0x8 
 .text          0xffff800040203db0       0x98 bin/obj/__boot/stacks.o
                0xffff800040203db0                _setup_stack_el1
                0xffff800040203de4                _reset_stack_el1
 *fill*         0xffff800040203e48        0x8 
 .text          0xffff800040203e50       0x3c bin/obj/__drivers/interrupts/gicv3/gicv3_arm_interface.o
                0xffff800040203e50                _GICV3_ARM_ICC_SRE_EL1_write
                0xffff800040203e5c                _GICV3_ARM_ICC_PMR_EL1_write
                0xffff800040203e68                _GICV3_ARM_ICC_PMR_EL1_read
                0xffff800040203e70                _GICV3_ARM_ICC_IGRPEN1_EL1_write
                0xffff800040203e7c                _GICV3_ARM_ICC_IAR1_EL1_read
                0xffff800040203e84                _GICV3_ARM_ICC_EOIR1_EL1_write
 *fill*         0xffff800040203e8c        0x4 
 .text          0xffff800040203e90        0x8 bin/obj/__drivers/tmu/tmu_critical_default.o
                0xffff800040203e90                _TMU_critical_hang
 .text          0xffff800040203e98       0x20 bin/obj/__kernel/mm/mm.o
                0xffff800040203e98                _get_pc
                0xffff800040203ea0                _mm_kva_to_kpa
                0xffff800040203eac                _mm_kpa_to_kva
 *fill*         0xffff800040203eb8        0x8 
 .text          0xffff800040203ec0       0x40 bin/obj/__kernel/mm/reloc/reloc.o
                0xffff800040203ec0                _jmp_to_with_offset
                0xffff800040203ec8                _reloc_cfg_end
                0xffff800040203ef4                _return_to_kernel_entry
 .text          0xffff800040203f00       0xdc bin/obj/__kernel/scheduler/scheduler.o
                0xffff800040203f00                _scheduler_loop_cpu_enter
                0xffff800040203fac                _scheduler_loop_cpu_exit
 .text          0xffff800040203fdc       0xc0 bin/obj/__lib/lock/corelock.o
                0xffff800040203fdc                _core_lock
                0xffff800040204020                _core_unlock
                0xffff800040204050                _core_try_lock
 *fill*         0xffff80004020409c        0x4 
 .text          0xffff8000402040a0       0x14 bin/obj/__lib/lock/irqlock.o
                0xffff8000402040a0                _irq_lock
                0xffff8000402040ac                _irq_unlock
 *fill*         0xffff8000402040b4        0xc 
 .text          0xffff8000402040c0       0x6c bin/obj/__lib/lock/spinlock.o
                0xffff8000402040c0                _spin_try_lock
                0xffff8000402040e8                _spin_lock
                0xffff800040204108                _spin_unlock
 *fill*         0xffff80004020412c        0x4 
 .text          0xffff800040204130       0x3c bin/obj/__lib/lock/spinlock_irq.o
                0xffff800040204130                _spin_lock_irqsave
                0xffff80004020414c                _spin_unlock_irqrestore
 .text          0xffff80004020416c        0x8 bin/obj/__lib/mem/mem.o
                0xffff80004020416c                _ID_AA64MMFR0_EL1_read
 *fill*         0xffff800040204174        0xc 
 .text          0xffff800040204180      0x250 bin/obj/__lib/mem/memcpy/memcpy.o
                0xffff800040204180                _memcpy
                0xffff800040204290                _memcpy64
                0xffff8000402042c0                _memcpy32
                0xffff8000402042f0                _memcpy16
                0xffff800040204320                _memcpy8
                0xffff800040204350                _memcpy4
                0xffff800040204380                _memcpy2
                0xffff8000402043b0                _memcpy1
 .text          0xffff8000402043d0      0x13c bin/obj/__lib/mem/memzero/memzero.o
                0xffff8000402043d0                _memzero
                0xffff8000402044c8                _memzero64
 .text          0xffff80004020450c       0x5c bin/obj/arm/cpu.o
                0xffff80004020450c                ARM_get_cpu_affinity
 .text          0xffff800040204568      0x2cc bin/obj/arm/exceptions/exceptions.o
                0xffff800040204568                arm_exceptions_get_status
                0xffff8000402045fc                arm_exceptions_set_status
                0xffff800040204734                arm_exceptions_enable
                0xffff8000402047a8                arm_exceptions_disable
                0xffff80004020481c                arm_get_exception_level
 .text          0xffff800040204834       0x54 bin/obj/arm/exceptions/handlers/el1/el1_cur_sp0_fiq.o
                0xffff800040204834                el1_cur_sp0_fiq_handler
 .text          0xffff800040204888       0x54 bin/obj/arm/exceptions/handlers/el1/el1_cur_sp0_irq.o
                0xffff800040204888                el1_cur_sp0_irq_handler
 .text          0xffff8000402048dc       0x54 bin/obj/arm/exceptions/handlers/el1/el1_cur_sp0_serror.o
                0xffff8000402048dc                el1_cur_sp0_serror_handler
 .text          0xffff800040204930       0x54 bin/obj/arm/exceptions/handlers/el1/el1_cur_sp0_sync.o
                0xffff800040204930                el1_cur_sp0_sync_handler
 .text          0xffff800040204984       0x54 bin/obj/arm/exceptions/handlers/el1/el1_cur_spx_fiq.o
                0xffff800040204984                el1_cur_spx_fiq_handler
 .text          0xffff8000402049d8       0x18 bin/obj/arm/exceptions/handlers/el1/el1_cur_spx_irq.o
                0xffff8000402049d8                el1_cur_spx_irq_handler
 .text          0xffff8000402049f0       0x54 bin/obj/arm/exceptions/handlers/el1/el1_cur_spx_serror.o
                0xffff8000402049f0                el1_cur_spx_serror_handler
 .text          0xffff800040204a44       0x54 bin/obj/arm/exceptions/handlers/el1/el1_cur_spx_sync.o
                0xffff800040204a44                el1_cur_spx_sync_handler
 .text          0xffff800040204a98       0x54 bin/obj/arm/exceptions/handlers/el1/el1_low_a32_fiq.o
                0xffff800040204a98                el1_low_a32_fiq_handler
 .text          0xffff800040204aec       0x54 bin/obj/arm/exceptions/handlers/el1/el1_low_a32_irq.o
                0xffff800040204aec                el1_low_a32_irq_handler
 .text          0xffff800040204b40       0x54 bin/obj/arm/exceptions/handlers/el1/el1_low_a32_serror.o
                0xffff800040204b40                el1_low_a32_serror_handler
 .text          0xffff800040204b94       0x54 bin/obj/arm/exceptions/handlers/el1/el1_low_a32_sync.o
                0xffff800040204b94                el1_low_a32_sync_handler
 .text          0xffff800040204be8       0x54 bin/obj/arm/exceptions/handlers/el1/el1_low_a64_fiq.o
                0xffff800040204be8                el1_low_a64_fiq_handler
 .text          0xffff800040204c3c       0x18 bin/obj/arm/exceptions/handlers/el1/el1_low_a64_irq.o
                0xffff800040204c3c                el1_low_a64_irq_handler
 .text          0xffff800040204c54       0x54 bin/obj/arm/exceptions/handlers/el1/el1_low_a64_serror.o
                0xffff800040204c54                el1_low_a64_serror_handler
 .text          0xffff800040204ca8       0x20 bin/obj/arm/exceptions/handlers/el1/el1_low_a64_sync.o
                0xffff800040204ca8                el1_low_a64_sync_handler
 .text          0xffff800040204cc8       0x50 bin/obj/arm/exceptions/handlers/el2/el2_cur_sp0_fiq.o
                0xffff800040204cc8                el2_cur_sp0_fiq_handler
 .text          0xffff800040204d18       0x50 bin/obj/arm/exceptions/handlers/el2/el2_cur_sp0_irq.o
                0xffff800040204d18                el2_cur_sp0_irq_handler
 .text          0xffff800040204d68       0x50 bin/obj/arm/exceptions/handlers/el2/el2_cur_sp0_serror.o
                0xffff800040204d68                el2_cur_sp0_serror_handler
 .text          0xffff800040204db8       0x50 bin/obj/arm/exceptions/handlers/el2/el2_cur_sp0_sync.o
                0xffff800040204db8                el2_cur_sp0_sync_handler
 .text          0xffff800040204e08       0x50 bin/obj/arm/exceptions/handlers/el2/el2_cur_spx_fiq.o
                0xffff800040204e08                el2_cur_spx_fiq_handler
 .text          0xffff800040204e58       0x50 bin/obj/arm/exceptions/handlers/el2/el2_cur_spx_irq.o
                0xffff800040204e58                el2_cur_spx_irq_handler
 .text          0xffff800040204ea8       0x50 bin/obj/arm/exceptions/handlers/el2/el2_cur_spx_serror.o
                0xffff800040204ea8                el2_cur_spx_serror_handler
 .text          0xffff800040204ef8       0x50 bin/obj/arm/exceptions/handlers/el2/el2_cur_spx_sync.o
                0xffff800040204ef8                el2_cur_spx_sync_handler
 .text          0xffff800040204f48       0x50 bin/obj/arm/exceptions/handlers/el2/el2_low_a32_fiq.o
                0xffff800040204f48                el2_low_a32_fiq_handler
 .text          0xffff800040204f98       0x50 bin/obj/arm/exceptions/handlers/el2/el2_low_a32_irq.o
                0xffff800040204f98                el2_low_a32_irq_handler
 .text          0xffff800040204fe8       0x50 bin/obj/arm/exceptions/handlers/el2/el2_low_a32_serror.o
                0xffff800040204fe8                el2_low_a32_serror_handler
 .text          0xffff800040205038       0x50 bin/obj/arm/exceptions/handlers/el2/el2_low_a32_sync.o
                0xffff800040205038                el2_low_a32_sync_handler
 .text          0xffff800040205088       0x50 bin/obj/arm/exceptions/handlers/el2/el2_low_a64_fiq.o
                0xffff800040205088                el2_low_a64_fiq_handler
 .text          0xffff8000402050d8       0x50 bin/obj/arm/exceptions/handlers/el2/el2_low_a64_irq.o
                0xffff8000402050d8                el2_low_a64_irq_handler
 .text          0xffff800040205128       0x50 bin/obj/arm/exceptions/handlers/el2/el2_low_a64_serror.o
                0xffff800040205128                el2_low_a64_serror_handler
 .text          0xffff800040205178       0x50 bin/obj/arm/exceptions/handlers/el2/el2_low_a64_sync.o
                0xffff800040205178                el2_low_a64_sync_handler
 .text          0xffff8000402051c8      0x2e0 bin/obj/arm/exceptions/handlers/exception_macros.o
                0xffff8000402051c8                select_src_enum_
                0xffff800040205328                select_exception_type_enum_
                0xffff800040205444                exception_panic
 .text          0xffff8000402054a8     0x2510 bin/obj/arm/mmu/mmu.o
                0xffff800040206dc4                mmu_is_active
                0xffff800040206de4                mmu_map
                0xffff80004020747c                mmu_unmap
 .text          0xffff8000402079b8     0x1e80 bin/obj/arm/mmu/mmu_core.o
                0xffff80004020817c                mmu_core_set_mapping
                0xffff800040208430                mmu_core_set_d_cache
                0xffff800040208524                mmu_core_set_i_cache
                0xffff80004020861c                mmu_core_set_align_trap
                0xffff800040208714                mmu_core_set_lo_enabled
                0xffff80004020880c                mmu_core_set_hi_enabled
                0xffff800040208904                mmu_core_set_lo_va_bits
                0xffff800040208a10                mmu_core_set_hi_va_bits
                0xffff800040208b1c                mmu_core_set_lo_granularity
                0xffff800040208c70                mmu_core_set_hi_granularity
                0xffff800040208dc8                mmu_core_handle_new
                0xffff800040209170                mmu_delete_mapping
                0xffff8000402091c0                mmu_core_activate
                0xffff8000402097a0                mmu_core_deactivate
 .text          0xffff800040209838        0x0 bin/obj/arm/tfa/smccc.o
 .text          0xffff800040209838      0x7c8 bin/obj/drivers/arm_generic_timer/arm_generic_timer.o
                0xffff800040209838                AGT_ns_to_cycles
                0xffff8000402098e8                AGT_us_to_cycles
                0xffff80004020998c                AGT_cnt_cycles
                0xffff8000402099a4                AGT_cnt_freq
                0xffff8000402099bc                AGT_cnt_time_ns
                0xffff800040209a2c                AGT_cnt_time_us
                0xffff800040209b48                AGT_timer_schedule_cycles
                0xffff800040209c34                AGT_timer_schedule_delta
                0xffff800040209d44                AGT_timer_is_armed
                0xffff800040209da4                AGT_timer_has_fired
                0xffff800040209e38                AGT_timer_cancel
                0xffff800040209e98                AGT_handle_irq
                0xffff800040209f90                AGT_init_stage0
 .text          0xffff80004020a000     0x1290 bin/obj/drivers/interrupts/gicv3/gicv3.o
                0xffff80004020ab30                GICV3_set_cpu_priority_threshold
                0xffff80004020ac4c                GICV3_set_spi_group1ns
                0xffff80004020acc8                GICV3_route_spi_to_cpu
                0xffff80004020ad48                GICV3_route_spi_to_self
                0xffff80004020ad78                GICV3_enable_spi
                0xffff80004020adcc                GICV3_set_priority
                0xffff80004020ae48                GICV3_set_edge_triggered
                0xffff80004020aec0                GICV3_set_level_sensitive
                0xffff80004020af38                GICV3_wake_redistributor
                0xffff80004020aff0                GICV3_init_distributor
                0xffff80004020b040                GICV3_init_cpu
                0xffff80004020b06c                GICV3_init_irq
                0xffff80004020b174                GICV3_get_intid_el1
                0xffff80004020b190                GICV3_ack_intid_el1
                0xffff80004020b1b0                GICV3_enable_ppi
 .text          0xffff80004020b290     0x1f80 bin/obj/drivers/tmu/tmu.o
                0xffff80004020c3fc                TMU_init_stage0
                0xffff80004020c550                TMU_init_stage1
                0xffff80004020c8d8                TMU_handle_irq
                0xffff80004020c964                TMU_set_warn_temp
                0xffff80004020cb50                TMU_get_warnings_enabled
                0xffff80004020cc74                TMU_enable_warnings
                0xffff80004020ccd8                TMU_disable_warnings
                0xffff80004020cd3c                TMU_warn_pending
                0xffff80004020cda4                TMU_set_critical_temp
                0xffff80004020cf90                TMU_get_temp
 .text          0xffff80004020d210     0x2aac bin/obj/drivers/uart/uart.o
                0xffff80004020e240                uart_reset
                0xffff80004020e3c0                uart_read
                0xffff80004020f5f0                uart_handle_irq
                0xffff80004020f698                uart_init_stage0
                0xffff80004020f91c                uart_init_stage1
                0xffff80004020f954                uart_putc_sync
                0xffff80004020f9ac                uart_putc
                0xffff80004020fa48                uart_early_init
                0xffff80004020fc80                uart_putc_early
 .text          0xffff80004020fcbc        0x0 bin/obj/kernel/devices/drivers.o
 .text          0xffff80004020fcbc      0x79c bin/obj/kernel/exception/el0/sync/sync.o
                0xffff80004020fcbc                exception_handler_sync
 .text          0xffff800040210458      0x260 bin/obj/kernel/exception/el1/irq.o
                0xffff800040210660                exception_handler_irq
 .text          0xffff8000402106b8       0x1c bin/obj/kernel/init/early_init.o
                0xffff8000402106b8                kernel_early_init
 .text          0xffff8000402106d4      0x134 bin/obj/kernel/init/init.o
                0xffff8000402106d4                kernel_init
 .text          0xffff800040210808      0x1c0 bin/obj/kernel/init/init_drivers.o
 .text          0xffff8000402109c8      0x2f8 bin/obj/kernel/io/stdio.o
                0xffff800040210ad8                io_early_init
                0xffff800040210b54                io_init
                0xffff800040210bcc                io_flush
                0xffff800040210bf8                fkprintf
                0xffff800040210c8c                fkprint
 .text          0xffff800040210cc0       0xdc bin/obj/kernel/io/stdputc.o
 .text          0xffff800040210d9c      0x8c4 bin/obj/kernel/io/term/buffers.o
                0xffff80004021111c                term_buffer_push
                0xffff800040211254                term_buffer_pop
                0xffff8000402114cc                term_buffer_peek
 .text          0xffff800040211660      0x4e0 bin/obj/kernel/io/term/term.o
                0xffff800040211680                term_new
                0xffff800040211728                term_delete
                0xffff8000402117f4                term_printc
                0xffff800040211844                term_prints
                0xffff8000402118e8                term_printf
                0xffff80004021196c                term_flush
 .text          0xffff800040211b40      0x21c bin/obj/kernel/kernel_entry.o
                0xffff800040211b40                kernel_entry
 .text          0xffff800040211d5c      0xa34 bin/obj/kernel/lib/kvec.o
                0xffff800040212454                kvec_push
                0xffff8000402124f0                kvec_pop
                0xffff8000402125c8                kvec_set
                0xffff800040212698                kvec_get_copy
                0xffff80004021271c                kvec_get_mut
 .text          0xffff800040212790       0x64 bin/obj/kernel/lib/smp.o
                0xffff800040212790                wake_core
 .text          0xffff8000402127f4      0x80c bin/obj/kernel/mm/elf.o
                0xffff8000402128e4                elf_load
 .text          0xffff800040213000      0xa08 bin/obj/kernel/mm/init/identity_mapping.o
                0xffff80004021349c                early_identity_mapping
 .text          0xffff800040213a08       0x74 bin/obj/kernel/mm/init/init.o
                0xffff800040213a08                mm_early_init
                0xffff800040213a60                mm_init
 .text          0xffff800040213a7c     0x196c bin/obj/kernel/mm/init/mem_regions/early_kalloc.o
                0xffff8000402142e8                early_kalloc_init
                0xffff800040214dbc                early_kalloc
                0xffff800040215070                early_kalloc_get_memregs
                0xffff8000402152e0                early_kalloc_debug
 .text          0xffff8000402153e8        0x0 bin/obj/kernel/mm/init/mem_regions/mem_regions.o
 .text          0xffff8000402153e8     0x18a4 bin/obj/kernel/mm/malloc/cache_malloc/cache_malloc.o
                0xffff8000402158b0                cache_malloc_init
                0xffff800040215f28                cache_malloc
                0xffff800040216460                cache_free
                0xffff800040216aec                cache_malloc_size_from_ptr
 .text          0xffff800040216c8c      0x9fc bin/obj/kernel/mm/malloc/internal/reserve_malloc.o
                0xffff800040216db8                reserve_malloc_init
                0xffff800040217024                reserve_malloc
                0xffff800040217384                reserve_malloc_fill
 .text          0xffff800040217688      0x384 bin/obj/kernel/mm/malloc/kmalloc/kmalloc.o
                0xffff800040217740                kmalloc
                0xffff80004021783c                kfree
 .text          0xffff800040217a0c     0x1168 bin/obj/kernel/mm/malloc/raw_kmalloc/raw_kmalloc.o
                0xffff8000402183bc                raw_kmalloc_init
                0xffff8000402183dc                __raw_kmalloc
                0xffff800040218728                raw_kfree
                0xffff800040218b30                raw_kmalloc_lock
                0xffff800040218b50                raw_kmalloc_unlock
 .text          0xffff800040218b74     0x1698 bin/obj/kernel/mm/malloc/umalloc.o
                0xffff8000402193f4                umalloc
                0xffff800040219ac8                umalloc_assign_pa
                0xffff800040219dc8                ufree
                0xffff800040219fb4                uregion_is_allocated
                0xffff80004021a08c                uregion_is_assigned
 .text          0xffff80004021a20c       0xd4 bin/obj/kernel/mm/mm.o
                0xffff80004021a248                mm_kernel_is_relocated
                0xffff80004021a278                mm_dbg_print_mmu
                0xffff80004021a280                mm_va_is_in_kmap_range
 .text          0xffff80004021a2e0      0x870 bin/obj/kernel/mm/mm_info.o
                0xffff80004021a4ac                mm_info_init
                0xffff80004021aaf0                mm_info_ddr_size
                0xffff80004021ab00                mm_info_ddr_start
                0xffff80004021ab10                mm_info_ddr_end
                0xffff80004021ab20                mm_info_kernel_start
                0xffff80004021ab30                mm_info_page_count
                0xffff80004021ab40                mm_info_mm_addr_space
 .text          0xffff80004021ab50      0x57c bin/obj/kernel/mm/mm_mmu/mm_mmu.o
                0xffff80004021ae58                mm_mmu_mapping_new
                0xffff80004021af40                mm_mmu_early_init
                0xffff80004021afc0                mm_mmu_core_handler_get
                0xffff80004021aff8                mm_mmu_core_handler_get_self
 .text          0xffff80004021b0cc     0x21a4 bin/obj/kernel/mm/phys/page_allocator.o
                0xffff80004021c1f4                page_malloc
                0xffff80004021c3e4                page_free
                0xffff80004021c5a0                page_allocator_update_tag
                0xffff80004021c77c                page_allocator_get_data
                0xffff80004021c820                page_allocator_set_data
                0xffff80004021cb34                page_allocator_init
                0xffff80004021ce84                page_allocator_update_memregs
                0xffff80004021d0e8                page_allocator_debug
 .text          0xffff80004021d270      0x440 bin/obj/kernel/mm/reloc/reloc.o
                0xffff80004021d3d8                mm_reloc_kernel
                0xffff80004021d46c                reloc_cfg_end
 .text          0xffff80004021d6b0      0xf84 bin/obj/kernel/mm/virt/containers/containers.o
                0xffff80004021dd2c                vmalloc_init_containers
                0xffff80004021dde8                get_new_fva_node
                0xffff80004021de9c                get_new_rva_node
                0xffff80004021df50                free_fva_node
                0xffff80004021e198                free_rva_node
                0xffff80004021e484                vmalloc_containers_debug_fva
                0xffff80004021e560                vmalloc_containers_debug_rva
 .text          0xffff80004021e634     0x13d0 bin/obj/kernel/mm/virt/mdt/mdt.o
                0xffff80004021edf8                vmalloc_pa_mdt_init
                0xffff80004021f4ac                vmalloc_pa_mdt_push
                0xffff80004021f734                vmalloc_pa_mdt_free
 .text          0xffff80004021fa04     0x3110 bin/obj/kernel/mm/virt/vmalloc.o
                0xffff800040220260                vmalloc_init
                0xffff800040220354                vmalloc_update_memregs
                0xffff8000402216ec                vmalloc
                0xffff8000402219d4                vmalloc_get_free_bytes
                0xffff800040221a6c                vmalloc_get_reserved_bytes
                0xffff800040221b04                vmalloc_update_tag
                0xffff800040221c58                vmalloc_get_addr_info
                0xffff800040221e44                vmalloc_get_token
                0xffff800040222158                __vmalloc_token__vmalloc_get_mdt
                0xffff800040222184                __voidptr__vmalloc_get_mdt
                0xffff8000402221ac                vmalloc_push_pa
                0xffff8000402221f4                vmalloc_get_pa_count
                0xffff800040222224                vmalloc_get_pa_info
                0xffff8000402222fc                __vmalloc_token__vfree
                0xffff800040222364                __voidptr__vfree
                0xffff800040222394                vmalloc_debug_free
                0xffff8000402225b8                vmalloc_debug_reserved
                0xffff800040222890                vmalloc_debug_nodes
 .text          0xffff800040222b14      0x480 bin/obj/kernel/panic/panic.o
                0xffff800040222f4c                panic
                0xffff800040222f68                panicr
 .text          0xffff800040222f94      0xa48 bin/obj/kernel/panic/panic_exception/esr/data_abort.o
                0xffff800040223738                print_data_abort_info
 .text          0xffff8000402239dc      0xbf4 bin/obj/kernel/panic/panic_exception/esr/esr.o
                0xffff800040223fa4                print_esr
 .text          0xffff8000402245d0      0x24c bin/obj/kernel/panic/panic_exception/panic_exception_handlers.o
                0xffff800040224740                handle_sync_panic
                0xffff800040224780                handle_irq_panic
                0xffff8000402247b4                handle_fiq_panic
                0xffff8000402247e8                handle_serror_panic
 .text          0xffff80004022481c      0x440 bin/obj/kernel/scheduler/task.o
                0xffff800040224ac8                task_ctl_init
                0xffff800040224af4                utask_new
                0xffff800040224c3c                utask_delete
 .text          0xffff800040224c5c      0x764 bin/obj/kernel/scheduler/scheduler.o
                0xffff800040224ed8                scheduler_init
                0xffff800040224fac                scheduler_loop_cpu_enter
                0xffff8000402250e0                scheduler_loop_cpu_exit
                0xffff80004022514c                scheduler_ectx_save
                0xffff8000402251b4                schedurer_ectx_restore
                0xffff800040225234                schedule_thread
 .text          0xffff8000402253c0      0x668 bin/obj/kernel/scheduler/thread.o
                0xffff80004022562c                thread_ctl_init
                0xffff800040225678                save_current_thread
                0xffff8000402256c0                restore_current_thread
                0xffff8000402258b8                thread_assign_stack
 .text          0xffff800040225a28      0x1a8 bin/obj/kernel/syscall/handlers/print.o
                0xffff800040225af4                syscall64_print
 .text          0xffff800040225bd0       0xd0 bin/obj/kernel/syscall/syscall.o
                0xffff800040225bf4                sysc64_dispatch
 .text          0xffff800040225ca0        0x0 bin/obj/kernel/userspace_embedded_examples.o
 .text          0xffff800040225ca0      0x2b8 bin/obj/lib/lock/corelock.o
                0xffff800040225ca0                corelock_init
                0xffff800040225cc8                core_lock
                0xffff800040225cfc                core_unlock
                0xffff800040225efc                core_try_lock
 .text          0xffff800040225f58       0x9c bin/obj/lib/lock/unlock_defer.o
                0xffff800040225f58                __spinlocked_defer
                0xffff800040225f7c                __irqlocked_defer
                0xffff800040225fa0                __irq_spinlocked_defer
                0xffff800040225fd0                __corelocked_defer
 .text          0xffff800040225ff4      0x170 bin/obj/lib/mem/mem.o
                0xffff800040225ff4                pa_supported_bits
 .text          0xffff800040226164      0x488 bin/obj/lib/mem/memcpy/memcpy.o
                0xffff800040226164                memcpy64_aligned
                0xffff80004022630c                memcpy64
                0xffff8000402263c4                test_memcpy
 .text          0xffff8000402265ec      0xd28 bin/obj/lib/string/fmt.o
                0xffff8000402265ec                uint8_t_to_ascii_char
                0xffff800040226690                stdint_to_ascii
                0xffff800040226e18                str_fmt_print
 .text          0xffff800040227314      0x1b0 bin/obj/lib/string/string.o
                0xffff800040227314                strcopy
                0xffff8000402273a8                strcmp
 .text          0xffff8000402274c4        0x0 bin/obj/rslib.a(imx8mp_kernel-d687ac9b9df6ed96.imx8mp_kernel.efef9fb5e6c1793d-cgu.0.rcgu.o)
 .text._RNvCs5QKde7ScR4H_7___rustc17rust_begin_unwind
                0xffff8000402274c4        0x4 bin/obj/rslib.a(imx8mp_kernel-d687ac9b9df6ed96.imx8mp_kernel.efef9fb5e6c1793d-cgu.0.rcgu.o)
                0xffff8000402274c4                __rustc::rust_begin_unwind
 .text.pow2_ring_buffer_new
                0xffff8000402274c8       0x5c bin/obj/rslib.a(imx8mp_kernel-d687ac9b9df6ed96.imx8mp_kernel.efef9fb5e6c1793d-cgu.0.rcgu.o)
                0xffff8000402274c8                pow2_ring_buffer_new
 .text.pow2_ring_buffer_pop
                0xffff800040227524       0x74 bin/obj/rslib.a(imx8mp_kernel-d687ac9b9df6ed96.imx8mp_kernel.efef9fb5e6c1793d-cgu.0.rcgu.o)
                0xffff800040227524                pow2_ring_buffer_pop
 .text.pow2_ring_buffer_push
                0xffff800040227598       0xa0 bin/obj/rslib.a(imx8mp_kernel-d687ac9b9df6ed96.imx8mp_kernel.efef9fb5e6c1793d-cgu.0.rcgu.o)
                0xffff800040227598                pow2_ring_buffer_push
 .text.rust_kernel_initcalls_stage0
                0xffff800040227638        0x4 bin/obj/rslib.a(imx8mp_kernel-d687ac9b9df6ed96.imx8mp_kernel.efef9fb5e6c1793d-cgu.0.rcgu.o)
                0xffff800040227638                rust_kernel_initcalls_stage1
                0xffff800040227638                rust_kernel_initcalls_stage2
                0xffff800040227638                rust_kernel_initcalls_stage0
 .text.unlikely.rust_test_panic
                0xffff80004022763c       0x1c bin/obj/rslib.a(imx8mp_kernel-d687ac9b9df6ed96.imx8mp_kernel.efef9fb5e6c1793d-cgu.0.rcgu.o)
                0xffff80004022763c                rust_test_panic
 .text.uart_rx_len
                0xffff800040227658       0x18 bin/obj/rslib.a(imx8mp_kernel-d687ac9b9df6ed96.imx8mp_kernel.efef9fb5e6c1793d-cgu.0.rcgu.o)
                0xffff800040227658                uart_rx_len
 .text.uart_rxbuf_pop
                0xffff800040227670       0x5c bin/obj/rslib.a(imx8mp_kernel-d687ac9b9df6ed96.imx8mp_kernel.efef9fb5e6c1793d-cgu.0.rcgu.o)
                0xffff800040227670                uart_rxbuf_pop
 .text.uart_rxbuf_push
                0xffff8000402276cc       0x70 bin/obj/rslib.a(imx8mp_kernel-d687ac9b9df6ed96.imx8mp_kernel.efef9fb5e6c1793d-cgu.0.rcgu.o)
                0xffff8000402276cc                uart_rxbuf_push
 .text.uart_tx_len
                0xffff80004022773c       0x18 bin/obj/rslib.a(imx8mp_kernel-d687ac9b9df6ed96.imx8mp_kernel.efef9fb5e6c1793d-cgu.0.rcgu.o)
                0xffff80004022773c                uart_tx_len
 .text.uart_txbuf_pop
                0xffff800040227754       0x70 bin/obj/rslib.a(imx8mp_kernel-d687ac9b9df6ed96.imx8mp_kernel.efef9fb5e6c1793d-cgu.0.rcgu.o)
                0xffff800040227754                uart_txbuf_pop
 .text.uart_txbuf_push
                0xffff8000402277c4       0x64 bin/obj/rslib.a(imx8mp_kernel-d687ac9b9df6ed96.imx8mp_kernel.efef9fb5e6c1793d-cgu.0.rcgu.o)
                0xffff8000402277c4                uart_txbuf_push
 .text          0xffff800040227828        0x0 bin/obj/rslib.a(core-433fda90c18ce65b.core.32ad4ce11d1d98ef-cgu.0.rcgu.o)
 .text._ZN101_$LT$core..char..CaseMappingIter$u20$as$u20$core..iter..traits..double_ended..DoubleEndedIterator$GT$15advance_back_by17h0d4f3089fed37e7dE
                0xffff800040227828       0x28 bin/obj/rslib.a(core-433fda90c18ce65b.core.32ad4ce11d1d98ef-cgu.0.rcgu.o)
                0xffff800040227828                <core::char::CaseMappingIter as core::iter::traits::double_ended::DoubleEndedIterator>::advance_back_by
 .text._ZN101_$LT$core..char..CaseMappingIter$u20$as$u20$core..iter..traits..double_ended..DoubleEndedIterator$GT$9next_back17h529a4e3f97d194d0E
                0xffff800040227850       0x28 bin/obj/rslib.a(core-433fda90c18ce65b.core.32ad4ce11d1d98ef-cgu.0.rcgu.o)
                0xffff800040227850                <core::char::CaseMappingIter as core::iter::traits::double_ended::DoubleEndedIterator>::next_back
 .text._ZN105_$LT$core..slice..ascii..EscapeAscii$u20$as$u20$core..iter..traits..double_ended..DoubleEndedIterator$GT$9next_back17hc75a434952061b00E
                0xffff800040227878      0x120 bin/obj/rslib.a(core-433fda90c18ce65b.core.32ad4ce11d1d98ef-cgu.0.rcgu.o)
                0xffff800040227878                <core::slice::ascii::EscapeAscii as core::iter::traits::double_ended::DoubleEndedIterator>::next_back
 .text._ZN105_$LT$dyn$u20$core..any..Any$u2b$core..marker..Sync$u2b$core..marker..Send$u20$as$u20$core..fmt..Debug$GT$3fmt17hc5dff1e388fd264aE
                0xffff800040227998       0x60 bin/obj/rslib.a(core-433fda90c18ce65b.core.32ad4ce11d1d98ef-cgu.0.rcgu.o)
                0xffff800040227998                <dyn core::any::Any as core::fmt::Debug>::fmt
                0xffff800040227998                <dyn core::any::Any+core::marker::Sync+core::marker::Send as core::fmt::Debug>::fmt
                0xffff800040227998                <dyn core::any::Any+core::marker::Send as core::fmt::Debug>::fmt
 .text._ZN110_$LT$$LT$core..wtf8..EncodeWide$u20$as$u20$core..fmt..Debug$GT$..fmt..CodeUnit$u20$as$u20$core..fmt..Debug$GT$3fmt17had3f1ed3c9ca141dE
                0xffff8000402279f8       0x90 bin/obj/rslib.a(core-433fda90c18ce65b.core.32ad4ce11d1d98ef-cgu.0.rcgu.o)
                0xffff8000402279f8                <<core::wtf8::EncodeWide as core::fmt::Debug>::fmt::CodeUnit as core::fmt::Debug>::fmt
 .text._ZN116_$LT$core..net..ip_addr..Ipv4Addr$u20$as$u20$core..ops..bit..BitOrAssign$LT$$RF$core..net..ip_addr..Ipv4Addr$GT$$GT$12bitor_assign17hcd99b201a4e3043dE
                0xffff800040227a88       0x80 bin/obj/rslib.a(core-433fda90c18ce65b.core.32ad4ce11d1d98ef-cgu.0.rcgu.o)
                0xffff800040227a88                <core::net::ip_addr::Ipv4Addr as core::ops::bit::BitOrAssign<&core::net::ip_addr::Ipv4Addr>>::bitor_assign
 .text._ZN116_$LT$core..net..ip_addr..Ipv6Addr$u20$as$u20$core..ops..bit..BitOrAssign$LT$$RF$core..net..ip_addr..Ipv6Addr$GT$$GT$12bitor_assign17h331308e88963a463E
                0xffff800040227b08      0x1d0 bin/obj/rslib.a(core-433fda90c18ce65b.core.32ad4ce11d1d98ef-cgu.0.rcgu.o)
                0xffff800040227b08                <core::net::ip_addr::Ipv6Addr as core::ops::bit::BitOrAssign<&core::net::ip_addr::Ipv6Addr>>::bitor_assign
 .text._ZN117_$LT$core..net..ip_addr..Ipv4Addr$u20$as$u20$core..ops..bit..BitAndAssign$LT$$RF$core..net..ip_addr..Ipv4Addr$GT$$GT$13bitand_assign17hed148930e8fad7b9E
                0xffff800040227cd8       0x80 bin/obj/rslib.a(core-433fda90c18ce65b.core.32ad4ce11d1d98ef-cgu.0.rcgu.o)
                0xffff800040227cd8                <core::net::ip_addr::Ipv4Addr as core::ops::bit::BitAndAssign<&core::net::ip_addr::Ipv4Addr>>::bitand_assign
 .text._ZN117_$LT$core..net..ip_addr..Ipv6Addr$u20$as$u20$core..ops..bit..BitAndAssign$LT$$RF$core..net..ip_addr..Ipv6Addr$GT$$GT$13bitand_assign17hd4d10ae70b299fb5E
                0xffff800040227d58      0x1d0 bin/obj/rslib.a(core-433fda90c18ce65b.core.32ad4ce11d1d98ef-cgu.0.rcgu.o)
                0xffff800040227d58                <core::net::ip_addr::Ipv6Addr as core::ops::bit::BitAndAssign<&core::net::ip_addr::Ipv6Addr>>::bitand_assign
 .text._ZN40_$LT$str$u20$as$u20$core..fmt..Debug$GT$3fmt17hfaf89c0750888405E
                0xffff800040227f28      0x384 bin/obj/rslib.a(core-433fda90c18ce65b.core.32ad4ce11d1d98ef-cgu.0.rcgu.o)
                0xffff800040227f28                <str as core::fmt::Debug>::fmt
 .text._ZN41_$LT$char$u20$as$u20$core..fmt..Debug$GT$3fmt17h2e421640488ae4b4E
                0xffff8000402282ac       0xe4 bin/obj/rslib.a(core-433fda90c18ce65b.core.32ad4ce11d1d98ef-cgu.0.rcgu.o)
                0xffff8000402282ac                <char as core::fmt::Debug>::fmt
 .text._ZN42_$LT$$RF$T$u20$as$u20$core..fmt..Debug$GT$3fmt17h1e84650e0bded2f0E
                0xffff800040228390        0x8 bin/obj/rslib.a(core-433fda90c18ce65b.core.32ad4ce11d1d98ef-cgu.0.rcgu.o)
 .text._ZN42_$LT$$RF$T$u20$as$u20$core..fmt..Debug$GT$3fmt17h3c7c0f14ac3c7a01E
                0xffff800040228398      0x164 bin/obj/rslib.a(core-433fda90c18ce65b.core.32ad4ce11d1d98ef-cgu.0.rcgu.o)
 .text._ZN42_$LT$$RF$T$u20$as$u20$core..fmt..Debug$GT$3fmt17h661dcc99329f3fd9E
                0xffff8000402284fc        0xc bin/obj/rslib.a(core-433fda90c18ce65b.core.32ad4ce11d1d98ef-cgu.0.rcgu.o)
 .text._ZN42_$LT$$RF$T$u20$as$u20$core..fmt..Debug$GT$3fmt17h92aaaf0a1f6efc85E
                0xffff800040228508        0x8 bin/obj/rslib.a(core-433fda90c18ce65b.core.32ad4ce11d1d98ef-cgu.0.rcgu.o)
 .text._ZN42_$LT$$RF$T$u20$as$u20$core..fmt..Debug$GT$3fmt17ha307ff6dcffe11d7E
                0xffff800040228510       0x14 bin/obj/rslib.a(core-433fda90c18ce65b.core.32ad4ce11d1d98ef-cgu.0.rcgu.o)
 .text._ZN42_$LT$$RF$T$u20$as$u20$core..fmt..Debug$GT$3fmt17hb6ff99139e6f0b41E
                0xffff800040228524        0x8 bin/obj/rslib.a(core-433fda90c18ce65b.core.32ad4ce11d1d98ef-cgu.0.rcgu.o)
 .text._ZN42_$LT$$RF$T$u20$as$u20$core..fmt..Debug$GT$3fmt17hd7f775ee374b5964E
                0xffff80004022852c       0x14 bin/obj/rslib.a(core-433fda90c18ce65b.core.32ad4ce11d1d98ef-cgu.0.rcgu.o)
 .text._ZN42_$LT$$RF$T$u20$as$u20$core..fmt..Debug$GT$3fmt17hf8ec75084a69bfebE
                0xffff800040228540        0xc bin/obj/rslib.a(core-433fda90c18ce65b.core.32ad4ce11d1d98ef-cgu.0.rcgu.o)
 .text._ZN42_$LT$str$u20$as$u20$core..fmt..Display$GT$3fmt17h982f7eb8467c0194E
                0xffff80004022854c       0x14 bin/obj/rslib.a(core-433fda90c18ce65b.core.32ad4ce11d1d98ef-cgu.0.rcgu.o)
                0xffff80004022854c                <str as core::fmt::Display>::fmt
 .text._ZN43_$LT$bool$u20$as$u20$core..fmt..Display$GT$3fmt17hd07a7667159c6bc7E
                0xffff800040228560       0x2c bin/obj/rslib.a(core-433fda90c18ce65b.core.32ad4ce11d1d98ef-cgu.0.rcgu.o)
                0xffff800040228560                <bool as core::fmt::Display>::fmt
 .text._ZN43_$LT$char$u20$as$u20$core..fmt..Display$GT$3fmt17h24c683e1748ff983E
                0xffff80004022858c       0xf8 bin/obj/rslib.a(core-433fda90c18ce65b.core.32ad4ce11d1d98ef-cgu.0.rcgu.o)
                0xffff80004022858c                <char as core::fmt::Display>::fmt
 .text._ZN44_$LT$$RF$T$u20$as$u20$core..fmt..Display$GT$3fmt17h0ff5ca258bfd8b0eE
                0xffff800040228684       0x64 bin/obj/rslib.a(core-433fda90c18ce65b.core.32ad4ce11d1d98ef-cgu.0.rcgu.o)
 .text._ZN44_$LT$$RF$T$u20$as$u20$core..fmt..Display$GT$3fmt17h11e1939c70799047E
                0xffff8000402286e8        0x8 bin/obj/rslib.a(core-433fda90c18ce65b.core.32ad4ce11d1d98ef-cgu.0.rcgu.o)
 .text._ZN44_$LT$$RF$T$u20$as$u20$core..fmt..Display$GT$3fmt17h41d5fbc1ceb60b4aE
                0xffff8000402286f0       0x10 bin/obj/rslib.a(core-433fda90c18ce65b.core.32ad4ce11d1d98ef-cgu.0.rcgu.o)
 .text._ZN44_$LT$$RF$T$u20$as$u20$core..fmt..Display$GT$3fmt17h57432da31a17cfdbE
                0xffff800040228700        0x8 bin/obj/rslib.a(core-433fda90c18ce65b.core.32ad4ce11d1d98ef-cgu.0.rcgu.o)
 .text._ZN45_$LT$$RF$T$u20$as$u20$core..fmt..LowerHex$GT$3fmt17hf8775823f9652464E
                0xffff800040228708       0x7c bin/obj/rslib.a(core-433fda90c18ce65b.core.32ad4ce11d1d98ef-cgu.0.rcgu.o)
 .text._ZN46_$LT$i8$u20$as$u20$core..pat..RangePattern$GT$7sub_one17ha15555680ca7d6b3E
                0xffff800040228784       0x34 bin/obj/rslib.a(core-433fda90c18ce65b.core.32ad4ce11d1d98ef-cgu.0.rcgu.o)
                0xffff800040228784                <i8 as core::pat::RangePattern>::sub_one
 .text._ZN46_$LT$u8$u20$as$u20$core..pat..RangePattern$GT$7sub_one17h941cb9bad385fa00E
                0xffff8000402287b8       0x2c bin/obj/rslib.a(core-433fda90c18ce65b.core.32ad4ce11d1d98ef-cgu.0.rcgu.o)
                0xffff8000402287b8                <u8 as core::pat::RangePattern>::sub_one
 .text._ZN47_$LT$i16$u20$as$u20$core..pat..RangePattern$GT$7sub_one17h305582134b0af5a1E
                0xffff8000402287e4       0x34 bin/obj/rslib.a(core-433fda90c18ce65b.core.32ad4ce11d1d98ef-cgu.0.rcgu.o)
                0xffff8000402287e4                <i16 as core::pat::RangePattern>::sub_one
 .text._ZN47_$LT$i32$u20$as$u20$core..pat..RangePattern$GT$7sub_one17haf35e4dd620f8100E
                0xffff800040228818       0x28 bin/obj/rslib.a(core-433fda90c18ce65b.core.32ad4ce11d1d98ef-cgu.0.rcgu.o)
                0xffff800040228818                <i32 as core::pat::RangePattern>::sub_one
 .text._ZN47_$LT$i64$u20$as$u20$core..pat..RangePattern$GT$7sub_one17hb632e04ae4348023E
                0xffff800040228840       0x28 bin/obj/rslib.a(core-433fda90c18ce65b.core.32ad4ce11d1d98ef-cgu.0.rcgu.o)
                0xffff800040228840                <isize as core::pat::RangePattern>::sub_one
                0xffff800040228840                <i64 as core::pat::RangePattern>::sub_one
 .text._ZN47_$LT$u16$u20$as$u20$core..pat..RangePattern$GT$7sub_one17hdc6baa072a89594bE
                0xffff800040228868       0x2c bin/obj/rslib.a(core-433fda90c18ce65b.core.32ad4ce11d1d98ef-cgu.0.rcgu.o)
                0xffff800040228868                <u16 as core::pat::RangePattern>::sub_one
 .text._ZN47_$LT$u32$u20$as$u20$core..pat..RangePattern$GT$7sub_one17h01a3b16ef83b88f3E
                0xffff800040228894       0x28 bin/obj/rslib.a(core-433fda90c18ce65b.core.32ad4ce11d1d98ef-cgu.0.rcgu.o)
                0xffff800040228894                <u32 as core::pat::RangePattern>::sub_one
 .text._ZN47_$LT$u64$u20$as$u20$core..pat..RangePattern$GT$7sub_one17he869c30276daf869E
                0xffff8000402288bc       0x28 bin/obj/rslib.a(core-433fda90c18ce65b.core.32ad4ce11d1d98ef-cgu.0.rcgu.o)
                0xffff8000402288bc                <u64 as core::pat::RangePattern>::sub_one
                0xffff8000402288bc                <usize as core::pat::RangePattern>::sub_one
 .text._ZN48_$LT$char$u20$as$u20$core..pat..RangePattern$GT$7sub_one17h36e849139ca958ffE
                0xffff8000402288e4       0x40 bin/obj/rslib.a(core-433fda90c18ce65b.core.32ad4ce11d1d98ef-cgu.0.rcgu.o)
                0xffff8000402288e4                <char as core::pat::RangePattern>::sub_one
 .text._ZN48_$LT$i128$u20$as$u20$core..pat..RangePattern$GT$7sub_one17h4658b93df17069f8E
                0xffff800040228924       0x30 bin/obj/rslib.a(core-433fda90c18ce65b.core.32ad4ce11d1d98ef-cgu.0.rcgu.o)
                0xffff800040228924                <i128 as core::pat::RangePattern>::sub_one
 .text._ZN48_$LT$u128$u20$as$u20$core..pat..RangePattern$GT$7sub_one17haaaa6493738eab38E
                0xffff800040228954       0x30 bin/obj/rslib.a(core-433fda90c18ce65b.core.32ad4ce11d1d98ef-cgu.0.rcgu.o)
                0xffff800040228954                <u128 as core::pat::RangePattern>::sub_one
 .text._ZN4core3ffi5c_str4CStr19from_bytes_with_nul17h4b552f682a0ddb10E
                0xffff800040228984       0xf0 bin/obj/rslib.a(core-433fda90c18ce65b.core.32ad4ce11d1d98ef-cgu.0.rcgu.o)
                0xffff800040228984                core::ffi::c_str::CStr::from_bytes_with_nul
 .text._ZN4core3ffi5c_str4CStr20from_bytes_until_nul17h3b70a94cd52309aaE
                0xffff800040228a74       0xdc bin/obj/rslib.a(core-433fda90c18ce65b.core.32ad4ce11d1d98ef-cgu.0.rcgu.o)
                0xffff800040228a74                core::ffi::c_str::CStr::from_bytes_until_nul
 .text._ZN4core3ffi5c_str4CStr6to_str17h1e51a03ca17e93efE
                0xffff800040228b50        0x8 bin/obj/rslib.a(core-433fda90c18ce65b.core.32ad4ce11d1d98ef-cgu.0.rcgu.o)
                0xffff800040228b50                core::ffi::c_str::CStr::to_str
 .text._ZN4core3fmt17FormattingOptions8get_fill17h31efcb97e7b33f96E
                0xffff800040228b58        0xc bin/obj/rslib.a(core-433fda90c18ce65b.core.32ad4ce11d1d98ef-cgu.0.rcgu.o)
                0xffff800040228b58                core::fmt::FormattingOptions::get_fill
 .text._ZN4core3fmt17pointer_fmt_inner17hdf592ea9a862c6d0E
                0xffff800040228b64       0xb8 bin/obj/rslib.a(core-433fda90c18ce65b.core.32ad4ce11d1d98ef-cgu.0.rcgu.o)
                0xffff800040228b64                core::fmt::pointer_fmt_inner
 .text._ZN4core3fmt3num22_$LT$impl$u20$i128$GT$11format_into17h5178f4f1060aaf1eE
                0xffff800040228c1c       0x74 bin/obj/rslib.a(core-433fda90c18ce65b.core.32ad4ce11d1d98ef-cgu.0.rcgu.o)
                0xffff800040228c1c                core::fmt::num::<impl i128>::format_into
 .text._ZN4core3fmt3num22_$LT$impl$u20$u128$GT$10_fmt_inner17hdb161dcdb9540202E
                0xffff800040228c90      0x64c bin/obj/rslib.a(core-433fda90c18ce65b.core.32ad4ce11d1d98ef-cgu.0.rcgu.o)
 .text._ZN4core3fmt3num22_$LT$impl$u20$u128$GT$11format_into17he96f8f8b22c215c0E
                0xffff8000402292dc       0x34 bin/obj/rslib.a(core-433fda90c18ce65b.core.32ad4ce11d1d98ef-cgu.0.rcgu.o)
                0xffff8000402292dc                core::fmt::num::<impl u128>::format_into
 .text._ZN4core3fmt3num22_$LT$impl$u20$u128$GT$4_fmt17h5f487a29104d83c9E
                0xffff800040229310       0x2c bin/obj/rslib.a(core-433fda90c18ce65b.core.32ad4ce11d1d98ef-cgu.0.rcgu.o)
                0xffff800040229310                core::fmt::num::<impl u128>::_fmt
 .text._ZN4core3fmt3num3imp20_$LT$impl$u20$i8$GT$11format_into17hd210736f96f8b3fbE
                0xffff80004022933c      0x134 bin/obj/rslib.a(core-433fda90c18ce65b.core.32ad4ce11d1d98ef-cgu.0.rcgu.o)
                0xffff80004022933c                core::fmt::num::imp::<impl i8>::format_into
 .text._ZN4core3fmt3num3imp20_$LT$impl$u20$u8$GT$11format_into17h752bf3556349f159E
                0xffff800040229470       0xa0 bin/obj/rslib.a(core-433fda90c18ce65b.core.32ad4ce11d1d98ef-cgu.0.rcgu.o)
                0xffff800040229470                core::fmt::num::imp::<impl u8>::format_into
 .text._ZN4core3fmt3num3imp20_$LT$impl$u20$u8$GT$4_fmt17ha4d40cb1bdffb52cE
                0xffff800040229510       0x90 bin/obj/rslib.a(core-433fda90c18ce65b.core.32ad4ce11d1d98ef-cgu.0.rcgu.o)
                0xffff800040229510                core::fmt::num::imp::<impl u8>::_fmt
 .text._ZN4core3fmt3num3imp21_$LT$impl$u20$i16$GT$11format_into17hf1c7a5c58959798eE
                0xffff8000402295a0      0x200 bin/obj/rslib.a(core-433fda90c18ce65b.core.32ad4ce11d1d98ef-cgu.0.rcgu.o)
                0xffff8000402295a0                core::fmt::num::imp::<impl i16>::format_into
 .text._ZN4core3fmt3num3imp21_$LT$impl$u20$i32$GT$11format_into17h7933ad198dc44580E
                0xffff8000402297a0       0x84 bin/obj/rslib.a(core-433fda90c18ce65b.core.32ad4ce11d1d98ef-cgu.0.rcgu.o)
                0xffff8000402297a0                core::fmt::num::imp::<impl i32>::format_into
 .text._ZN4core3fmt3num3imp21_$LT$impl$u20$i64$GT$11format_into17h56a9981514629215E
                0xffff800040229824       0x84 bin/obj/rslib.a(core-433fda90c18ce65b.core.32ad4ce11d1d98ef-cgu.0.rcgu.o)
                0xffff800040229824                core::fmt::num::imp::<impl i64>::format_into
                0xffff800040229824                core::fmt::num::imp::<impl isize>::format_into
 .text._ZN4core3fmt3num3imp21_$LT$impl$u20$u16$GT$11format_into17h2593c12ca90bd570E
                0xffff8000402298a8      0x104 bin/obj/rslib.a(core-433fda90c18ce65b.core.32ad4ce11d1d98ef-cgu.0.rcgu.o)
                0xffff8000402298a8                core::fmt::num::imp::<impl u16>::format_into
 .text._ZN4core3fmt3num3imp21_$LT$impl$u20$u16$GT$4_fmt17hfe8b803d66228964E
                0xffff8000402299ac       0xfc bin/obj/rslib.a(core-433fda90c18ce65b.core.32ad4ce11d1d98ef-cgu.0.rcgu.o)
                0xffff8000402299ac                core::fmt::num::imp::<impl u16>::_fmt
 .text._ZN4core3fmt3num3imp21_$LT$impl$u20$u32$GT$10_fmt_inner17h37f2397941125866E
                0xffff800040229aa8      0x1f4 bin/obj/rslib.a(core-433fda90c18ce65b.core.32ad4ce11d1d98ef-cgu.0.rcgu.o)
 .text._ZN4core3fmt3num3imp21_$LT$impl$u20$u32$GT$11format_into17hf29e5c2cef061968E
                0xffff800040229c9c       0x30 bin/obj/rslib.a(core-433fda90c18ce65b.core.32ad4ce11d1d98ef-cgu.0.rcgu.o)
                0xffff800040229c9c                core::fmt::num::imp::<impl u32>::format_into
 .text._ZN4core3fmt3num3imp21_$LT$impl$u20$u32$GT$4_fmt17hb9e377dd86dbb71dE
                0xffff800040229ccc       0x2c bin/obj/rslib.a(core-433fda90c18ce65b.core.32ad4ce11d1d98ef-cgu.0.rcgu.o)
                0xffff800040229ccc                core::fmt::num::imp::<impl u32>::_fmt
 .text._ZN4core3fmt3num3imp21_$LT$impl$u20$u64$GT$10_fmt_inner17hfa0246ed9c8fd932E
                0xffff800040229cf8      0x1f8 bin/obj/rslib.a(core-433fda90c18ce65b.core.32ad4ce11d1d98ef-cgu.0.rcgu.o)
 .text._ZN4core3fmt3num3imp21_$LT$impl$u20$u64$GT$11format_into17h4696f005a9cf2a4bE
                0xffff800040229ef0       0x30 bin/obj/rslib.a(core-433fda90c18ce65b.core.32ad4ce11d1d98ef-cgu.0.rcgu.o)
                0xffff800040229ef0                core::fmt::num::imp::<impl u64>::format_into
                0xffff800040229ef0                core::fmt::num::imp::<impl usize>::format_into
 .text._ZN4core3fmt3num3imp21_$LT$impl$u20$u64$GT$4_fmt17heb8fb9704e0c72a3E
                0xffff800040229f20       0x2c bin/obj/rslib.a(core-433fda90c18ce65b.core.32ad4ce11d1d98ef-cgu.0.rcgu.o)
                0xffff800040229f20                core::fmt::num::imp::<impl u64>::_fmt
                0xffff800040229f20                core::fmt::num::imp::<impl usize>::_fmt
 .text._ZN4core3fmt3num3imp51_$LT$impl$u20$core..fmt..Display$u20$for$u20$i8$GT$3fmt17h13d374ad04e26a26E
                0xffff800040229f4c       0xcc bin/obj/rslib.a(core-433fda90c18ce65b.core.32ad4ce11d1d98ef-cgu.0.rcgu.o)
                0xffff800040229f4c                core::fmt::num::imp::<impl core::fmt::Display for i8>::fmt
 .text._ZN4core3fmt3num3imp51_$LT$impl$u20$core..fmt..Display$u20$for$u20$u8$GT$3fmt17h5242d2b35a524742E
                0xffff80004022a018       0xac bin/obj/rslib.a(core-433fda90c18ce65b.core.32ad4ce11d1d98ef-cgu.0.rcgu.o)
                0xffff80004022a018                core::fmt::num::imp::<impl core::fmt::Display for u8>::fmt
 .text._ZN4core3fmt3num3imp52_$LT$impl$u20$core..fmt..Display$u20$for$u20$i16$GT$3fmt17h5094e5e5970d4fabE
                0xffff80004022a0c4      0x124 bin/obj/rslib.a(core-433fda90c18ce65b.core.32ad4ce11d1d98ef-cgu.0.rcgu.o)
                0xffff80004022a0c4                core::fmt::num::imp::<impl core::fmt::Display for i16>::fmt
 .text._ZN4core3fmt3num3imp52_$LT$impl$u20$core..fmt..Display$u20$for$u20$i32$GT$3fmt17h154275de895ee427E
                0xffff80004022a1e8       0x6c bin/obj/rslib.a(core-433fda90c18ce65b.core.32ad4ce11d1d98ef-cgu.0.rcgu.o)
                0xffff80004022a1e8                core::fmt::num::imp::<impl core::fmt::Display for i32>::fmt
 .text._ZN4core3fmt3num3imp52_$LT$impl$u20$core..fmt..Display$u20$for$u20$i64$GT$3fmt17h599edfef0bb59935E
                0xffff80004022a254       0x6c bin/obj/rslib.a(core-433fda90c18ce65b.core.32ad4ce11d1d98ef-cgu.0.rcgu.o)
                0xffff80004022a254                core::fmt::num::imp::<impl core::fmt::Display for isize>::fmt
                0xffff80004022a254                core::fmt::num::imp::<impl core::fmt::Display for i64>::fmt
 .text._ZN4core3fmt3num3imp52_$LT$impl$u20$core..fmt..Display$u20$for$u20$u16$GT$3fmt17hce7e72429c067b16E
                0xffff80004022a2c0      0x110 bin/obj/rslib.a(core-433fda90c18ce65b.core.32ad4ce11d1d98ef-cgu.0.rcgu.o)
                0xffff80004022a2c0                core::fmt::num::imp::<impl core::fmt::Display for u16>::fmt
 .text._ZN4core3fmt3num3imp52_$LT$impl$u20$core..fmt..Display$u20$for$u20$u32$GT$3fmt17h0f71c02fddb1594fE
                0xffff80004022a3d0       0x60 bin/obj/rslib.a(core-433fda90c18ce65b.core.32ad4ce11d1d98ef-cgu.0.rcgu.o)
                0xffff80004022a3d0                core::fmt::num::imp::<impl core::fmt::Display for u32>::fmt
 .text._ZN4core3fmt3num3imp52_$LT$impl$u20$core..fmt..Display$u20$for$u20$u64$GT$3fmt17hdc0f2b3bfffe873aE
                0xffff80004022a430       0x60 bin/obj/rslib.a(core-433fda90c18ce65b.core.32ad4ce11d1d98ef-cgu.0.rcgu.o)
                0xffff80004022a430                core::fmt::num::imp::<impl core::fmt::Display for u64>::fmt
                0xffff80004022a430                core::fmt::num::imp::<impl core::fmt::Display for usize>::fmt
 .text._ZN4core3fmt3num3imp52_$LT$impl$u20$core..fmt..LowerExp$u20$for$u20$i8$GT$3fmt17h97dfa8d08c43ff94E
                0xffff80004022a490       0x24 bin/obj/rslib.a(core-433fda90c18ce65b.core.32ad4ce11d1d98ef-cgu.0.rcgu.o)
                0xffff80004022a490                core::fmt::num::imp::<impl core::fmt::LowerExp for i8>::fmt
 .text._ZN4core3fmt3num3imp52_$LT$impl$u20$core..fmt..LowerExp$u20$for$u20$u8$GT$3fmt17hecb3c5e35df1a647E
                0xffff80004022a4b4       0x18 bin/obj/rslib.a(core-433fda90c18ce65b.core.32ad4ce11d1d98ef-cgu.0.rcgu.o)
                0xffff80004022a4b4                core::fmt::num::imp::<impl core::fmt::LowerExp for u8>::fmt
 .text._ZN4core3fmt3num3imp52_$LT$impl$u20$core..fmt..UpperExp$u20$for$u20$i8$GT$3fmt17h41be1dc095323f89E
                0xffff80004022a4cc       0x24 bin/obj/rslib.a(core-433fda90c18ce65b.core.32ad4ce11d1d98ef-cgu.0.rcgu.o)
                0xffff80004022a4cc                core::fmt::num::imp::<impl core::fmt::UpperExp for i8>::fmt
 .text._ZN4core3fmt3num3imp52_$LT$impl$u20$core..fmt..UpperExp$u20$for$u20$u8$GT$3fmt17ha9eb6d594af4725eE
                0xffff80004022a4f0       0x18 bin/obj/rslib.a(core-433fda90c18ce65b.core.32ad4ce11d1d98ef-cgu.0.rcgu.o)
                0xffff80004022a4f0                core::fmt::num::imp::<impl core::fmt::UpperExp for u8>::fmt
 .text._ZN4core3fmt3num3imp53_$LT$impl$u20$core..fmt..LowerExp$u20$for$u20$i16$GT$3fmt17h54d075a79d4bd340E
                0xffff80004022a508       0x24 bin/obj/rslib.a(core-433fda90c18ce65b.core.32ad4ce11d1d98ef-cgu.0.rcgu.o)
                0xffff80004022a508                core::fmt::num::imp::<impl core::fmt::LowerExp for i16>::fmt
 .text._ZN4core3fmt3num3imp53_$LT$impl$u20$core..fmt..LowerExp$u20$for$u20$i32$GT$3fmt17h2d02f063d3da4fa6E
                0xffff80004022a52c       0x24 bin/obj/rslib.a(core-433fda90c18ce65b.core.32ad4ce11d1d98ef-cgu.0.rcgu.o)
                0xffff80004022a52c                core::fmt::num::imp::<impl core::fmt::LowerExp for i32>::fmt
 .text._ZN4core3fmt3num3imp53_$LT$impl$u20$core..fmt..LowerExp$u20$for$u20$i64$GT$3fmt17h2200b50bbe135edeE
                0xffff80004022a550       0x24 bin/obj/rslib.a(core-433fda90c18ce65b.core.32ad4ce11d1d98ef-cgu.0.rcgu.o)
                0xffff80004022a550                core::fmt::num::imp::<impl core::fmt::LowerExp for isize>::fmt
                0xffff80004022a550                core::fmt::num::imp::<impl core::fmt::LowerExp for i64>::fmt
 .text._ZN4core3fmt3num3imp53_$LT$impl$u20$core..fmt..LowerExp$u20$for$u20$u16$GT$3fmt17h9b968a7b1b204489E
                0xffff80004022a574       0x18 bin/obj/rslib.a(core-433fda90c18ce65b.core.32ad4ce11d1d98ef-cgu.0.rcgu.o)
                0xffff80004022a574                core::fmt::num::imp::<impl core::fmt::LowerExp for u16>::fmt
 .text._ZN4core3fmt3num3imp53_$LT$impl$u20$core..fmt..LowerExp$u20$for$u20$u32$GT$3fmt17h923a987f8a9110e2E
                0xffff80004022a58c       0x18 bin/obj/rslib.a(core-433fda90c18ce65b.core.32ad4ce11d1d98ef-cgu.0.rcgu.o)
                0xffff80004022a58c                core::fmt::num::imp::<impl core::fmt::LowerExp for u32>::fmt
 .text._ZN4core3fmt3num3imp53_$LT$impl$u20$core..fmt..LowerExp$u20$for$u20$u64$GT$3fmt17hdf7ff3840ae5a159E
                0xffff80004022a5a4       0x18 bin/obj/rslib.a(core-433fda90c18ce65b.core.32ad4ce11d1d98ef-cgu.0.rcgu.o)
                0xffff80004022a5a4                core::fmt::num::imp::<impl core::fmt::LowerExp for u64>::fmt
                0xffff80004022a5a4                core::fmt::num::imp::<impl core::fmt::LowerExp for usize>::fmt
 .text._ZN4core3fmt3num3imp53_$LT$impl$u20$core..fmt..UpperExp$u20$for$u20$i16$GT$3fmt17h1053aeb66e2d68fcE
                0xffff80004022a5bc       0x24 bin/obj/rslib.a(core-433fda90c18ce65b.core.32ad4ce11d1d98ef-cgu.0.rcgu.o)
                0xffff80004022a5bc                core::fmt::num::imp::<impl core::fmt::UpperExp for i16>::fmt
 .text._ZN4core3fmt3num3imp53_$LT$impl$u20$core..fmt..UpperExp$u20$for$u20$i32$GT$3fmt17h34a9a4287b854df5E
                0xffff80004022a5e0       0x24 bin/obj/rslib.a(core-433fda90c18ce65b.core.32ad4ce11d1d98ef-cgu.0.rcgu.o)
                0xffff80004022a5e0                core::fmt::num::imp::<impl core::fmt::UpperExp for i32>::fmt
 .text._ZN4core3fmt3num3imp53_$LT$impl$u20$core..fmt..UpperExp$u20$for$u20$i64$GT$3fmt17hfd49055d38094c8fE
                0xffff80004022a604       0x24 bin/obj/rslib.a(core-433fda90c18ce65b.core.32ad4ce11d1d98ef-cgu.0.rcgu.o)
                0xffff80004022a604                core::fmt::num::imp::<impl core::fmt::UpperExp for i64>::fmt
                0xffff80004022a604                core::fmt::num::imp::<impl core::fmt::UpperExp for isize>::fmt
 .text._ZN4core3fmt3num3imp53_$LT$impl$u20$core..fmt..UpperExp$u20$for$u20$u16$GT$3fmt17h302b6d4b80b1eb7dE
                0xffff80004022a628       0x18 bin/obj/rslib.a(core-433fda90c18ce65b.core.32ad4ce11d1d98ef-cgu.0.rcgu.o)
                0xffff80004022a628                core::fmt::num::imp::<impl core::fmt::UpperExp for u16>::fmt
 .text._ZN4core3fmt3num3imp53_$LT$impl$u20$core..fmt..UpperExp$u20$for$u20$u32$GT$3fmt17hbf306d942ebc9afaE
                0xffff80004022a640       0x18 bin/obj/rslib.a(core-433fda90c18ce65b.core.32ad4ce11d1d98ef-cgu.0.rcgu.o)
                0xffff80004022a640                core::fmt::num::imp::<impl core::fmt::UpperExp for u32>::fmt
 .text._ZN4core3fmt3num3imp53_$LT$impl$u20$core..fmt..UpperExp$u20$for$u20$u64$GT$3fmt17h856a15726e3512c3E
                0xffff80004022a658       0x18 bin/obj/rslib.a(core-433fda90c18ce65b.core.32ad4ce11d1d98ef-cgu.0.rcgu.o)
                0xffff80004022a658                core::fmt::num::imp::<impl core::fmt::UpperExp for usize>::fmt
                0xffff80004022a658                core::fmt::num::imp::<impl core::fmt::UpperExp for u64>::fmt
 .text._ZN4core3fmt3num3imp7exp_u6417hd2d3f3d454e9dda6E
                0xffff80004022a670      0x4cc bin/obj/rslib.a(core-433fda90c18ce65b.core.32ad4ce11d1d98ef-cgu.0.rcgu.o)
 .text._ZN4core3fmt3num49_$LT$impl$u20$core..fmt..Debug$u20$for$u20$i8$GT$3fmt17hc689372e2b2584f9E
                0xffff80004022ab3c      0x18c bin/obj/rslib.a(core-433fda90c18ce65b.core.32ad4ce11d1d98ef-cgu.0.rcgu.o)
 .text._ZN4core3fmt3num49_$LT$impl$u20$core..fmt..Debug$u20$for$u20$u8$GT$3fmt17h2007ff42a749034aE
                0xffff80004022acc8      0x170 bin/obj/rslib.a(core-433fda90c18ce65b.core.32ad4ce11d1d98ef-cgu.0.rcgu.o)
 .text._ZN4core3fmt3num49_$LT$impl$u20$core..fmt..Octal$u20$for$u20$i8$GT$3fmt17hda82cf02da3f06dbE
                0xffff80004022ae38       0x78 bin/obj/rslib.a(core-433fda90c18ce65b.core.32ad4ce11d1d98ef-cgu.0.rcgu.o)
                0xffff80004022ae38                core::fmt::num::<impl core::fmt::Octal for i8>::fmt
 .text._ZN4core3fmt3num49_$LT$impl$u20$core..fmt..Octal$u20$for$u20$u8$GT$3fmt17h159ccd1e6f9ea919E
                0xffff80004022aeb0       0x78 bin/obj/rslib.a(core-433fda90c18ce65b.core.32ad4ce11d1d98ef-cgu.0.rcgu.o)
                0xffff80004022aeb0                core::fmt::num::<impl core::fmt::Octal for u8>::fmt
 .text._ZN4core3fmt3num50_$LT$impl$u20$core..fmt..Binary$u20$for$u20$i8$GT$3fmt17ha59e3fdb6da35f5aE
                0xffff80004022af28       0x78 bin/obj/rslib.a(core-433fda90c18ce65b.core.32ad4ce11d1d98ef-cgu.0.rcgu.o)
                0xffff80004022af28                core::fmt::num::<impl core::fmt::Binary for i8>::fmt
 .text._ZN4core3fmt3num50_$LT$impl$u20$core..fmt..Binary$u20$for$u20$u8$GT$3fmt17h1b14403a5b5b10bbE
                0xffff80004022afa0       0x78 bin/obj/rslib.a(core-433fda90c18ce65b.core.32ad4ce11d1d98ef-cgu.0.rcgu.o)
                0xffff80004022afa0                core::fmt::num::<impl core::fmt::Binary for u8>::fmt
 .text._ZN4core3fmt3num50_$LT$impl$u20$core..fmt..Debug$u20$for$u20$i16$GT$3fmt17hc7940e4d8ea7a339E
                0xffff80004022b018      0x1e4 bin/obj/rslib.a(core-433fda90c18ce65b.core.32ad4ce11d1d98ef-cgu.0.rcgu.o)
 .text._ZN4core3fmt3num50_$LT$impl$u20$core..fmt..Debug$u20$for$u20$i32$GT$3fmt17haa16cefc21091176E
                0xffff80004022b1fc      0x128 bin/obj/rslib.a(core-433fda90c18ce65b.core.32ad4ce11d1d98ef-cgu.0.rcgu.o)
 .text._ZN4core3fmt3num50_$LT$impl$u20$core..fmt..Debug$u20$for$u20$i64$GT$3fmt17h56a43e8d103cd6d3E
                0xffff80004022b324      0x124 bin/obj/rslib.a(core-433fda90c18ce65b.core.32ad4ce11d1d98ef-cgu.0.rcgu.o)
 .text._ZN4core3fmt3num50_$LT$impl$u20$core..fmt..Debug$u20$for$u20$u16$GT$3fmt17hb5f2c86e96ce27d6E
                0xffff80004022b448      0x1d4 bin/obj/rslib.a(core-433fda90c18ce65b.core.32ad4ce11d1d98ef-cgu.0.rcgu.o)
 .text._ZN4core3fmt3num50_$LT$impl$u20$core..fmt..Debug$u20$for$u20$u32$GT$3fmt17h3deb67020eadeb74E
                0xffff80004022b61c      0x11c bin/obj/rslib.a(core-433fda90c18ce65b.core.32ad4ce11d1d98ef-cgu.0.rcgu.o)
 .text._ZN4core3fmt3num50_$LT$impl$u20$core..fmt..Debug$u20$for$u20$u64$GT$3fmt17h1dc6660a68c5056fE
                0xffff80004022b738      0x110 bin/obj/rslib.a(core-433fda90c18ce65b.core.32ad4ce11d1d98ef-cgu.0.rcgu.o)
 .text._ZN4core3fmt3num50_$LT$impl$u20$core..fmt..Octal$u20$for$u20$i16$GT$3fmt17hc7f7f794256cb097E
                0xffff80004022b848       0x78 bin/obj/rslib.a(core-433fda90c18ce65b.core.32ad4ce11d1d98ef-cgu.0.rcgu.o)
                0xffff80004022b848                core::fmt::num::<impl core::fmt::Octal for i16>::fmt
 .text._ZN4core3fmt3num50_$LT$impl$u20$core..fmt..Octal$u20$for$u20$i32$GT$3fmt17h1d4c041e446dad5dE
                0xffff80004022b8c0       0x78 bin/obj/rslib.a(core-433fda90c18ce65b.core.32ad4ce11d1d98ef-cgu.0.rcgu.o)
                0xffff80004022b8c0                core::fmt::num::<impl core::fmt::Octal for i32>::fmt
 .text._ZN4core3fmt3num50_$LT$impl$u20$core..fmt..Octal$u20$for$u20$i64$GT$3fmt17h4477d718f4a73fc3E
                0xffff80004022b938       0x78 bin/obj/rslib.a(core-433fda90c18ce65b.core.32ad4ce11d1d98ef-cgu.0.rcgu.o)
                0xffff80004022b938                core::fmt::num::<impl core::fmt::Octal for isize>::fmt
                0xffff80004022b938                core::fmt::num::<impl core::fmt::Octal for i64>::fmt
 .text._ZN4core3fmt3num50_$LT$impl$u20$core..fmt..Octal$u20$for$u20$u16$GT$3fmt17h3fbf83afd634b211E
                0xffff80004022b9b0       0x78 bin/obj/rslib.a(core-433fda90c18ce65b.core.32ad4ce11d1d98ef-cgu.0.rcgu.o)
                0xffff80004022b9b0                core::fmt::num::<impl core::fmt::Octal for u16>::fmt
 .text._ZN4core3fmt3num50_$LT$impl$u20$core..fmt..Octal$u20$for$u20$u32$GT$3fmt17hcd449e0c4f2757d0E
                0xffff80004022ba28       0x78 bin/obj/rslib.a(core-433fda90c18ce65b.core.32ad4ce11d1d98ef-cgu.0.rcgu.o)
                0xffff80004022ba28                core::fmt::num::<impl core::fmt::Octal for u32>::fmt
 .text._ZN4core3fmt3num50_$LT$impl$u20$core..fmt..Octal$u20$for$u20$u64$GT$3fmt17hbfc7cf4b11fc5741E
                0xffff80004022baa0       0x78 bin/obj/rslib.a(core-433fda90c18ce65b.core.32ad4ce11d1d98ef-cgu.0.rcgu.o)
                0xffff80004022baa0                core::fmt::num::<impl core::fmt::Octal for u64>::fmt
                0xffff80004022baa0                core::fmt::num::<impl core::fmt::Octal for usize>::fmt
 .text._ZN4core3fmt3num51_$LT$impl$u20$core..fmt..Binary$u20$for$u20$i16$GT$3fmt17h1b32f1147f0a9969E
                0xffff80004022bb18       0x78 bin/obj/rslib.a(core-433fda90c18ce65b.core.32ad4ce11d1d98ef-cgu.0.rcgu.o)
                0xffff80004022bb18                core::fmt::num::<impl core::fmt::Binary for i16>::fmt
 .text._ZN4core3fmt3num51_$LT$impl$u20$core..fmt..Binary$u20$for$u20$i32$GT$3fmt17h64e4b42c0cfadf68E
                0xffff80004022bb90       0x78 bin/obj/rslib.a(core-433fda90c18ce65b.core.32ad4ce11d1d98ef-cgu.0.rcgu.o)
                0xffff80004022bb90                core::fmt::num::<impl core::fmt::Binary for i32>::fmt
 .text._ZN4core3fmt3num51_$LT$impl$u20$core..fmt..Binary$u20$for$u20$i64$GT$3fmt17h5c0c705ecf7a3eb5E
                0xffff80004022bc08       0x78 bin/obj/rslib.a(core-433fda90c18ce65b.core.32ad4ce11d1d98ef-cgu.0.rcgu.o)
                0xffff80004022bc08                core::fmt::num::<impl core::fmt::Binary for isize>::fmt
                0xffff80004022bc08                core::fmt::num::<impl core::fmt::Binary for i64>::fmt
 .text._ZN4core3fmt3num51_$LT$impl$u20$core..fmt..Binary$u20$for$u20$u16$GT$3fmt17hd4156935c57c588fE
                0xffff80004022bc80       0x78 bin/obj/rslib.a(core-433fda90c18ce65b.core.32ad4ce11d1d98ef-cgu.0.rcgu.o)
                0xffff80004022bc80                core::fmt::num::<impl core::fmt::Binary for u16>::fmt
 .text._ZN4core3fmt3num51_$LT$impl$u20$core..fmt..Binary$u20$for$u20$u32$GT$3fmt17h3e980237484352e0E
                0xffff80004022bcf8       0x78 bin/obj/rslib.a(core-433fda90c18ce65b.core.32ad4ce11d1d98ef-cgu.0.rcgu.o)
                0xffff80004022bcf8                core::fmt::num::<impl core::fmt::Binary for u32>::fmt
 .text._ZN4core3fmt3num51_$LT$impl$u20$core..fmt..Binary$u20$for$u20$u64$GT$3fmt17hfeb12c5efab9a40dE
                0xffff80004022bd70       0x78 bin/obj/rslib.a(core-433fda90c18ce65b.core.32ad4ce11d1d98ef-cgu.0.rcgu.o)
                0xffff80004022bd70                core::fmt::num::<impl core::fmt::Binary for u64>::fmt
                0xffff80004022bd70                core::fmt::num::<impl core::fmt::Binary for usize>::fmt
 .text._ZN4core3fmt3num51_$LT$impl$u20$core..fmt..Debug$u20$for$u20$i128$GT$3fmt17hab88464756d70682E
                0xffff80004022bde8      0x148 bin/obj/rslib.a(core-433fda90c18ce65b.core.32ad4ce11d1d98ef-cgu.0.rcgu.o)
 .text._ZN4core3fmt3num51_$LT$impl$u20$core..fmt..Debug$u20$for$u20$u128$GT$3fmt17h12f0876c35eab72fE
                0xffff80004022bf30      0x128 bin/obj/rslib.a(core-433fda90c18ce65b.core.32ad4ce11d1d98ef-cgu.0.rcgu.o)
 .text._ZN4core3fmt3num51_$LT$impl$u20$core..fmt..Octal$u20$for$u20$i128$GT$3fmt17hee6541394346fcbbE
                0xffff80004022c058       0x84 bin/obj/rslib.a(core-433fda90c18ce65b.core.32ad4ce11d1d98ef-cgu.0.rcgu.o)
                0xffff80004022c058                core::fmt::num::<impl core::fmt::Octal for i128>::fmt
 .text._ZN4core3fmt3num51_$LT$impl$u20$core..fmt..Octal$u20$for$u20$u128$GT$3fmt17h016033fe337ac440E
                0xffff80004022c0dc       0x84 bin/obj/rslib.a(core-433fda90c18ce65b.core.32ad4ce11d1d98ef-cgu.0.rcgu.o)
                0xffff80004022c0dc                core::fmt::num::<impl core::fmt::Octal for u128>::fmt
 .text._ZN4core3fmt3num52_$LT$impl$u20$core..fmt..Binary$u20$for$u20$i128$GT$3fmt17h5ec3c2b1f7d4255cE
                0xffff80004022c160       0x84 bin/obj/rslib.a(core-433fda90c18ce65b.core.32ad4ce11d1d98ef-cgu.0.rcgu.o)
                0xffff80004022c160                core::fmt::num::<impl core::fmt::Binary for i128>::fmt
 .text._ZN4core3fmt3num52_$LT$impl$u20$core..fmt..Binary$u20$for$u20$u128$GT$3fmt17h4d1a3813c61ea223E
                0xffff80004022c1e4       0x84 bin/obj/rslib.a(core-433fda90c18ce65b.core.32ad4ce11d1d98ef-cgu.0.rcgu.o)
                0xffff80004022c1e4                core::fmt::num::<impl core::fmt::Binary for u128>::fmt
 .text._ZN4core3fmt3num52_$LT$impl$u20$core..fmt..Debug$u20$for$u20$usize$GT$3fmt17h3ea4790345edc6cdE
                0xffff80004022c268      0x11c bin/obj/rslib.a(core-433fda90c18ce65b.core.32ad4ce11d1d98ef-cgu.0.rcgu.o)
 .text._ZN4core3fmt3num52_$LT$impl$u20$core..fmt..LowerHex$u20$for$u20$i8$GT$3fmt17ha1a8680aa9c0a346E
                0xffff80004022c384       0x78 bin/obj/rslib.a(core-433fda90c18ce65b.core.32ad4ce11d1d98ef-cgu.0.rcgu.o)
                0xffff80004022c384                core::fmt::num::<impl core::fmt::LowerHex for i8>::fmt
 .text._ZN4core3fmt3num52_$LT$impl$u20$core..fmt..LowerHex$u20$for$u20$u8$GT$3fmt17h8d72167bcd738f6aE
                0xffff80004022c3fc       0x78 bin/obj/rslib.a(core-433fda90c18ce65b.core.32ad4ce11d1d98ef-cgu.0.rcgu.o)
                0xffff80004022c3fc                core::fmt::num::<impl core::fmt::LowerHex for u8>::fmt
 .text._ZN4core3fmt3num52_$LT$impl$u20$core..fmt..UpperHex$u20$for$u20$i8$GT$3fmt17h43fef2d67a10f11eE
                0xffff80004022c474       0x78 bin/obj/rslib.a(core-433fda90c18ce65b.core.32ad4ce11d1d98ef-cgu.0.rcgu.o)
                0xffff80004022c474                core::fmt::num::<impl core::fmt::UpperHex for i8>::fmt
 .text._ZN4core3fmt3num52_$LT$impl$u20$core..fmt..UpperHex$u20$for$u20$u8$GT$3fmt17h06fbe0b42d7f6218E
                0xffff80004022c4ec       0x78 bin/obj/rslib.a(core-433fda90c18ce65b.core.32ad4ce11d1d98ef-cgu.0.rcgu.o)
                0xffff80004022c4ec                core::fmt::num::<impl core::fmt::UpperHex for u8>::fmt
 .text._ZN4core3fmt3num53_$LT$impl$u20$core..fmt..Display$u20$for$u20$i128$GT$3fmt17h5796dbd6b1476d21E
                0xffff80004022c564       0x78 bin/obj/rslib.a(core-433fda90c18ce65b.core.32ad4ce11d1d98ef-cgu.0.rcgu.o)
                0xffff80004022c564                core::fmt::num::<impl core::fmt::Display for i128>::fmt
 .text._ZN4core3fmt3num53_$LT$impl$u20$core..fmt..Display$u20$for$u20$u128$GT$3fmt17h7f066cb0382f97bdE
                0xffff80004022c5dc       0x64 bin/obj/rslib.a(core-433fda90c18ce65b.core.32ad4ce11d1d98ef-cgu.0.rcgu.o)
                0xffff80004022c5dc                core::fmt::num::<impl core::fmt::Display for u128>::fmt
 .text._ZN4core3fmt3num53_$LT$impl$u20$core..fmt..LowerHex$u20$for$u20$i16$GT$3fmt17hfdcd490d8b98fd83E
                0xffff80004022c640       0x78 bin/obj/rslib.a(core-433fda90c18ce65b.core.32ad4ce11d1d98ef-cgu.0.rcgu.o)
                0xffff80004022c640                core::fmt::num::<impl core::fmt::LowerHex for i16>::fmt
 .text._ZN4core3fmt3num53_$LT$impl$u20$core..fmt..LowerHex$u20$for$u20$i32$GT$3fmt17h26d900cde67526efE
                0xffff80004022c6b8       0x78 bin/obj/rslib.a(core-433fda90c18ce65b.core.32ad4ce11d1d98ef-cgu.0.rcgu.o)
                0xffff80004022c6b8                core::fmt::num::<impl core::fmt::LowerHex for i32>::fmt
 .text._ZN4core3fmt3num53_$LT$impl$u20$core..fmt..LowerHex$u20$for$u20$i64$GT$3fmt17hb815d3bfb1169152E
                0xffff80004022c730       0x78 bin/obj/rslib.a(core-433fda90c18ce65b.core.32ad4ce11d1d98ef-cgu.0.rcgu.o)
                0xffff80004022c730                core::fmt::num::<impl core::fmt::LowerHex for i64>::fmt
                0xffff80004022c730                core::fmt::num::<impl core::fmt::LowerHex for isize>::fmt
 .text._ZN4core3fmt3num53_$LT$impl$u20$core..fmt..LowerHex$u20$for$u20$u16$GT$3fmt17hc6c3fa2186d84cddE
                0xffff80004022c7a8       0x78 bin/obj/rslib.a(core-433fda90c18ce65b.core.32ad4ce11d1d98ef-cgu.0.rcgu.o)
                0xffff80004022c7a8                core::fmt::num::<impl core::fmt::LowerHex for u16>::fmt
 .text._ZN4core3fmt3num53_$LT$impl$u20$core..fmt..LowerHex$u20$for$u20$u32$GT$3fmt17h60d668ac85e503f1E
                0xffff80004022c820       0x78 bin/obj/rslib.a(core-433fda90c18ce65b.core.32ad4ce11d1d98ef-cgu.0.rcgu.o)
                0xffff80004022c820                core::fmt::num::<impl core::fmt::LowerHex for u32>::fmt
 .text._ZN4core3fmt3num53_$LT$impl$u20$core..fmt..LowerHex$u20$for$u20$u64$GT$3fmt17h0ba7dad44f36b8f5E
                0xffff80004022c898       0x78 bin/obj/rslib.a(core-433fda90c18ce65b.core.32ad4ce11d1d98ef-cgu.0.rcgu.o)
                0xffff80004022c898                core::fmt::num::<impl core::fmt::LowerHex for u64>::fmt
                0xffff80004022c898                core::fmt::num::<impl core::fmt::LowerHex for usize>::fmt
 .text._ZN4core3fmt3num53_$LT$impl$u20$core..fmt..UpperHex$u20$for$u20$i16$GT$3fmt17h2473fd4811912050E
                0xffff80004022c910       0x78 bin/obj/rslib.a(core-433fda90c18ce65b.core.32ad4ce11d1d98ef-cgu.0.rcgu.o)
                0xffff80004022c910                core::fmt::num::<impl core::fmt::UpperHex for i16>::fmt
 .text._ZN4core3fmt3num53_$LT$impl$u20$core..fmt..UpperHex$u20$for$u20$i32$GT$3fmt17h38fca5d7abe8d739E
                0xffff80004022c988       0x78 bin/obj/rslib.a(core-433fda90c18ce65b.core.32ad4ce11d1d98ef-cgu.0.rcgu.o)
                0xffff80004022c988                core::fmt::num::<impl core::fmt::UpperHex for i32>::fmt
 .text._ZN4core3fmt3num53_$LT$impl$u20$core..fmt..UpperHex$u20$for$u20$i64$GT$3fmt17haa78e645bc17672bE
                0xffff80004022ca00       0x78 bin/obj/rslib.a(core-433fda90c18ce65b.core.32ad4ce11d1d98ef-cgu.0.rcgu.o)
                0xffff80004022ca00                core::fmt::num::<impl core::fmt::UpperHex for i64>::fmt
                0xffff80004022ca00                core::fmt::num::<impl core::fmt::UpperHex for isize>::fmt
 .text._ZN4core3fmt3num53_$LT$impl$u20$core..fmt..UpperHex$u20$for$u20$u16$GT$3fmt17h5b7f63928e8c2a9eE
                0xffff80004022ca78       0x78 bin/obj/rslib.a(core-433fda90c18ce65b.core.32ad4ce11d1d98ef-cgu.0.rcgu.o)
                0xffff80004022ca78                core::fmt::num::<impl core::fmt::UpperHex for u16>::fmt
 .text._ZN4core3fmt3num53_$LT$impl$u20$core..fmt..UpperHex$u20$for$u20$u32$GT$3fmt17h4c63522bfd4408ecE
                0xffff80004022caf0       0x78 bin/obj/rslib.a(core-433fda90c18ce65b.core.32ad4ce11d1d98ef-cgu.0.rcgu.o)
                0xffff80004022caf0                core::fmt::num::<impl core::fmt::UpperHex for u32>::fmt
 .text._ZN4core3fmt3num53_$LT$impl$u20$core..fmt..UpperHex$u20$for$u20$u64$GT$3fmt17h73f2835c1ea48cbbE
                0xffff80004022cb68       0x78 bin/obj/rslib.a(core-433fda90c18ce65b.core.32ad4ce11d1d98ef-cgu.0.rcgu.o)
                0xffff80004022cb68                core::fmt::num::<impl core::fmt::UpperHex for u64>::fmt
                0xffff80004022cb68                core::fmt::num::<impl core::fmt::UpperHex for usize>::fmt
 .text._ZN4core3fmt3num54_$LT$impl$u20$core..fmt..LowerExp$u20$for$u20$i128$GT$3fmt17hdb7d3752eb0d240fE
                0xffff80004022cbe0       0x2c bin/obj/rslib.a(core-433fda90c18ce65b.core.32ad4ce11d1d98ef-cgu.0.rcgu.o)
                0xffff80004022cbe0                core::fmt::num::<impl core::fmt::LowerExp for i128>::fmt
 .text._ZN4core3fmt3num54_$LT$impl$u20$core..fmt..LowerExp$u20$for$u20$u128$GT$3fmt17h99180b28c4c42551E
                0xffff80004022cc0c       0x14 bin/obj/rslib.a(core-433fda90c18ce65b.core.32ad4ce11d1d98ef-cgu.0.rcgu.o)
                0xffff80004022cc0c                core::fmt::num::<impl core::fmt::LowerExp for u128>::fmt
 .text._ZN4core3fmt3num54_$LT$impl$u20$core..fmt..LowerHex$u20$for$u20$i128$GT$3fmt17h059a15847d59c40bE
                0xffff80004022cc20       0x84 bin/obj/rslib.a(core-433fda90c18ce65b.core.32ad4ce11d1d98ef-cgu.0.rcgu.o)
                0xffff80004022cc20                core::fmt::num::<impl core::fmt::LowerHex for i128>::fmt
 .text._ZN4core3fmt3num54_$LT$impl$u20$core..fmt..LowerHex$u20$for$u20$u128$GT$3fmt17h9536ff903d0222c3E
                0xffff80004022cca4       0x84 bin/obj/rslib.a(core-433fda90c18ce65b.core.32ad4ce11d1d98ef-cgu.0.rcgu.o)
                0xffff80004022cca4                core::fmt::num::<impl core::fmt::LowerHex for u128>::fmt
 .text._ZN4core3fmt3num54_$LT$impl$u20$core..fmt..UpperExp$u20$for$u20$i128$GT$3fmt17h4d57f05e36bccf1eE
                0xffff80004022cd28       0x2c bin/obj/rslib.a(core-433fda90c18ce65b.core.32ad4ce11d1d98ef-cgu.0.rcgu.o)
                0xffff80004022cd28                core::fmt::num::<impl core::fmt::UpperExp for i128>::fmt
 .text._ZN4core3fmt3num54_$LT$impl$u20$core..fmt..UpperExp$u20$for$u20$u128$GT$3fmt17hb3fda12c4c492dcaE
                0xffff80004022cd54       0x14 bin/obj/rslib.a(core-433fda90c18ce65b.core.32ad4ce11d1d98ef-cgu.0.rcgu.o)
                0xffff80004022cd54                core::fmt::num::<impl core::fmt::UpperExp for u128>::fmt
 .text._ZN4core3fmt3num54_$LT$impl$u20$core..fmt..UpperHex$u20$for$u20$i128$GT$3fmt17he251f9c6f753989bE
                0xffff80004022cd68       0x84 bin/obj/rslib.a(core-433fda90c18ce65b.core.32ad4ce11d1d98ef-cgu.0.rcgu.o)
                0xffff80004022cd68                core::fmt::num::<impl core::fmt::UpperHex for i128>::fmt
 .text._ZN4core3fmt3num54_$LT$impl$u20$core..fmt..UpperHex$u20$for$u20$u128$GT$3fmt17h3fcd25d3daffaef1E
                0xffff80004022cdec       0x84 bin/obj/rslib.a(core-433fda90c18ce65b.core.32ad4ce11d1d98ef-cgu.0.rcgu.o)
                0xffff80004022cdec                core::fmt::num::<impl core::fmt::UpperHex for u128>::fmt
 .text._ZN4core3fmt3num8exp_u12817hd4c8e654e62e3753E
                0xffff80004022ce70      0x8e8 bin/obj/rslib.a(core-433fda90c18ce65b.core.32ad4ce11d1d98ef-cgu.0.rcgu.o)
 .text._ZN4core3fmt5Write10write_char17h7b35c2aad178c2ddE
                0xffff80004022d758      0x110 bin/obj/rslib.a(core-433fda90c18ce65b.core.32ad4ce11d1d98ef-cgu.0.rcgu.o)
 .text._ZN4core3fmt5Write10write_char17hc174e7a8e7ef4010E
                0xffff80004022d868      0x110 bin/obj/rslib.a(core-433fda90c18ce65b.core.32ad4ce11d1d98ef-cgu.0.rcgu.o)
 .text._ZN4core3fmt5Write10write_char17hd49e5d42d633bea1E
                0xffff80004022d978      0x110 bin/obj/rslib.a(core-433fda90c18ce65b.core.32ad4ce11d1d98ef-cgu.0.rcgu.o)
 .text._ZN4core3fmt5Write10write_char17hf7914ced03a01c22E
                0xffff80004022da88      0x110 bin/obj/rslib.a(core-433fda90c18ce65b.core.32ad4ce11d1d98ef-cgu.0.rcgu.o)
 .text._ZN4core3fmt5Write9write_fmt17h2b3f0aae0374db59E
                0xffff80004022db98       0x14 bin/obj/rslib.a(core-433fda90c18ce65b.core.32ad4ce11d1d98ef-cgu.0.rcgu.o)
 .text._ZN4core3fmt5Write9write_fmt17h90c9acc801c2e893E
                0xffff80004022dbac       0x14 bin/obj/rslib.a(core-433fda90c18ce65b.core.32ad4ce11d1d98ef-cgu.0.rcgu.o)
 .text._ZN4core3fmt5Write9write_fmt17hc9ed592d92c81042E
                0xffff80004022dbc0       0x14 bin/obj/rslib.a(core-433fda90c18ce65b.core.32ad4ce11d1d98ef-cgu.0.rcgu.o)
 .text._ZN4core3fmt5Write9write_fmt17hcfc6f1d8e08a7c38E
                0xffff80004022dbd4       0x14 bin/obj/rslib.a(core-433fda90c18ce65b.core.32ad4ce11d1d98ef-cgu.0.rcgu.o)
 .text._ZN4core3fmt5Write9write_fmt17hdd45de0b443133beE
                0xffff80004022dbe8       0x14 bin/obj/rslib.a(core-433fda90c18ce65b.core.32ad4ce11d1d98ef-cgu.0.rcgu.o)
 .text._ZN4core3fmt5float29float_to_decimal_common_exact17h35444cb4ac6af7b1E
                0xffff80004022dbfc      0x344 bin/obj/rslib.a(core-433fda90c18ce65b.core.32ad4ce11d1d98ef-cgu.0.rcgu.o)
 .text._ZN4core3fmt5float29float_to_decimal_common_exact17hae5a695e738fa5e0E
                0xffff80004022df40      0x33c bin/obj/rslib.a(core-433fda90c18ce65b.core.32ad4ce11d1d98ef-cgu.0.rcgu.o)
 .text._ZN4core3fmt5float29float_to_decimal_common_exact17hca7f1c3a7ac9dc90E
                0xffff80004022e27c      0x340 bin/obj/rslib.a(core-433fda90c18ce65b.core.32ad4ce11d1d98ef-cgu.0.rcgu.o)
 .text._ZN4core3fmt5float32float_to_decimal_common_shortest17h385bee91b040bddbE
                0xffff80004022e5bc      0x280 bin/obj/rslib.a(core-433fda90c18ce65b.core.32ad4ce11d1d98ef-cgu.0.rcgu.o)
 .text._ZN4core3fmt5float32float_to_decimal_common_shortest17h6664b922212d56b0E
                0xffff80004022e83c      0x288 bin/obj/rslib.a(core-433fda90c18ce65b.core.32ad4ce11d1d98ef-cgu.0.rcgu.o)
 .text._ZN4core3fmt5float32float_to_decimal_common_shortest17he8d930b8132113ccE
                0xffff80004022eac4      0x284 bin/obj/rslib.a(core-433fda90c18ce65b.core.32ad4ce11d1d98ef-cgu.0.rcgu.o)
 .text._ZN4core3fmt5float33float_to_exponential_common_exact17h1e198a2786d498b5E
                0xffff80004022ed48      0x370 bin/obj/rslib.a(core-433fda90c18ce65b.core.32ad4ce11d1d98ef-cgu.0.rcgu.o)
 .text._ZN4core3fmt5float33float_to_exponential_common_exact17h515db66faa4282fcE
                0xffff80004022f0b8      0x378 bin/obj/rslib.a(core-433fda90c18ce65b.core.32ad4ce11d1d98ef-cgu.0.rcgu.o)
 .text._ZN4core3fmt5float33float_to_exponential_common_exact17hba6cfdfab3e4b6eaE
                0xffff80004022f430      0x374 bin/obj/rslib.a(core-433fda90c18ce65b.core.32ad4ce11d1d98ef-cgu.0.rcgu.o)
 .text._ZN4core3fmt5float36float_to_exponential_common_shortest17h54a2956ca7f51eadE
                0xffff80004022f7a4      0x338 bin/obj/rslib.a(core-433fda90c18ce65b.core.32ad4ce11d1d98ef-cgu.0.rcgu.o)
 .text._ZN4core3fmt5float36float_to_exponential_common_shortest17hadf1aa46da8e87d1E
                0xffff80004022fadc      0x334 bin/obj/rslib.a(core-433fda90c18ce65b.core.32ad4ce11d1d98ef-cgu.0.rcgu.o)
 .text._ZN4core3fmt5float36float_to_exponential_common_shortest17hc825478be21903ecE
                0xffff80004022fe10      0x330 bin/obj/rslib.a(core-433fda90c18ce65b.core.32ad4ce11d1d98ef-cgu.0.rcgu.o)
 .text._ZN4core3fmt5float50_$LT$impl$u20$core..fmt..Debug$u20$for$u20$f16$GT$3fmt17hac91577698b20faaE
                0xffff800040230140       0x84 bin/obj/rslib.a(core-433fda90c18ce65b.core.32ad4ce11d1d98ef-cgu.0.rcgu.o)
                0xffff800040230140                core::fmt::float::<impl core::fmt::Debug for f16>::fmt
 .text._ZN4core3fmt5float50_$LT$impl$u20$core..fmt..Debug$u20$for$u20$f32$GT$3fmt17h96ad78585ea39794E
                0xffff8000402301c4       0x78 bin/obj/rslib.a(core-433fda90c18ce65b.core.32ad4ce11d1d98ef-cgu.0.rcgu.o)
                0xffff8000402301c4                core::fmt::float::<impl core::fmt::Debug for f32>::fmt
 .text._ZN4core3fmt5float50_$LT$impl$u20$core..fmt..Debug$u20$for$u20$f64$GT$3fmt17h11803f3a33eeb532E
                0xffff80004023023c       0x70 bin/obj/rslib.a(core-433fda90c18ce65b.core.32ad4ce11d1d98ef-cgu.0.rcgu.o)
                0xffff80004023023c                core::fmt::float::<impl core::fmt::Debug for f64>::fmt
 .text._ZN4core3fmt5float52_$LT$impl$u20$core..fmt..Display$u20$for$u20$f16$GT$3fmt17hac507006cd8525c6E
                0xffff8000402302ac       0x2c bin/obj/rslib.a(core-433fda90c18ce65b.core.32ad4ce11d1d98ef-cgu.0.rcgu.o)
                0xffff8000402302ac                core::fmt::float::<impl core::fmt::Display for f16>::fmt
 .text._ZN4core3fmt5float52_$LT$impl$u20$core..fmt..Display$u20$for$u20$f32$GT$3fmt17h96c95e3679f85988E
                0xffff8000402302d8       0x2c bin/obj/rslib.a(core-433fda90c18ce65b.core.32ad4ce11d1d98ef-cgu.0.rcgu.o)
                0xffff8000402302d8                core::fmt::float::<impl core::fmt::Display for f32>::fmt
 .text._ZN4core3fmt5float52_$LT$impl$u20$core..fmt..Display$u20$for$u20$f64$GT$3fmt17h6de86dce3891e409E
                0xffff800040230304       0x2c bin/obj/rslib.a(core-433fda90c18ce65b.core.32ad4ce11d1d98ef-cgu.0.rcgu.o)
                0xffff800040230304                core::fmt::float::<impl core::fmt::Display for f64>::fmt
 .text._ZN4core3fmt5float53_$LT$impl$u20$core..fmt..LowerExp$u20$for$u20$f16$GT$3fmt17h62b4d5b75c01732bE
                0xffff800040230330       0x38 bin/obj/rslib.a(core-433fda90c18ce65b.core.32ad4ce11d1d98ef-cgu.0.rcgu.o)
                0xffff800040230330                core::fmt::float::<impl core::fmt::LowerExp for f16>::fmt
 .text._ZN4core3fmt5float53_$LT$impl$u20$core..fmt..LowerExp$u20$for$u20$f32$GT$3fmt17h0038e44ee1edfe2eE
                0xffff800040230368       0x38 bin/obj/rslib.a(core-433fda90c18ce65b.core.32ad4ce11d1d98ef-cgu.0.rcgu.o)
                0xffff800040230368                core::fmt::float::<impl core::fmt::LowerExp for f32>::fmt
 .text._ZN4core3fmt5float53_$LT$impl$u20$core..fmt..LowerExp$u20$for$u20$f64$GT$3fmt17heee282a25871e0d8E
                0xffff8000402303a0       0x38 bin/obj/rslib.a(core-433fda90c18ce65b.core.32ad4ce11d1d98ef-cgu.0.rcgu.o)
                0xffff8000402303a0                core::fmt::float::<impl core::fmt::LowerExp for f64>::fmt
 .text._ZN4core3fmt5float53_$LT$impl$u20$core..fmt..UpperExp$u20$for$u20$f16$GT$3fmt17hcb683db0e90f4f5dE
                0xffff8000402303d8       0x38 bin/obj/rslib.a(core-433fda90c18ce65b.core.32ad4ce11d1d98ef-cgu.0.rcgu.o)
                0xffff8000402303d8                core::fmt::float::<impl core::fmt::UpperExp for f16>::fmt
 .text._ZN4core3fmt5float53_$LT$impl$u20$core..fmt..UpperExp$u20$for$u20$f32$GT$3fmt17ha50dc3edae2efbddE
                0xffff800040230410       0x38 bin/obj/rslib.a(core-433fda90c18ce65b.core.32ad4ce11d1d98ef-cgu.0.rcgu.o)
                0xffff800040230410                core::fmt::float::<impl core::fmt::UpperExp for f32>::fmt
 .text._ZN4core3fmt5float53_$LT$impl$u20$core..fmt..UpperExp$u20$for$u20$f64$GT$3fmt17hf984b4186fc4e86bE
                0xffff800040230448       0x38 bin/obj/rslib.a(core-433fda90c18ce65b.core.32ad4ce11d1d98ef-cgu.0.rcgu.o)
                0xffff800040230448                core::fmt::float::<impl core::fmt::UpperExp for f64>::fmt
 .text._ZN4core3fmt5write17h32be726e72d2a9c7E