Archive member included to satisfy reference by file (symbol)

bin/obj/rslib.a(imx8mp_kernel-275282519f1f40ba.imx8mp_kernel.e6c41b14a5f8b77c-cgu.0.rcgu.o)
                              bin/obj/kernel/init/init.o (rust_kernel_initcalls_stage0)
bin/obj/rslib.a(core-ceec7c7f403acb7c.core.74ccf48e3defedc6-cgu.0.rcgu.o)
                              bin/obj/rslib.a(imx8mp_kernel-275282519f1f40ba.imx8mp_kernel.e6c41b14a5f8b77c-cgu.0.rcgu.o) (core::panicking::panic_fmt)
bin/obj/rslib.a(compiler_builtins-09e12320cdba19cf.compiler_builtins.2d54c37aace59f9d-cgu.101.rcgu.o)
                              bin/obj/rslib.a(core-ceec7c7f403acb7c.core.74ccf48e3defedc6-cgu.0.rcgu.o) (memcmp)
bin/obj/rslib.a(compiler_builtins-09e12320cdba19cf.compiler_builtins.2d54c37aace59f9d-cgu.157.rcgu.o)
                              bin/obj/drivers/arm_generic_timer/arm_generic_timer.o (__udivti3)
bin/obj/rslib.a(compiler_builtins-09e12320cdba19cf.compiler_builtins.2d54c37aace59f9d-cgu.194.rcgu.o)
                              bin/obj/kernel/mm/virt/containers/containers.o (memcpy)
bin/obj/rslib.a(compiler_builtins-09e12320cdba19cf.compiler_builtins.2d54c37aace59f9d-cgu.206.rcgu.o)
                              bin/obj/kernel/io/term/term.o (memset)
bin/obj/rslib.a(ba46bdab1c0258b6-lse_cas4_acq_rel.o)
                              bin/obj/kernel/scheduler/scheduler.o (__aarch64_cas4_acq_rel)
bin/obj/rslib.a(ba46bdab1c0258b6-lse_swp4_acq_rel.o)
                              bin/obj/kernel/syscall/handlers/exit.o (__aarch64_swp4_acq_rel)
bin/obj/rslib.a(ba46bdab1c0258b6-lse_ldadd4_acq_rel.o)
                              bin/obj/lib/lock/corelock.o (__aarch64_ldadd4_acq_rel)
bin/obj/rslib.a(ba46bdab1c0258b6-lse_ldadd8_acq_rel.o)
                              bin/obj/kernel/io/term/term.o (__aarch64_ldadd8_acq_rel)
bin/obj/rslib.a(670c1ed24249df13-aarch64.o)
                              bin/obj/rslib.a(ba46bdab1c0258b6-lse_cas4_acq_rel.o) (__aarch64_have_lse_atomics)
bin/obj/rslib.a(compiler_builtins-09e12320cdba19cf.compiler_builtins.2d54c37aace59f9d-cgu.030.rcgu.o)
                              bin/obj/rslib.a(compiler_builtins-09e12320cdba19cf.compiler_builtins.2d54c37aace59f9d-cgu.157.rcgu.o) (compiler_builtins::int::specialized_div_rem::u128_div_rem)

Merging program properties


Discarded input sections

 .group         0x0000000000000000        0xc bin/obj/arm/exceptions/handlers/el1/el1_cur_sp0_fiq.o
 .group         0x0000000000000000        0xc bin/obj/arm/exceptions/handlers/el1/el1_cur_sp0_fiq.o
 .group         0x0000000000000000        0xc bin/obj/arm/exceptions/handlers/el1/el1_cur_sp0_fiq.o
 .group         0x0000000000000000        0xc bin/obj/arm/exceptions/handlers/el1/el1_cur_sp0_fiq.o
 .group         0x0000000000000000        0xc bin/obj/arm/exceptions/handlers/el1/el1_cur_sp0_fiq.o
 .group         0x0000000000000000        0xc bin/obj/arm/exceptions/handlers/el1/el1_cur_sp0_fiq.o
 .group         0x0000000000000000        0xc bin/obj/arm/exceptions/handlers/el1/el1_cur_sp0_fiq.o
 .group         0x0000000000000000        0xc bin/obj/arm/exceptions/handlers/el1/el1_cur_sp0_fiq.o
 .group         0x0000000000000000        0xc bin/obj/arm/exceptions/handlers/el1/el1_cur_sp0_fiq.o
 .group         0x0000000000000000        0xc bin/obj/arm/exceptions/handlers/el1/el1_cur_sp0_fiq.o
 .group         0x0000000000000000        0xc bin/obj/arm/exceptions/handlers/el1/el1_cur_sp0_fiq.o
 .group         0x0000000000000000        0xc bin/obj/arm/exceptions/handlers/el1/el1_cur_sp0_fiq.o
 .group         0x0000000000000000        0xc bin/obj/arm/exceptions/handlers/el1/el1_cur_sp0_fiq.o
 .group         0x0000000000000000        0xc bin/obj/arm/exceptions/handlers/el1/el1_cur_sp0_irq.o
 .group         0x0000000000000000        0xc bin/obj/arm/exceptions/handlers/el1/el1_cur_sp0_irq.o
 .group         0x0000000000000000        0xc bin/obj/arm/exceptions/handlers/el1/el1_cur_sp0_irq.o
 .group         0x0000000000000000        0xc bin/obj/arm/exceptions/handlers/el1/el1_cur_sp0_irq.o
 .group         0x0000000000000000        0xc bin/obj/arm/exceptions/handlers/el1/el1_cur_sp0_irq.o
 .group         0x0000000000000000        0xc bin/obj/arm/exceptions/handlers/el1/el1_cur_sp0_irq.o
 .group         0x0000000000000000        0xc bin/obj/arm/exceptions/handlers/el1/el1_cur_sp0_irq.o
 .group         0x0000000000000000        0xc bin/obj/arm/exceptions/handlers/el1/el1_cur_sp0_irq.o
 .group         0x0000000000000000        0xc bin/obj/arm/exceptions/handlers/el1/el1_cur_sp0_irq.o
 .group         0x0000000000000000        0xc bin/obj/arm/exceptions/handlers/el1/el1_cur_sp0_irq.o
 .group         0x0000000000000000        0xc bin/obj/arm/exceptions/handlers/el1/el1_cur_sp0_irq.o
 .group         0x0000000000000000        0xc bin/obj/arm/exceptions/handlers/el1/el1_cur_sp0_irq.o
 .group         0x0000000000000000        0xc bin/obj/arm/exceptions/handlers/el1/el1_cur_sp0_irq.o
[...]
Memory Configuration

Name             Origin             Length             Attributes
HI_VMEM          0xffff800000000000 0x0000800000000000 xrw
DDR_HI           0x0000000100000000 0x0000000140000000 xrw
DDR_LO           0x0000000040000000 0x00000000c0000000 xrw
DDR              0x0000000040000000 0x0000000200000000 xrw
DDR_KERNEL       0x0000000040200000 0x00000001ffe00000 xrw
RESERVED_3F      0x000000003f000000 0x0000000001000000 rw
RESERVED_3E      0x000000003e000000 0x0000000001000000 rw
DDRC_PHY_BCAST   0x000000003dc00000 0x0000000000400000 rw
DDRC_PERF_MON    0x000000003d800000 0x0000000000400000 rw
DDRC_CTL         0x000000003d400000 0x0000000000400000 rw
RESERVED_3D10    0x000000003d100000 0x0000000000300000 rw
DDRC_BLK_CTRL    0x000000003d000000 0x0000000000100000 rw
DDRC_PHY         0x000000003c000000 0x0000000001000000 rw
AUDIO_DSP        0x000000003b000000 0x0000000001000000 rw
GIC              0x0000000038800000 0x0000000000100000 rw
NPU              0x0000000038500000 0x0000000000200000 rw
VPU              0x0000000038340000 0x0000000000200000 rw
VPU_BLK_CTRL     0x0000000038330000 0x0000000000200000 rw
VPU_VC8000E      0x0000000038320000 0x0000000000200000 rw
VPU_G2           0x0000000038310000 0x0000000000200000 rw
VPU_G1           0x0000000038300000 0x0000000000200000 rw
USB2             0x0000000038200000 0x0000000000100000 rw
USB1             0x0000000038100000 0x0000000000100000 rw
GPU_3D           0x0000000038000000 0x0000000000008000 rw
GPU_2D           0x0000000038008000 0x0000000000008000 rw
QSPI_RX          0x0000000036000000 0x0000000002000000 rw
QSPI_RX_1        0x0000000034000000 0x0000000002000000 rw
QSPI_TX          0x0000000033008000 0x0000000000008000 rw
APBH_DMA         0x0000000033000000 0x0000000000008000 rw
AIPS_1           0x0000000030000000 0x0000000000400000 rw
AIPS_2           0x0000000030400000 0x0000000000400000 rw
AIPS_3           0x0000000030800000 0x0000000000400000 rw
AIPS_4           0x0000000032c00000 0x0000000000400000 rw
AIPS_5           0x0000000030c00000 0x0000000000400000 rw
PCIE_REG         0x0000000018000000 0x0000000008000000 rw
OCRAM            0x0000000000900000 0x0000000000090000 xrw
OCRAM_S          0x0000000000180000 0x0000000000009000 rw
OCRAM_S2         0x0000000000189000 0x0000000000007000 rw
CAAM_SEC_RAM     0x0000000000108000 0x0000000000008000 rw
BOOT_ROM         0x0000000000000000 0x000000000003f000 r
*default*        0x0000000000000000 0xffffffffffffffff

Linker script and memory map

                0x0000000000000004                __NUM_CORES = 0x4
                0x0000000000020000                __EL2_STACK_SIZE = 0x20000
                0x0000000000100000                __EL1_STACK_SIZE = 0x100000
                0x0000000000200000                __TFA_PROTECTED_SIZE = 0x200000
                0xffff800000000000                HI_VA_BASE = 0xffff800000000000
                0x0000800000000000                HI_VA_SIZE = 0x800000000000
                0x0000000040200000                KERNEL_PA_BASE = (ORIGIN (DDR) + __TFA_PROTECTED_SIZE)
                0xffff800040200000                KERNEL_VA_BASE = (KERNEL_PA_BASE + HI_VA_BASE)
                0xffff800040200000                . = KERNEL_VA_BASE

.text           0xffff800040200000    0x4b000 load address 0x0000000040200000
                0xffff800040200000                __text_start = .
 *(.text.boot)
 .text.boot     0xffff800040200000       0xc8 bin/obj/__boot/boot.o
                0xffff800040200000                _start
 *(.text*)
 .text          0xffff8000402000c8       0x40 bin/obj/__arm/cache/cache.o
                0xffff8000402000c8                _cache_flush_range
 .text          0xffff800040200108       0x3c bin/obj/__arm/cache/dcache.o
                0xffff800040200108                _dcache_flush_range
 .text          0xffff800040200144       0x3c bin/obj/__arm/cache/icache.o
                0xffff800040200144                _icache_flush_range
 .text          0xffff800040200180        0x8 bin/obj/__arm/cpu.o
                0xffff800040200180                _ARM_get_sp
 *fill*         0xffff800040200188      0x678 
 .text          0xffff800040200800     0x2180 bin/obj/__arm/exceptions/el1_vectors.o
                0xffff800040200800                _el1_init_vector
 *fill*         0xffff800040202980      0x680 
 .text          0xffff800040203000     0x1100 bin/obj/__arm/exceptions/el2_vectors.o
                0xffff800040203000                _el2_init_vector
 .text          0xffff800040204100       0x68 bin/obj/__arm/exceptions/exceptions.o
                0xffff800040204100                _exceptions_get_DAIF
                0xffff800040204108                _fiq_exceptions_enable
                0xffff800040204114                _irq_exceptions_enable
                0xffff800040204120                _serror_exceptions_enable
                0xffff80004020412c                _debug_exceptions_enable
                0xffff800040204138                _fiq_exceptions_disable
                0xffff800040204144                _irq_exceptions_disable
                0xffff800040204150                _serror_exceptions_disable
                0xffff80004020415c                _debug_exceptions_disable
 *fill*         0xffff800040204168        0x8 
 .text          0xffff800040204170       0xa0 bin/obj/__arm/mmu/regs/mmu_sysregs.o
                0xffff800040204170                _mmu_get_MAIR_EL1
                0xffff800040204178                _mmu_set_MAIR_EL1
                0xffff8000402041b0                _mmu_get_SCTLR_EL1
                0xffff8000402041b8                _mmu_set_SCTLR_EL1
                0xffff8000402041c4                _mmu_get_TTBR0_EL1
                0xffff8000402041cc                _mmu_set_TTBR0_EL1
                0xffff8000402041dc                _mmu_get_TTBR1_EL1
                0xffff8000402041e4                _mmu_set_TTBR1_EL1
                0xffff8000402041f4                _mmu_get_TCR_EL1
                0xffff8000402041fc                _mmu_set_TCR_EL1
                0xffff800040204208                _mmu_get_ID_AA64MMFR0_EL1
 .text          0xffff800040204210      0x114 bin/obj/__arm/sysregs/arm_generic_timer.o
                0xffff800040204210                _ARM_CNTFRQ_EL0_set
                0xffff80004020421c                _ARM_CNTFRQ_EL0_get
                0xffff800040204224                _ARM_CNTPCT_EL0_get
                0xffff80004020422c                _ARM_CNTVCT_EL0_get
                0xffff800040204234                _ARM_CNTP_CTL_EL0_set
                0xffff800040204240                _ARM_CNTP_CTL_EL0_get
                0xffff800040204248                _ARM_CNTP_CVAL_EL0_set
                0xffff800040204254                _ARM_CNTP_CVAL_EL0_get
                0xffff80004020425c                _ARM_CNTP_TVAL_EL0_set
                0xffff800040204268                _ARM_CNTP_TVAL_EL0_get
                0xffff800040204270                _ARM_CNTV_CTL_EL0_set
                0xffff80004020427c                _ARM_CNTV_CTL_EL0_get
                0xffff800040204284                _ARM_CNTV_CVAL_EL0_set
                0xffff800040204290                _ARM_CNTV_CVAL_EL0_get
                0xffff800040204298                _ARM_CNTV_TVAL_EL0_set
                0xffff8000402042a4                _ARM_CNTV_TVAL_EL0_get
                0xffff8000402042ac                _ARM_CNTKCTL_EL1_set
                0xffff8000402042b8                _ARM_CNTKCTL_EL1_get
                0xffff8000402042c0                _ARM_CNTHCTL_EL2_set
                0xffff8000402042cc                _ARM_CNTHCTL_EL2_get
                0xffff8000402042d4                _ARM_CNTVOFF_EL2_set
                0xffff8000402042e0                _ARM_CNTVOFF_EL2_get
                0xffff8000402042e8                _ARM_CNTPS_CTL_EL1_set
                0xffff8000402042f4                _ARM_CNTPS_CTL_EL1_get
                0xffff8000402042fc                _ARM_CNTPS_CVAL_EL1_set
                0xffff800040204308                _ARM_CNTPS_CVAL_EL1_get
                0xffff800040204310                _ARM_CNTPS_TVAL_EL1_set
                0xffff80004020431c                _ARM_CNTPS_TVAL_EL1_get
 *fill*         0xffff800040204324        0xc 
 .text          0xffff800040204330       0x10 bin/obj/__arm/tfa/smccc.o
                0xffff800040204330                _smc_call
 .text          0xffff800040204340        0x0 bin/obj/__boot/boot.o
 .text          0xffff800040204340       0x60 bin/obj/__boot/clean_bss.o
                0xffff800040204340                _clean_bss
 .text          0xffff8000402043a0       0x8c bin/obj/__boot/el1.o
                0xffff8000402043a0                _switch_to_el1
                0xffff800040204400                _el1_entry
 .text          0xffff80004020442c      0x108 bin/obj/__boot/gpr.o
                0xffff80004020442c                _init_gpr
 *fill*         0xffff800040204534        0xc 
 .text          0xffff800040204540       0x68 bin/obj/__boot/secondary_entry.o
                0xffff800040204540                _secondary_entry
 *fill*         0xffff8000402045a8        0x8 
 .text          0xffff8000402045b0       0x98 bin/obj/__boot/stacks.o
                0xffff8000402045b0                _setup_stack_el1
                0xffff8000402045e4                _reset_stack_el1
 *fill*         0xffff800040204648        0x8 
 .text          0xffff800040204650       0x3c bin/obj/__drivers/interrupts/gicv3/gicv3_arm_interface.o
                0xffff800040204650                _GICV3_ARM_ICC_SRE_EL1_write
                0xffff80004020465c                _GICV3_ARM_ICC_PMR_EL1_write
                0xffff800040204668                _GICV3_ARM_ICC_PMR_EL1_read
                0xffff800040204670                _GICV3_ARM_ICC_IGRPEN1_EL1_write
                0xffff80004020467c                _GICV3_ARM_ICC_IAR1_EL1_read
                0xffff800040204684                _GICV3_ARM_ICC_EOIR1_EL1_write
 *fill*         0xffff80004020468c        0x4 
 .text          0xffff800040204690        0x8 bin/obj/__drivers/tmu/tmu_critical_default.o
                0xffff800040204690                _TMU_critical_hang
 .text          0xffff800040204698       0x20 bin/obj/__kernel/mm/mm.o
                0xffff800040204698                _get_pc
                0xffff8000402046a0                _mm_kva_to_kpa
                0xffff8000402046ac                _mm_kpa_to_kva
 *fill*         0xffff8000402046b8        0x8 
 .text          0xffff8000402046c0       0x40 bin/obj/__kernel/mm/reloc/reloc.o
                0xffff8000402046c0                _jmp_to_with_offset
                0xffff8000402046c8                _reloc_cfg_end
                0xffff8000402046f4                _return_to_kernel_entry
 .text          0xffff800040204700      0x100 bin/obj/__kernel/scheduler/scheduler.o
                0xffff800040204700                _scheduler_loop_cpu_enter
                0xffff8000402047d8                _scheduler_loop_cpu_exit
 .text          0xffff800040204800       0xc0 bin/obj/__lib/lock/corelock.o
                0xffff800040204800                _core_lock
                0xffff800040204844                _core_unlock
                0xffff800040204874                _core_try_lock
 .text          0xffff8000402048c0       0x14 bin/obj/__lib/lock/irqlock.o
                0xffff8000402048c0                _irq_lock
                0xffff8000402048cc                _irq_unlock
 *fill*         0xffff8000402048d4        0xc 
 .text          0xffff8000402048e0       0x6c bin/obj/__lib/lock/spinlock.o
                0xffff8000402048e0                _spin_try_lock
                0xffff800040204908                _spin_lock
                0xffff800040204928                _spin_unlock
 *fill*         0xffff80004020494c        0x4 
 .text          0xffff800040204950       0x3c bin/obj/__lib/lock/spinlock_irq.o
                0xffff800040204950                _spin_lock_irqsave
                0xffff80004020496c                _spin_unlock_irqrestore
 .text          0xffff80004020498c        0x8 bin/obj/__lib/mem/mem.o
                0xffff80004020498c                _ID_AA64MMFR0_EL1_read
 *fill*         0xffff800040204994        0xc 
 .text          0xffff8000402049a0      0x250 bin/obj/__lib/mem/memcpy/memcpy.o
                0xffff8000402049a0                _memcpy
                0xffff800040204ab0                _memcpy64
                0xffff800040204ae0                _memcpy32
                0xffff800040204b10                _memcpy16
                0xffff800040204b40                _memcpy8
                0xffff800040204b70                _memcpy4
                0xffff800040204ba0                _memcpy2
                0xffff800040204bd0                _memcpy1
 .text          0xffff800040204bf0      0x13c bin/obj/__lib/mem/memzero/memzero.o
                0xffff800040204bf0                _memzero
                0xffff800040204ce8                _memzero64
 .text          0xffff800040204d2c       0x54 bin/obj/arm/exceptions/handlers/el1/el1_cur_sp0_fiq.o
                0xffff800040204d2c                el1_cur_sp0_fiq_handler
 .text          0xffff800040204d80       0x54 bin/obj/arm/exceptions/handlers/el1/el1_cur_sp0_irq.o
                0xffff800040204d80                el1_cur_sp0_irq_handler
 .text          0xffff800040204dd4       0x54 bin/obj/arm/exceptions/handlers/el1/el1_cur_sp0_serror.o
                0xffff800040204dd4                el1_cur_sp0_serror_handler
 .text          0xffff800040204e28       0x54 bin/obj/arm/exceptions/handlers/el1/el1_cur_sp0_sync.o
                0xffff800040204e28                el1_cur_sp0_sync_handler
 .text          0xffff800040204e7c       0x54 bin/obj/arm/exceptions/handlers/el1/el1_cur_spx_fiq.o
                0xffff800040204e7c                el1_cur_spx_fiq_handler
 .text          0xffff800040204ed0       0x18 bin/obj/arm/exceptions/handlers/el1/el1_cur_spx_irq.o
                0xffff800040204ed0                el1_cur_spx_irq_handler
 .text          0xffff800040204ee8       0x54 bin/obj/arm/exceptions/handlers/el1/el1_cur_spx_serror.o
                0xffff800040204ee8                el1_cur_spx_serror_handler
 .text          0xffff800040204f3c       0x54 bin/obj/arm/exceptions/handlers/el1/el1_cur_spx_sync.o
                0xffff800040204f3c                el1_cur_spx_sync_handler
 .text          0xffff800040204f90       0x54 bin/obj/arm/exceptions/handlers/el1/el1_low_a32_fiq.o
                0xffff800040204f90                el1_low_a32_fiq_handler
 .text          0xffff800040204fe4       0x54 bin/obj/arm/exceptions/handlers/el1/el1_low_a32_irq.o
                0xffff800040204fe4                el1_low_a32_irq_handler
 .text          0xffff800040205038       0x54 bin/obj/arm/exceptions/handlers/el1/el1_low_a32_serror.o
                0xffff800040205038                el1_low_a32_serror_handler
 .text          0xffff80004020508c       0x54 bin/obj/arm/exceptions/handlers/el1/el1_low_a32_sync.o
                0xffff80004020508c                el1_low_a32_sync_handler
 .text          0xffff8000402050e0       0x54 bin/obj/arm/exceptions/handlers/el1/el1_low_a64_fiq.o
                0xffff8000402050e0                el1_low_a64_fiq_handler
 .text          0xffff800040205134       0x18 bin/obj/arm/exceptions/handlers/el1/el1_low_a64_irq.o
                0xffff800040205134                el1_low_a64_irq_handler
 .text          0xffff80004020514c       0x54 bin/obj/arm/exceptions/handlers/el1/el1_low_a64_serror.o
                0xffff80004020514c                el1_low_a64_serror_handler
 .text          0xffff8000402051a0       0x20 bin/obj/arm/exceptions/handlers/el1/el1_low_a64_sync.o
                0xffff8000402051a0                el1_low_a64_sync_handler
 .text          0xffff8000402051c0       0x50 bin/obj/arm/exceptions/handlers/el2/el2_cur_sp0_fiq.o
                0xffff8000402051c0                el2_cur_sp0_fiq_handler
 .text          0xffff800040205210       0x50 bin/obj/arm/exceptions/handlers/el2/el2_cur_sp0_irq.o
                0xffff800040205210                el2_cur_sp0_irq_handler
 .text          0xffff800040205260       0x50 bin/obj/arm/exceptions/handlers/el2/el2_cur_sp0_serror.o
                0xffff800040205260                el2_cur_sp0_serror_handler
 .text          0xffff8000402052b0       0x50 bin/obj/arm/exceptions/handlers/el2/el2_cur_sp0_sync.o
                0xffff8000402052b0                el2_cur_sp0_sync_handler
 .text          0xffff800040205300       0x50 bin/obj/arm/exceptions/handlers/el2/el2_cur_spx_fiq.o
                0xffff800040205300                el2_cur_spx_fiq_handler
 .text          0xffff800040205350       0x50 bin/obj/arm/exceptions/handlers/el2/el2_cur_spx_irq.o
                0xffff800040205350                el2_cur_spx_irq_handler
 .text          0xffff8000402053a0       0x50 bin/obj/arm/exceptions/handlers/el2/el2_cur_spx_serror.o
                0xffff8000402053a0                el2_cur_spx_serror_handler
 .text          0xffff8000402053f0       0x50 bin/obj/arm/exceptions/handlers/el2/el2_cur_spx_sync.o
                0xffff8000402053f0                el2_cur_spx_sync_handler
 .text          0xffff800040205440       0x50 bin/obj/arm/exceptions/handlers/el2/el2_low_a32_fiq.o
                0xffff800040205440                el2_low_a32_fiq_handler
 .text          0xffff800040205490       0x50 bin/obj/arm/exceptions/handlers/el2/el2_low_a32_irq.o
                0xffff800040205490                el2_low_a32_irq_handler
 .text          0xffff8000402054e0       0x50 bin/obj/arm/exceptions/handlers/el2/el2_low_a32_serror.o
                0xffff8000402054e0                el2_low_a32_serror_handler
 .text          0xffff800040205530       0x50 bin/obj/arm/exceptions/handlers/el2/el2_low_a32_sync.o
                0xffff800040205530                el2_low_a32_sync_handler
 .text          0xffff800040205580       0x50 bin/obj/arm/exceptions/handlers/el2/el2_low_a64_fiq.o
                0xffff800040205580                el2_low_a64_fiq_handler
 .text          0xffff8000402055d0       0x50 bin/obj/arm/exceptions/handlers/el2/el2_low_a64_irq.o
                0xffff8000402055d0                el2_low_a64_irq_handler
 .text          0xffff800040205620       0x50 bin/obj/arm/exceptions/handlers/el2/el2_low_a64_serror.o
                0xffff800040205620                el2_low_a64_serror_handler
 .text          0xffff800040205670       0x50 bin/obj/arm/exceptions/handlers/el2/el2_low_a64_sync.o
                0xffff800040205670                el2_low_a64_sync_handler
 .text          0xffff8000402056c0      0x2e0 bin/obj/arm/exceptions/handlers/exception_macros.o
                0xffff8000402056c0                select_src_enum_
                0xffff800040205820                select_exception_type_enum_
                0xffff80004020593c                exception_panic
 .text          0xffff8000402059a0      0x2cc bin/obj/arm/exceptions/exceptions.o
                0xffff8000402059a0                arm_exceptions_get_status
                0xffff800040205a34                arm_exceptions_set_status
                0xffff800040205b6c                arm_exceptions_enable
                0xffff800040205be0                arm_exceptions_disable
                0xffff800040205c54                arm_get_exception_level
 .text          0xffff800040205c6c     0x1ec0 bin/obj/arm/mmu/mmu_core.o
                0xffff800040206430                mmu_core_set_mapping
                0xffff800040206724                mmu_core_set_d_cache
                0xffff800040206818                mmu_core_set_i_cache
                0xffff800040206910                mmu_core_set_align_trap
                0xffff800040206a08                mmu_core_set_lo_enabled
                0xffff800040206b00                mmu_core_set_hi_enabled
                0xffff800040206bf8                mmu_core_set_lo_va_bits
                0xffff800040206d04                mmu_core_set_hi_va_bits
                0xffff800040206e10                mmu_core_set_lo_granularity
                0xffff800040206f64                mmu_core_set_hi_granularity
                0xffff8000402070bc                mmu_core_handle_new
                0xffff800040207464                mmu_delete_mapping
                0xffff8000402074b4                mmu_core_activate
                0xffff800040207a94                mmu_core_deactivate
 .text          0xffff800040207b2c     0x2510 bin/obj/arm/mmu/mmu.o
                0xffff800040209448                mmu_is_active
                0xffff800040209468                mmu_map
                0xffff800040209b00                mmu_unmap
 .text          0xffff80004020a03c        0x0 bin/obj/arm/tfa/smccc.o
 .text          0xffff80004020a03c       0x5c bin/obj/arm/cpu.o
                0xffff80004020a03c                ARM_get_cpu_affinity
 .text          0xffff80004020a098      0x838 bin/obj/drivers/arm_generic_timer/arm_generic_timer.o
                0xffff80004020a0e4                AGT_ns_to_cycles
                0xffff80004020a194                AGT_us_to_cycles
                0xffff80004020a238                AGT_cnt_cycles
                0xffff80004020a250                AGT_cnt_freq
                0xffff80004020a268                AGT_cnt_time_ns
                0xffff80004020a2d8                AGT_cnt_time_us
                0xffff80004020a3f4                AGT_timer_schedule_cycles
                0xffff80004020a4ec                AGT_timer_schedule_delta
                0xffff80004020a608                AGT_timer_is_armed
                0xffff80004020a668                AGT_timer_has_fired
                0xffff80004020a6fc                AGT_timer_cancel
                0xffff80004020a75c                AGT_handle_irq
                0xffff80004020a860                AGT_init_stage0
 .text          0xffff80004020a8d0     0x1290 bin/obj/drivers/interrupts/gicv3/gicv3.o
                0xffff80004020b400                GICV3_set_cpu_priority_threshold
                0xffff80004020b51c                GICV3_set_spi_group1ns
                0xffff80004020b598                GICV3_route_spi_to_cpu
                0xffff80004020b618                GICV3_route_spi_to_self
                0xffff80004020b648                GICV3_enable_spi
                0xffff80004020b69c                GICV3_set_priority
                0xffff80004020b718                GICV3_set_edge_triggered
                0xffff80004020b790                GICV3_set_level_sensitive
                0xffff80004020b808                GICV3_wake_redistributor
                0xffff80004020b8c0                GICV3_init_distributor
                0xffff80004020b910                GICV3_init_cpu
                0xffff80004020b93c                GICV3_init_irq
                0xffff80004020ba44                GICV3_get_intid_el1
                0xffff80004020ba60                GICV3_ack_intid_el1
                0xffff80004020ba80                GICV3_enable_ppi
 .text          0xffff80004020bb60     0x205c bin/obj/drivers/tmu/tmu.o
                0xffff80004020cd58                TMU_init_stage0
                0xffff80004020ceac                TMU_init_stage1
                0xffff80004020d23c                TMU_handle_irq
                0xffff80004020d2c8                TMU_set_warn_temp
                0xffff80004020d4c0                TMU_get_warnings_enabled
                0xffff80004020d5f0                TMU_enable_warnings
                0xffff80004020d660                TMU_disable_warnings
                0xffff80004020d6d0                TMU_warn_pending
                0xffff80004020d744                TMU_set_critical_temp
                0xffff80004020d93c                TMU_get_temp
 .text          0xffff80004020dbbc     0x2acc bin/obj/drivers/uart/uart.o
                0xffff80004020ec10                uart_reset
                0xffff80004020ed90                uart_read
                0xffff80004020ffc0                uart_handle_irq
                0xffff800040210064                uart_init_stage0
                0xffff8000402102e8                uart_init_stage1
                0xffff800040210320                uart_putc_sync
                0xffff800040210378                uart_putc
                0xffff800040210414                uart_early_init
                0xffff80004021064c                uart_putc_early
 .text          0xffff800040210688        0x0 bin/obj/kernel/devices/drivers.o
 .text          0xffff800040210688      0x744 bin/obj/kernel/exception/el0/sync/sync.o
                0xffff80004021078c                exception_handler_sync
 .text          0xffff800040210dcc      0x260 bin/obj/kernel/exception/el1/irq.o
                0xffff800040210fd4                exception_handler_irq
 .text          0xffff80004021102c       0x1c bin/obj/kernel/init/early_init.o
                0xffff80004021102c                kernel_early_init
 .text          0xffff800040211048      0x134 bin/obj/kernel/init/init.o
                0xffff800040211048                kernel_init
 .text          0xffff80004021117c      0x1c0 bin/obj/kernel/init/init_drivers.o
 .text          0xffff80004021133c      0x8c4 bin/obj/kernel/io/term/buffers.o
                0xffff8000402116bc                term_buffer_push
                0xffff8000402117f4                term_buffer_pop
                0xffff800040211a6c                term_buffer_peek
 .text          0xffff800040211c00      0x508 bin/obj/kernel/io/term/term.o
                0xffff800040211c48                term_new
                0xffff800040211cf0                term_delete
                0xffff800040211dbc                term_printc
                0xffff800040211e0c                term_prints
                0xffff800040211eb0                term_printf
                0xffff800040211f34                term_flush
 .text          0xffff800040212108      0x2f8 bin/obj/kernel/io/stdio.o
                0xffff800040212218                io_early_init
                0xffff800040212294                io_init
                0xffff80004021230c                io_flush
                0xffff800040212338                fkprintf
                0xffff8000402123cc                fkprint
 .text          0xffff800040212400       0xdc bin/obj/kernel/io/stdputc.o
 .text          0xffff8000402124dc      0x3f0 bin/obj/kernel/kernel_entry.o
                0xffff8000402124dc                kernel_entry
 .text          0xffff8000402128cc      0xb3c bin/obj/kernel/lib/kvec.o
                0xffff800040212fa4                kvec_push
                0xffff800040213040                kvec_pop
                0xffff800040213118                kvec_set
                0xffff8000402131e8                kvec_get_copy
                0xffff800040213394                kvec_get_mut
 .text          0xffff800040213408       0x64 bin/obj/kernel/lib/smp.o
                0xffff800040213408                wake_core
 .text          0xffff80004021346c      0x81c bin/obj/kernel/mm/elf.o
                0xffff80004021355c                elf_load
 .text          0xffff800040213c88      0xa08 bin/obj/kernel/mm/init/identity_mapping.o
                0xffff800040214124                early_identity_mapping
 .text          0xffff800040214690     0x196c bin/obj/kernel/mm/init/mem_regions/early_kalloc.o
                0xffff800040214efc                early_kalloc_init
                0xffff8000402159d0                early_kalloc
                0xffff800040215c84                early_kalloc_get_memregs
                0xffff800040215ef4                early_kalloc_debug
 .text          0xffff800040215ffc        0x0 bin/obj/kernel/mm/init/mem_regions/mem_regions.o
 .text          0xffff800040215ffc       0x74 bin/obj/kernel/mm/init/init.o
                0xffff800040215ffc                mm_early_init
                0xffff800040216054                mm_init
 .text          0xffff800040216070     0x18a4 bin/obj/kernel/mm/malloc/cache_malloc/cache_malloc.o
                0xffff800040216538                cache_malloc_init
                0xffff800040216bb0                cache_malloc
                0xffff8000402170e8                cache_free
                0xffff800040217774                cache_malloc_size_from_ptr
 .text          0xffff800040217914      0x9fc bin/obj/kernel/mm/malloc/internal/reserve_malloc.o
                0xffff800040217a40                reserve_malloc_init
                0xffff800040217cac                reserve_malloc
                0xffff80004021800c                reserve_malloc_fill
 .text          0xffff800040218310      0x384 bin/obj/kernel/mm/malloc/kmalloc/kmalloc.o
                0xffff8000402183c8                kmalloc
                0xffff8000402184c4                kfree
 .text          0xffff800040218694     0x11e0 bin/obj/kernel/mm/malloc/raw_kmalloc/raw_kmalloc.o
                0xffff8000402190ac                raw_kmalloc_init
                0xffff8000402190cc                __raw_kmalloc
                0xffff800040219420                raw_kfree
                0xffff800040219830                raw_kmalloc_lock
                0xffff800040219850                raw_kmalloc_unlock
 .text          0xffff800040219874     0x18d0 bin/obj/kernel/mm/malloc/umalloc.o
                0xffff80004021a218                umalloc
                0xffff80004021a8ec                umalloc_assign_pa
                0xffff80004021abf0                ufree
                0xffff80004021ade4                uregion_is_mapped
                0xffff80004021aec4                uregion_is_assigned
                0xffff80004021b044                tregion_find_free
 .text          0xffff80004021b144       0xd4 bin/obj/kernel/mm/mm.o
                0xffff80004021b180                mm_kernel_is_relocated
                0xffff80004021b1b0                mm_dbg_print_mmu
                0xffff80004021b1b8                mm_va_is_in_kmap_range
 .text          0xffff80004021b218      0x870 bin/obj/kernel/mm/mm_info.o
                0xffff80004021b3e4                mm_info_init
                0xffff80004021ba28                mm_info_ddr_size
                0xffff80004021ba38                mm_info_ddr_start
                0xffff80004021ba48                mm_info_ddr_end
                0xffff80004021ba58                mm_info_kernel_start
                0xffff80004021ba68                mm_info_page_count
                0xffff80004021ba78                mm_info_mm_addr_space
 .text          0xffff80004021ba88      0x57c bin/obj/kernel/mm/mm_mmu/mm_mmu.o
                0xffff80004021bd90                mm_mmu_mapping_new
                0xffff80004021be78                mm_mmu_early_init
                0xffff80004021bef8                mm_mmu_core_handler_get
                0xffff80004021bf30                mm_mmu_core_handler_get_self
 .text          0xffff80004021c004     0x21a4 bin/obj/kernel/mm/phys/page_allocator.o
                0xffff80004021d12c                page_malloc
                0xffff80004021d31c                page_free
                0xffff80004021d4d8                page_allocator_update_tag
                0xffff80004021d6b4                page_allocator_get_data
                0xffff80004021d758                page_allocator_set_data
                0xffff80004021da6c                page_allocator_init
                0xffff80004021ddbc                page_allocator_update_memregs
                0xffff80004021e020                page_allocator_debug
 .text          0xffff80004021e1a8      0x440 bin/obj/kernel/mm/reloc/reloc.o
                0xffff80004021e310                mm_reloc_kernel
                0xffff80004021e3a4                reloc_cfg_end
 .text          0xffff80004021e5e8      0xf84 bin/obj/kernel/mm/virt/containers/containers.o
                0xffff80004021ec64                vmalloc_init_containers
                0xffff80004021ed20                get_new_fva_node
                0xffff80004021edd4                get_new_rva_node
                0xffff80004021ee88                free_fva_node
                0xffff80004021f0d0                free_rva_node
                0xffff80004021f3bc                vmalloc_containers_debug_fva
                0xffff80004021f498                vmalloc_containers_debug_rva
 .text          0xffff80004021f56c     0x13d0 bin/obj/kernel/mm/virt/mdt/mdt.o
                0xffff80004021fd30                vmalloc_pa_mdt_init
                0xffff8000402203e4                vmalloc_pa_mdt_push
                0xffff80004022066c                vmalloc_pa_mdt_free
 .text          0xffff80004022093c     0x310c bin/obj/kernel/mm/virt/vmalloc.o
                0xffff800040221198                vmalloc_init
                0xffff80004022128c                vmalloc_update_memregs
                0xffff800040222620                vmalloc
                0xffff800040222908                vmalloc_get_free_bytes
                0xffff8000402229a0                vmalloc_get_reserved_bytes
                0xffff800040222a38                vmalloc_update_tag
                0xffff800040222b8c                vmalloc_get_addr_info
                0xffff800040222d78                vmalloc_get_token
                0xffff80004022308c                __vmalloc_token__vmalloc_get_mdt
                0xffff8000402230b8                __voidptr__vmalloc_get_mdt
                0xffff8000402230e0                vmalloc_push_pa
                0xffff800040223128                vmalloc_get_pa_count
                0xffff800040223158                vmalloc_get_pa_info
                0xffff800040223230                __vmalloc_token__vfree
                0xffff800040223298                __voidptr__vfree
                0xffff8000402232c8                vmalloc_debug_free
                0xffff8000402234ec                vmalloc_debug_reserved
                0xffff8000402237c4                vmalloc_debug_nodes
 .text          0xffff800040223a48      0xa48 bin/obj/kernel/panic/panic_exception/esr/data_abort.o
                0xffff8000402241ec                print_data_abort_info
 .text          0xffff800040224490      0xbf4 bin/obj/kernel/panic/panic_exception/esr/esr.o
                0xffff800040224a58                print_esr
 .text          0xffff800040225084      0x24c bin/obj/kernel/panic/panic_exception/panic_exception_handlers.o
                0xffff8000402251f4                handle_sync_panic
                0xffff800040225234                handle_irq_panic
                0xffff800040225268                handle_fiq_panic
                0xffff80004022529c                handle_serror_panic
 .text          0xffff8000402252d0      0x480 bin/obj/kernel/panic/panic.o
                0xffff800040225708                panic
                0xffff800040225724                panicr
 .text          0xffff800040225750     0x1660 bin/obj/kernel/scheduler/scheduler.o
                0xffff800040225e0c                scheduler_init
                0xffff800040225ef0                __get_current_thread_from_runqueue
                0xffff800040225f20                scheduler_loop_cpu_enter
                0xffff800040226054                scheduler_loop_cpu_exit
                0xffff800040226084                scheduler_ectx_store
                0xffff8000402261bc                scheduler_ectx_load
                0xffff80004022624c                schedule_thread
 .text          0xffff800040226db0      0xb94 bin/obj/kernel/scheduler/task.o
                0xffff8000402271fc                task_ctl_init
                0xffff80004022722c                task_new
                0xffff8000402275f4                task_add_thread_ref
                0xffff80004022763c                task_add_thread_refs
                0xffff8000402276c0                task_delete_thread_ref
 .text          0xffff800040227944      0x174 bin/obj/kernel/scheduler/thread.o
                0xffff800040227944                thread_assign_stack
 .text          0xffff800040227ab8      0x40c bin/obj/kernel/syscall/handlers/exit.o
                0xffff800040227d5c                syscall64_exit
 .text          0xffff800040227ec4      0x4ec bin/obj/kernel/syscall/handlers/print.o
                0xffff800040228274                syscall64_print
 .text          0xffff8000402283b0      0x378 bin/obj/kernel/syscall/handlers/spawn.o
                0xffff8000402285c8                syscall64_spawn
 .text          0xffff800040228728       0x28 bin/obj/kernel/syscall/handlers/yield.o
                0xffff800040228728                syscall64_yield
 .text          0xffff800040228750      0x1c8 bin/obj/kernel/syscall/syscall.o
                0xffff800040228878                sysc64_dispatch
 .text          0xffff800040228918        0x0 bin/obj/kernel/userspace_embedded_examples.o
 .text          0xffff800040228918      0x290 bin/obj/lib/lock/corelock.o
                0xffff800040228918                core_lock
                0xffff80004022894c                core_unlock
                0xffff800040228b4c                core_try_lock
 .text          0xffff800040228ba8        0x0 bin/obj/lib/lock/unlock_defer.o
 .text          0xffff800040228ba8      0x170 bin/obj/lib/mem/mem.o
                0xffff800040228ba8                pa_supported_bits
 .text          0xffff800040228d18      0x488 bin/obj/lib/mem/memcpy/memcpy.o
                0xffff800040228d18                memcpy64_aligned
                0xffff800040228ec0                memcpy64
                0xffff800040228f78                test_memcpy
 .text          0xffff8000402291a0      0x1b0 bin/obj/lib/string/string.o
                0xffff8000402291a0                strcopy
                0xffff800040229234                strcmp
 .text          0xffff800040229350      0xd28 bin/obj/lib/string/fmt.o
                0xffff800040229350                uint8_t_to_ascii_char
                0xffff8000402293f4                stdint_to_ascii
                0xffff800040229b7c                str_fmt_print
 .text          0xffff80004022a078        0x0 bin/obj/rslib.a(imx8mp_kernel-275282519f1f40ba.imx8mp_kernel.e6c41b14a5f8b77c-cgu.0.rcgu.o)
 .text._RNvCs1Y7DaGC1cwg_7___rustc17rust_begin_unwind
                0xffff80004022a078        0x4 bin/obj/rslib.a(imx8mp_kernel-275282519f1f40ba.imx8mp_kernel.e6c41b14a5f8b77c-cgu.0.rcgu.o)
                0xffff80004022a078                __rustc::rust_begin_unwind
 .text.pow2_ring_buffer_new
                0xffff80004022a07c       0x5c bin/obj/rslib.a(imx8mp_kernel-275282519f1f40ba.imx8mp_kernel.e6c41b14a5f8b77c-cgu.0.rcgu.o)
                0xffff80004022a07c                pow2_ring_buffer_new
 .text.pow2_ring_buffer_pop
                0xffff80004022a0d8       0x74 bin/obj/rslib.a(imx8mp_kernel-275282519f1f40ba.imx8mp_kernel.e6c41b14a5f8b77c-cgu.0.rcgu.o)
                0xffff80004022a0d8                pow2_ring_buffer_pop
 .text.pow2_ring_buffer_push
                0xffff80004022a14c       0xa0 bin/obj/rslib.a(imx8mp_kernel-275282519f1f40ba.imx8mp_kernel.e6c41b14a5f8b77c-cgu.0.rcgu.o)
                0xffff80004022a14c                pow2_ring_buffer_push
 .text.rust_kernel_initcalls_stage0
                0xffff80004022a1ec        0x4 bin/obj/rslib.a(imx8mp_kernel-275282519f1f40ba.imx8mp_kernel.e6c41b14a5f8b77c-cgu.0.rcgu.o)
                0xffff80004022a1ec                rust_kernel_initcalls_stage1
                0xffff80004022a1ec                rust_kernel_initcalls_stage2
                0xffff80004022a1ec                rust_kernel_initcalls_stage0
 .text.unlikely.rust_test_panic
                0xffff80004022a1f0       0x1c bin/obj/rslib.a(imx8mp_kernel-275282519f1f40ba.imx8mp_kernel.e6c41b14a5f8b77c-cgu.0.rcgu.o)
                0xffff80004022a1f0                rust_test_panic
 .text.uart_rx_len
                0xffff80004022a20c       0x18 bin/obj/rslib.a(imx8mp_kernel-275282519f1f40ba.imx8mp_kernel.e6c41b14a5f8b77c-cgu.0.rcgu.o)
                0xffff80004022a20c                uart_rx_len
 .text.uart_rxbuf_pop
                0xffff80004022a224       0x5c bin/obj/rslib.a(imx8mp_kernel-275282519f1f40ba.imx8mp_kernel.e6c41b14a5f8b77c-cgu.0.rcgu.o)
                0xffff80004022a224                uart_rxbuf_pop
 .text.uart_rxbuf_push
                0xffff80004022a280       0x70 bin/obj/rslib.a(imx8mp_kernel-275282519f1f40ba.imx8mp_kernel.e6c41b14a5f8b77c-cgu.0.rcgu.o)
                0xffff80004022a280                uart_rxbuf_push
 .text.uart_tx_len
                0xffff80004022a2f0       0x18 bin/obj/rslib.a(imx8mp_kernel-275282519f1f40ba.imx8mp_kernel.e6c41b14a5f8b77c-cgu.0.rcgu.o)
                0xffff80004022a2f0                uart_tx_len
 .text.uart_txbuf_pop
                0xffff80004022a308       0x70 bin/obj/rslib.a(imx8mp_kernel-275282519f1f40ba.imx8mp_kernel.e6c41b14a5f8b77c-cgu.0.rcgu.o)
                0xffff80004022a308                uart_txbuf_pop
 .text.uart_txbuf_push
                0xffff80004022a378       0x64 bin/obj/rslib.a(imx8mp_kernel-275282519f1f40ba.imx8mp_kernel.e6c41b14a5f8b77c-cgu.0.rcgu.o)
                0xffff80004022a378                uart_txbuf_push
 .text          0xffff80004022a3dc        0x0 bin/obj/rslib.a(core-ceec7c7f403acb7c.core.74ccf48e3defedc6-cgu.0.rcgu.o)
 .text._ZN101_$LT$core..char..CaseMappingIter$u20$as$u20$core..iter..traits..double_ended..DoubleEndedIterator$GT$15advance_back_by17hafba5f6517ed3571E
                0xffff80004022a3dc       0x28 bin/obj/rslib.a(core-ceec7c7f403acb7c.core.74ccf48e3defedc6-cgu.0.rcgu.o)
                0xffff80004022a3dc                <core::char::CaseMappingIter as core::iter::traits::double_ended::DoubleEndedIterator>::advance_back_by
 .text._ZN101_$LT$core..char..CaseMappingIter$u20$as$u20$core..iter..traits..double_ended..DoubleEndedIterator$GT$9next_back17h57bd20350d0ff34fE
                0xffff80004022a404       0x28 bin/obj/rslib.a(core-ceec7c7f403acb7c.core.74ccf48e3defedc6-cgu.0.rcgu.o)
                0xffff80004022a404                <core::char::CaseMappingIter as core::iter::traits::double_ended::DoubleEndedIterator>::next_back
 .text._ZN105_$LT$core..slice..ascii..EscapeAscii$u20$as$u20$core..iter..traits..double_ended..DoubleEndedIterator$GT$9next_back17h340d28a883b02761E
                0xffff80004022a42c      0x120 bin/obj/rslib.a(core-ceec7c7f403acb7c.core.74ccf48e3defedc6-cgu.0.rcgu.o)
                0xffff80004022a42c                <core::slice::ascii::EscapeAscii as core::iter::traits::double_ended::DoubleEndedIterator>::next_back
 .text._ZN105_$LT$dyn$u20$core..any..Any$u2b$core..marker..Send$u2b$core..marker..Sync$u20$as$u20$core..fmt..Debug$GT$3fmt17hf0adc3284c081a9fE
                0xffff80004022a54c       0x60 bin/obj/rslib.a(core-ceec7c7f403acb7c.core.74ccf48e3defedc6-cgu.0.rcgu.o)
                0xffff80004022a54c                <dyn core::any::Any+core::marker::Send as core::fmt::Debug>::fmt
                0xffff80004022a54c                <dyn core::any::Any+core::marker::Send+core::marker::Sync as core::fmt::Debug>::fmt
                0xffff80004022a54c                <dyn core::any::Any as core::fmt::Debug>::fmt
 .text._ZN110_$LT$$LT$core..wtf8..EncodeWide$u20$as$u20$core..fmt..Debug$GT$..fmt..CodeUnit$u20$as$u20$core..fmt..Debug$GT$3fmt17h949062b478f3b973E
                0xffff80004022a5ac       0x90 bin/obj/rslib.a(core-ceec7c7f403acb7c.core.74ccf48e3defedc6-cgu.0.rcgu.o)
                0xffff80004022a5ac                <<core::wtf8::EncodeWide as core::fmt::Debug>::fmt::CodeUnit as core::fmt::Debug>::fmt
 .text._ZN116_$LT$core..net..ip_addr..Ipv4Addr$u20$as$u20$core..ops..bit..BitOrAssign$LT$$RF$core..net..ip_addr..Ipv4Addr$GT$$GT$12bitor_assign17h87a5d48c62b647fdE
                0xffff80004022a63c       0x80 bin/obj/rslib.a(core-ceec7c7f403acb7c.core.74ccf48e3defedc6-cgu.0.rcgu.o)
                0xffff80004022a63c                <core::net::ip_addr::Ipv4Addr as core::ops::bit::BitOrAssign<&core::net::ip_addr::Ipv4Addr>>::bitor_assign
 .text._ZN116_$LT$core..net..ip_addr..Ipv6Addr$u20$as$u20$core..ops..bit..BitOrAssign$LT$$RF$core..net..ip_addr..Ipv6Addr$GT$$GT$12bitor_assign17h5b8800459869059dE
                0xffff80004022a6bc      0x1d0 bin/obj/rslib.a(core-ceec7c7f403acb7c.core.74ccf48e3defedc6-cgu.0.rcgu.o)
                0xffff80004022a6bc                <core::net::ip_addr::Ipv6Addr as core::ops::bit::BitOrAssign<&core::net::ip_addr::Ipv6Addr>>::bitor_assign
 .text._ZN117_$LT$core..net..ip_addr..Ipv4Addr$u20$as$u20$core..ops..bit..BitAndAssign$LT$$RF$core..net..ip_addr..Ipv4Addr$GT$$GT$13bitand_assign17h113e4f32c999e432E
                0xffff80004022a88c       0x80 bin/obj/rslib.a(core-ceec7c7f403acb7c.core.74ccf48e3defedc6-cgu.0.rcgu.o)
                0xffff80004022a88c                <core::net::ip_addr::Ipv4Addr as core::ops::bit::BitAndAssign<&core::net::ip_addr::Ipv4Addr>>::bitand_assign
 .text._ZN117_$LT$core..net..ip_addr..Ipv6Addr$u20$as$u20$core..ops..bit..BitAndAssign$LT$$RF$core..net..ip_addr..Ipv6Addr$GT$$GT$13bitand_assign17h97410e60e60bf528E
                0xffff80004022a90c      0x1d0 bin/obj/rslib.a(core-ceec7c7f403acb7c.core.74ccf48e3defedc6-cgu.0.rcgu.o)
                0xffff80004022a90c                <core::net::ip_addr::Ipv6Addr as core::ops::bit::BitAndAssign<&core::net::ip_addr::Ipv6Addr>>::bitand_assign
 .text._ZN40_$LT$str$u20$as$u20$core..fmt..Debug$GT$3fmt17hc98fdc41c8ee3977E
                0xffff80004022aadc      0x384 bin/obj/rslib.a(core-ceec7c7f403acb7c.core.74ccf48e3defedc6-cgu.0.rcgu.o)
                0xffff80004022aadc                <str as core::fmt::Debug>::fmt
 .text._ZN41_$LT$char$u20$as$u20$core..fmt..Debug$GT$3fmt17hc84fba0d86c65f56E
                0xffff80004022ae60       0xe4 bin/obj/rslib.a(core-ceec7c7f403acb7c.core.74ccf48e3defedc6-cgu.0.rcgu.o)
                0xffff80004022ae60                <char as core::fmt::Debug>::fmt
 .text._ZN42_$LT$$RF$T$u20$as$u20$core..fmt..Debug$GT$3fmt17h386948d12404b65cE
                0xffff80004022af44       0x14 bin/obj/rslib.a(core-ceec7c7f403acb7c.core.74ccf48e3defedc6-cgu.0.rcgu.o)
 .text._ZN42_$LT$$RF$T$u20$as$u20$core..fmt..Debug$GT$3fmt17h7d9497f03c63b3a6E
                0xffff80004022af58        0xc bin/obj/rslib.a(core-ceec7c7f403acb7c.core.74ccf48e3defedc6-cgu.0.rcgu.o)
 .text._ZN42_$LT$$RF$T$u20$as$u20$core..fmt..Debug$GT$3fmt17h89a58ddcd5f7eaf3E
                0xffff80004022af64      0x164 bin/obj/rslib.a(core-ceec7c7f403acb7c.core.74ccf48e3defedc6-cgu.0.rcgu.o)
 .text._ZN42_$LT$$RF$T$u20$as$u20$core..fmt..Debug$GT$3fmt17hb9dd7ee6777971fcE
                0xffff80004022b0c8        0x8 bin/obj/rslib.a(core-ceec7c7f403acb7c.core.74ccf48e3defedc6-cgu.0.rcgu.o)
 .text._ZN42_$LT$$RF$T$u20$as$u20$core..fmt..Debug$GT$3fmt17hc3cf51221ae90ac1E
                0xffff80004022b0d0        0x8 bin/obj/rslib.a(core-ceec7c7f403acb7c.core.74ccf48e3defedc6-cgu.0.rcgu.o)
 .text._ZN42_$LT$$RF$T$u20$as$u20$core..fmt..Debug$GT$3fmt17hc55f73f4589ac5b6E
                0xffff80004022b0d8       0x14 bin/obj/rslib.a(core-ceec7c7f403acb7c.core.74ccf48e3defedc6-cgu.0.rcgu.o)
 .text._ZN42_$LT$$RF$T$u20$as$u20$core..fmt..Debug$GT$3fmt17hdaec43ed5f309947E
                0xffff80004022b0ec        0xc bin/obj/rslib.a(core-ceec7c7f403acb7c.core.74ccf48e3defedc6-cgu.0.rcgu.o)
 .text._ZN42_$LT$$RF$T$u20$as$u20$core..fmt..Debug$GT$3fmt17heea8919437b67580E
                0xffff80004022b0f8        0x8 bin/obj/rslib.a(core-ceec7c7f403acb7c.core.74ccf48e3defedc6-cgu.0.rcgu.o)
 .text._ZN42_$LT$str$u20$as$u20$core..fmt..Display$GT$3fmt17hb69d67a4c6f3d4d1E
                0xffff80004022b100       0x14 bin/obj/rslib.a(core-ceec7c7f403acb7c.core.74ccf48e3defedc6-cgu.0.rcgu.o)
                0xffff80004022b100                <str as core::fmt::Display>::fmt
 .text._ZN43_$LT$bool$u20$as$u20$core..fmt..Display$GT$3fmt17hfc720218920c0d5eE
                0xffff80004022b114       0x2c bin/obj/rslib.a(core-ceec7c7f403acb7c.core.74ccf48e3defedc6-cgu.0.rcgu.o)
                0xffff80004022b114                <bool as core::fmt::Display>::fmt
 .text._ZN43_$LT$char$u20$as$u20$core..fmt..Display$GT$3fmt17h655aa855892bd1dcE
                0xffff80004022b140       0xf8 bin/obj/rslib.a(core-ceec7c7f403acb7c.core.74ccf48e3defedc6-cgu.0.rcgu.o)
                0xffff80004022b140                <char as core::fmt::Display>::fmt
 .text._ZN44_$LT$$RF$T$u20$as$u20$core..fmt..Display$GT$3fmt17h097300e123816cc8E
                0xffff80004022b238       0x10 bin/obj/rslib.a(core-ceec7c7f403acb7c.core.74ccf48e3defedc6-cgu.0.rcgu.o)
 .text._ZN44_$LT$$RF$T$u20$as$u20$core..fmt..Display$GT$3fmt17h0e83aa687caddcbbE
                0xffff80004022b248        0x8 bin/obj/rslib.a(core-ceec7c7f403acb7c.core.74ccf48e3defedc6-cgu.0.rcgu.o)
 .text._ZN44_$LT$$RF$T$u20$as$u20$core..fmt..Display$GT$3fmt17h361686e82c660464E
                0xffff80004022b250       0x64 bin/obj/rslib.a(core-ceec7c7f403acb7c.core.74ccf48e3defedc6-cgu.0.rcgu.o)
 .text._ZN44_$LT$$RF$T$u20$as$u20$core..fmt..Display$GT$3fmt17hcd69539b6793f012E
                0xffff80004022b2b4        0x8 bin/obj/rslib.a(core-ceec7c7f403acb7c.core.74ccf48e3defedc6-cgu.0.rcgu.o)
 .text._ZN45_$LT$$RF$T$u20$as$u20$core..fmt..LowerHex$GT$3fmt17h74cce6109b37c354E
                0xffff80004022b2bc       0x7c bin/obj/rslib.a(core-ceec7c7f403acb7c.core.74ccf48e3defedc6-cgu.0.rcgu.o)
 .text._ZN46_$LT$i8$u20$as$u20$core..pat..RangePattern$GT$7sub_one17hf9f5da8b00ba62d5E
                0xffff80004022b338       0x34 bin/obj/rslib.a(core-ceec7c7f403acb7c.core.74ccf48e3defedc6-cgu.0.rcgu.o)
                0xffff80004022b338                <i8 as core::pat::RangePattern>::sub_one
 .text._ZN46_$LT$u8$u20$as$u20$core..pat..RangePattern$GT$7sub_one17h4afc555baf19e341E
                0xffff80004022b36c       0x2c bin/obj/rslib.a(core-ceec7c7f403acb7c.core.74ccf48e3defedc6-cgu.0.rcgu.o)
                0xffff80004022b36c                <u8 as core::pat::RangePattern>::sub_one
 .text._ZN47_$LT$i16$u20$as$u20$core..pat..RangePattern$GT$7sub_one17h8ce147cd84cef9b6E
                0xffff80004022b398       0x34 bin/obj/rslib.a(core-ceec7c7f403acb7c.core.74ccf48e3defedc6-cgu.0.rcgu.o)
                0xffff80004022b398                <i16 as core::pat::RangePattern>::sub_one
 .text._ZN47_$LT$i32$u20$as$u20$core..pat..RangePattern$GT$7sub_one17h77ea6e83aad212d3E
                0xffff80004022b3cc       0x28 bin/obj/rslib.a(core-ceec7c7f403acb7c.core.74ccf48e3defedc6-cgu.0.rcgu.o)
                0xffff80004022b3cc                <i32 as core::pat::RangePattern>::sub_one
 .text._ZN47_$LT$i64$u20$as$u20$core..pat..RangePattern$GT$7sub_one17hfdd153540612da94E
                0xffff80004022b3f4       0x28 bin/obj/rslib.a(core-ceec7c7f403acb7c.core.74ccf48e3defedc6-cgu.0.rcgu.o)
                0xffff80004022b3f4                <isize as core::pat::RangePattern>::sub_one
                0xffff80004022b3f4                <i64 as core::pat::RangePattern>::sub_one
 .text._ZN47_$LT$u16$u20$as$u20$core..pat..RangePattern$GT$7sub_one17hf21836e29a070f4dE
                0xffff80004022b41c       0x2c bin/obj/rslib.a(core-ceec7c7f403acb7c.core.74ccf48e3defedc6-cgu.0.rcgu.o)
                0xffff80004022b41c                <u16 as core::pat::RangePattern>::sub_one
 .text._ZN47_$LT$u32$u20$as$u20$core..pat..RangePattern$GT$7sub_one17hd3c7f88268747134E
                0xffff80004022b448       0x28 bin/obj/rslib.a(core-ceec7c7f403acb7c.core.74ccf48e3defedc6-cgu.0.rcgu.o)
                0xffff80004022b448                <u32 as core::pat::RangePattern>::sub_one
 .text._ZN47_$LT$u64$u20$as$u20$core..pat..RangePattern$GT$7sub_one17hf0bd3f64e3ecc1fdE
                0xffff80004022b470       0x28 bin/obj/rslib.a(core-ceec7c7f403acb7c.core.74ccf48e3defedc6-cgu.0.rcgu.o)
                0xffff80004022b470                <usize as core::pat::RangePattern>::sub_one
                0xffff80004022b470                <u64 as core::pat::RangePattern>::sub_one
 .text._ZN48_$LT$char$u20$as$u20$core..pat..RangePattern$GT$7sub_one17h7771c8f3041ee384E
                0xffff80004022b498       0x40 bin/obj/rslib.a(core-ceec7c7f403acb7c.core.74ccf48e3defedc6-cgu.0.rcgu.o)
                0xffff80004022b498                <char as core::pat::RangePattern>::sub_one
 .text._ZN48_$LT$i128$u20$as$u20$core..pat..RangePattern$GT$7sub_one17h03e24b9f1cdb78e6E
                0xffff80004022b4d8       0x30 bin/obj/rslib.a(core-ceec7c7f403acb7c.core.74ccf48e3defedc6-cgu.0.rcgu.o)
                0xffff80004022b4d8                <i128 as core::pat::RangePattern>::sub_one
 .text._ZN48_$LT$u128$u20$as$u20$core..pat..RangePattern$GT$7sub_one17hdace51fb82e30798E
                0xffff80004022b508       0x30 bin/obj/rslib.a(core-ceec7c7f403acb7c.core.74ccf48e3defedc6-cgu.0.rcgu.o)
                0xffff80004022b508                <u128 as core::pat::RangePattern>::sub_one
 .text._ZN4core3ffi5c_str4CStr19from_bytes_with_nul17haaa33aa501cb0468E
                0xffff80004022b538       0xf0 bin/obj/rslib.a(core-ceec7c7f403acb7c.core.74ccf48e3defedc6-cgu.0.rcgu.o)
                0xffff80004022b538                core::ffi::c_str::CStr::from_bytes_with_nul
 .text._ZN4core3ffi5c_str4CStr20from_bytes_until_nul17hc94faa567ae53a26E
                0xffff80004022b628       0xdc bin/obj/rslib.a(core-ceec7c7f403acb7c.core.74ccf48e3defedc6-cgu.0.rcgu.o)
                0xffff80004022b628                core::ffi::c_str::CStr::from_bytes_until_nul
 .text._ZN4core3ffi5c_str4CStr6to_str17h62abbafe39116e45E
                0xffff80004022b704        0x8 bin/obj/rslib.a(core-ceec7c7f403acb7c.core.74ccf48e3defedc6-cgu.0.rcgu.o)
                0xffff80004022b704                core::ffi::c_str::CStr::to_str
 .text._ZN4core3fmt17FormattingOptions8get_fill17hefbdfc97c7406bccE
                0xffff80004022b70c        0xc bin/obj/rslib.a(core-ceec7c7f403acb7c.core.74ccf48e3defedc6-cgu.0.rcgu.o)
                0xffff80004022b70c                core::fmt::FormattingOptions::get_fill
 .text._ZN4core3fmt17pointer_fmt_inner17h455658d05be735b4E
                0xffff80004022b718       0xb8 bin/obj/rslib.a(core-ceec7c7f403acb7c.core.74ccf48e3defedc6-cgu.0.rcgu.o)
                0xffff80004022b718                core::fmt::pointer_fmt_inner
 .text._ZN4core3fmt3num22_$LT$impl$u20$i128$GT$11format_into17h12845f57398f6ce6E
                0xffff80004022b7d0       0x74 bin/obj/rslib.a(core-ceec7c7f403acb7c.core.74ccf48e3defedc6-cgu.0.rcgu.o)
                0xffff80004022b7d0                core::fmt::num::<impl i128>::format_into
 .text._ZN4core3fmt3num22_$LT$impl$u20$u128$GT$10_fmt_inner17h1906b9656998033dE
                0xffff80004022b844      0x64c bin/obj/rslib.a(core-ceec7c7f403acb7c.core.74ccf48e3defedc6-cgu.0.rcgu.o)
 .text._ZN4core3fmt3num22_$LT$impl$u20$u128$GT$11format_into17h9b3dd3d4888ae3d2E
                0xffff80004022be90       0x34 bin/obj/rslib.a(core-ceec7c7f403acb7c.core.74ccf48e3defedc6-cgu.0.rcgu.o)
                0xffff80004022be90                core::fmt::num::<impl u128>::format_into
 .text._ZN4core3fmt3num22_$LT$impl$u20$u128$GT$4_fmt17h46cf10538102ebdcE
                0xffff80004022bec4       0x2c bin/obj/rslib.a(core-ceec7c7f403acb7c.core.74ccf48e3defedc6-cgu.0.rcgu.o)
                0xffff80004022bec4                core::fmt::num::<impl u128>::_fmt
 .text._ZN4core3fmt3num3imp20_$LT$impl$u20$i8$GT$11format_into17h2e58e944aef7fb3eE
                0xffff80004022bef0      0x134 bin/obj/rslib.a(core-ceec7c7f403acb7c.core.74ccf48e3defedc6-cgu.0.rcgu.o)
                0xffff80004022bef0                core::fmt::num::imp::<impl i8>::format_into
 .text._ZN4core3fmt3num3imp20_$LT$impl$u20$u8$GT$11format_into17h660e7cab30285c1eE
                0xffff80004022c024       0xa0 bin/obj/rslib.a(core-ceec7c7f403acb7c.core.74ccf48e3defedc6-cgu.0.rcgu.o)
                0xffff80004022c024                core::fmt::num::imp::<impl u8>::format_into
 .text._ZN4core3fmt3num3imp20_$LT$impl$u20$u8$GT$4_fmt17h0e23141c1063445fE
                0xffff80004022c0c4       0x90 bin/obj/rslib.a(core-ceec7c7f403acb7c.core.74ccf48e3defedc6-cgu.0.rcgu.o)
                0xffff80004022c0c4                core::fmt::num::imp::<impl u8>::_fmt
 .text._ZN4core3fmt3num3imp21_$LT$impl$u20$i16$GT$11format_into17h6e817e9eabea1107E
                0xffff80004022c154      0x200 bin/obj/rslib.a(core-ceec7c7f403acb7c.core.74ccf48e3defedc6-cgu.0.rcgu.o)
                0xffff80004022c154                core::fmt::num::imp::<impl i16>::format_into
 .text._ZN4core3fmt3num3imp21_$LT$impl$u20$i32$GT$11format_into17h511151d4a534684dE
                0xffff80004022c354       0x84 bin/obj/rslib.a(core-ceec7c7f403acb7c.core.74ccf48e3defedc6-cgu.0.rcgu.o)
                0xffff80004022c354                core::fmt::num::imp::<impl i32>::format_into
 .text._ZN4core3fmt3num3imp21_$LT$impl$u20$i64$GT$11format_into17h8b5fa328f0ac73b7E
                0xffff80004022c3d8       0x84 bin/obj/rslib.a(core-ceec7c7f403acb7c.core.74ccf48e3defedc6-cgu.0.rcgu.o)
                0xffff80004022c3d8                core::fmt::num::imp::<impl i64>::format_into
                0xffff80004022c3d8                core::fmt::num::imp::<impl isize>::format_into
 .text._ZN4core3fmt3num3imp21_$LT$impl$u20$u16$GT$11format_into17hf185259fcbe09a84E
                0xffff80004022c45c      0x104 bin/obj/rslib.a(core-ceec7c7f403acb7c.core.74ccf48e3defedc6-cgu.0.rcgu.o)
                0xffff80004022c45c                core::fmt::num::imp::<impl u16>::format_into
 .text._ZN4core3fmt3num3imp21_$LT$impl$u20$u16$GT$4_fmt17h1e177ed40202c175E
                0xffff80004022c560       0xfc bin/obj/rslib.a(core-ceec7c7f403acb7c.core.74ccf48e3defedc6-cgu.0.rcgu.o)
                0xffff80004022c560                core::fmt::num::imp::<impl u16>::_fmt
 .text._ZN4core3fmt3num3imp21_$LT$impl$u20$u32$GT$10_fmt_inner17h32293f8b061dea48E
                0xffff80004022c65c      0x1f4 bin/obj/rslib.a(core-ceec7c7f403acb7c.core.74ccf48e3defedc6-cgu.0.rcgu.o)
 .text._ZN4core3fmt3num3imp21_$LT$impl$u20$u32$GT$11format_into17h69b84e2f257a1f01E
                0xffff80004022c850       0x30 bin/obj/rslib.a(core-ceec7c7f403acb7c.core.74ccf48e3defedc6-cgu.0.rcgu.o)
                0xffff80004022c850                core::fmt::num::imp::<impl u32>::format_into
 .text._ZN4core3fmt3num3imp21_$LT$impl$u20$u32$GT$4_fmt17hd8bc46bedf2ed5caE
                0xffff80004022c880       0x2c bin/obj/rslib.a(core-ceec7c7f403acb7c.core.74ccf48e3defedc6-cgu.0.rcgu.o)
                0xffff80004022c880                core::fmt::num::imp::<impl u32>::_fmt
 .text._ZN4core3fmt3num3imp21_$LT$impl$u20$u64$GT$10_fmt_inner17h160aed75b3a7f0e2E
                0xffff80004022c8ac      0x1f8 bin/obj/rslib.a(core-ceec7c7f403acb7c.core.74ccf48e3defedc6-cgu.0.rcgu.o)
 .text._ZN4core3fmt3num3imp21_$LT$impl$u20$u64$GT$11format_into17h5ec05f8550d6f90bE
                0xffff80004022caa4       0x30 bin/obj/rslib.a(core-ceec7c7f403acb7c.core.74ccf48e3defedc6-cgu.0.rcgu.o)
                0xffff80004022caa4                core::fmt::num::imp::<impl u64>::format_into
                0xffff80004022caa4                core::fmt::num::imp::<impl usize>::format_into
 .text._ZN4core3fmt3num3imp21_$LT$impl$u20$u64$GT$4_fmt17h8e7cbf501b882eb5E
                0xffff80004022cad4       0x2c bin/obj/rslib.a(core-ceec7c7f403acb7c.core.74ccf48e3defedc6-cgu.0.rcgu.o)
                0xffff80004022cad4                core::fmt::num::imp::<impl usize>::_fmt
                0xffff80004022cad4                core::fmt::num::imp::<impl u64>::_fmt
 .text._ZN4core3fmt3num3imp51_$LT$impl$u20$core..fmt..Display$u20$for$u20$i8$GT$3fmt17h345e184bbefd510fE
                0xffff80004022cb00       0xcc bin/obj/rslib.a(core-ceec7c7f403acb7c.core.74ccf48e3defedc6-cgu.0.rcgu.o)
                0xffff80004022cb00                core::fmt::num::imp::<impl core::fmt::Display for i8>::fmt
 .text._ZN4core3fmt3num3imp51_$LT$impl$u20$core..fmt..Display$u20$for$u20$u8$GT$3fmt17h612d5822ae5469e7E
                0xffff80004022cbcc       0xac bin/obj/rslib.a(core-ceec7c7f403acb7c.core.74ccf48e3defedc6-cgu.0.rcgu.o)
                0xffff80004022cbcc                core::fmt::num::imp::<impl core::fmt::Display for u8>::fmt
 .text._ZN4core3fmt3num3imp52_$LT$impl$u20$core..fmt..Display$u20$for$u20$i16$GT$3fmt17h6ce801a12bcc2db1E
                0xffff80004022cc78      0x124 bin/obj/rslib.a(core-ceec7c7f403acb7c.core.74ccf48e3defedc6-cgu.0.rcgu.o)
                0xffff80004022cc78                core::fmt::num::imp::<impl core::fmt::Display for i16>::fmt
 .text._ZN4core3fmt3num3imp52_$LT$impl$u20$core..fmt..Display$u20$for$u20$i32$GT$3fmt17h54e0569a8f948ea9E
                0xffff80004022cd9c       0x6c bin/obj/rslib.a(core-ceec7c7f403acb7c.core.74ccf48e3defedc6-cgu.0.rcgu.o)
                0xffff80004022cd9c                core::fmt::num::imp::<impl core::fmt::Display for i32>::fmt
 .text._ZN4core3fmt3num3imp52_$LT$impl$u20$core..fmt..Display$u20$for$u20$i64$GT$3fmt17h3457218ea7163516E
                0xffff80004022ce08       0x6c bin/obj/rslib.a(core-ceec7c7f403acb7c.core.74ccf48e3defedc6-cgu.0.rcgu.o)
                0xffff80004022ce08                core::fmt::num::imp::<impl core::fmt::Display for i64>::fmt
                0xffff80004022ce08                core::fmt::num::imp::<impl core::fmt::Display for isize>::fmt
 .text._ZN4core3fmt3num3imp52_$LT$impl$u20$core..fmt..Display$u20$for$u20$u16$GT$3fmt17hd0bbb3e7364c056dE
                0xffff80004022ce74      0x110 bin/obj/rslib.a(core-ceec7c7f403acb7c.core.74ccf48e3defedc6-cgu.0.rcgu.o)
                0xffff80004022ce74                core::fmt::num::imp::<impl core::fmt::Display for u16>::fmt
 .text._ZN4core3fmt3num3imp52_$LT$impl$u20$core..fmt..Display$u20$for$u20$u32$GT$3fmt17haa8f8988b8f1c14bE
                0xffff80004022cf84       0x60 bin/obj/rslib.a(core-ceec7c7f403acb7c.core.74ccf48e3defedc6-cgu.0.rcgu.o)
                0xffff80004022cf84                core::fmt::num::imp::<impl core::fmt::Display for u32>::fmt
 .text._ZN4core3fmt3num3imp52_$LT$impl$u20$core..fmt..Display$u20$for$u20$u64$GT$3fmt17habbc1d4a68f4ded1E
                0xffff80004022cfe4       0x60 bin/obj/rslib.a(core-ceec7c7f403acb7c.core.74ccf48e3defedc6-cgu.0.rcgu.o)
                0xffff80004022cfe4                core::fmt::num::imp::<impl core::fmt::Display for usize>::fmt
                0xffff80004022cfe4                core::fmt::num::imp::<impl core::fmt::Display for u64>::fmt
 .text._ZN4core3fmt3num3imp52_$LT$impl$u20$core..fmt..LowerExp$u20$for$u20$i8$GT$3fmt17h3c8ad9cc6fcc17b8E
                0xffff80004022d044       0x24 bin/obj/rslib.a(core-ceec7c7f403acb7c.core.74ccf48e3defedc6-cgu.0.rcgu.o)
                0xffff80004022d044                core::fmt::num::imp::<impl core::fmt::LowerExp for i8>::fmt
 .text._ZN4core3fmt3num3imp52_$LT$impl$u20$core..fmt..LowerExp$u20$for$u20$u8$GT$3fmt17he1fbcfeb5d2dab04E
                0xffff80004022d068       0x18 bin/obj/rslib.a(core-ceec7c7f403acb7c.core.74ccf48e3defedc6-cgu.0.rcgu.o)
                0xffff80004022d068                core::fmt::num::imp::<impl core::fmt::LowerExp for u8>::fmt
 .text._ZN4core3fmt3num3imp52_$LT$impl$u20$core..fmt..UpperExp$u20$for$u20$i8$GT$3fmt17h248206b493c36102E
                0xffff80004022d080       0x24 bin/obj/rslib.a(core-ceec7c7f403acb7c.core.74ccf48e3defedc6-cgu.0.rcgu.o)
                0xffff80004022d080                core::fmt::num::imp::<impl core::fmt::UpperExp for i8>::fmt
 .text._ZN4core3fmt3num3imp52_$LT$impl$u20$core..fmt..UpperExp$u20$for$u20$u8$GT$3fmt17h8cfa9608bd8c5a44E
                0xffff80004022d0a4       0x18 bin/obj/rslib.a(core-ceec7c7f403acb7c.core.74ccf48e3defedc6-cgu.0.rcgu.o)
                0xffff80004022d0a4                core::fmt::num::imp::<impl core::fmt::UpperExp for u8>::fmt
 .text._ZN4core3fmt3num3imp53_$LT$impl$u20$core..fmt..LowerExp$u20$for$u20$i16$GT$3fmt17hdcacd0f0fbafb52eE
                0xffff80004022d0bc       0x24 bin/obj/rslib.a(core-ceec7c7f403acb7c.core.74ccf48e3defedc6-cgu.0.rcgu.o)
                0xffff80004022d0bc                core::fmt::num::imp::<impl core::fmt::LowerExp for i16>::fmt
 .text._ZN4core3fmt3num3imp53_$LT$impl$u20$core..fmt..LowerExp$u20$for$u20$i32$GT$3fmt17h058c8d95982141e4E
                0xffff80004022d0e0       0x24 bin/obj/rslib.a(core-ceec7c7f403acb7c.core.74ccf48e3defedc6-cgu.0.rcgu.o)
                0xffff80004022d0e0                core::fmt::num::imp::<impl core::fmt::LowerExp for i32>::fmt
 .text._ZN4core3fmt3num3imp53_$LT$impl$u20$core..fmt..LowerExp$u20$for$u20$i64$GT$3fmt17ha684bffbe4fb9ef9E
                0xffff80004022d104       0x24 bin/obj/rslib.a(core-ceec7c7f403acb7c.core.74ccf48e3defedc6-cgu.0.rcgu.o)
                0xffff80004022d104                core::fmt::num::imp::<impl core::fmt::LowerExp for isize>::fmt
                0xffff80004022d104                core::fmt::num::imp::<impl core::fmt::LowerExp for i64>::fmt
 .text._ZN4core3fmt3num3imp53_$LT$impl$u20$core..fmt..LowerExp$u20$for$u20$u16$GT$3fmt17hc9e22388ed3d20d7E
                0xffff80004022d128       0x18 bin/obj/rslib.a(core-ceec7c7f403acb7c.core.74ccf48e3defedc6-cgu.0.rcgu.o)
                0xffff80004022d128                core::fmt::num::imp::<impl core::fmt::LowerExp for u16>::fmt
 .text._ZN4core3fmt3num3imp53_$LT$impl$u20$core..fmt..LowerExp$u20$for$u20$u32$GT$3fmt17h4416e60f0197c6e7E
                0xffff80004022d140       0x18 bin/obj/rslib.a(core-ceec7c7f403acb7c.core.74ccf48e3defedc6-cgu.0.rcgu.o)
                0xffff80004022d140                core::fmt::num::imp::<impl core::fmt::LowerExp for u32>::fmt
 .text._ZN4core3fmt3num3imp53_$LT$impl$u20$core..fmt..LowerExp$u20$for$u20$u64$GT$3fmt17hbd085fe38b4e4313E
                0xffff80004022d158       0x18 bin/obj/rslib.a(core-ceec7c7f403acb7c.core.74ccf48e3defedc6-cgu.0.rcgu.o)
                0xffff80004022d158                core::fmt::num::imp::<impl core::fmt::LowerExp for u64>::fmt
                0xffff80004022d158                core::fmt::num::imp::<impl core::fmt::LowerExp for usize>::fmt
 .text._ZN4core3fmt3num3imp53_$LT$impl$u20$core..fmt..UpperExp$u20$for$u20$i16$GT$3fmt17h294c1e46571fb5d0E
                0xffff80004022d170       0x24 bin/obj/rslib.a(core-ceec7c7f403acb7c.core.74ccf48e3defedc6-cgu.0.rcgu.o)
                0xffff80004022d170                core::fmt::num::imp::<impl core::fmt::UpperExp for i16>::fmt
 .text._ZN4core3fmt3num3imp53_$LT$impl$u20$core..fmt..UpperExp$u20$for$u20$i32$GT$3fmt17h87214ed0da5eed25E
                0xffff80004022d194       0x24 bin/obj/rslib.a(core-ceec7c7f403acb7c.core.74ccf48e3defedc6-cgu.0.rcgu.o)
                0xffff80004022d194                core::fmt::num::imp::<impl core::fmt::UpperExp for i32>::fmt
 .text._ZN4core3fmt3num3imp53_$LT$impl$u20$core..fmt..UpperExp$u20$for$u20$i64$GT$3fmt17h8ae35d24b6caff09E
                0xffff80004022d1b8       0x24 bin/obj/rslib.a(core-ceec7c7f403acb7c.core.74ccf48e3defedc6-cgu.0.rcgu.o)
                0xffff80004022d1b8                core::fmt::num::imp::<impl core::fmt::UpperExp for isize>::fmt
                0xffff80004022d1b8                core::fmt::num::imp::<impl core::fmt::UpperExp for i64>::fmt
 .text._ZN4core3fmt3num3imp53_$LT$impl$u20$core..fmt..UpperExp$u20$for$u20$u16$GT$3fmt17h928515f0ce3e8f0aE
                0xffff80004022d1dc       0x18 bin/obj/rslib.a(core-ceec7c7f403acb7c.core.74ccf48e3defedc6-cgu.0.rcgu.o)
                0xffff80004022d1dc                core::fmt::num::imp::<impl core::fmt::UpperExp for u16>::fmt
 .text._ZN4core3fmt3num3imp53_$LT$impl$u20$core..fmt..UpperExp$u20$for$u20$u32$GT$3fmt17h60d0f17eb60d9cc1E
                0xffff80004022d1f4       0x18 bin/obj/rslib.a(core-ceec7c7f403acb7c.core.74ccf48e3defedc6-cgu.0.rcgu.o)
                0xffff80004022d1f4                core::fmt::num::imp::<impl core::fmt::UpperExp for u32>::fmt
 .text._ZN4core3fmt3num3imp53_$LT$impl$u20$core..fmt..UpperExp$u20$for$u20$u64$GT$3fmt17hf8cf5000210ee84eE
                0xffff80004022d20c       0x18 bin/obj/rslib.a(core-ceec7c7f403acb7c.core.74ccf48e3defedc6-cgu.0.rcgu.o)
                0xffff80004022d20c                core::fmt::num::imp::<impl core::fmt::UpperExp for u64>::fmt
                0xffff80004022d20c                core::fmt::num::imp::<impl core::fmt::UpperExp for usize>::fmt
 .text._ZN4core3fmt3num3imp7exp_u6417h5920dc5a4b508e7aE
                0xffff80004022d224      0x4cc bin/obj/rslib.a(core-ceec7c7f403acb7c.core.74ccf48e3defedc6-cgu.0.rcgu.o)
 .text._ZN4core3fmt3num49_$LT$impl$u20$core..fmt..Debug$u20$for$u20$i8$GT$3fmt17h6621694cce1cf2bdE
                0xffff80004022d6f0      0x18c bin/obj/rslib.a(core-ceec7c7f403acb7c.core.74ccf48e3defedc6-cgu.0.rcgu.o)
 .text._ZN4core3fmt3num49_$LT$impl$u20$core..fmt..Debug$u20$for$u20$u8$GT$3fmt17h729711390f5530efE
                0xffff80004022d87c      0x170 bin/obj/rslib.a(core-ceec7c7f403acb7c.core.74ccf48e3defedc6-cgu.0.rcgu.o)
 .text._ZN4core3fmt3num49_$LT$impl$u20$core..fmt..Octal$u20$for$u20$i8$GT$3fmt17h6fa96ad1011e9a80E
                0xffff80004022d9ec       0x78 bin/obj/rslib.a(core-ceec7c7f403acb7c.core.74ccf48e3defedc6-cgu.0.rcgu.o)
                0xffff80004022d9ec                core::fmt::num::<impl core::fmt::Octal for i8>::fmt
 .text._ZN4core3fmt3num49_$LT$impl$u20$core..fmt..Octal$u20$for$u20$u8$GT$3fmt17h1a69c1857abc456eE
                0xffff80004022da64       0x78 bin/obj/rslib.a(core-ceec7c7f403acb7c.core.74ccf48e3defedc6-cgu.0.rcgu.o)
                0xffff80004022da64                core::fmt::num::<impl core::fmt::Octal for u8>::fmt
 .text._ZN4core3fmt3num50_$LT$impl$u20$core..fmt..Binary$u20$for$u20$i8$GT$3fmt17h1faa859857b575e2E
                0xffff80004022dadc       0x78 bin/obj/rslib.a(core-ceec7c7f403acb7c.core.74ccf48e3defedc6-cgu.0.rcgu.o)
                0xffff80004022dadc                core::fmt::num::<impl core::fmt::Binary for i8>::fmt
 .text._ZN4core3fmt3num50_$LT$impl$u20$core..fmt..Binary$u20$for$u20$u8$GT$3fmt17h51b9536adac988bfE
                0xffff80004022db54       0x78 bin/obj/rslib.a(core-ceec7c7f403acb7c.core.74ccf48e3defedc6-cgu.0.rcgu.o)
                0xffff80004022db54                core::fmt::num::<impl core::fmt::Binary for u8>::fmt
 .text._ZN4core3fmt3num50_$LT$impl$u20$core..fmt..Debug$u20$for$u20$i16$GT$3fmt17h518bb330c56f226fE
                0xffff80004022dbcc      0x1e4 bin/obj/rslib.a(core-ceec7c7f403acb7c.core.74ccf48e3defedc6-cgu.0.rcgu.o)
 .text._ZN4core3fmt3num50_$LT$impl$u20$core..fmt..Debug$u20$for$u20$i32$GT$3fmt17h5b79a3e34ffb5bf4E
                0xffff80004022ddb0      0x128 bin/obj/rslib.a(core-ceec7c7f403acb7c.core.74ccf48e3defedc6-cgu.0.rcgu.o)
 .text._ZN4core3fmt3num50_$LT$impl$u20$core..fmt..Debug$u20$for$u20$i64$GT$3fmt17hff37b4ef1bab3588E
                0xffff80004022ded8      0x124 bin/obj/rslib.a(core-ceec7c7f403acb7c.core.74ccf48e3defedc6-cgu.0.rcgu.o)
 .text._ZN4core3fmt3num50_$LT$impl$u20$core..fmt..Debug$u20$for$u20$u16$GT$3fmt17hec5e9c6ad7eb4294E
                0xffff80004022dffc      0x1d4 bin/obj/rslib.a(core-ceec7c7f403acb7c.core.74ccf48e3defedc6-cgu.0.rcgu.o)
 .text._ZN4core3fmt3num50_$LT$impl$u20$core..fmt..Debug$u20$for$u20$u32$GT$3fmt17h2116cc3943e29888E
                0xffff80004022e1d0      0x11c bin/obj/rslib.a(core-ceec7c7f403acb7c.core.74ccf48e3defedc6-cgu.0.rcgu.o)
 .text._ZN4core3fmt3num50_$LT$impl$u20$core..fmt..Debug$u20$for$u20$u64$GT$3fmt17hed38a4f33b5977c5E
                0xffff80004022e2ec      0x110 bin/obj/rslib.a(core-ceec7c7f403acb7c.core.74ccf48e3defedc6-cgu.0.rcgu.o)
 .text._ZN4core3fmt3num50_$LT$impl$u20$core..fmt..Octal$u20$for$u20$i16$GT$3fmt17hf89712ae9706b210E
                0xffff80004022e3fc       0x78 bin/obj/rslib.a(core-ceec7c7f403acb7c.core.74ccf48e3defedc6-cgu.0.rcgu.o)
                0xffff80004022e3fc                core::fmt::num::<impl core::fmt::Octal for i16>::fmt
 .text._ZN4core3fmt3num50_$LT$impl$u20$core..fmt..Octal$u20$for$u20$i32$GT$3fmt17h2a5fd1c2e9cee9e6E
                0xffff80004022e474       0x78 bin/obj/rslib.a(core-ceec7c7f403acb7c.core.74ccf48e3defedc6-cgu.0.rcgu.o)
                0xffff80004022e474                core::fmt::num::<impl core::fmt::Octal for i32>::fmt
 .text._ZN4core3fmt3num50_$LT$impl$u20$core..fmt..Octal$u20$for$u20$i64$GT$3fmt17hbf9d37caedd82894E
                0xffff80004022e4ec       0x78 bin/obj/rslib.a(core-ceec7c7f403acb7c.core.74ccf48e3defedc6-cgu.0.rcgu.o)
                0xffff80004022e4ec                core::fmt::num::<impl core::fmt::Octal for i64>::fmt
                0xffff80004022e4ec                core::fmt::num::<impl core::fmt::Octal for isize>::fmt
 .text._ZN4core3fmt3num50_$LT$impl$u20$core..fmt..Octal$u20$for$u20$u16$GT$3fmt17he3dbfd1acbdf1fb2E
                0xffff80004022e564       0x78 bin/obj/rslib.a(core-ceec7c7f403acb7c.core.74ccf48e3defedc6-cgu.0.rcgu.o)
                0xffff80004022e564                core::fmt::num::<impl core::fmt::Octal for u16>::fmt
 .text._ZN4core3fmt3num50_$LT$impl$u20$core..fmt..Octal$u20$for$u20$u32$GT$3fmt17hdea98bf04d0a6266E
                0xffff80004022e5dc       0x78 bin/obj/rslib.a(core-ceec7c7f403acb7c.core.74ccf48e3defedc6-cgu.0.rcgu.o)
                0xffff80004022e5dc                core::fmt::num::<impl core::fmt::Octal for u32>::fmt
 .text._ZN4core3fmt3num50_$LT$impl$u20$core..fmt..Octal$u20$for$u20$u64$GT$3fmt17h0df10f62a4c29359E
                0xffff80004022e654       0x78 bin/obj/rslib.a(core-ceec7c7f403acb7c.core.74ccf48e3defedc6-cgu.0.rcgu.o)
                0xffff80004022e654                core::fmt::num::<impl core::fmt::Octal for u64>::fmt
                0xffff80004022e654                core::fmt::num::<impl core::fmt::Octal for usize>::fmt
 .text._ZN4core3fmt3num51_$LT$impl$u20$core..fmt..Binary$u20$for$u20$i16$GT$3fmt17h9fb8fc88692e0709E
                0xffff80004022e6cc       0x78 bin/obj/rslib.a(core-ceec7c7f403acb7c.core.74ccf48e3defedc6-cgu.0.rcgu.o)
                0xffff80004022e6cc                core::fmt::num::<impl core::fmt::Binary for i16>::fmt
 .text._ZN4core3fmt3num51_$LT$impl$u20$core..fmt..Binary$u20$for$u20$i32$GT$3fmt17h6f3a640950fc9cf4E
                0xffff80004022e744       0x78 bin/obj/rslib.a(core-ceec7c7f403acb7c.core.74ccf48e3defedc6-cgu.0.rcgu.o)
                0xffff80004022e744                core::fmt::num::<impl core::fmt::Binary for i32>::fmt
 .text._ZN4core3fmt3num51_$LT$impl$u20$core..fmt..Binary$u20$for$u20$i64$GT$3fmt17had7491a5f806c5a2E
                0xffff80004022e7bc       0x78 bin/obj/rslib.a(core-ceec7c7f403acb7c.core.74ccf48e3defedc6-cgu.0.rcgu.o)
                0xffff80004022e7bc                core::fmt::num::<impl core::fmt::Binary for isize>::fmt
                0xffff80004022e7bc                core::fmt::num::<impl core::fmt::Binary for i64>::fmt
 .text._ZN4core3fmt3num51_$LT$impl$u20$core..fmt..Binary$u20$for$u20$u16$GT$3fmt17h56ecb27ee2048b1bE
                0xffff80004022e834       0x78 bin/obj/rslib.a(core-ceec7c7f403acb7c.core.74ccf48e3defedc6-cgu.0.rcgu.o)
                0xffff80004022e834                core::fmt::num::<impl core::fmt::Binary for u16>::fmt
 .text._ZN4core3fmt3num51_$LT$impl$u20$core..fmt..Binary$u20$for$u20$u32$GT$3fmt17h8c5601ec959b65f3E
                0xffff80004022e8ac       0x78 bin/obj/rslib.a(core-ceec7c7f403acb7c.core.74ccf48e3defedc6-cgu.0.rcgu.o)
                0xffff80004022e8ac                core::fmt::num::<impl core::fmt::Binary for u32>::fmt
 .text._ZN4core3fmt3num51_$LT$impl$u20$core..fmt..Binary$u20$for$u20$u64$GT$3fmt17hdef390e8bf1763dfE
                0xffff80004022e924       0x78 bin/obj/rslib.a(core-ceec7c7f403acb7c.core.74ccf48e3defedc6-cgu.0.rcgu.o)
                0xffff80004022e924                core::fmt::num::<impl core::fmt::Binary for usize>::fmt
                0xffff80004022e924                core::fmt::num::<impl core::fmt::Binary for u64>::fmt
 .text._ZN4core3fmt3num51_$LT$impl$u20$core..fmt..Debug$u20$for$u20$i128$GT$3fmt17h90493562075228bfE
                0xffff80004022e99c      0x148 bin/obj/rslib.a(core-ceec7c7f403acb7c.core.74ccf48e3defedc6-cgu.0.rcgu.o)
 .text._ZN4core3fmt3num51_$LT$impl$u20$core..fmt..Debug$u20$for$u20$u128$GT$3fmt17h3560d650fb2942c7E
                0xffff80004022eae4      0x128 bin/obj/rslib.a(core-ceec7c7f403acb7c.core.74ccf48e3defedc6-cgu.0.rcgu.o)
 .text._ZN4core3fmt3num51_$LT$impl$u20$core..fmt..Octal$u20$for$u20$i128$GT$3fmt17h41d43bb9f00fefa5E
                0xffff80004022ec0c       0x84 bin/obj/rslib.a(core-ceec7c7f403acb7c.core.74ccf48e3defedc6-cgu.0.rcgu.o)
                0xffff80004022ec0c                core::fmt::num::<impl core::fmt::Octal for i128>::fmt
 .text._ZN4core3fmt3num51_$LT$impl$u20$core..fmt..Octal$u20$for$u20$u128$GT$3fmt17hdac3a49a1cd46f0dE
                0xffff80004022ec90       0x84 bin/obj/rslib.a(core-ceec7c7f403acb7c.core.74ccf48e3defedc6-cgu.0.rcgu.o)
                0xffff80004022ec90                core::fmt::num::<impl core::fmt::Octal for u128>::fmt
 .text._ZN4core3fmt3num52_$LT$impl$u20$core..fmt..Binary$u20$for$u20$i128$GT$3fmt17h8139b6ddae20fbaeE
                0xffff80004022ed14       0x84 bin/obj/rslib.a(core-ceec7c7f403acb7c.core.74ccf48e3defedc6-cgu.0.rcgu.o)
                0xffff80004022ed14                core::fmt::num::<impl core::fmt::Binary for i128>::fmt
 .text._ZN4core3fmt3num52_$LT$impl$u20$core..fmt..Binary$u20$for$u20$u128$GT$3fmt17h52889eaf9e1b1c2eE
                0xffff80004022ed98       0x84 bin/obj/rslib.a(core-ceec7c7f403acb7c.core.74ccf48e3defedc6-cgu.0.rcgu.o)
                0xffff80004022ed98                core::fmt::num::<impl core::fmt::Binary for u128>::fmt
 .text._ZN4core3fmt3num52_$LT$impl$u20$core..fmt..Debug$u20$for$u20$usize$GT$3fmt17h7dc5be94bc2fe877E
                0xffff80004022ee1c      0x11c bin/obj/rslib.a(core-ceec7c7f403acb7c.core.74ccf48e3defedc6-cgu.0.rcgu.o)
 .text._ZN4core3fmt3num52_$LT$impl$u20$core..fmt..LowerHex$u20$for$u20$i8$GT$3fmt17hf6003f417799150aE
                0xffff80004022ef38       0x78 bin/obj/rslib.a(core-ceec7c7f403acb7c.core.74ccf48e3defedc6-cgu.0.rcgu.o)
                0xffff80004022ef38                core::fmt::num::<impl core::fmt::LowerHex for i8>::fmt
 .text._ZN4core3fmt3num52_$LT$impl$u20$core..fmt..LowerHex$u20$for$u20$u8$GT$3fmt17hc797f6f6e9d49147E
                0xffff80004022efb0       0x78 bin/obj/rslib.a(core-ceec7c7f403acb7c.core.74ccf48e3defedc6-cgu.0.rcgu.o)
                0xffff80004022efb0                core::fmt::num::<impl core::fmt::LowerHex for u8>::fmt
 .text._ZN4core3fmt3num52_$LT$impl$u20$core..fmt..UpperHex$u20$for$u20$i8$GT$3fmt17hc0122d6c8ede86c5E
                0xffff80004022f028       0x78 bin/obj/rslib.a(core-ceec7c7f403acb7c.core.74ccf48e3defedc6-cgu.0.rcgu.o)
                0xffff80004022f028                core::fmt::num::<impl core::fmt::UpperHex for i8>::fmt
 .text._ZN4core3fmt3num52_$LT$impl$u20$core..fmt..UpperHex$u20$for$u20$u8$GT$3fmt17h6e8a8a3df769da09E
                0xffff80004022f0a0       0x78 bin/obj/rslib.a(core-ceec7c7f403acb7c.core.74ccf48e3defedc6-cgu.0.rcgu.o)
                0xffff80004022f0a0                core::fmt::num::<impl core::fmt::UpperHex for u8>::fmt
 .text._ZN4core3fmt3num53_$LT$impl$u20$core..fmt..Display$u20$for$u20$i128$GT$3fmt17h57c4b40b4d76781bE
                0xffff80004022f118       0x78 bin/obj/rslib.a(core-ceec7c7f403acb7c.core.74ccf48e3defedc6-cgu.0.rcgu.o)
                0xffff80004022f118                core::fmt::num::<impl core::fmt::Display for i128>::fmt
 .text._ZN4core3fmt3num53_$LT$impl$u20$core..fmt..Display$u20$for$u20$u128$GT$3fmt17hb0e4cc23f27d19e0E
                0xffff80004022f190       0x64 bin/obj/rslib.a(core-ceec7c7f403acb7c.core.74ccf48e3defedc6-cgu.0.rcgu.o)
                0xffff80004022f190                core::fmt::num::<impl core::fmt::Display for u128>::fmt
 .text._ZN4core3fmt3num53_$LT$impl$u20$core..fmt..LowerHex$u20$for$u20$i16$GT$3fmt17hb3ad271bbd284577E
                0xffff80004022f1f4       0x78 bin/obj/rslib.a(core-ceec7c7f403acb7c.core.74ccf48e3defedc6-cgu.0.rcgu.o)
                0xffff80004022f1f4                core::fmt::num::<impl core::fmt::LowerHex for i16>::fmt
 .text._ZN4core3fmt3num53_$LT$impl$u20$core..fmt..LowerHex$u20$for$u20$i32$GT$3fmt17h81507ccc7e732fb7E
                0xffff80004022f26c       0x78 bin/obj/rslib.a(core-ceec7c7f403acb7c.core.74ccf48e3defedc6-cgu.0.rcgu.o)
                0xffff80004022f26c                core::fmt::num::<impl core::fmt::LowerHex for i32>::fmt
 .text._ZN4core3fmt3num53_$LT$impl$u20$core..fmt..LowerHex$u20$for$u20$i64$GT$3fmt17h64bccd893c608dc9E
                0xffff80004022f2e4       0x78 bin/obj/rslib.a(core-ceec7c7f403acb7c.core.74ccf48e3defedc6-cgu.0.rcgu.o)
                0xffff80004022f2e4                core::fmt::num::<impl core::fmt::LowerHex for isize>::fmt
                0xffff80004022f2e4                core::fmt::num::<impl core::fmt::LowerHex for i64>::fmt
 .text._ZN4core3fmt3num53_$LT$impl$u20$core..fmt..LowerHex$u20$for$u20$u16$GT$3fmt17h87acac2743fe202fE
                0xffff80004022f35c       0x78 bin/obj/rslib.a(core-ceec7c7f403acb7c.core.74ccf48e3defedc6-cgu.0.rcgu.o)
                0xffff80004022f35c                core::fmt::num::<impl core::fmt::LowerHex for u16>::fmt
 .text._ZN4core3fmt3num53_$LT$impl$u20$core..fmt..LowerHex$u20$for$u20$u32$GT$3fmt17hd391da6d82931cceE
                0xffff80004022f3d4       0x78 bin/obj/rslib.a(core-ceec7c7f403acb7c.core.74ccf48e3defedc6-cgu.0.rcgu.o)
                0xffff80004022f3d4                core::fmt::num::<impl core::fmt::LowerHex for u32>::fmt
 .text._ZN4core3fmt3num53_$LT$impl$u20$core..fmt..LowerHex$u20$for$u20$u64$GT$3fmt17h159697527b1d5f97E
                0xffff80004022f44c       0x78 bin/obj/rslib.a(core-ceec7c7f403acb7c.core.74ccf48e3defedc6-cgu.0.rcgu.o)
                0xffff80004022f44c                core::fmt::num::<impl core::fmt::LowerHex for u64>::fmt
                0xffff80004022f44c                core::fmt::num::<impl core::fmt::LowerHex for usize>::fmt
 .text._ZN4core3fmt3num53_$LT$impl$u20$core..fmt..UpperHex$u20$for$u20$i16$GT$3fmt17hd893183883e3a714E
                0xffff80004022f4c4       0x78 bin/obj/rslib.a(core-ceec7c7f403acb7c.core.74ccf48e3defedc6-cgu.0.rcgu.o)
                0xffff80004022f4c4                core::fmt::num::<impl core::fmt::UpperHex for i16>::fmt
 .text._ZN4core3fmt3num53_$LT$impl$u20$core..fmt..UpperHex$u20$for$u20$i32$GT$3fmt17hf51c26bc961ec25dE
                0xffff80004022f53c       0x78 bin/obj/rslib.a(core-ceec7c7f403acb7c.core.74ccf48e3defedc6-cgu.0.rcgu.o)
                0xffff80004022f53c                core::fmt::num::<impl core::fmt::UpperHex for i32>::fmt
 .text._ZN4core3fmt3num53_$LT$impl$u20$core..fmt..UpperHex$u20$for$u20$i64$GT$3fmt17h16e5333076e7a242E
                0xffff80004022f5b4       0x78 bin/obj/rslib.a(core-ceec7c7f403acb7c.core.74ccf48e3defedc6-cgu.0.rcgu.o)
                0xffff80004022f5b4                core::fmt::num::<impl core::fmt::UpperHex for isize>::fmt
                0xffff80004022f5b4                core::fmt::num::<impl core::fmt::UpperHex for i64>::fmt
 .text._ZN4core3fmt3num53_$LT$impl$u20$core..fmt..UpperHex$u20$for$u20$u16$GT$3fmt17he71124e3c7c85e58E
                0xffff80004022f62c       0x78 bin/obj/rslib.a(core-ceec7c7f403acb7c.core.74ccf48e3defedc6-cgu.0.rcgu.o)
                0xffff80004022f62c                core::fmt::num::<impl core::fmt::UpperHex for u16>::fmt
 .text._ZN4core3fmt3num53_$LT$impl$u20$core..fmt..UpperHex$u20$for$u20$u32$GT$3fmt17h578f3fe60630e086E
                0xffff80004022f6a4       0x78 bin/obj/rslib.a(core-ceec7c7f403acb7c.core.74ccf48e3defedc6-cgu.0.rcgu.o)
                0xffff80004022f6a4                core::fmt::num::<impl core::fmt::UpperHex for u32>::fmt
 .text._ZN4core3fmt3num53_$LT$impl$u20$core..fmt..UpperHex$u20$for$u20$u64$GT$3fmt17h7cb63c751a15a353E
                0xffff80004022f71c       0x78 bin/obj/rslib.a(core-ceec7c7f403acb7c.core.74ccf48e3defedc6-cgu.0.rcgu.o)
                0xffff80004022f71c                core::fmt::num::<impl core::fmt::UpperHex for usize>::fmt
                0xffff80004022f71c                core::fmt::num::<impl core::fmt::UpperHex for u64>::fmt
 .text._ZN4core3fmt3num54_$LT$impl$u20$core..fmt..LowerExp$u20$for$u20$i128$GT$3fmt17h0ead39fda50fe546E
                0xffff80004022f794       0x2c bin/obj/rslib.a(core-ceec7c7f403acb7c.core.74ccf48e3defedc6-cgu.0.rcgu.o)
                0xffff80004022f794                core::fmt::num::<impl core::fmt::LowerExp for i128>::fmt
 .text._ZN4core3fmt3num54_$LT$impl$u20$core..fmt..LowerExp$u20$for$u20$u128$GT$3fmt17h144e7cf9d3249649E
                0xffff80004022f7c0       0x14 bin/obj/rslib.a(core-ceec7c7f403acb7c.core.74ccf48e3defedc6-cgu.0.rcgu.o)
                0xffff80004022f7c0                core::fmt::num::<impl core::fmt::LowerExp for u128>::fmt
 .text._ZN4core3fmt3num54_$LT$impl$u20$core..fmt..LowerHex$u20$for$u20$i128$GT$3fmt17h32994dfc5c861d00E
                0xffff80004022f7d4       0x84 bin/obj/rslib.a(core-ceec7c7f403acb7c.core.74ccf48e3defedc6-cgu.0.rcgu.o)
                0xffff80004022f7d4                core::fmt::num::<impl core::fmt::LowerHex for i128>::fmt
 .text._ZN4core3fmt3num54_$LT$impl$u20$core..fmt..LowerHex$u20$for$u20$u128$GT$3fmt17h8a7e93e1040e7652E
                0xffff80004022f858       0x84 bin/obj/rslib.a(core-ceec7c7f403acb7c.core.74ccf48e3defedc6-cgu.0.rcgu.o)
                0xffff80004022f858                core::fmt::num::<impl core::fmt::LowerHex for u128>::fmt
 .text._ZN4core3fmt3num54_$LT$impl$u20$core..fmt..UpperExp$u20$for$u20$i128$GT$3fmt17ha8b0d095ad1f688fE
                0xffff80004022f8dc       0x2c bin/obj/rslib.a(core-ceec7c7f403acb7c.core.74ccf48e3defedc6-cgu.0.rcgu.o)
                0xffff80004022f8dc                core::fmt::num::<impl core::fmt::UpperExp for i128>::fmt
 .text._ZN4core3fmt3num54_$LT$impl$u20$core..fmt..UpperExp$u20$for$u20$u128$GT$3fmt17he54dfe9c11229829E
                0xffff80004022f908       0x14 bin/obj/rslib.a(core-ceec7c7f403acb7c.core.74ccf48e3defedc6-cgu.0.rcgu.o)
                0xffff80004022f908                core::fmt::num::<impl core::fmt::UpperExp for u128>::fmt
 .text._ZN4core3fmt3num54_$LT$impl$u20$core..fmt..UpperHex$u20$for$u20$i128$GT$3fmt17h777b3db967424147E
                0xffff80004022f91c       0x84 bin/obj/rslib.a(core-ceec7c7f403acb7c.core.74ccf48e3defedc6-cgu.0.rcgu.o)
                0xffff80004022f91c                core::fmt::num::<impl core::fmt::UpperHex for i128>::fmt
 .text._ZN4core3fmt3num54_$LT$impl$u20$core..fmt..UpperHex$u20$for$u20$u128$GT$3fmt17heffcc7d2040ab75eE
                0xffff80004022f9a0       0x84 bin/obj/rslib.a(core-ceec7c7f403acb7c.core.74ccf48e3defedc6-cgu.0.rcgu.o)
                0xffff80004022f9a0                core::fmt::num::<impl core::fmt::UpperHex for u128>::fmt
 .text._ZN4core3fmt3num8exp_u12817h56c34baee7c8bed8E
                0xffff80004022fa24      0x8e8 bin/obj/rslib.a(core-ceec7c7f403acb7c.core.74ccf48e3defedc6-cgu.0.rcgu.o)
 .text._ZN4core3fmt5Write10write_char17h3196cdc17d485d89E
                0xffff80004023030c      0x110 bin/obj/rslib.a(core-ceec7c7f403acb7c.core.74ccf48e3defedc6-cgu.0.rcgu.o)
 .text._ZN4core3fmt5Write10write_char17h404a7bef5660c736E
                0xffff80004023041c      0x110 bin/obj/rslib.a(core-ceec7c7f403acb7c.core.74ccf48e3defedc6-cgu.0.rcgu.o)
 .text._ZN4core3fmt5Write10write_char17h54533db1e11ff0a6E
                0xffff80004023052c      0x110 bin/obj/rslib.a(core-ceec7c7f403acb7c.core.74ccf48e3defedc6-cgu.0.rcgu.o)
 .text._ZN4core3fmt5Write10write_char17h700853ca566c9874E
                0xffff80004023063c      0x110 bin/obj/rslib.a(core-ceec7c7f403acb7c.core.74ccf48e3defedc6-cgu.0.rcgu.o)
 .text._ZN4core3fmt5Write9write_fmt17h3d630bf15cc090f1E
                0xffff80004023074c       0x14 bin/obj/rslib.a(core-ceec7c7f403acb7c.core.74ccf48e3defedc6-cgu.0.rcgu.o)
 .text._ZN4core3fmt5Write9write_fmt17h616c9f2fe23ac8d5E
                0xffff800040230760       0x14 bin/obj/rslib.a(core-ceec7c7f403acb7c.core.74ccf48e3defedc6-cgu.0.rcgu.o)
 .text._ZN4core3fmt5Write9write_fmt17hb4245705c687a68fE
                0xffff800040230774       0x14 bin/obj/rslib.a(core-ceec7c7f403acb7c.core.74ccf48e3defedc6-cgu.0.rcgu.o)
 .text._ZN4core3fmt5Write9write_fmt17he64eceb142a06441E
                0xffff800040230788       0x14 bin/obj/rslib.a(core-ceec7c7f403acb7c.core.74ccf48e3defedc6-cgu.0.rcgu.o)
 .text._ZN4core3fmt5Write9write_fmt17hfd2f1dce584ba35fE
                0xffff80004023079c       0x14 bin/obj/rslib.a(core-ceec7c7f403acb7c.core.74ccf48e3defedc6-cgu.0.rcgu.o)
 .text._ZN4core3fmt5float29float_to_decimal_common_exact17h46aeb0feb4fe73e2E
                0xffff8000402307b0      0x344 bin/obj/rslib.a(core-ceec7c7f403acb7c.core.74ccf48e3defedc6-cgu.0.rcgu.o)
 .text._ZN4core3fmt5float29float_to_decimal_common_exact17h5adfec95d4457135E
                0xffff800040230af4      0x340 bin/obj/rslib.a(core-ceec7c7f403acb7c.core.74ccf48e3defedc6-cgu.0.rcgu.o)
 .text._ZN4core3fmt5float29float_to_decimal_common_exact17hf01394684df33573E
                0xffff800040230e34      0x33c bin/obj/rslib.a(core-ceec7c7f403acb7c.core.74ccf48e3defedc6-cgu.0.rcgu.o)
 .text._ZN4core3fmt5float32float_to_decimal_common_shortest17h08f7e500f6c0d9e0E
                0xffff800040231170      0x284 bin/obj/rslib.a(core-ceec7c7f403acb7c.core.74ccf48e3defedc6-cgu.0.rcgu.o)
 .text._ZN4core3fmt5float32float_to_decimal_common_shortest17h1a98909cf867ec2fE
                0xffff8000402313f4      0x288 bin/obj/rslib.a(core-ceec7c7f403acb7c.core.74ccf48e3defedc6-cgu.0.rcgu.o)
 .text._ZN4core3fmt5float32float_to_decimal_common_shortest17h5e2048585cb5d573E
                0xffff80004023167c      0x280 bin/obj/rslib.a(core-ceec7c7f403acb7c.core.74ccf48e3defedc6-cgu.0.rcgu.o)
 .text._ZN4core3fmt5float33float_to_exponential_common_exact17h672ad2bf5c2afa9fE
                0xffff8000402318fc      0x374 bin/obj/rslib.a(core-ceec7c7f403acb7c.core.74ccf48e3defedc6-cgu.0.rcgu.o)
 .text._ZN4core3fmt5float33float_to_exponential_common_exact17hb1aafcaa80bbb732E
                0xffff800040231c70      0x378 bin/obj/rslib.a(core-ceec7c7f403acb7c.core.74ccf48e3defedc6-cgu.0.rcgu.o)
 .text._ZN4core3fmt5float33float_to_exponential_common_exact17hc0d1fa1ed219c711E
                0xffff800040231fe8      0x370 bin/obj/rslib.a(core-ceec7c7f403acb7c.core.74ccf48e3defedc6-cgu.0.rcgu.o)
 .text._ZN4core3fmt5float36float_to_exponential_common_shortest17h78ac692c2cf1968fE
                0xffff800040232358      0x330 bin/obj/rslib.a(core-ceec7c7f403acb7c.core.74ccf48e3defedc6-cgu.0.rcgu.o)
 .text._ZN4core3fmt5float36float_to_exponential_common_shortest17he9dbd76d353d2487E
                0xffff800040232688      0x338 bin/obj/rslib.a(core-ceec7c7f403acb7c.core.74ccf48e3defedc6-cgu.0.rcgu.o)
 .text._ZN4core3fmt5float36float_to_exponential_common_shortest17hee9ff405341a5531E
                0xffff8000402329c0      0x334 bin/obj/rslib.a(core-ceec7c7f403acb7c.core.74ccf48e3defedc6-cgu.0.rcgu.o)
 .text._ZN4core3fmt5float50_$LT$impl$u20$core..fmt..Debug$u20$for$u20$f16$GT$3fmt17h2ce07a1a5062cb5eE
                0xffff800040232cf4       0x84 bin/obj/rslib.a(core-ceec7c7f403acb7c.core.74ccf48e3defedc6-cgu.0.rcgu.o)
                0xffff800040232cf4                core::fmt::float::<impl core::fmt::Debug for f16>::fmt
 .text._ZN4core3fmt5float50_$LT$impl$u20$core..fmt..Debug$u20$for$u20$f32$GT$3fmt17h7b81b511d825f6abE
                0xffff800040232d78       0x78 bin/obj/rslib.a(core-ceec7c7f403acb7c.core.74ccf48e3defedc6-cgu.0.rcgu.o)
                0xffff800040232d78                core::fmt::float::<impl core::fmt::Debug for f32>::fmt
 .text._ZN4core3fmt5float50_$LT$impl$u20$core..fmt..Debug$u20$for$u20$f64$GT$3fmt17hd1b52ce7fb8b4d70E
                0xffff800040232df0       0x70 bin/obj/rslib.a(core-ceec7c7f403acb7c.core.74ccf48e3defedc6-cgu.0.rcgu.o)
                0xffff800040232df0                core::fmt::float::<impl core::fmt::Debug for f64>::fmt
 .text._ZN4core3fmt5float52_$LT$impl$u20$core..fmt..Display$u20$for$u20$f16$GT$3fmt17ha3ea1174e704e390E
                0xffff800040232e60       0x2c bin/obj/rslib.a(core-ceec7c7f403acb7c.core.74ccf48e3defedc6-cgu.0.rcgu.o)
                0xffff800040232e60                core::fmt::float::<impl core::fmt::Display for f16>::fmt
 .text._ZN4core3fmt5float52_$LT$impl$u20$core..fmt..Display$u20$for$u20$f32$GT$3fmt17h53c19e2b5c2dfcb2E
                0xffff800040232e8c       0x2c bin/obj/rslib.a(core-ceec7c7f403acb7c.core.74ccf48e3defedc6-cgu.0.rcgu.o)
                0xffff800040232e8c                core::fmt::float::<impl core::fmt::Display for f32>::fmt
 .text._ZN4core3fmt5float52_$LT$impl$u20$core..fmt..Display$u20$for$u20$f64$GT$3fmt17h7b4cc922a7fa3addE
                0xffff800040232eb8       0x2c bin/obj/rslib.a(core-ceec7c7f403acb7c.core.74ccf48e3defedc6-cgu.0.rcgu.o)
                0xffff800040232eb8                core::fmt::float::<impl core::fmt::Display for f64>::fmt
 .text._ZN4core3fmt5float53_$LT$impl$u20$core..fmt..LowerExp$u20$for$u20$f16$GT$3fmt17h5ce032c36524c5e9E
                0xffff800040232ee4       0x38 bin/obj/rslib.a(core-ceec7c7f403acb7c.core.74ccf48e3defedc6-cgu.0.rcgu.o)
                0xffff800040232ee4                core::fmt::float::<impl core::fmt::LowerExp for f16>::fmt
 .text._ZN4core3fmt5float53_$LT$impl$u20$core..fmt..LowerExp$u20$for$u20$f32$GT$3fmt17h2135d130a73d781dE
                0xffff800040232f1c       0x38 bin/obj/rslib.a(core-ceec7c7f403acb7c.core.74ccf48e3defedc6-cgu.0.rcgu.o)
                0xffff800040232f1c                core::fmt::float::<impl core::fmt::LowerExp for f32>::fmt
 .text._ZN4core3fmt5float53_$LT$impl$u20$core..fmt..LowerExp$u20$for$u20$f64$GT$3fmt17hd02972864db994a3E
                0xffff800040232f54       0x38 bin/obj/rslib.a(core-ceec7c7f403acb7c.core.74ccf48e3defedc6-cgu.0.rcgu.o)
                0xffff800040232f54                core::fmt::float::<impl core::fmt::LowerExp for f64>::fmt
 .text._ZN4core3fmt5float53_$LT$impl$u20$core..fmt..UpperExp$u20$for$u20$f16$GT$3fmt17h5d8027b1682998eaE
                0xffff800040232f8c       0x38 bin/obj/rslib.a(core-ceec7c7f403acb7c.core.74ccf48e3defedc6-cgu.0.rcgu.o)
                0xffff800040232f8c                core::fmt::float::<impl core::fmt::UpperExp for f16>::fmt
 .text._ZN4core3fmt5float53_$LT$impl$u20$core..fmt..UpperExp$u20$for$u20$f32$GT$3fmt17h3e49dc8253207030E
                0xffff800040232fc4       0x38 bin/obj/rslib.a(core-ceec7c7f403acb7c.core.74ccf48e3defedc6-cgu.0.rcgu.o)
                0xffff800040232fc4                core::fmt::float::<impl core::fmt::UpperExp for f32>::fmt
 .text._ZN4core3fmt5float53_$LT$impl$u20$core..fmt..UpperExp$u20$for$u20$f64$GT$3fmt17h7f8b8f857b67bae4E
                0xffff800040232ffc       0x38 bin/obj/rslib.a(core-ceec7c7f403acb7c.core.74ccf48e3defedc6-cgu.0.rcgu.o)