Archive member included to satisfy reference by file (symbol)

bin/obj/rslib.a(imx8mp_kernel-1a53598e06c50be6.imx8mp_kernel.241a9a11e0e6ae75-cgu.0.rcgu.o)
                              bin/obj/kernel/init/init.o (rust_kernel_initcalls_stage0)
bin/obj/rslib.a(core-dca77d77b03929cc.core.bbd04c23a4fa3c72-cgu.0.rcgu.o)
                              bin/obj/rslib.a(imx8mp_kernel-1a53598e06c50be6.imx8mp_kernel.241a9a11e0e6ae75-cgu.0.rcgu.o) (core::panicking::panic_fmt)
bin/obj/rslib.a(compiler_builtins-fabd8ee97a026881.compiler_builtins.f286be164c3a919f-cgu.099.rcgu.o)
                              bin/obj/rslib.a(core-dca77d77b03929cc.core.bbd04c23a4fa3c72-cgu.0.rcgu.o) (memcmp)
bin/obj/rslib.a(compiler_builtins-fabd8ee97a026881.compiler_builtins.f286be164c3a919f-cgu.173.rcgu.o)
                              bin/obj/kernel/mm/virt/containers/containers.o (memcpy)
bin/obj/rslib.a(compiler_builtins-fabd8ee97a026881.compiler_builtins.f286be164c3a919f-cgu.242.rcgu.o)
                              bin/obj/drivers/arm_generic_timer/arm_generic_timer.o (__udivti3)
bin/obj/rslib.a(compiler_builtins-fabd8ee97a026881.compiler_builtins.f286be164c3a919f-cgu.295.rcgu.o)
                              bin/obj/kernel/mm/virt/containers/containers.o (memset)
bin/obj/rslib.a(ee225a53f1a5b703-lse_ldadd4_acq_rel.o)
                              bin/obj/lib/lock/corelock.o (__aarch64_ldadd4_acq_rel)
bin/obj/rslib.a(ee225a53f1a5b703-lse_ldadd8_acq_rel.o)
                              bin/obj/kernel/io/term/term.o (__aarch64_ldadd8_acq_rel)
bin/obj/rslib.a(670c1ed24249df13-aarch64.o)
                              bin/obj/rslib.a(ee225a53f1a5b703-lse_ldadd4_acq_rel.o) (__aarch64_have_lse_atomics)
bin/obj/rslib.a(compiler_builtins-fabd8ee97a026881.compiler_builtins.f286be164c3a919f-cgu.018.rcgu.o)
                              bin/obj/rslib.a(compiler_builtins-fabd8ee97a026881.compiler_builtins.f286be164c3a919f-cgu.242.rcgu.o) (compiler_builtins::int::specialized_div_rem::u128_div_rem)

Merging program properties


Discarded input sections

 .llvmbc        0x0000000000000000   0x141958 bin/obj/rslib.a(core-dca77d77b03929cc.core.bbd04c23a4fa3c72-cgu.0.rcgu.o)
 .llvmcmd       0x0000000000000000        0x0 bin/obj/rslib.a(core-dca77d77b03929cc.core.bbd04c23a4fa3c72-cgu.0.rcgu.o)
 .llvmbc        0x0000000000000000     0x10b8 bin/obj/rslib.a(compiler_builtins-fabd8ee97a026881.compiler_builtins.f286be164c3a919f-cgu.099.rcgu.o)
 .llvmcmd       0x0000000000000000        0x0 bin/obj/rslib.a(compiler_builtins-fabd8ee97a026881.compiler_builtins.f286be164c3a919f-cgu.099.rcgu.o)
 .llvmbc        0x0000000000000000      0xbf4 bin/obj/rslib.a(compiler_builtins-fabd8ee97a026881.compiler_builtins.f286be164c3a919f-cgu.173.rcgu.o)
 .llvmcmd       0x0000000000000000        0x0 bin/obj/rslib.a(compiler_builtins-fabd8ee97a026881.compiler_builtins.f286be164c3a919f-cgu.173.rcgu.o)
 .llvmbc        0x0000000000000000      0xc04 bin/obj/rslib.a(compiler_builtins-fabd8ee97a026881.compiler_builtins.f286be164c3a919f-cgu.242.rcgu.o)
 .llvmcmd       0x0000000000000000        0x0 bin/obj/rslib.a(compiler_builtins-fabd8ee97a026881.compiler_builtins.f286be164c3a919f-cgu.242.rcgu.o)
 .llvmbc        0x0000000000000000      0xbf4 bin/obj/rslib.a(compiler_builtins-fabd8ee97a026881.compiler_builtins.f286be164c3a919f-cgu.295.rcgu.o)
 .llvmcmd       0x0000000000000000        0x0 bin/obj/rslib.a(compiler_builtins-fabd8ee97a026881.compiler_builtins.f286be164c3a919f-cgu.295.rcgu.o)
 .llvmbc        0x0000000000000000     0x1ca4 bin/obj/rslib.a(compiler_builtins-fabd8ee97a026881.compiler_builtins.f286be164c3a919f-cgu.018.rcgu.o)
 .llvmcmd       0x0000000000000000        0x0 bin/obj/rslib.a(compiler_builtins-fabd8ee97a026881.compiler_builtins.f286be164c3a919f-cgu.018.rcgu.o)
 .note.gnu.property
                0x0000000000000000        0x0 bin/obj/rslib.a(compiler_builtins-fabd8ee97a026881.compiler_builtins.f286be164c3a919f-cgu.018.rcgu.o)

Memory Configuration

Name             Origin             Length             Attributes
HI_VMEM          0xffff800000000000 0x0000800000000000 xrw
DDR_HI           0x0000000100000000 0x0000000140000000 xrw
DDR_LO           0x0000000040000000 0x00000000c0000000 xrw
DDR              0x0000000040000000 0x0000000200000000 xrw
DDR_KERNEL       0x0000000040200000 0x00000001ffe00000 xrw
RESERVED_3F      0x000000003f000000 0x0000000001000000 rw
RESERVED_3E      0x000000003e000000 0x0000000001000000 rw
DDRC_PHY_BCAST   0x000000003dc00000 0x0000000000400000 rw
DDRC_PERF_MON    0x000000003d800000 0x0000000000400000 rw
DDRC_CTL         0x000000003d400000 0x0000000000400000 rw
RESERVED_3D10    0x000000003d100000 0x0000000000300000 rw
DDRC_BLK_CTRL    0x000000003d000000 0x0000000000100000 rw
DDRC_PHY         0x000000003c000000 0x0000000001000000 rw
AUDIO_DSP        0x000000003b000000 0x0000000001000000 rw
GIC              0x0000000038800000 0x0000000000100000 rw
NPU              0x0000000038500000 0x0000000000200000 rw
VPU              0x0000000038340000 0x0000000000200000 rw
VPU_BLK_CTRL     0x0000000038330000 0x0000000000200000 rw
VPU_VC8000E      0x0000000038320000 0x0000000000200000 rw
VPU_G2           0x0000000038310000 0x0000000000200000 rw
VPU_G1           0x0000000038300000 0x0000000000200000 rw
USB2             0x0000000038200000 0x0000000000100000 rw
USB1             0x0000000038100000 0x0000000000100000 rw
GPU_3D           0x0000000038000000 0x0000000000008000 rw
GPU_2D           0x0000000038008000 0x0000000000008000 rw
QSPI_RX          0x0000000036000000 0x0000000002000000 rw
QSPI_RX_1        0x0000000034000000 0x0000000002000000 rw
QSPI_TX          0x0000000033008000 0x0000000000008000 rw
APBH_DMA         0x0000000033000000 0x0000000000008000 rw
AIPS_1           0x0000000030000000 0x0000000000400000 rw
AIPS_2           0x0000000030400000 0x0000000000400000 rw
AIPS_3           0x0000000030800000 0x0000000000400000 rw
AIPS_4           0x0000000032c00000 0x0000000000400000 rw
AIPS_5           0x0000000030c00000 0x0000000000400000 rw
PCIE_REG         0x0000000018000000 0x0000000008000000 rw
OCRAM            0x0000000000900000 0x0000000000090000 xrw
OCRAM_S          0x0000000000180000 0x0000000000009000 rw
OCRAM_S2         0x0000000000189000 0x0000000000007000 rw
CAAM_SEC_RAM     0x0000000000108000 0x0000000000008000 rw
BOOT_ROM         0x0000000000000000 0x000000000003f000 r
*default*        0x0000000000000000 0xffffffffffffffff

Linker script and memory map

                0x0000000000000004                __NUM_CORES = 0x4
                0x0000000000020000                __EL2_STACK_SIZE = 0x20000
                0x0000000000100000                __EL1_STACK_SIZE = 0x100000
                0x0000000000200000                __TFA_PROTECTED_SIZE = 0x200000
                0xffff800000000000                HI_VA_BASE = 0xffff800000000000
                0x0000800000000000                HI_VA_SIZE = 0x800000000000
                0x0000000040200000                KERNEL_PA_BASE = (ORIGIN (DDR) + __TFA_PROTECTED_SIZE)
                0xffff800040200000                KERNEL_VA_BASE = (KERNEL_PA_BASE + HI_VA_BASE)
                0xffff800040200000                . = KERNEL_VA_BASE

.text           0xffff800040200000    0x37000 load address 0x0000000040200000
                0xffff800040200000                __text_start = .
 *(.text.boot)
 .text.boot     0xffff800040200000       0xb0 bin/obj/__boot/boot.o
                0xffff800040200000                _start
 *(.text*)
 .text          0xffff8000402000b0       0x20 bin/obj/__kernel/mm/mm.o
                0xffff8000402000b0                _get_pc
                0xffff8000402000b8                _mm_kva_to_kpa
                0xffff8000402000c4                _mm_kpa_to_kva
 .text          0xffff8000402000d0       0x40 bin/obj/__kernel/mm/reloc/reloc.o
                0xffff8000402000d0                _jmp_to_with_offset
                0xffff8000402000d8                _reloc_cfg_end
                0xffff800040200104                _return_to_kernel_entry
 .text          0xffff800040200110       0xe0 bin/obj/__kernel/scheduler/scheduler.o
                0xffff800040200110                _scheduler_loop_cpu_enter
                0xffff8000402001d8                _scheduler_loop_cpu_exit
 .text          0xffff8000402001f0       0x40 bin/obj/__arm/cache/cache.o
                0xffff8000402001f0                _cache_flush_range
 .text          0xffff800040200230       0x3c bin/obj/__arm/cache/icache.o
                0xffff800040200230                _icache_flush_range
 .text          0xffff80004020026c       0x3c bin/obj/__arm/cache/dcache.o
                0xffff80004020026c                _dcache_flush_range
 *fill*         0xffff8000402002a8        0x8 
 .text          0xffff8000402002b0       0x10 bin/obj/__arm/tfa/smccc.o
                0xffff8000402002b0                _smc_call
 .text          0xffff8000402002c0      0x114 bin/obj/__arm/sysregs/arm_generic_timer.o
                0xffff8000402002c0                _ARM_CNTFRQ_EL0_set
                0xffff8000402002cc                _ARM_CNTFRQ_EL0_get
                0xffff8000402002d4                _ARM_CNTPCT_EL0_get
                0xffff8000402002dc                _ARM_CNTVCT_EL0_get
                0xffff8000402002e4                _ARM_CNTP_CTL_EL0_set
                0xffff8000402002f0                _ARM_CNTP_CTL_EL0_get
                0xffff8000402002f8                _ARM_CNTP_CVAL_EL0_set
                0xffff800040200304                _ARM_CNTP_CVAL_EL0_get
                0xffff80004020030c                _ARM_CNTP_TVAL_EL0_set
                0xffff800040200318                _ARM_CNTP_TVAL_EL0_get
                0xffff800040200320                _ARM_CNTV_CTL_EL0_set
                0xffff80004020032c                _ARM_CNTV_CTL_EL0_get
                0xffff800040200334                _ARM_CNTV_CVAL_EL0_set
                0xffff800040200340                _ARM_CNTV_CVAL_EL0_get
                0xffff800040200348                _ARM_CNTV_TVAL_EL0_set
                0xffff800040200354                _ARM_CNTV_TVAL_EL0_get
                0xffff80004020035c                _ARM_CNTKCTL_EL1_set
                0xffff800040200368                _ARM_CNTKCTL_EL1_get
                0xffff800040200370                _ARM_CNTHCTL_EL2_set
                0xffff80004020037c                _ARM_CNTHCTL_EL2_get
                0xffff800040200384                _ARM_CNTVOFF_EL2_set
                0xffff800040200390                _ARM_CNTVOFF_EL2_get
                0xffff800040200398                _ARM_CNTPS_CTL_EL1_set
                0xffff8000402003a4                _ARM_CNTPS_CTL_EL1_get
                0xffff8000402003ac                _ARM_CNTPS_CVAL_EL1_set
                0xffff8000402003b8                _ARM_CNTPS_CVAL_EL1_get
                0xffff8000402003c0                _ARM_CNTPS_TVAL_EL1_set
                0xffff8000402003cc                _ARM_CNTPS_TVAL_EL1_get
 *fill*         0xffff8000402003d4      0x42c 
 .text          0xffff800040200800     0x1100 bin/obj/__arm/exceptions/el2_vectors.o
                0xffff800040200800                _el2_init_vector
 .text          0xffff800040201900       0x68 bin/obj/__arm/exceptions/exceptions.o
                0xffff800040201900                _exceptions_get_DAIF
                0xffff800040201908                _fiq_exceptions_enable
                0xffff800040201914                _irq_exceptions_enable
                0xffff800040201920                _serror_exceptions_enable
                0xffff80004020192c                _debug_exceptions_enable
                0xffff800040201938                _fiq_exceptions_disable
                0xffff800040201944                _irq_exceptions_disable
                0xffff800040201950                _serror_exceptions_disable
                0xffff80004020195c                _debug_exceptions_disable
 *fill*         0xffff800040201968      0x698 
 .text          0xffff800040202000     0x1f00 bin/obj/__arm/exceptions/el1_vectors.o
                0xffff800040202000                _el1_init_vector
 .text          0xffff800040203f00        0x8 bin/obj/__arm/cpu.o
                0xffff800040203f00                _ARM_get_sp
 *fill*         0xffff800040203f08        0x8 
 .text          0xffff800040203f10       0xa0 bin/obj/__arm/mmu/regs/mmu_sysregs.o
                0xffff800040203f10                _mmu_get_MAIR_EL1
                0xffff800040203f18                _mmu_set_MAIR_EL1
                0xffff800040203f50                _mmu_get_SCTLR_EL1
                0xffff800040203f58                _mmu_set_SCTLR_EL1
                0xffff800040203f64                _mmu_get_TTBR0_EL1
                0xffff800040203f6c                _mmu_set_TTBR0_EL1
                0xffff800040203f7c                _mmu_get_TTBR1_EL1
                0xffff800040203f84                _mmu_set_TTBR1_EL1
                0xffff800040203f94                _mmu_get_TCR_EL1
                0xffff800040203f9c                _mmu_set_TCR_EL1
                0xffff800040203fa8                _mmu_get_ID_AA64MMFR0_EL1
 .text          0xffff800040203fb0       0x34 bin/obj/__lib/lock/spinlock_irq.o
                0xffff800040203fb0                _spin_lock_irqsave
                0xffff800040203fcc                _spin_unlock_irqrestore
 *fill*         0xffff800040203fe4        0xc 
 .text          0xffff800040203ff0       0x58 bin/obj/__lib/lock/spinlock.o
                0xffff800040203ff0                _spin_try_lock
                0xffff800040204018                _spin_lock
                0xffff800040204038                _spin_unlock
 *fill*         0xffff800040204048        0x8 
 .text          0xffff800040204050       0x14 bin/obj/__lib/lock/irqlock.o
                0xffff800040204050                _irq_lock
                0xffff80004020405c                _irq_unlock
 .text          0xffff800040204064       0xc0 bin/obj/__lib/lock/corelock.o
                0xffff800040204064                _core_lock
                0xffff8000402040a8                _core_unlock
                0xffff8000402040d8                _core_try_lock
 *fill*         0xffff800040204124        0xc 
 .text          0xffff800040204130      0x250 bin/obj/__lib/mem/memcpy/memcpy.o
                0xffff800040204130                _memcpy
                0xffff800040204240                _memcpy64
                0xffff800040204270                _memcpy32
                0xffff8000402042a0                _memcpy16
                0xffff8000402042d0                _memcpy8
                0xffff800040204300                _memcpy4
                0xffff800040204330                _memcpy2
                0xffff800040204360                _memcpy1
 .text          0xffff800040204380      0x124 bin/obj/__lib/mem/memzero/memzero.o
                0xffff800040204380                _memzero
                0xffff800040204478                _memzero64
 .text          0xffff8000402044a4        0x8 bin/obj/__lib/mem/mem.o
                0xffff8000402044a4                _ID_AA64MMFR0_EL1_read
 *fill*         0xffff8000402044ac        0x4 
 .text          0xffff8000402044b0       0x60 bin/obj/__boot/clean_bss.o
                0xffff8000402044b0                _clean_bss
 .text          0xffff800040204510       0x8c bin/obj/__boot/el1.o
                0xffff800040204510                _switch_to_el1
                0xffff800040204570                _el1_entry
 *fill*         0xffff80004020459c        0x4 
 .text          0xffff8000402045a0       0x98 bin/obj/__boot/stacks.o
                0xffff8000402045a0                _setup_stack_el1
                0xffff8000402045d4                _reset_stack_el1
 *fill*         0xffff800040204638        0x8 
 .text          0xffff800040204640       0x58 bin/obj/__boot/secondary_entry.o
                0xffff800040204640                _secondary_entry
 .text          0xffff800040204698      0x108 bin/obj/__boot/gpr.o
                0xffff800040204698                _init_gpr
 .text          0xffff8000402047a0        0x0 bin/obj/__boot/boot.o
 .text          0xffff8000402047a0        0x8 bin/obj/__drivers/tmu/tmu_critical_default.o
                0xffff8000402047a0                _TMU_critical_hang
 *fill*         0xffff8000402047a8        0x8 
 .text          0xffff8000402047b0       0x3c bin/obj/__drivers/interrupts/gicv3/gicv3_arm_interface.o
                0xffff8000402047b0                _GICV3_ARM_ICC_SRE_EL1_write
                0xffff8000402047bc                _GICV3_ARM_ICC_PMR_EL1_write
                0xffff8000402047c8                _GICV3_ARM_ICC_PMR_EL1_read
                0xffff8000402047d0                _GICV3_ARM_ICC_IGRPEN1_EL1_write
                0xffff8000402047dc                _GICV3_ARM_ICC_IAR1_EL1_read
                0xffff8000402047e4                _GICV3_ARM_ICC_EOIR1_EL1_write
 .text          0xffff8000402047ec        0x0 bin/obj/kernel/devices/drivers.o
 *fill*         0xffff8000402047ec        0x4 
 .text          0xffff8000402047f0       0x14 bin/obj/kernel/init/early_init.o
                0xffff8000402047f0                kernel_early_init
 *fill*         0xffff800040204804        0xc 
 .text          0xffff800040204810      0x104 bin/obj/kernel/init/init_drivers.o
 *fill*         0xffff800040204914        0xc 
 .text          0xffff800040204920      0x114 bin/obj/kernel/init/init.o
                0xffff800040204920                kernel_init
 *fill*         0xffff800040204a34        0xc 
 .text          0xffff800040204a40       0x48 bin/obj/kernel/lib/smp.o
                0xffff800040204a40                wake_core
 *fill*         0xffff800040204a88        0x8 
 .text          0xffff800040204a90      0x4c0 bin/obj/kernel/lib/kvec.o
                0xffff800040204a90                kvec_push
                0xffff800040204bd0                kvec_pop
                0xffff800040204e50                kvec_set
                0xffff800040204ed0                kvec_get_copy
                0xffff800040204f20                kvec_get_mut
 .text          0xffff800040204f50      0xd1c bin/obj/kernel/mm/phys/page_allocator.o
                0xffff8000402050c0                page_malloc
                0xffff800040205270                page_free
                0xffff800040205430                page_allocator_update_tag
                0xffff800040205550                page_allocator_get_data
                0xffff800040205630                page_allocator_set_data
                0xffff800040205710                page_allocator_init
                0xffff8000402058d0                page_allocator_update_memregs
                0xffff800040205b70                page_allocator_debug
 .text          0xffff800040205c6c        0x0 bin/obj/kernel/mm/init/mem_regions/mem_regions.o
 *fill*         0xffff800040205c6c        0x4 
 .text          0xffff800040205c70      0xdd0 bin/obj/kernel/mm/init/mem_regions/early_kalloc.o
                0xffff800040206020                early_kalloc_init
                0xffff800040206680                early_kalloc
                0xffff800040206840                early_kalloc_get_memregs
                0xffff800040206970                early_kalloc_debug
 .text          0xffff800040206a40       0x64 bin/obj/kernel/mm/init/init.o
                0xffff800040206a40                mm_early_init
                0xffff800040206a90                mm_init
 *fill*         0xffff800040206aa4        0xc 
 .text          0xffff800040206ab0      0x4d4 bin/obj/kernel/mm/init/identity_mapping.o
                0xffff800040206b80                early_identity_mapping
 *fill*         0xffff800040206f84        0xc 
 .text          0xffff800040206f90      0x690 bin/obj/kernel/mm/virt/containers/containers.o
                0xffff800040206f90                vmalloc_init_containers
                0xffff800040207020                get_new_fva_node
                0xffff800040207120                get_new_rva_node
                0xffff800040207220                free_fva_node
                0xffff800040207370                free_rva_node
                0xffff8000402074d0                vmalloc_containers_debug_fva
                0xffff800040207580                vmalloc_containers_debug_rva
 .text          0xffff800040207620      0x24c bin/obj/kernel/mm/virt/mdt/mdt.o
                0xffff800040207620                vmalloc_pa_mdt_init
                0xffff800040207680                vmalloc_pa_mdt_push
                0xffff8000402077c0                vmalloc_pa_mdt_free
 *fill*         0xffff80004020786c        0x4 
 .text          0xffff800040207870     0x1798 bin/obj/kernel/mm/virt/vmalloc.o
                0xffff800040207cd0                vmalloc_init
                0xffff800040207d60                vmalloc_update_memregs
                0xffff800040207fb0                vmalloc
                0xffff800040208140                vmalloc_get_free_bytes
                0xffff800040208190                vmalloc_get_reserved_bytes
                0xffff8000402081e0                vmalloc_update_tag
                0xffff800040208300                vmalloc_get_addr_info
                0xffff8000402084b0                vmalloc_get_token
                0xffff800040208570                __vmalloc_token__vmalloc_get_mdt
                0xffff800040208580                __voidptr__vmalloc_get_mdt
                0xffff800040208610                vmalloc_push_pa
                0xffff800040208620                vmalloc_get_pa_count
                0xffff800040208630                vmalloc_get_pa_info
                0xffff800040208690                __vmalloc_token__vfree
                0xffff800040208940                __voidptr__vfree
                0xffff8000402089d0                vmalloc_debug_free
                0xffff800040208bb0                vmalloc_debug_reserved
                0xffff800040208e10                vmalloc_debug_nodes
 *fill*         0xffff800040209008        0x8 
 .text          0xffff800040209010      0x61c bin/obj/kernel/mm/malloc/raw_kmalloc/raw_kmalloc.o
                0xffff800040209010                raw_kmalloc_init
                0xffff800040209020                __raw_kmalloc
                0xffff800040209420                raw_kfree
                0xffff800040209610                raw_kmalloc_lock
                0xffff800040209620                raw_kmalloc_unlock
 *fill*         0xffff80004020962c        0x4 
 .text          0xffff800040209630     0x1100 bin/obj/kernel/mm/malloc/cache_malloc/cache_malloc.o
                0xffff800040209630                cache_malloc_init
                0xffff800040209670                cache_malloc
                0xffff800040209e90                cache_free
                0xffff80004020a6a0                cache_malloc_size_from_ptr
 .text          0xffff80004020a730      0x360 bin/obj/kernel/mm/malloc/internal/reserve_malloc.o
                0xffff80004020a730                reserve_malloc_init
                0xffff80004020a890                reserve_malloc
                0xffff80004020a9a0                reserve_malloc_fill
 .text          0xffff80004020aa90      0x118 bin/obj/kernel/mm/malloc/kmalloc/kmalloc.o
                0xffff80004020aa90                kmalloc
                0xffff80004020ab00                kfree
 *fill*         0xffff80004020aba8        0x8 
 .text          0xffff80004020abb0      0xa50 bin/obj/kernel/mm/malloc/umalloc.o
                0xffff80004020ac90                umalloc
                0xffff80004020afe0                umalloc_assign_pa
                0xffff80004020b360                ufree
                0xffff80004020b480                uregion_is_allocated
                0xffff80004020b4e0                uregion_is_assigned
                0xffff80004020b590                tregion_find_free
 .text          0xffff80004020b600      0x1f0 bin/obj/kernel/mm/reloc/reloc.o
                0xffff80004020b600                mm_reloc_kernel
                0xffff80004020b680                reloc_cfg_end
 .text          0xffff80004020b7f0      0x284 bin/obj/kernel/mm/mm_mmu/mm_mmu.o
                0xffff80004020b8b0                mm_mmu_mapping_new
                0xffff80004020b970                mm_mmu_early_init
                0xffff80004020ba30                mm_mmu_core_handler_get
                0xffff80004020ba50                mm_mmu_core_handler_get_self
 *fill*         0xffff80004020ba74        0xc 
 .text          0xffff80004020ba80       0x6c bin/obj/kernel/mm/mm.o
                0xffff80004020ba80                mm_kernel_is_relocated
                0xffff80004020baa0                mm_dbg_print_mmu
                0xffff80004020bab0                mm_va_is_in_kmap_range
 *fill*         0xffff80004020baec        0x4 
 .text          0xffff80004020baf0      0x42c bin/obj/kernel/mm/mm_info.o
                0xffff80004020baf0                mm_info_init
                0xffff80004020bec0                mm_info_ddr_size
                0xffff80004020bed0                mm_info_ddr_start
                0xffff80004020bee0                mm_info_ddr_end
                0xffff80004020bef0                mm_info_kernel_start
                0xffff80004020bf00                mm_info_page_count
                0xffff80004020bf10                mm_info_mm_addr_space
 *fill*         0xffff80004020bf1c        0x4 
 .text          0xffff80004020bf20      0x370 bin/obj/kernel/mm/elf.o
                0xffff80004020bf20                elf_load
 .text          0xffff80004020c290      0x18c bin/obj/kernel/io/term/buffers.o
                0xffff80004020c290                term_buffer_push
                0xffff80004020c360                term_buffer_pop
                0xffff80004020c3f0                term_buffer_peek
 *fill*         0xffff80004020c41c        0x4 
 .text          0xffff80004020c420      0x308 bin/obj/kernel/io/term/term.o
                0xffff80004020c480                term_new
                0xffff80004020c4e0                term_delete
                0xffff80004020c530                term_printc
                0xffff80004020c5a0                term_prints
                0xffff80004020c630                term_printf
                0xffff80004020c6a0                term_flush
 *fill*         0xffff80004020c728        0x8 
 .text          0xffff80004020c730      0x180 bin/obj/kernel/io/stdio.o
                0xffff80004020c730                io_early_init
                0xffff80004020c7d0                io_init
                0xffff80004020c830                io_flush
                0xffff80004020c840                fkprintf
                0xffff80004020c8a0                fkprint
 .text          0xffff80004020c8b0       0xc0 bin/obj/kernel/io/stdputc.o
 .text          0xffff80004020c970      0x23c bin/obj/kernel/panic/panic_exception/esr/data_abort.o
                0xffff80004020c970                print_data_abort_info
 *fill*         0xffff80004020cbac        0x4 
 .text          0xffff80004020cbb0      0x11c bin/obj/kernel/panic/panic_exception/esr/esr.o
                0xffff80004020cbb0                print_esr
 *fill*         0xffff80004020cccc        0x4 
 .text          0xffff80004020ccd0       0xf4 bin/obj/kernel/panic/panic_exception/panic_exception_handlers.o
                0xffff80004020ccd0                handle_sync_panic
                0xffff80004020cd50                handle_irq_panic
                0xffff80004020cdb0                handle_fiq_panic
                0xffff80004020cdc0                handle_serror_panic
 .text          0xffff80004020cdc4        0x0 bin/obj/kernel/panic/panic.o
 .text.unlikely
                0xffff80004020cdc4      0x248 bin/obj/kernel/panic/panic.o
                0xffff80004020cfe4                panic
                0xffff80004020cff4                panicr
 *fill*         0xffff80004020d00c        0x4 
 .text          0xffff80004020d010       0xdc bin/obj/kernel/exception/el0/sync/sync.o
                0xffff80004020d010                exception_handler_sync
 *fill*         0xffff80004020d0ec        0x4 
 .text          0xffff80004020d0f0      0x180 bin/obj/kernel/exception/el1/irq.o
                0xffff80004020d230                exception_handler_irq
 .text          0xffff80004020d270       0xd4 bin/obj/kernel/scheduler/task.o
                0xffff80004020d270                task_ctl_init
                0xffff80004020d290                task_new
                0xffff80004020d340                task_delete
 *fill*         0xffff80004020d344        0xc 
 .text          0xffff80004020d350      0x454 bin/obj/kernel/scheduler/scheduler.o
                0xffff80004020d350                scheduler_init
                0xffff80004020d3a0                scheduler_loop_cpu_enter
                0xffff80004020d480                scheduler_loop_cpu_exit
                0xffff80004020d4a0                scheduler_ectx_save
                0xffff80004020d500                schedurer_ectx_restore
                0xffff80004020d5c0                schedule_thread
                0xffff80004020d6b0                unschedule_thread
 *fill*         0xffff80004020d7a4        0xc 
 .text          0xffff80004020d7b0       0xdc bin/obj/kernel/scheduler/thread.o
                0xffff80004020d7b0                thread_assign_stack
 *fill*         0xffff80004020d88c        0x4 
 .text          0xffff80004020d890       0x88 bin/obj/kernel/syscall/handlers/exit.o
                0xffff80004020d890                syscall64_exit
 *fill*         0xffff80004020d918        0x8 
 .text          0xffff80004020d920       0xdc bin/obj/kernel/syscall/handlers/print.o
                0xffff80004020d920                syscall64_print
 *fill*         0xffff80004020d9fc        0x4 
 .text          0xffff80004020da00       0x54 bin/obj/kernel/syscall/syscall.o
                0xffff80004020da00                sysc64_dispatch
 .text          0xffff80004020da54        0x0 bin/obj/kernel/userspace_embedded_examples.o
 *fill*         0xffff80004020da54        0xc 
 .text          0xffff80004020da60       0xf4 bin/obj/kernel/kernel_entry.o
                0xffff80004020da60                kernel_entry
 .text          0xffff80004020db54        0x0 bin/obj/arm/tfa/smccc.o
 *fill*         0xffff80004020db54        0xc 
 .text          0xffff80004020db60       0x48 bin/obj/arm/exceptions/handlers/el1/el1_low_a32_serror.o
                0xffff80004020db60                el1_low_a32_serror_handler
 *fill*         0xffff80004020dba8        0x8 
 .text          0xffff80004020dbb0       0x48 bin/obj/arm/exceptions/handlers/el1/el1_low_a32_fiq.o
                0xffff80004020dbb0                el1_low_a32_fiq_handler
 *fill*         0xffff80004020dbf8        0x8 
 .text          0xffff80004020dc00       0x48 bin/obj/arm/exceptions/handlers/el1/el1_cur_spx_fiq.o
                0xffff80004020dc00                el1_cur_spx_fiq_handler
 *fill*         0xffff80004020dc48        0x8 
 .text          0xffff80004020dc50       0x48 bin/obj/arm/exceptions/handlers/el1/el1_cur_spx_serror.o
                0xffff80004020dc50                el1_cur_spx_serror_handler
 *fill*         0xffff80004020dc98        0x8 
 .text          0xffff80004020dca0       0x48 bin/obj/arm/exceptions/handlers/el1/el1_low_a32_irq.o
                0xffff80004020dca0                el1_low_a32_irq_handler
 *fill*         0xffff80004020dce8        0x8 
 .text          0xffff80004020dcf0       0x48 bin/obj/arm/exceptions/handlers/el1/el1_low_a64_fiq.o
                0xffff80004020dcf0                el1_low_a64_fiq_handler
 *fill*         0xffff80004020dd38        0x8 
 .text          0xffff80004020dd40       0x48 bin/obj/arm/exceptions/handlers/el1/el1_cur_sp0_sync.o
                0xffff80004020dd40                el1_cur_sp0_sync_handler
 *fill*         0xffff80004020dd88        0x8 
 .text          0xffff80004020dd90       0x48 bin/obj/arm/exceptions/handlers/el1/el1_low_a64_serror.o
                0xffff80004020dd90                el1_low_a64_serror_handler
 *fill*         0xffff80004020ddd8        0x8 
 .text          0xffff80004020dde0       0x48 bin/obj/arm/exceptions/handlers/el1/el1_low_a32_sync.o
                0xffff80004020dde0                el1_low_a32_sync_handler
 *fill*         0xffff80004020de28        0x8 
 .text          0xffff80004020de30       0x48 bin/obj/arm/exceptions/handlers/el1/el1_cur_spx_sync.o
                0xffff80004020de30                el1_cur_spx_sync_handler
 *fill*         0xffff80004020de78        0x8 
 .text          0xffff80004020de80       0x48 bin/obj/arm/exceptions/handlers/el1/el1_cur_sp0_fiq.o
                0xffff80004020de80                el1_cur_sp0_fiq_handler
 *fill*         0xffff80004020dec8        0x8 
 .text          0xffff80004020ded0       0x48 bin/obj/arm/exceptions/handlers/el1/el1_cur_sp0_serror.o
                0xffff80004020ded0                el1_cur_sp0_serror_handler
 *fill*         0xffff80004020df18        0x8 
 .text          0xffff80004020df20       0x48 bin/obj/arm/exceptions/handlers/el1/el1_cur_sp0_irq.o
                0xffff80004020df20                el1_cur_sp0_irq_handler
 *fill*         0xffff80004020df68        0x8 
 .text          0xffff80004020df70        0x4 bin/obj/arm/exceptions/handlers/el1/el1_cur_spx_irq.o
                0xffff80004020df70                el1_cur_spx_irq_handler
 *fill*         0xffff80004020df74        0xc 
 .text          0xffff80004020df80        0x4 bin/obj/arm/exceptions/handlers/el1/el1_low_a64_irq.o
                0xffff80004020df80                el1_low_a64_irq_handler
 *fill*         0xffff80004020df84        0xc 
 .text          0xffff80004020df90        0x4 bin/obj/arm/exceptions/handlers/el1/el1_low_a64_sync.o
                0xffff80004020df90                el1_low_a64_sync_handler
 *fill*         0xffff80004020df94        0xc 
 .text          0xffff80004020dfa0       0x48 bin/obj/arm/exceptions/handlers/el2/el2_low_a32_serror.o
                0xffff80004020dfa0                el2_low_a32_serror_handler
 *fill*         0xffff80004020dfe8        0x8 
 .text          0xffff80004020dff0       0x48 bin/obj/arm/exceptions/handlers/el2/el2_cur_spx_serror.o
                0xffff80004020dff0                el2_cur_spx_serror_handler
 *fill*         0xffff80004020e038        0x8 
 .text          0xffff80004020e040       0x48 bin/obj/arm/exceptions/handlers/el2/el2_low_a64_serror.o
                0xffff80004020e040                el2_low_a64_serror_handler
 *fill*         0xffff80004020e088        0x8 
 .text          0xffff80004020e090       0x48 bin/obj/arm/exceptions/handlers/el2/el2_low_a64_sync.o
                0xffff80004020e090                el2_low_a64_sync_handler
 *fill*         0xffff80004020e0d8        0x8 
 .text          0xffff80004020e0e0       0x48 bin/obj/arm/exceptions/handlers/el2/el2_cur_sp0_irq.o
                0xffff80004020e0e0                el2_cur_sp0_irq_handler
 *fill*         0xffff80004020e128        0x8 
 .text          0xffff80004020e130       0x48 bin/obj/arm/exceptions/handlers/el2/el2_cur_sp0_serror.o
                0xffff80004020e130                el2_cur_sp0_serror_handler
 *fill*         0xffff80004020e178        0x8 
 .text          0xffff80004020e180       0x48 bin/obj/arm/exceptions/handlers/el2/el2_low_a64_irq.o
                0xffff80004020e180                el2_low_a64_irq_handler
 *fill*         0xffff80004020e1c8        0x8 
 .text          0xffff80004020e1d0       0x48 bin/obj/arm/exceptions/handlers/el2/el2_low_a64_fiq.o
                0xffff80004020e1d0                el2_low_a64_fiq_handler
 *fill*         0xffff80004020e218        0x8 
 .text          0xffff80004020e220       0x48 bin/obj/arm/exceptions/handlers/el2/el2_cur_spx_fiq.o
                0xffff80004020e220                el2_cur_spx_fiq_handler
 *fill*         0xffff80004020e268        0x8 
 .text          0xffff80004020e270       0x48 bin/obj/arm/exceptions/handlers/el2/el2_low_a32_irq.o
                0xffff80004020e270                el2_low_a32_irq_handler
 *fill*         0xffff80004020e2b8        0x8 
 .text          0xffff80004020e2c0       0x48 bin/obj/arm/exceptions/handlers/el2/el2_cur_sp0_fiq.o
                0xffff80004020e2c0                el2_cur_sp0_fiq_handler
 *fill*         0xffff80004020e308        0x8 
 .text          0xffff80004020e310       0x48 bin/obj/arm/exceptions/handlers/el2/el2_low_a32_fiq.o
                0xffff80004020e310                el2_low_a32_fiq_handler
 *fill*         0xffff80004020e358        0x8 
 .text          0xffff80004020e360       0x48 bin/obj/arm/exceptions/handlers/el2/el2_cur_spx_sync.o
                0xffff80004020e360                el2_cur_spx_sync_handler
 *fill*         0xffff80004020e3a8        0x8 
 .text          0xffff80004020e3b0       0x48 bin/obj/arm/exceptions/handlers/el2/el2_low_a32_sync.o
                0xffff80004020e3b0                el2_low_a32_sync_handler
 *fill*         0xffff80004020e3f8        0x8 
 .text          0xffff80004020e400       0x48 bin/obj/arm/exceptions/handlers/el2/el2_cur_sp0_sync.o
                0xffff80004020e400                el2_cur_sp0_sync_handler
 *fill*         0xffff80004020e448        0x8 
 .text          0xffff80004020e450       0x48 bin/obj/arm/exceptions/handlers/el2/el2_cur_spx_irq.o
                0xffff80004020e450                el2_cur_spx_irq_handler
 *fill*         0xffff80004020e498        0x8 
 .text          0xffff80004020e4a0      0x24c bin/obj/arm/exceptions/handlers/exception_macros.o
                0xffff80004020e4a0                select_src_enum_
                0xffff80004020e5c0                select_exception_type_enum_
                0xffff80004020e6a0                exception_panic
 *fill*         0xffff80004020e6ec        0x4 
 .text          0xffff80004020e6f0      0x198 bin/obj/arm/exceptions/exceptions.o
                0xffff80004020e6f0                arm_exceptions_get_status
                0xffff80004020e740                arm_exceptions_set_status
                0xffff80004020e7a0                arm_exceptions_enable
                0xffff80004020e810                arm_exceptions_disable
                0xffff80004020e880                arm_get_exception_level
 *fill*         0xffff80004020e888        0x8 
 .text          0xffff80004020e890     0x11fc bin/obj/arm/mmu/mmu.o
                0xffff80004020eca0                mmu_is_active
                0xffff80004020ecc0                mmu_map
                0xffff80004020f470                mmu_unmap
 *fill*         0xffff80004020fa8c        0x4 
 .text          0xffff80004020fa90      0xfa4 bin/obj/arm/mmu/mmu_core.o
                0xffff80004020fc50                mmu_core_set_mapping
                0xffff80004020fdf0                mmu_core_set_d_cache
                0xffff80004020fe90                mmu_core_set_i_cache
                0xffff80004020ff40                mmu_core_set_align_trap
                0xffff80004020fff0                mmu_core_set_lo_enabled
                0xffff8000402100a0                mmu_core_set_hi_enabled
                0xffff800040210150                mmu_core_set_lo_va_bits
                0xffff800040210200                mmu_core_set_hi_va_bits
                0xffff8000402102b0                mmu_core_set_lo_granularity
                0xffff8000402103c0                mmu_core_set_hi_granularity
                0xffff8000402104d0                mmu_core_handle_new
                0xffff800040210690                mmu_delete_mapping
                0xffff8000402106d0                mmu_core_activate
                0xffff8000402109b0                mmu_core_deactivate
 *fill*         0xffff800040210a34        0xc 
 .text          0xffff800040210a40       0x28 bin/obj/arm/cpu.o
                0xffff800040210a40                ARM_get_cpu_affinity
 *fill*         0xffff800040210a68        0x8 
 .text          0xffff800040210a70      0x13c bin/obj/lib/lock/corelock.o
                0xffff800040210a70                core_lock
                0xffff800040210aa0                core_unlock
                0xffff800040210b70                core_try_lock
 .text          0xffff800040210bac        0x0 bin/obj/lib/lock/unlock_defer.o
 *fill*         0xffff800040210bac        0x4 
 .text          0xffff800040210bb0       0xc4 bin/obj/lib/string/string.o
                0xffff800040210bb0                strcopy
                0xffff800040210bf0                strcmp
 *fill*         0xffff800040210c74        0xc 
 .text          0xffff800040210c80      0x7fc bin/obj/lib/string/fmt.o
                0xffff800040210c80                uint8_t_to_ascii_char
                0xffff800040210d00                stdint_to_ascii
                0xffff800040211020                str_fmt_print
 *fill*         0xffff80004021147c        0x4 
 .text          0xffff800040211480      0x1c8 bin/obj/lib/mem/memcpy/memcpy.o
                0xffff800040211480                memcpy64_aligned
                0xffff8000402115d0                memcpy64
 *fill*         0xffff800040211648        0x8 
 .text          0xffff800040211650       0x84 bin/obj/lib/mem/mem.o
                0xffff800040211650                pa_supported_bits
 *fill*         0xffff8000402116d4        0xc 
 .text          0xffff8000402116e0      0x498 bin/obj/drivers/arm_generic_timer/arm_generic_timer.o
                0xffff8000402116e0                AGT_ns_to_cycles
                0xffff800040211730                AGT_us_to_cycles
                0xffff800040211770                AGT_cnt_cycles
                0xffff800040211780                AGT_cnt_freq
                0xffff800040211790                AGT_cnt_time_ns
                0xffff8000402117c0                AGT_cnt_time_us
                0xffff8000402117f0                AGT_timer_schedule_cycles
                0xffff8000402118b0                AGT_timer_schedule_delta
                0xffff8000402119b0                AGT_timer_is_armed
                0xffff8000402119f0                AGT_timer_has_fired
                0xffff800040211a70                AGT_timer_cancel
                0xffff800040211ab0                AGT_handle_irq
                0xffff800040211b50                AGT_init_stage0
 *fill*         0xffff800040211b78        0x8 
 .text          0xffff800040211b80      0x9e0 bin/obj/drivers/tmu/tmu.o
                0xffff800040211c80                TMU_init_stage0
                0xffff800040211d40                TMU_init_stage1
                0xffff800040211f00                TMU_handle_irq
                0xffff800040211fc0                TMU_set_warn_temp
                0xffff800040212160                TMU_get_warnings_enabled
                0xffff8000402121c0                TMU_enable_warnings
                0xffff800040212230                TMU_disable_warnings
                0xffff8000402122a0                TMU_warn_pending
                0xffff8000402122e0                TMU_set_critical_temp
                0xffff800040212470                TMU_get_temp
 .text          0xffff800040212560      0x8bc bin/obj/drivers/interrupts/gicv3/gicv3.o
                0xffff800040212650                GICV3_set_cpu_priority_threshold
                0xffff800040212660                GICV3_set_spi_group1ns
                0xffff800040212710                GICV3_route_spi_to_cpu
                0xffff8000402127c0                GICV3_route_spi_to_self
                0xffff800040212880                GICV3_enable_spi
                0xffff800040212920                GICV3_set_priority
                0xffff8000402129d0                GICV3_set_edge_triggered
                0xffff800040212a80                GICV3_set_level_sensitive
                0xffff800040212b30                GICV3_wake_redistributor
                0xffff800040212b70                GICV3_init_distributor
                0xffff800040212b90                GICV3_init_cpu
                0xffff800040212bc0                GICV3_init_irq
                0xffff800040212d00                GICV3_get_intid_el1
                0xffff800040212d20                GICV3_ack_intid_el1
                0xffff800040212d30                GICV3_enable_ppi
 *fill*         0xffff800040212e1c        0x4 
 .text          0xffff800040212e20      0x6a0 bin/obj/drivers/uart/uart.o
                0xffff800040212fa0                uart_reset
                0xffff800040213060                uart_read
                0xffff800040213070                uart_handle_irq
                0xffff800040213220                uart_init_stage0
                0xffff8000402132f0                uart_init_stage1
                0xffff800040213330                uart_putc_sync
                0xffff800040213360                uart_putc
                0xffff8000402133c0                uart_early_init
                0xffff800040213480                uart_putc_early
 .text          0xffff8000402134c0        0x0 bin/obj/rslib.a(imx8mp_kernel-1a53598e06c50be6.imx8mp_kernel.241a9a11e0e6ae75-cgu.0.rcgu.o)
 .text._RNvCsiGVaDesi5rv_7___rustc17rust_begin_unwind
                0xffff8000402134c0        0x4 bin/obj/rslib.a(imx8mp_kernel-1a53598e06c50be6.imx8mp_kernel.241a9a11e0e6ae75-cgu.0.rcgu.o)
                0xffff8000402134c0                __rustc::rust_begin_unwind
 .text.pow2_ring_buffer_new
                0xffff8000402134c4       0x70 bin/obj/rslib.a(imx8mp_kernel-1a53598e06c50be6.imx8mp_kernel.241a9a11e0e6ae75-cgu.0.rcgu.o)
                0xffff8000402134c4                pow2_ring_buffer_new
 .text.pow2_ring_buffer_pop
                0xffff800040213534       0x90 bin/obj/rslib.a(imx8mp_kernel-1a53598e06c50be6.imx8mp_kernel.241a9a11e0e6ae75-cgu.0.rcgu.o)
                0xffff800040213534                pow2_ring_buffer_pop
 .text.pow2_ring_buffer_push
                0xffff8000402135c4       0xbc bin/obj/rslib.a(imx8mp_kernel-1a53598e06c50be6.imx8mp_kernel.241a9a11e0e6ae75-cgu.0.rcgu.o)
                0xffff8000402135c4                pow2_ring_buffer_push
 .text.rust_kernel_initcalls_stage0
                0xffff800040213680        0x4 bin/obj/rslib.a(imx8mp_kernel-1a53598e06c50be6.imx8mp_kernel.241a9a11e0e6ae75-cgu.0.rcgu.o)
                0xffff800040213680                rust_kernel_initcalls_stage1
                0xffff800040213680                rust_kernel_initcalls_stage2
                0xffff800040213680                rust_kernel_initcalls_stage0
 .text.unlikely.rust_test_panic
                0xffff800040213684       0x2c bin/obj/rslib.a(imx8mp_kernel-1a53598e06c50be6.imx8mp_kernel.241a9a11e0e6ae75-cgu.0.rcgu.o)
                0xffff800040213684                rust_test_panic
 .text.uart_rx_len
                0xffff8000402136b0       0x18 bin/obj/rslib.a(imx8mp_kernel-1a53598e06c50be6.imx8mp_kernel.241a9a11e0e6ae75-cgu.0.rcgu.o)
                0xffff8000402136b0                uart_rx_len
 .text.uart_rxbuf_pop
                0xffff8000402136c8       0x58 bin/obj/rslib.a(imx8mp_kernel-1a53598e06c50be6.imx8mp_kernel.241a9a11e0e6ae75-cgu.0.rcgu.o)
                0xffff8000402136c8                uart_rxbuf_pop
 .text.uart_rxbuf_push
                0xffff800040213720       0x6c bin/obj/rslib.a(imx8mp_kernel-1a53598e06c50be6.imx8mp_kernel.241a9a11e0e6ae75-cgu.0.rcgu.o)
                0xffff800040213720                uart_rxbuf_push
 .text.uart_tx_len
                0xffff80004021378c       0x18 bin/obj/rslib.a(imx8mp_kernel-1a53598e06c50be6.imx8mp_kernel.241a9a11e0e6ae75-cgu.0.rcgu.o)
                0xffff80004021378c                uart_tx_len
 .text.uart_txbuf_pop
                0xffff8000402137a4       0x68 bin/obj/rslib.a(imx8mp_kernel-1a53598e06c50be6.imx8mp_kernel.241a9a11e0e6ae75-cgu.0.rcgu.o)
                0xffff8000402137a4                uart_txbuf_pop
 .text.uart_txbuf_push
                0xffff80004021380c       0x60 bin/obj/rslib.a(imx8mp_kernel-1a53598e06c50be6.imx8mp_kernel.241a9a11e0e6ae75-cgu.0.rcgu.o)
                0xffff80004021380c                uart_txbuf_push
 .text          0xffff80004021386c        0x0 bin/obj/rslib.a(core-dca77d77b03929cc.core.bbd04c23a4fa3c72-cgu.0.rcgu.o)
 .text._ZN101_$LT$core..char..CaseMappingIter$u20$as$u20$core..iter..traits..double_ended..DoubleEndedIterator$GT$15advance_back_by17hf0d6f1ce58d3f07dE
                0xffff80004021386c       0x28 bin/obj/rslib.a(core-dca77d77b03929cc.core.bbd04c23a4fa3c72-cgu.0.rcgu.o)
                0xffff80004021386c                <core::char::CaseMappingIter as core::iter::traits::double_ended::DoubleEndedIterator>::advance_back_by
 .text._ZN101_$LT$core..char..CaseMappingIter$u20$as$u20$core..iter..traits..double_ended..DoubleEndedIterator$GT$9next_back17hc65cc64a3027a392E
                0xffff800040213894       0x28 bin/obj/rslib.a(core-dca77d77b03929cc.core.bbd04c23a4fa3c72-cgu.0.rcgu.o)
                0xffff800040213894                <core::char::CaseMappingIter as core::iter::traits::double_ended::DoubleEndedIterator>::next_back
 .text._ZN105_$LT$core..slice..ascii..EscapeAscii$u20$as$u20$core..iter..traits..double_ended..DoubleEndedIterator$GT$9next_back17h61446658ee893423E
                0xffff8000402138bc      0x120 bin/obj/rslib.a(core-dca77d77b03929cc.core.bbd04c23a4fa3c72-cgu.0.rcgu.o)
                0xffff8000402138bc                <core::slice::ascii::EscapeAscii as core::iter::traits::double_ended::DoubleEndedIterator>::next_back
 .text._ZN105_$LT$dyn$u20$core..any..Any$u2b$core..marker..Send$u2b$core..marker..Sync$u20$as$u20$core..fmt..Debug$GT$3fmt17hd0716b989b3da57dE
                0xffff8000402139dc       0x60 bin/obj/rslib.a(core-dca77d77b03929cc.core.bbd04c23a4fa3c72-cgu.0.rcgu.o)
                0xffff8000402139dc                <dyn core::any::Any as core::fmt::Debug>::fmt
                0xffff8000402139dc                <dyn core::any::Any+core::marker::Send as core::fmt::Debug>::fmt
                0xffff8000402139dc                <dyn core::any::Any+core::marker::Send+core::marker::Sync as core::fmt::Debug>::fmt
 .text._ZN110_$LT$$LT$core..wtf8..EncodeWide$u20$as$u20$core..fmt..Debug$GT$..fmt..CodeUnit$u20$as$u20$core..fmt..Debug$GT$3fmt17hda14d4f4daf3c5c9E
                0xffff800040213a3c       0xa0 bin/obj/rslib.a(core-dca77d77b03929cc.core.bbd04c23a4fa3c72-cgu.0.rcgu.o)
                0xffff800040213a3c                <<core::wtf8::EncodeWide as core::fmt::Debug>::fmt::CodeUnit as core::fmt::Debug>::fmt
 .text._ZN116_$LT$core..net..ip_addr..Ipv4Addr$u20$as$u20$core..ops..bit..BitOrAssign$LT$$RF$core..net..ip_addr..Ipv4Addr$GT$$GT$12bitor_assign17h2747ee25fbf1738bE
                0xffff800040213adc       0x80 bin/obj/rslib.a(core-dca77d77b03929cc.core.bbd04c23a4fa3c72-cgu.0.rcgu.o)
                0xffff800040213adc                <core::net::ip_addr::Ipv4Addr as core::ops::bit::BitOrAssign<&core::net::ip_addr::Ipv4Addr>>::bitor_assign
 .text._ZN116_$LT$core..net..ip_addr..Ipv6Addr$u20$as$u20$core..ops..bit..BitOrAssign$LT$$RF$core..net..ip_addr..Ipv6Addr$GT$$GT$12bitor_assign17hff885b6f68f5609cE
                0xffff800040213b5c      0x1d0 bin/obj/rslib.a(core-dca77d77b03929cc.core.bbd04c23a4fa3c72-cgu.0.rcgu.o)
                0xffff800040213b5c                <core::net::ip_addr::Ipv6Addr as core::ops::bit::BitOrAssign<&core::net::ip_addr::Ipv6Addr>>::bitor_assign
 .text._ZN117_$LT$core..net..ip_addr..Ipv4Addr$u20$as$u20$core..ops..bit..BitAndAssign$LT$$RF$core..net..ip_addr..Ipv4Addr$GT$$GT$13bitand_assign17hb3faa6ba9d6ecb06E
                0xffff800040213d2c       0x80 bin/obj/rslib.a(core-dca77d77b03929cc.core.bbd04c23a4fa3c72-cgu.0.rcgu.o)
                0xffff800040213d2c                <core::net::ip_addr::Ipv4Addr as core::ops::bit::BitAndAssign<&core::net::ip_addr::Ipv4Addr>>::bitand_assign
 .text._ZN117_$LT$core..net..ip_addr..Ipv6Addr$u20$as$u20$core..ops..bit..BitAndAssign$LT$$RF$core..net..ip_addr..Ipv6Addr$GT$$GT$13bitand_assign17hb1c67c235aa10d9dE
                0xffff800040213dac      0x1d0 bin/obj/rslib.a(core-dca77d77b03929cc.core.bbd04c23a4fa3c72-cgu.0.rcgu.o)
                0xffff800040213dac                <core::net::ip_addr::Ipv6Addr as core::ops::bit::BitAndAssign<&core::net::ip_addr::Ipv6Addr>>::bitand_assign
 .text._ZN40_$LT$str$u20$as$u20$core..fmt..Debug$GT$3fmt17h5f6f1bf3a0007201E
                0xffff800040213f7c      0x3b0 bin/obj/rslib.a(core-dca77d77b03929cc.core.bbd04c23a4fa3c72-cgu.0.rcgu.o)
                0xffff800040213f7c                <str as core::fmt::Debug>::fmt
 .text._ZN41_$LT$char$u20$as$u20$core..fmt..Debug$GT$3fmt17h05bf1d95c56e9d68E
                0xffff80004021432c       0xe4 bin/obj/rslib.a(core-dca77d77b03929cc.core.bbd04c23a4fa3c72-cgu.0.rcgu.o)
                0xffff80004021432c                <char as core::fmt::Debug>::fmt
 .text._ZN42_$LT$$RF$T$u20$as$u20$core..fmt..Debug$GT$3fmt17h2cdcb51347d218f7E
                0xffff800040214410        0x8 bin/obj/rslib.a(core-dca77d77b03929cc.core.bbd04c23a4fa3c72-cgu.0.rcgu.o)
 .text._ZN42_$LT$$RF$T$u20$as$u20$core..fmt..Debug$GT$3fmt17h479b8efc69ca8267E
                0xffff800040214418        0x8 bin/obj/rslib.a(core-dca77d77b03929cc.core.bbd04c23a4fa3c72-cgu.0.rcgu.o)
 .text._ZN42_$LT$$RF$T$u20$as$u20$core..fmt..Debug$GT$3fmt17h5583193454f8b8d6E
                0xffff800040214420      0x164 bin/obj/rslib.a(core-dca77d77b03929cc.core.bbd04c23a4fa3c72-cgu.0.rcgu.o)
 .text._ZN42_$LT$$RF$T$u20$as$u20$core..fmt..Debug$GT$3fmt17h56b7a391078316eaE
                0xffff800040214584        0xc bin/obj/rslib.a(core-dca77d77b03929cc.core.bbd04c23a4fa3c72-cgu.0.rcgu.o)
 .text._ZN42_$LT$$RF$T$u20$as$u20$core..fmt..Debug$GT$3fmt17h7040e3522c936441E
                0xffff800040214590        0xc bin/obj/rslib.a(core-dca77d77b03929cc.core.bbd04c23a4fa3c72-cgu.0.rcgu.o)
 .text._ZN42_$LT$$RF$T$u20$as$u20$core..fmt..Debug$GT$3fmt17h73d6b45e08bc8e15E
                0xffff80004021459c       0x14 bin/obj/rslib.a(core-dca77d77b03929cc.core.bbd04c23a4fa3c72-cgu.0.rcgu.o)
 .text._ZN42_$LT$$RF$T$u20$as$u20$core..fmt..Debug$GT$3fmt17ha642bfdd7996c379E
                0xffff8000402145b0       0x14 bin/obj/rslib.a(core-dca77d77b03929cc.core.bbd04c23a4fa3c72-cgu.0.rcgu.o)
 .text._ZN42_$LT$str$u20$as$u20$core..fmt..Display$GT$3fmt17hc0780a4df539a16aE
                0xffff8000402145c4       0x14 bin/obj/rslib.a(core-dca77d77b03929cc.core.bbd04c23a4fa3c72-cgu.0.rcgu.o)
                0xffff8000402145c4                <str as core::fmt::Display>::fmt
 .text._ZN43_$LT$bool$u20$as$u20$core..fmt..Display$GT$3fmt17h9806e9f5fa916ff1E
                0xffff8000402145d8       0x2c bin/obj/rslib.a(core-dca77d77b03929cc.core.bbd04c23a4fa3c72-cgu.0.rcgu.o)
                0xffff8000402145d8                <bool as core::fmt::Display>::fmt
 .text._ZN43_$LT$char$u20$as$u20$core..fmt..Display$GT$3fmt17h83f04f7b2308e64bE
                0xffff800040214604       0xf8 bin/obj/rslib.a(core-dca77d77b03929cc.core.bbd04c23a4fa3c72-cgu.0.rcgu.o)
                0xffff800040214604                <char as core::fmt::Display>::fmt
 .text._ZN44_$LT$$RF$T$u20$as$u20$core..fmt..Display$GT$3fmt17h703b070ad8b43283E
                0xffff8000402146fc        0x8 bin/obj/rslib.a(core-dca77d77b03929cc.core.bbd04c23a4fa3c72-cgu.0.rcgu.o)
 .text._ZN44_$LT$$RF$T$u20$as$u20$core..fmt..Display$GT$3fmt17h9bd2ce85ae1d3eddE
                0xffff800040214704      0x158 bin/obj/rslib.a(core-dca77d77b03929cc.core.bbd04c23a4fa3c72-cgu.0.rcgu.o)
 .text._ZN44_$LT$$RF$T$u20$as$u20$core..fmt..Display$GT$3fmt17hac20f0bb39cfdd9eE
                0xffff80004021485c       0x10 bin/obj/rslib.a(core-dca77d77b03929cc.core.bbd04c23a4fa3c72-cgu.0.rcgu.o)
 .text._ZN44_$LT$$RF$T$u20$as$u20$core..fmt..Display$GT$3fmt17hfec459358b2b0a7cE
                0xffff80004021486c        0x8 bin/obj/rslib.a(core-dca77d77b03929cc.core.bbd04c23a4fa3c72-cgu.0.rcgu.o)
 .text._ZN45_$LT$$RF$T$u20$as$u20$core..fmt..LowerHex$GT$3fmt17h05bd91b15c4ae0d9E
                0xffff800040214874       0x7c bin/obj/rslib.a(core-dca77d77b03929cc.core.bbd04c23a4fa3c72-cgu.0.rcgu.o)
 .text._ZN46_$LT$i8$u20$as$u20$core..pat..RangePattern$GT$7sub_one17h9a01a105c96fcbd5E
                0xffff8000402148f0       0x48 bin/obj/rslib.a(core-dca77d77b03929cc.core.bbd04c23a4fa3c72-cgu.0.rcgu.o)
                0xffff8000402148f0                <i8 as core::pat::RangePattern>::sub_one
 .text._ZN46_$LT$u8$u20$as$u20$core..pat..RangePattern$GT$7sub_one17h670240648e8e7fb4E
                0xffff800040214938       0x40 bin/obj/rslib.a(core-dca77d77b03929cc.core.bbd04c23a4fa3c72-cgu.0.rcgu.o)
                0xffff800040214938                <u8 as core::pat::RangePattern>::sub_one
 .text._ZN47_$LT$i16$u20$as$u20$core..pat..RangePattern$GT$7sub_one17h541e4bf249e12cddE
                0xffff800040214978       0x48 bin/obj/rslib.a(core-dca77d77b03929cc.core.bbd04c23a4fa3c72-cgu.0.rcgu.o)
                0xffff800040214978                <i16 as core::pat::RangePattern>::sub_one
 .text._ZN47_$LT$i32$u20$as$u20$core..pat..RangePattern$GT$7sub_one17h97b022b5d897e388E
                0xffff8000402149c0       0x3c bin/obj/rslib.a(core-dca77d77b03929cc.core.bbd04c23a4fa3c72-cgu.0.rcgu.o)
                0xffff8000402149c0                <i32 as core::pat::RangePattern>::sub_one
 .text._ZN47_$LT$i64$u20$as$u20$core..pat..RangePattern$GT$7sub_one17h0d4cbf88673eab66E
                0xffff8000402149fc       0x3c bin/obj/rslib.a(core-dca77d77b03929cc.core.bbd04c23a4fa3c72-cgu.0.rcgu.o)
                0xffff8000402149fc                <i64 as core::pat::RangePattern>::sub_one
                0xffff8000402149fc                <isize as core::pat::RangePattern>::sub_one
 .text._ZN47_$LT$u16$u20$as$u20$core..pat..RangePattern$GT$7sub_one17hf1b3147e5737ed06E
                0xffff800040214a38       0x40 bin/obj/rslib.a(core-dca77d77b03929cc.core.bbd04c23a4fa3c72-cgu.0.rcgu.o)
                0xffff800040214a38                <u16 as core::pat::RangePattern>::sub_one
 .text._ZN47_$LT$u32$u20$as$u20$core..pat..RangePattern$GT$7sub_one17h5f94339af8ab10a1E
                0xffff800040214a78       0x3c bin/obj/rslib.a(core-dca77d77b03929cc.core.bbd04c23a4fa3c72-cgu.0.rcgu.o)
                0xffff800040214a78                <u32 as core::pat::RangePattern>::sub_one
 .text._ZN47_$LT$u64$u20$as$u20$core..pat..RangePattern$GT$7sub_one17h24c018f405b1f310E
                0xffff800040214ab4       0x3c bin/obj/rslib.a(core-dca77d77b03929cc.core.bbd04c23a4fa3c72-cgu.0.rcgu.o)
                0xffff800040214ab4                <usize as core::pat::RangePattern>::sub_one
                0xffff800040214ab4                <u64 as core::pat::RangePattern>::sub_one
 .text._ZN48_$LT$char$u20$as$u20$core..pat..RangePattern$GT$7sub_one17he70177f83f7ceafcE
                0xffff800040214af0       0x54 bin/obj/rslib.a(core-dca77d77b03929cc.core.bbd04c23a4fa3c72-cgu.0.rcgu.o)
                0xffff800040214af0                <char as core::pat::RangePattern>::sub_one
 .text._ZN48_$LT$i128$u20$as$u20$core..pat..RangePattern$GT$7sub_one17hcbc11fca96f2cd53E
                0xffff800040214b44       0x4c bin/obj/rslib.a(core-dca77d77b03929cc.core.bbd04c23a4fa3c72-cgu.0.rcgu.o)
                0xffff800040214b44                <i128 as core::pat::RangePattern>::sub_one
 .text._ZN48_$LT$u128$u20$as$u20$core..pat..RangePattern$GT$7sub_one17h082c3491375e9509E
                0xffff800040214b90       0x4c bin/obj/rslib.a(core-dca77d77b03929cc.core.bbd04c23a4fa3c72-cgu.0.rcgu.o)
                0xffff800040214b90                <u128 as core::pat::RangePattern>::sub_one
 .text._ZN49_$LT$u8$u20$as$u20$core..num..bignum..FullOps$GT$12full_div_rem17h6fed2e224afbc72dE
                0xffff800040214bdc       0x38 bin/obj/rslib.a(core-dca77d77b03929cc.core.bbd04c23a4fa3c72-cgu.0.rcgu.o)
                0xffff800040214bdc                <u8 as core::num::bignum::FullOps>::full_div_rem
 .text.unlikely._ZN4core3f3221_$LT$impl$u20$f32$GT$5clamp8do_panic7runtime17h36a43f140f64d661E
                0xffff800040214c14       0x50 bin/obj/rslib.a(core-dca77d77b03929cc.core.bbd04c23a4fa3c72-cgu.0.rcgu.o)
                0xffff800040214c14                core::f32::<impl f32>::clamp::do_panic::runtime
 .text.unlikely._ZN4core3f6421_$LT$impl$u20$f64$GT$5clamp8do_panic7runtime17h94d48098c87e850eE
                0xffff800040214c64       0x50 bin/obj/rslib.a(core-dca77d77b03929cc.core.bbd04c23a4fa3c72-cgu.0.rcgu.o)
                0xffff800040214c64                core::f64::<impl f64>::clamp::do_panic::runtime
 .text._ZN4core3ffi5c_str4CStr19from_bytes_with_nul17hf7126ca100a56b9eE
                0xffff800040214cb4       0xf0 bin/obj/rslib.a(core-dca77d77b03929cc.core.bbd04c23a4fa3c72-cgu.0.rcgu.o)
                0xffff800040214cb4                core::ffi::c_str::CStr::from_bytes_with_nul
 .text._ZN4core3ffi5c_str4CStr20from_bytes_until_nul17h4a4d4ec068c826baE
                0xffff800040214da4       0xdc bin/obj/rslib.a(core-dca77d77b03929cc.core.bbd04c23a4fa3c72-cgu.0.rcgu.o)
                0xffff800040214da4                core::ffi::c_str::CStr::from_bytes_until_nul
 .text._ZN4core3ffi5c_str4CStr6to_str17hf906734cbe15885eE
                0xffff800040214e80        0x8 bin/obj/rslib.a(core-dca77d77b03929cc.core.bbd04c23a4fa3c72-cgu.0.rcgu.o)
                0xffff800040214e80                core::ffi::c_str::CStr::to_str
 .text._ZN4core3fmt17FormattingOptions8get_fill17he0043a57724473c7E
                0xffff800040214e88        0xc bin/obj/rslib.a(core-dca77d77b03929cc.core.bbd04c23a4fa3c72-cgu.0.rcgu.o)
                0xffff800040214e88                core::fmt::FormattingOptions::get_fill
 .text._ZN4core3fmt17pointer_fmt_inner17h9512fbe23d32d8a3E
                0xffff800040214e94       0xb8 bin/obj/rslib.a(core-dca77d77b03929cc.core.bbd04c23a4fa3c72-cgu.0.rcgu.o)
                0xffff800040214e94                core::fmt::pointer_fmt_inner
 .text._ZN4core3fmt3num22_$LT$impl$u20$i128$GT$11format_into17h7da8cadabd24f583E
                0xffff800040214f4c       0x74 bin/obj/rslib.a(core-dca77d77b03929cc.core.bbd04c23a4fa3c72-cgu.0.rcgu.o)
                0xffff800040214f4c                core::fmt::num::<impl i128>::format_into
 .text._ZN4core3fmt3num22_$LT$impl$u20$u128$GT$10_fmt_inner17hf030a7152409751aE
                0xffff800040214fc0      0x578 bin/obj/rslib.a(core-dca77d77b03929cc.core.bbd04c23a4fa3c72-cgu.0.rcgu.o)
 .text._ZN4core3fmt3num22_$LT$impl$u20$u128$GT$11format_into17h5dee2ace129fe29cE
                0xffff800040215538       0x34 bin/obj/rslib.a(core-dca77d77b03929cc.core.bbd04c23a4fa3c72-cgu.0.rcgu.o)
                0xffff800040215538                core::fmt::num::<impl u128>::format_into
 .text._ZN4core3fmt3num22_$LT$impl$u20$u128$GT$4_fmt17ha65d27b87d338669E
                0xffff80004021556c       0x2c bin/obj/rslib.a(core-dca77d77b03929cc.core.bbd04c23a4fa3c72-cgu.0.rcgu.o)
                0xffff80004021556c                core::fmt::num::<impl u128>::_fmt
 .text._ZN4core3fmt3num3imp20_$LT$impl$u20$i8$GT$11format_into17hfa6336419ff83042E
                0xffff800040215598      0x134 bin/obj/rslib.a(core-dca77d77b03929cc.core.bbd04c23a4fa3c72-cgu.0.rcgu.o)
                0xffff800040215598                core::fmt::num::imp::<impl i8>::format_into
 .text._ZN4core3fmt3num3imp20_$LT$impl$u20$u8$GT$11format_into17h879b7eff6dae2147E
                0xffff8000402156cc       0xa0 bin/obj/rslib.a(core-dca77d77b03929cc.core.bbd04c23a4fa3c72-cgu.0.rcgu.o)
                0xffff8000402156cc                core::fmt::num::imp::<impl u8>::format_into
 .text._ZN4core3fmt3num3imp20_$LT$impl$u20$u8$GT$4_fmt17ha676af9982528506E
                0xffff80004021576c       0x90 bin/obj/rslib.a(core-dca77d77b03929cc.core.bbd04c23a4fa3c72-cgu.0.rcgu.o)
                0xffff80004021576c                core::fmt::num::imp::<impl u8>::_fmt
 .text._ZN4core3fmt3num3imp21_$LT$impl$u20$i16$GT$11format_into17h2f71a14c8f3a6320E
                0xffff8000402157fc      0x1ec bin/obj/rslib.a(core-dca77d77b03929cc.core.bbd04c23a4fa3c72-cgu.0.rcgu.o)
                0xffff8000402157fc                core::fmt::num::imp::<impl i16>::format_into
 .text._ZN4core3fmt3num3imp21_$LT$impl$u20$i32$GT$11format_into17hbc98fbdd3b5c6d6eE
                0xffff8000402159e8      0x274 bin/obj/rslib.a(core-dca77d77b03929cc.core.bbd04c23a4fa3c72-cgu.0.rcgu.o)
                0xffff8000402159e8                core::fmt::num::imp::<impl i32>::format_into
 .text._ZN4core3fmt3num3imp21_$LT$impl$u20$i64$GT$11format_into17he56d1a706514badaE
                0xffff800040215c5c      0x27c bin/obj/rslib.a(core-dca77d77b03929cc.core.bbd04c23a4fa3c72-cgu.0.rcgu.o)
                0xffff800040215c5c                core::fmt::num::imp::<impl isize>::format_into
                0xffff800040215c5c                core::fmt::num::imp::<impl i64>::format_into
 .text._ZN4core3fmt3num3imp21_$LT$impl$u20$u16$GT$11format_into17hf5acce3bc060a7a4E
                0xffff800040215ed8       0xf8 bin/obj/rslib.a(core-dca77d77b03929cc.core.bbd04c23a4fa3c72-cgu.0.rcgu.o)
                0xffff800040215ed8                core::fmt::num::imp::<impl u16>::format_into
 .text._ZN4core3fmt3num3imp21_$LT$impl$u20$u16$GT$4_fmt17h9b16707f2c4d83c7E
                0xffff800040215fd0      0x108 bin/obj/rslib.a(core-dca77d77b03929cc.core.bbd04c23a4fa3c72-cgu.0.rcgu.o)
                0xffff800040215fd0                core::fmt::num::imp::<impl u16>::_fmt
 .text._ZN4core3fmt3num3imp21_$LT$impl$u20$u32$GT$11format_into17h699a29a216c381bfE
                0xffff8000402160d8      0x12c bin/obj/rslib.a(core-dca77d77b03929cc.core.bbd04c23a4fa3c72-cgu.0.rcgu.o)
                0xffff8000402160d8                core::fmt::num::imp::<impl u32>::format_into
 .text._ZN4core3fmt3num3imp21_$LT$impl$u20$u32$GT$4_fmt17hc5bdfc1c3dd3fd08E
                0xffff800040216204      0x130 bin/obj/rslib.a(core-dca77d77b03929cc.core.bbd04c23a4fa3c72-cgu.0.rcgu.o)
                0xffff800040216204                core::fmt::num::imp::<impl u32>::_fmt
 .text._ZN4core3fmt3num3imp21_$LT$impl$u20$u64$GT$11format_into17he2b4201a970f20d7E
                0xffff800040216334      0x130 bin/obj/rslib.a(core-dca77d77b03929cc.core.bbd04c23a4fa3c72-cgu.0.rcgu.o)
                0xffff800040216334                core::fmt::num::imp::<impl u64>::format_into
                0xffff800040216334                core::fmt::num::imp::<impl usize>::format_into
 .text._ZN4core3fmt3num3imp21_$LT$impl$u20$u64$GT$4_fmt17hf5cf8cc64887d18dE
                0xffff800040216464      0x134 bin/obj/rslib.a(core-dca77d77b03929cc.core.bbd04c23a4fa3c72-cgu.0.rcgu.o)
                0xffff800040216464                core::fmt::num::imp::<impl u64>::_fmt
                0xffff800040216464                core::fmt::num::imp::<impl usize>::_fmt
 .text._ZN4core3fmt3num3imp51_$LT$impl$u20$core..fmt..Display$u20$for$u20$i8$GT$3fmt17hcb39de988782ba27E
                0xffff800040216598       0xcc bin/obj/rslib.a(core-dca77d77b03929cc.core.bbd04c23a4fa3c72-cgu.0.rcgu.o)
                0xffff800040216598                core::fmt::num::imp::<impl core::fmt::Display for i8>::fmt
 .text._ZN4core3fmt3num3imp51_$LT$impl$u20$core..fmt..Display$u20$for$u20$u8$GT$3fmt17hf7d8c920e29b5333E
                0xffff800040216664       0xac bin/obj/rslib.a(core-dca77d77b03929cc.core.bbd04c23a4fa3c72-cgu.0.rcgu.o)
                0xffff800040216664                core::fmt::num::imp::<impl core::fmt::Display for u8>::fmt
 .text._ZN4core3fmt3num3imp52_$LT$impl$u20$core..fmt..Display$u20$for$u20$i16$GT$3fmt17h104a3911dccd2ff7E
                0xffff800040216710      0x11c bin/obj/rslib.a(core-dca77d77b03929cc.core.bbd04c23a4fa3c72-cgu.0.rcgu.o)
                0xffff800040216710                core::fmt::num::imp::<impl core::fmt::Display for i16>::fmt
 .text._ZN4core3fmt3num3imp52_$LT$impl$u20$core..fmt..Display$u20$for$u20$i32$GT$3fmt17h80bd409755b2ddaeE
                0xffff80004021682c      0x158 bin/obj/rslib.a(core-dca77d77b03929cc.core.bbd04c23a4fa3c72-cgu.0.rcgu.o)
                0xffff80004021682c                core::fmt::num::imp::<impl core::fmt::Display for i32>::fmt
 .text._ZN4core3fmt3num3imp52_$LT$impl$u20$core..fmt..Display$u20$for$u20$i64$GT$3fmt17h1e801d532e5ecaafE
                0xffff800040216984      0x15c bin/obj/rslib.a(core-dca77d77b03929cc.core.bbd04c23a4fa3c72-cgu.0.rcgu.o)
                0xffff800040216984                core::fmt::num::imp::<impl core::fmt::Display for isize>::fmt
                0xffff800040216984                core::fmt::num::imp::<impl core::fmt::Display for i64>::fmt
 .text._ZN4core3fmt3num3imp52_$LT$impl$u20$core..fmt..Display$u20$for$u20$u16$GT$3fmt17hdb2998ab968581d1E
                0xffff800040216ae0      0x104 bin/obj/rslib.a(core-dca77d77b03929cc.core.bbd04c23a4fa3c72-cgu.0.rcgu.o)
                0xffff800040216ae0                core::fmt::num::imp::<impl core::fmt::Display for u16>::fmt
 .text._ZN4core3fmt3num3imp52_$LT$impl$u20$core..fmt..Display$u20$for$u20$u32$GT$3fmt17h0b158e54c199f5dbE
                0xffff800040216be4      0x14c bin/obj/rslib.a(core-dca77d77b03929cc.core.bbd04c23a4fa3c72-cgu.0.rcgu.o)
                0xffff800040216be4                core::fmt::num::imp::<impl core::fmt::Display for u32>::fmt
 .text._ZN4core3fmt3num3imp52_$LT$impl$u20$core..fmt..Display$u20$for$u20$u64$GT$3fmt17h64f3911dafa6269fE
                0xffff800040216d30      0x154 bin/obj/rslib.a(core-dca77d77b03929cc.core.bbd04c23a4fa3c72-cgu.0.rcgu.o)
                0xffff800040216d30                core::fmt::num::imp::<impl core::fmt::Display for usize>::fmt
                0xffff800040216d30                core::fmt::num::imp::<impl core::fmt::Display for u64>::fmt
 .text._ZN4core3fmt3num3imp52_$LT$impl$u20$core..fmt..LowerExp$u20$for$u20$i8$GT$3fmt17h58d82f5837eb5be0E
                0xffff800040216e84       0x24 bin/obj/rslib.a(core-dca77d77b03929cc.core.bbd04c23a4fa3c72-cgu.0.rcgu.o)
                0xffff800040216e84                core::fmt::num::imp::<impl core::fmt::LowerExp for i8>::fmt
 .text._ZN4core3fmt3num3imp52_$LT$impl$u20$core..fmt..LowerExp$u20$for$u20$u8$GT$3fmt17h501ecc2dbdd34467E
                0xffff800040216ea8       0x18 bin/obj/rslib.a(core-dca77d77b03929cc.core.bbd04c23a4fa3c72-cgu.0.rcgu.o)
                0xffff800040216ea8                core::fmt::num::imp::<impl core::fmt::LowerExp for u8>::fmt
 .text._ZN4core3fmt3num3imp52_$LT$impl$u20$core..fmt..UpperExp$u20$for$u20$i8$GT$3fmt17ha0f846b22050294aE
                0xffff800040216ec0       0x24 bin/obj/rslib.a(core-dca77d77b03929cc.core.bbd04c23a4fa3c72-cgu.0.rcgu.o)
                0xffff800040216ec0                core::fmt::num::imp::<impl core::fmt::UpperExp for i8>::fmt
 .text._ZN4core3fmt3num3imp52_$LT$impl$u20$core..fmt..UpperExp$u20$for$u20$u8$GT$3fmt17h010e9c1ce5bc6f83E
                0xffff800040216ee4       0x18 bin/obj/rslib.a(core-dca77d77b03929cc.core.bbd04c23a4fa3c72-cgu.0.rcgu.o)
                0xffff800040216ee4                core::fmt::num::imp::<impl core::fmt::UpperExp for u8>::fmt
 .text._ZN4core3fmt3num3imp53_$LT$impl$u20$core..fmt..LowerExp$u20$for$u20$i16$GT$3fmt17h0ef11d9cfa7db045E
                0xffff800040216efc       0x24 bin/obj/rslib.a(core-dca77d77b03929cc.core.bbd04c23a4fa3c72-cgu.0.rcgu.o)
                0xffff800040216efc                core::fmt::num::imp::<impl core::fmt::LowerExp for i16>::fmt
 .text._ZN4core3fmt3num3imp53_$LT$impl$u20$core..fmt..LowerExp$u20$for$u20$i32$GT$3fmt17h73a92d63361655e1E
                0xffff800040216f20       0x24 bin/obj/rslib.a(core-dca77d77b03929cc.core.bbd04c23a4fa3c72-cgu.0.rcgu.o)
                0xffff800040216f20                core::fmt::num::imp::<impl core::fmt::LowerExp for i32>::fmt
 .text._ZN4core3fmt3num3imp53_$LT$impl$u20$core..fmt..LowerExp$u20$for$u20$i64$GT$3fmt17he8eaeb98c7470710E
                0xffff800040216f44       0x24 bin/obj/rslib.a(core-dca77d77b03929cc.core.bbd04c23a4fa3c72-cgu.0.rcgu.o)
                0xffff800040216f44                core::fmt::num::imp::<impl core::fmt::LowerExp for isize>::fmt
                0xffff800040216f44                core::fmt::num::imp::<impl core::fmt::LowerExp for i64>::fmt
 .text._ZN4core3fmt3num3imp53_$LT$impl$u20$core..fmt..LowerExp$u20$for$u20$u16$GT$3fmt17h49c4e818814d45dbE
                0xffff800040216f68       0x18 bin/obj/rslib.a(core-dca77d77b03929cc.core.bbd04c23a4fa3c72-cgu.0.rcgu.o)
                0xffff800040216f68                core::fmt::num::imp::<impl core::fmt::LowerExp for u16>::fmt
 .text._ZN4core3fmt3num3imp53_$LT$impl$u20$core..fmt..LowerExp$u20$for$u20$u32$GT$3fmt17h158f35b2865c949eE
                0xffff800040216f80       0x18 bin/obj/rslib.a(core-dca77d77b03929cc.core.bbd04c23a4fa3c72-cgu.0.rcgu.o)
                0xffff800040216f80                core::fmt::num::imp::<impl core::fmt::LowerExp for u32>::fmt
 .text._ZN4core3fmt3num3imp53_$LT$impl$u20$core..fmt..LowerExp$u20$for$u20$u64$GT$3fmt17hd02b9c2dab05dc10E
                0xffff800040216f98       0x18 bin/obj/rslib.a(core-dca77d77b03929cc.core.bbd04c23a4fa3c72-cgu.0.rcgu.o)
                0xffff800040216f98                core::fmt::num::imp::<impl core::fmt::LowerExp for usize>::fmt
                0xffff800040216f98                core::fmt::num::imp::<impl core::fmt::LowerExp for u64>::fmt
 .text._ZN4core3fmt3num3imp53_$LT$impl$u20$core..fmt..UpperExp$u20$for$u20$i16$GT$3fmt17h3fab035472132d68E
                0xffff800040216fb0       0x24 bin/obj/rslib.a(core-dca77d77b03929cc.core.bbd04c23a4fa3c72-cgu.0.rcgu.o)
                0xffff800040216fb0                core::fmt::num::imp::<impl core::fmt::UpperExp for i16>::fmt
 .text._ZN4core3fmt3num3imp53_$LT$impl$u20$core..fmt..UpperExp$u20$for$u20$i32$GT$3fmt17hc873c09afcd74914E
                0xffff800040216fd4       0x24 bin/obj/rslib.a(core-dca77d77b03929cc.core.bbd04c23a4fa3c72-cgu.0.rcgu.o)
                0xffff800040216fd4                core::fmt::num::imp::<impl core::fmt::UpperExp for i32>::fmt
 .text._ZN4core3fmt3num3imp53_$LT$impl$u20$core..fmt..UpperExp$u20$for$u20$i64$GT$3fmt17he2f6e251da279662E
                0xffff800040216ff8       0x24 bin/obj/rslib.a(core-dca77d77b03929cc.core.bbd04c23a4fa3c72-cgu.0.rcgu.o)
                0xffff800040216ff8                core::fmt::num::imp::<impl core::fmt::UpperExp for isize>::fmt
                0xffff800040216ff8                core::fmt::num::imp::<impl core::fmt::UpperExp for i64>::fmt
 .text._ZN4core3fmt3num3imp53_$LT$impl$u20$core..fmt..UpperExp$u20$for$u20$u16$GT$3fmt17h2e49b62056d088d3E
                0xffff80004021701c       0x18 bin/obj/rslib.a(core-dca77d77b03929cc.core.bbd04c23a4fa3c72-cgu.0.rcgu.o)
                0xffff80004021701c                core::fmt::num::imp::<impl core::fmt::UpperExp for u16>::fmt
 .text._ZN4core3fmt3num3imp53_$LT$impl$u20$core..fmt..UpperExp$u20$for$u20$u32$GT$3fmt17h67f329f6a561b042E
                0xffff800040217034       0x18 bin/obj/rslib.a(core-dca77d77b03929cc.core.bbd04c23a4fa3c72-cgu.0.rcgu.o)
                0xffff800040217034                core::fmt::num::imp::<impl core::fmt::UpperExp for u32>::fmt
 .text._ZN4core3fmt3num3imp53_$LT$impl$u20$core..fmt..UpperExp$u20$for$u20$u64$GT$3fmt17h089d5041d0086602E
                0xffff80004021704c       0x18 bin/obj/rslib.a(core-dca77d77b03929cc.core.bbd04c23a4fa3c72-cgu.0.rcgu.o)
                0xffff80004021704c                core::fmt::num::imp::<impl core::fmt::UpperExp for usize>::fmt
                0xffff80004021704c                core::fmt::num::imp::<impl core::fmt::UpperExp for u64>::fmt
 .text._ZN4core3fmt3num3imp7exp_u6417hcfe3e43662793de3E
                0xffff800040217064      0x540 bin/obj/rslib.a(core-dca77d77b03929cc.core.bbd04c23a4fa3c72-cgu.0.rcgu.o)
 .text._ZN4core3fmt3num49_$LT$impl$u20$core..fmt..Debug$u20$for$u20$i8$GT$3fmt17h827ef15b7c2cc75eE
                0xffff8000402175a4      0x18c bin/obj/rslib.a(core-dca77d77b03929cc.core.bbd04c23a4fa3c72-cgu.0.rcgu.o)
 .text._ZN4core3fmt3num49_$LT$impl$u20$core..fmt..Debug$u20$for$u20$u8$GT$3fmt17hbfcfc52b811f831eE
                0xffff800040217730      0x170 bin/obj/rslib.a(core-dca77d77b03929cc.core.bbd04c23a4fa3c72-cgu.0.rcgu.o)
 .text._ZN4core3fmt3num49_$LT$impl$u20$core..fmt..Octal$u20$for$u20$i8$GT$3fmt17h938552005bb66eb0E
                0xffff8000402178a0       0x78 bin/obj/rslib.a(core-dca77d77b03929cc.core.bbd04c23a4fa3c72-cgu.0.rcgu.o)
                0xffff8000402178a0                core::fmt::num::<impl core::fmt::Octal for i8>::fmt
 .text._ZN4core3fmt3num49_$LT$impl$u20$core..fmt..Octal$u20$for$u20$u8$GT$3fmt17hf4ab8ae14edcc341E
                0xffff800040217918       0x78 bin/obj/rslib.a(core-dca77d77b03929cc.core.bbd04c23a4fa3c72-cgu.0.rcgu.o)
                0xffff800040217918                core::fmt::num::<impl core::fmt::Octal for u8>::fmt
 .text._ZN4core3fmt3num50_$LT$impl$u20$core..fmt..Binary$u20$for$u20$i8$GT$3fmt17h364fc7cada5f95ebE
                0xffff800040217990       0x78 bin/obj/rslib.a(core-dca77d77b03929cc.core.bbd04c23a4fa3c72-cgu.0.rcgu.o)
                0xffff800040217990                core::fmt::num::<impl core::fmt::Binary for i8>::fmt
 .text._ZN4core3fmt3num50_$LT$impl$u20$core..fmt..Binary$u20$for$u20$u8$GT$3fmt17he2c0567fc6506356E
                0xffff800040217a08       0x78 bin/obj/rslib.a(core-dca77d77b03929cc.core.bbd04c23a4fa3c72-cgu.0.rcgu.o)
                0xffff800040217a08                core::fmt::num::<impl core::fmt::Binary for u8>::fmt
 .text._ZN4core3fmt3num50_$LT$impl$u20$core..fmt..Debug$u20$for$u20$i16$GT$3fmt17hd85915d27365f48cE
                0xffff800040217a80      0x1dc bin/obj/rslib.a(core-dca77d77b03929cc.core.bbd04c23a4fa3c72-cgu.0.rcgu.o)
 .text._ZN4core3fmt3num50_$LT$impl$u20$core..fmt..Debug$u20$for$u20$u16$GT$3fmt17h02c79a3af51ec021E
                0xffff800040217c5c      0x1c8 bin/obj/rslib.a(core-dca77d77b03929cc.core.bbd04c23a4fa3c72-cgu.0.rcgu.o)
 .text._ZN4core3fmt3num50_$LT$impl$u20$core..fmt..Debug$u20$for$u20$u32$GT$3fmt17hdcaa54ae5b814f37E
                0xffff800040217e24      0x200 bin/obj/rslib.a(core-dca77d77b03929cc.core.bbd04c23a4fa3c72-cgu.0.rcgu.o)
 .text._ZN4core3fmt3num50_$LT$impl$u20$core..fmt..Debug$u20$for$u20$u64$GT$3fmt17h6612a6d4aeffcfe3E
                0xffff800040218024      0x1fc bin/obj/rslib.a(core-dca77d77b03929cc.core.bbd04c23a4fa3c72-cgu.0.rcgu.o)
 .text._ZN4core3fmt3num50_$LT$impl$u20$core..fmt..Octal$u20$for$u20$i16$GT$3fmt17hb30f0eff41b795d7E
                0xffff800040218220       0x78 bin/obj/rslib.a(core-dca77d77b03929cc.core.bbd04c23a4fa3c72-cgu.0.rcgu.o)
                0xffff800040218220                core::fmt::num::<impl core::fmt::Octal for i16>::fmt
 .text._ZN4core3fmt3num50_$LT$impl$u20$core..fmt..Octal$u20$for$u20$i32$GT$3fmt17h96bda70b13d869cfE
                0xffff800040218298       0x78 bin/obj/rslib.a(core-dca77d77b03929cc.core.bbd04c23a4fa3c72-cgu.0.rcgu.o)
                0xffff800040218298                core::fmt::num::<impl core::fmt::Octal for i32>::fmt
 .text._ZN4core3fmt3num50_$LT$impl$u20$core..fmt..Octal$u20$for$u20$i64$GT$3fmt17hbca0bdf49b956695E
                0xffff800040218310       0x78 bin/obj/rslib.a(core-dca77d77b03929cc.core.bbd04c23a4fa3c72-cgu.0.rcgu.o)
                0xffff800040218310                core::fmt::num::<impl core::fmt::Octal for i64>::fmt
                0xffff800040218310                core::fmt::num::<impl core::fmt::Octal for isize>::fmt
 .text._ZN4core3fmt3num50_$LT$impl$u20$core..fmt..Octal$u20$for$u20$u16$GT$3fmt17haa5505935580f60eE
                0xffff800040218388       0x78 bin/obj/rslib.a(core-dca77d77b03929cc.core.bbd04c23a4fa3c72-cgu.0.rcgu.o)
                0xffff800040218388                core::fmt::num::<impl core::fmt::Octal for u16>::fmt
 .text._ZN4core3fmt3num50_$LT$impl$u20$core..fmt..Octal$u20$for$u20$u32$GT$3fmt17h4a01e2886ae035d3E
                0xffff800040218400       0x78 bin/obj/rslib.a(core-dca77d77b03929cc.core.bbd04c23a4fa3c72-cgu.0.rcgu.o)
[...]
 .comment       0x00000000000000cb        0x0 bin/obj/arm/exceptions/handlers/el1/el1_low_a32_fiq.o
                                         0x46 (size before relaxing)
 .comment       0x00000000000000cb        0x0 bin/obj/arm/exceptions/handlers/el1/el1_cur_spx_fiq.o
                                         0x46 (size before relaxing)
 .comment       0x00000000000000cb        0x0 bin/obj/arm/exceptions/handlers/el1/el1_cur_spx_serror.o
                                         0x46 (size before relaxing)
 .comment       0x00000000000000cb        0x0 bin/obj/arm/exceptions/handlers/el1/el1_low_a32_irq.o
                                         0x46 (size before relaxing)
 .comment       0x00000000000000cb        0x0 bin/obj/arm/exceptions/handlers/el1/el1_low_a64_fiq.o
                                         0x46 (size before relaxing)
 .comment       0x00000000000000cb        0x0 bin/obj/arm/exceptions/handlers/el1/el1_cur_sp0_sync.o
                                         0x46 (size before relaxing)
 .comment       0x00000000000000cb        0x0 bin/obj/arm/exceptions/handlers/el1/el1_low_a64_serror.o
                                         0x46 (size before relaxing)
 .comment       0x00000000000000cb        0x0 bin/obj/arm/exceptions/handlers/el1/el1_low_a32_sync.o
                                         0x46 (size before relaxing)
 .comment       0x00000000000000cb        0x0 bin/obj/arm/exceptions/handlers/el1/el1_cur_spx_sync.o
                                         0x46 (size before relaxing)
 .comment       0x00000000000000cb        0x0 bin/obj/arm/exceptions/handlers/el1/el1_cur_sp0_fiq.o
                                         0x46 (size before relaxing)
 .comment       0x00000000000000cb        0x0 bin/obj/arm/exceptions/handlers/el1/el1_cur_sp0_serror.o
                                         0x46 (size before relaxing)
 .comment       0x00000000000000cb        0x0 bin/obj/arm/exceptions/handlers/el1/el1_cur_sp0_irq.o
                                         0x46 (size before relaxing)
 .comment       0x00000000000000cb        0x0 bin/obj/arm/exceptions/handlers/el1/el1_cur_spx_irq.o
                                         0x46 (size before relaxing)
 .comment       0x00000000000000cb        0x0 bin/obj/arm/exceptions/handlers/el1/el1_low_a64_irq.o
                                         0x46 (size before relaxing)
 .comment       0x00000000000000cb        0x0 bin/obj/arm/exceptions/handlers/el1/el1_low_a64_sync.o
                                         0x46 (size before relaxing)
 .comment       0x00000000000000cb        0x0 bin/obj/arm/exceptions/handlers/el2/el2_low_a32_serror.o
                                         0x46 (size before relaxing)
 .comment       0x00000000000000cb        0x0 bin/obj/arm/exceptions/handlers/el2/el2_cur_spx_serror.o
                                         0x46 (size before relaxing)
 .comment       0x00000000000000cb        0x0 bin/obj/arm/exceptions/handlers/el2/el2_low_a64_serror.o
                                         0x46 (size before relaxing)
 .comment       0x00000000000000cb        0x0 bin/obj/arm/exceptions/handlers/el2/el2_low_a64_sync.o
                                         0x46 (size before relaxing)
 .comment       0x00000000000000cb        0x0 bin/obj/arm/exceptions/handlers/el2/el2_cur_sp0_irq.o
                                         0x46 (size before relaxing)
 .comment       0x00000000000000cb        0x0 bin/obj/arm/exceptions/handlers/el2/el2_cur_sp0_serror.o
                                         0x46 (size before relaxing)
 .comment       0x00000000000000cb        0x0 bin/obj/arm/exceptions/handlers/el2/el2_low_a64_irq.o
                                         0x46 (size before relaxing)
 .comment       0x00000000000000cb        0x0 bin/obj/arm/exceptions/handlers/el2/el2_low_a64_fiq.o
                                         0x46 (size before relaxing)
 .comment       0x00000000000000cb        0x0 bin/obj/arm/exceptions/handlers/el2/el2_cur_spx_fiq.o
                                         0x46 (size before relaxing)
 .comment       0x00000000000000cb        0x0 bin/obj/arm/exceptions/handlers/el2/el2_low_a32_irq.o
                                         0x46 (size before relaxing)
 .comment       0x00000000000000cb        0x0 bin/obj/arm/exceptions/handlers/el2/el2_cur_sp0_fiq.o
                                         0x46 (size before relaxing)
 .comment       0x00000000000000cb        0x0 bin/obj/arm/exceptions/handlers/el2/el2_low_a32_fiq.o
                                         0x46 (size before relaxing)
 .comment       0x00000000000000cb        0x0 bin/obj/arm/exceptions/handlers/el2/el2_cur_spx_sync.o
                                         0x46 (size before relaxing)
 .comment       0x00000000000000cb        0x0 bin/obj/arm/exceptions/handlers/el2/el2_low_a32_sync.o
                                         0x46 (size before relaxing)
 .comment       0x00000000000000cb        0x0 bin/obj/arm/exceptions/handlers/el2/el2_cur_sp0_sync.o
                                         0x46 (size before relaxing)
 .comment       0x00000000000000cb        0x0 bin/obj/arm/exceptions/handlers/el2/el2_cur_spx_irq.o
                                         0x46 (size before relaxing)
 .comment       0x00000000000000cb        0x0 bin/obj/arm/exceptions/handlers/exception_macros.o
                                         0x46 (size before relaxing)
 .comment       0x00000000000000cb        0x0 bin/obj/arm/exceptions/exceptions.o
                                         0x46 (size before relaxing)
 .comment       0x00000000000000cb        0x0 bin/obj/arm/mmu/mmu.o
                                         0x46 (size before relaxing)
 .comment       0x00000000000000cb        0x0 bin/obj/arm/mmu/mmu_core.o
                                         0x46 (size before relaxing)
 .comment       0x00000000000000cb        0x0 bin/obj/arm/cpu.o
                                         0x46 (size before relaxing)
 .comment       0x00000000000000cb        0x0 bin/obj/lib/lock/corelock.o
                                         0x46 (size before relaxing)
 .comment       0x00000000000000cb        0x0 bin/obj/lib/lock/unlock_defer.o
                                         0x46 (size before relaxing)
 .comment       0x00000000000000cb        0x0 bin/obj/lib/string/string.o
                                         0x46 (size before relaxing)
 .comment       0x00000000000000cb        0x0 bin/obj/lib/string/fmt.o
                                         0x46 (size before relaxing)
 .comment       0x00000000000000cb        0x0 bin/obj/lib/mem/memcpy/memcpy.o
                                         0x46 (size before relaxing)
 .comment       0x00000000000000cb        0x0 bin/obj/lib/mem/mem.o
                                         0x46 (size before relaxing)
 .comment       0x00000000000000cb        0x0 bin/obj/drivers/arm_generic_timer/arm_generic_timer.o
                                         0x46 (size before relaxing)
 .comment       0x00000000000000cb        0x0 bin/obj/drivers/tmu/tmu.o
                                         0x46 (size before relaxing)
 .comment       0x00000000000000cb        0x0 bin/obj/drivers/interrupts/gicv3/gicv3.o
                                         0x46 (size before relaxing)
 .comment       0x00000000000000cb        0x0 bin/obj/drivers/uart/uart.o
                                         0x46 (size before relaxing)
 .comment       0x00000000000000cb        0x0 bin/obj/rslib.a(imx8mp_kernel-1a53598e06c50be6.imx8mp_kernel.241a9a11e0e6ae75-cgu.0.rcgu.o)
                                         0x2d (size before relaxing)
 .comment       0x00000000000000cb        0x0 bin/obj/rslib.a(core-dca77d77b03929cc.core.bbd04c23a4fa3c72-cgu.0.rcgu.o)
                                         0x2d (size before relaxing)
 .comment       0x00000000000000cb        0x0 bin/obj/rslib.a(compiler_builtins-fabd8ee97a026881.compiler_builtins.f286be164c3a919f-cgu.099.rcgu.o)
                                         0x2d (size before relaxing)
 .comment       0x00000000000000cb        0x0 bin/obj/rslib.a(compiler_builtins-fabd8ee97a026881.compiler_builtins.f286be164c3a919f-cgu.173.rcgu.o)
                                         0x2d (size before relaxing)
 .comment       0x00000000000000cb        0x0 bin/obj/rslib.a(compiler_builtins-fabd8ee97a026881.compiler_builtins.f286be164c3a919f-cgu.242.rcgu.o)
                                         0x2d (size before relaxing)
 .comment       0x00000000000000cb        0x0 bin/obj/rslib.a(compiler_builtins-fabd8ee97a026881.compiler_builtins.f286be164c3a919f-cgu.295.rcgu.o)
                                         0x2d (size before relaxing)
 .comment       0x00000000000000cb        0x0 bin/obj/rslib.a(670c1ed24249df13-aarch64.o)
                                         0x5b (size before relaxing)
 .comment       0x00000000000000cb        0x0 bin/obj/rslib.a(compiler_builtins-fabd8ee97a026881.compiler_builtins.f286be164c3a919f-cgu.018.rcgu.o)
                                         0x2d (size before relaxing)

.note.GNU-stack
                0x0000000000000000        0x0
 .note.GNU-stack
                0x0000000000000000        0x0 bin/obj/rslib.a(imx8mp_kernel-1a53598e06c50be6.imx8mp_kernel.241a9a11e0e6ae75-cgu.0.rcgu.o)
 .note.GNU-stack
                0x0000000000000000        0x0 bin/obj/rslib.a(core-dca77d77b03929cc.core.bbd04c23a4fa3c72-cgu.0.rcgu.o)
 .note.GNU-stack
                0x0000000000000000        0x0 bin/obj/rslib.a(compiler_builtins-fabd8ee97a026881.compiler_builtins.f286be164c3a919f-cgu.099.rcgu.o)
 .note.GNU-stack
                0x0000000000000000        0x0 bin/obj/rslib.a(compiler_builtins-fabd8ee97a026881.compiler_builtins.f286be164c3a919f-cgu.173.rcgu.o)
 .note.GNU-stack
                0x0000000000000000        0x0 bin/obj/rslib.a(compiler_builtins-fabd8ee97a026881.compiler_builtins.f286be164c3a919f-cgu.242.rcgu.o)
 .note.GNU-stack
                0x0000000000000000        0x0 bin/obj/rslib.a(compiler_builtins-fabd8ee97a026881.compiler_builtins.f286be164c3a919f-cgu.295.rcgu.o)
 .note.GNU-stack
                0x0000000000000000        0x0 bin/obj/rslib.a(compiler_builtins-fabd8ee97a026881.compiler_builtins.f286be164c3a919f-cgu.018.rcgu.o)

.debug_loc      0x0000000000000000      0xcf7
 .debug_loc     0x0000000000000000      0xcf7 bin/obj/rslib.a(imx8mp_kernel-1a53598e06c50be6.imx8mp_kernel.241a9a11e0e6ae75-cgu.0.rcgu.o)

.debug_abbrev   0x0000000000000000      0xa7a
 .debug_abbrev  0x0000000000000000      0x2d9 bin/obj/rslib.a(imx8mp_kernel-1a53598e06c50be6.imx8mp_kernel.241a9a11e0e6ae75-cgu.0.rcgu.o)
 .debug_abbrev  0x00000000000002d9      0x2ff bin/obj/rslib.a(core-dca77d77b03929cc.core.bbd04c23a4fa3c72-cgu.0.rcgu.o)
 .debug_abbrev  0x00000000000005d8       0x5f bin/obj/rslib.a(compiler_builtins-fabd8ee97a026881.compiler_builtins.f286be164c3a919f-cgu.099.rcgu.o)
 .debug_abbrev  0x0000000000000637      0x104 bin/obj/rslib.a(compiler_builtins-fabd8ee97a026881.compiler_builtins.f286be164c3a919f-cgu.173.rcgu.o)
 .debug_abbrev  0x000000000000073b       0x5f bin/obj/rslib.a(compiler_builtins-fabd8ee97a026881.compiler_builtins.f286be164c3a919f-cgu.242.rcgu.o)
 .debug_abbrev  0x000000000000079a       0xc1 bin/obj/rslib.a(compiler_builtins-fabd8ee97a026881.compiler_builtins.f286be164c3a919f-cgu.295.rcgu.o)
 .debug_abbrev  0x000000000000085b       0x14 bin/obj/rslib.a(ee225a53f1a5b703-lse_ldadd4_acq_rel.o)
 .debug_abbrev  0x000000000000086f       0x14 bin/obj/rslib.a(ee225a53f1a5b703-lse_ldadd8_acq_rel.o)
 .debug_abbrev  0x0000000000000883       0xda bin/obj/rslib.a(670c1ed24249df13-aarch64.o)
 .debug_abbrev  0x000000000000095d      0x11d bin/obj/rslib.a(compiler_builtins-fabd8ee97a026881.compiler_builtins.f286be164c3a919f-cgu.018.rcgu.o)

.debug_info     0x0000000000000000    0x25ebd
 .debug_info    0x0000000000000000     0x144f bin/obj/rslib.a(imx8mp_kernel-1a53598e06c50be6.imx8mp_kernel.241a9a11e0e6ae75-cgu.0.rcgu.o)
 .debug_info    0x000000000000144f    0x23e7b bin/obj/rslib.a(core-dca77d77b03929cc.core.bbd04c23a4fa3c72-cgu.0.rcgu.o)
 .debug_info    0x00000000000252ca       0x9e bin/obj/rslib.a(compiler_builtins-fabd8ee97a026881.compiler_builtins.f286be164c3a919f-cgu.099.rcgu.o)
 .debug_info    0x0000000000025368      0x333 bin/obj/rslib.a(compiler_builtins-fabd8ee97a026881.compiler_builtins.f286be164c3a919f-cgu.173.rcgu.o)
 .debug_info    0x000000000002569b       0xad bin/obj/rslib.a(compiler_builtins-fabd8ee97a026881.compiler_builtins.f286be164c3a919f-cgu.242.rcgu.o)
 .debug_info    0x0000000000025748      0x24c bin/obj/rslib.a(compiler_builtins-fabd8ee97a026881.compiler_builtins.f286be164c3a919f-cgu.295.rcgu.o)
 .debug_info    0x0000000000025994       0x2e bin/obj/rslib.a(ee225a53f1a5b703-lse_ldadd4_acq_rel.o)
 .debug_info    0x00000000000259c2       0x2e bin/obj/rslib.a(ee225a53f1a5b703-lse_ldadd8_acq_rel.o)
 .debug_info    0x00000000000259f0      0x12a bin/obj/rslib.a(670c1ed24249df13-aarch64.o)
 .debug_info    0x0000000000025b1a      0x3a3 bin/obj/rslib.a(compiler_builtins-fabd8ee97a026881.compiler_builtins.f286be164c3a919f-cgu.018.rcgu.o)

.debug_aranges  0x0000000000000000     0x24f0
 .debug_aranges
                0x0000000000000000       0xe0 bin/obj/rslib.a(imx8mp_kernel-1a53598e06c50be6.imx8mp_kernel.241a9a11e0e6ae75-cgu.0.rcgu.o)
 .debug_aranges
                0x00000000000000e0     0x2280 bin/obj/rslib.a(core-dca77d77b03929cc.core.bbd04c23a4fa3c72-cgu.0.rcgu.o)
 .debug_aranges
                0x0000000000002360       0x30 bin/obj/rslib.a(compiler_builtins-fabd8ee97a026881.compiler_builtins.f286be164c3a919f-cgu.099.rcgu.o)
 .debug_aranges
                0x0000000000002390       0x30 bin/obj/rslib.a(compiler_builtins-fabd8ee97a026881.compiler_builtins.f286be164c3a919f-cgu.173.rcgu.o)
 .debug_aranges
                0x00000000000023c0       0x30 bin/obj/rslib.a(compiler_builtins-fabd8ee97a026881.compiler_builtins.f286be164c3a919f-cgu.242.rcgu.o)
 .debug_aranges
                0x00000000000023f0       0x30 bin/obj/rslib.a(compiler_builtins-fabd8ee97a026881.compiler_builtins.f286be164c3a919f-cgu.295.rcgu.o)
 .debug_aranges
                0x0000000000002420       0x30 bin/obj/rslib.a(ee225a53f1a5b703-lse_ldadd4_acq_rel.o)
 .debug_aranges
                0x0000000000002450       0x30 bin/obj/rslib.a(ee225a53f1a5b703-lse_ldadd8_acq_rel.o)
 .debug_aranges
                0x0000000000002480       0x40 bin/obj/rslib.a(670c1ed24249df13-aarch64.o)
 .debug_aranges
                0x00000000000024c0       0x30 bin/obj/rslib.a(compiler_builtins-fabd8ee97a026881.compiler_builtins.f286be164c3a919f-cgu.018.rcgu.o)

.debug_ranges   0x0000000000000000    0x1bb00
 .debug_ranges  0x0000000000000000      0x500 bin/obj/rslib.a(imx8mp_kernel-1a53598e06c50be6.imx8mp_kernel.241a9a11e0e6ae75-cgu.0.rcgu.o)
 .debug_ranges  0x0000000000000500    0x1b320 bin/obj/rslib.a(core-dca77d77b03929cc.core.bbd04c23a4fa3c72-cgu.0.rcgu.o)
 .debug_ranges  0x000000000001b820       0x90 bin/obj/rslib.a(compiler_builtins-fabd8ee97a026881.compiler_builtins.f286be164c3a919f-cgu.173.rcgu.o)
 .debug_ranges  0x000000000001b8b0       0x90 bin/obj/rslib.a(compiler_builtins-fabd8ee97a026881.compiler_builtins.f286be164c3a919f-cgu.295.rcgu.o)
 .debug_ranges  0x000000000001b940       0x30 bin/obj/rslib.a(670c1ed24249df13-aarch64.o)
 .debug_ranges  0x000000000001b970      0x190 bin/obj/rslib.a(compiler_builtins-fabd8ee97a026881.compiler_builtins.f286be164c3a919f-cgu.018.rcgu.o)

.debug_str      0x0000000000000000    0x3c0e4
 .debug_str     0x0000000000000000    0x3c0e4 bin/obj/rslib.a(imx8mp_kernel-1a53598e06c50be6.imx8mp_kernel.241a9a11e0e6ae75-cgu.0.rcgu.o)
                                       0x1162 (size before relaxing)
 .debug_str     0x000000000003c0e4        0x0 bin/obj/rslib.a(core-dca77d77b03929cc.core.bbd04c23a4fa3c72-cgu.0.rcgu.o)
                                      0x3a6b4 (size before relaxing)
 .debug_str     0x000000000003c0e4        0x0 bin/obj/rslib.a(compiler_builtins-fabd8ee97a026881.compiler_builtins.f286be164c3a919f-cgu.099.rcgu.o)
                                        0x178 (size before relaxing)
 .debug_str     0x000000000003c0e4        0x0 bin/obj/rslib.a(compiler_builtins-fabd8ee97a026881.compiler_builtins.f286be164c3a919f-cgu.173.rcgu.o)
                                        0x7b4 (size before relaxing)
 .debug_str     0x000000000003c0e4        0x0 bin/obj/rslib.a(compiler_builtins-fabd8ee97a026881.compiler_builtins.f286be164c3a919f-cgu.242.rcgu.o)
                                        0x194 (size before relaxing)
 .debug_str     0x000000000003c0e4        0x0 bin/obj/rslib.a(compiler_builtins-fabd8ee97a026881.compiler_builtins.f286be164c3a919f-cgu.295.rcgu.o)
                                        0x47f (size before relaxing)
 .debug_str     0x000000000003c0e4        0x0 bin/obj/rslib.a(ee225a53f1a5b703-lse_ldadd4_acq_rel.o)
                                         0x86 (size before relaxing)
 .debug_str     0x000000000003c0e4        0x0 bin/obj/rslib.a(ee225a53f1a5b703-lse_ldadd8_acq_rel.o)
                                         0x86 (size before relaxing)
 .debug_str     0x000000000003c0e4        0x0 bin/obj/rslib.a(670c1ed24249df13-aarch64.o)
                                        0x1db (size before relaxing)
 .debug_str     0x000000000003c0e4        0x0 bin/obj/rslib.a(compiler_builtins-fabd8ee97a026881.compiler_builtins.f286be164c3a919f-cgu.018.rcgu.o)
                                        0x4f9 (size before relaxing)

.debug_frame    0x0000000000000000     0x4a60
 .debug_frame   0x0000000000000000      0x168 bin/obj/rslib.a(imx8mp_kernel-1a53598e06c50be6.imx8mp_kernel.241a9a11e0e6ae75-cgu.0.rcgu.o)
 .debug_frame   0x0000000000000168     0x47c0 bin/obj/rslib.a(core-dca77d77b03929cc.core.bbd04c23a4fa3c72-cgu.0.rcgu.o)
 .debug_frame   0x0000000000004928       0x30 bin/obj/rslib.a(compiler_builtins-fabd8ee97a026881.compiler_builtins.f286be164c3a919f-cgu.099.rcgu.o)
 .debug_frame   0x0000000000004958       0x30 bin/obj/rslib.a(compiler_builtins-fabd8ee97a026881.compiler_builtins.f286be164c3a919f-cgu.173.rcgu.o)
 .debug_frame   0x0000000000004988       0x38 bin/obj/rslib.a(compiler_builtins-fabd8ee97a026881.compiler_builtins.f286be164c3a919f-cgu.242.rcgu.o)
 .debug_frame   0x00000000000049c0       0x30 bin/obj/rslib.a(compiler_builtins-fabd8ee97a026881.compiler_builtins.f286be164c3a919f-cgu.295.rcgu.o)
 .debug_frame   0x00000000000049f0       0x40 bin/obj/rslib.a(670c1ed24249df13-aarch64.o)
 .debug_frame   0x0000000000004a30       0x30 bin/obj/rslib.a(compiler_builtins-fabd8ee97a026881.compiler_builtins.f286be164c3a919f-cgu.018.rcgu.o)

.debug_line     0x0000000000000000    0x1bc20
 .debug_line    0x0000000000000000      0x5c5 bin/obj/rslib.a(imx8mp_kernel-1a53598e06c50be6.imx8mp_kernel.241a9a11e0e6ae75-cgu.0.rcgu.o)
 .debug_line    0x00000000000005c5    0x1a93a bin/obj/rslib.a(core-dca77d77b03929cc.core.bbd04c23a4fa3c72-cgu.0.rcgu.o)
 .debug_line    0x000000000001aeff       0xd4 bin/obj/rslib.a(compiler_builtins-fabd8ee97a026881.compiler_builtins.f286be164c3a919f-cgu.099.rcgu.o)
 .debug_line    0x000000000001afd3      0x392 bin/obj/rslib.a(compiler_builtins-fabd8ee97a026881.compiler_builtins.f286be164c3a919f-cgu.173.rcgu.o)
 .debug_line    0x000000000001b365      0x11b bin/obj/rslib.a(compiler_builtins-fabd8ee97a026881.compiler_builtins.f286be164c3a919f-cgu.242.rcgu.o)
 .debug_line    0x000000000001b480      0x2e4 bin/obj/rslib.a(compiler_builtins-fabd8ee97a026881.compiler_builtins.f286be164c3a919f-cgu.295.rcgu.o)
 .debug_line    0x000000000001b764       0x7d bin/obj/rslib.a(ee225a53f1a5b703-lse_ldadd4_acq_rel.o)
 .debug_line    0x000000000001b7e1       0x7d bin/obj/rslib.a(ee225a53f1a5b703-lse_ldadd8_acq_rel.o)
 .debug_line    0x000000000001b85e       0xb1 bin/obj/rslib.a(670c1ed24249df13-aarch64.o)
 .debug_line    0x000000000001b90f      0x311 bin/obj/rslib.a(compiler_builtins-fabd8ee97a026881.compiler_builtins.f286be164c3a919f-cgu.018.rcgu.o)
